Wordbrain solver
Populating word tree...
ngodet
rrrdro
eriilp
limcua
ctiose
siceht

_ _ _ _ _ _ 
_ _ _ _ _ _ 
_ _ _ _ _ _ 
_ _ _ _ _ _ 
_ _ _ _ _ _ _ _ 
_ _ _ _ 

Before
ngodet
rrrdro
eriilp
limcua
ctiose
siceht

_ _ _ _ _ _ 
_ _ _ _ _ _ 
_ _ _ _ _ _ 
_ _ _ _ _ _ 
_ _ _ _ _ _ _ _ 
_ _ _ _ 

After
ngodet
rrrdro
eriilp
limcua
ctiose
siceht

_ _ _ _ _ _ 
_ _ _ _ _ _ 
_ _ _ _ _ _ 
_ _ _ _ _ _ 
_ _ _ _ _ _ _ _ 
_ _ _ _ 

42
Before
ngode+
rrrdr+
eriil+
limcu+
ctios+
siceh+

t e a p o t 
_ _ _ _ _ _ 
_ _ _ _ _ _ 
_ _ _ _ _ _ 
_ _ _ _ _ _ _ _ 
_ _ _ _ 

After
ngode+
rrrdr+
eriil+
limcu+
ctios+
siceh+

t e a p o t 
_ _ _ _ _ _ 
_ _ _ _ _ _ 
_ _ _ _ _ _ 
_ _ _ _ _ _ _ _ 
_ _ _ _ 

29
Before
++++++
n+ode+
rgrdr+
eriil+
lrmcu+
siios+

t e a p o t 
h e c t i c 
_ _ _ _ _ _ 
_ _ _ _ _ _ 
_ _ _ _ _ _ _ _ 
_ _ _ _ 

After
++++++
n+ode+
rgrdr+
eriil+
lrmcu+
siios+

t e a p o t 
h e c t i c 
_ _ _ _ _ _ 
_ _ _ _ _ _ 
_ _ _ _ _ _ _ _ 
_ _ _ _ 

5
Before
++++++
n+++++
rgo+++
errd++
lricu+
siios+

t e a p o t 
h e c t i c 
m i l d e r 
_ _ _ _ _ _ 
_ _ _ _ _ _ _ _ 
_ _ _ _ 

After
++++++
n+++++
rgo+++
errd++
lricu+
siios+

t e a p o t 
h e c t i c 
m i l d e r 
_ _ _ _ _ _ 
_ _ _ _ _ _ _ _ 
_ _ _ _ 

1
Before
++++++
n+++++
rg++++
er++++
lrr+++
siic++

t e a p o t 
h e c t i c 
m i l d e r 
o d i o u s 
_ _ _ _ _ _ _ _ 
_ _ _ _ 

After
++++++
n+++++
rg++++
er++++
lrr+++
siic++

t e a p o t 
h e c t i c 
m i l d e r 
o d i o u s 
_ _ _ _ _ _ _ _ 
_ _ _ _ 

0
Before
++++++
n+++++
r+++r+
eroil+
lrmcu+
siios+

t e a p o t 
h e c t i c 
g i r d e d 
_ _ _ _ _ _ 
_ _ _ _ _ _ _ _ 
_ _ _ _ 

After
++++++
n+++++
r+++r+
eroil+
lrmcu+
siios+

t e a p o t 
h e c t i c 
g i r d e d 
_ _ _ _ _ _ 
_ _ _ _ _ _ _ _ 
_ _ _ _ 

7
Before
++++++
++++++
++++++
n+++r+
lrmil+
siiou+

t e a p o t 
h e c t i c 
g i r d e d 
s c o r e r 
_ _ _ _ _ _ _ _ 
_ _ _ _ 

After
++++++
++++++
++++++
n+++r+
lrmil+
siiou+

t e a p o t 
h e c t i c 
g i r d e d 
s c o r e r 
_ _ _ _ _ _ _ _ 
_ _ _ _ 

0
Before
++++++
++++++
n+++++
r+++r+
l+mil+
siiou+

t e a p o t 
h e c t i c 
g i r d e d 
s c o r e r 
_ _ _ _ _ _ _ _ 
_ _ _ _ 

After
++++++
++++++
n+++++
r+++r+
l+mil+
siiou+

t e a p o t 
h e c t i c 
g i r d e d 
s c o r e r 
_ _ _ _ _ _ _ _ 
_ _ _ _ 

0
Before
++++++
++++++
++++++
n+++r+
lrmil+
siiou+

t e a p o t 
h e c t i c 
g i r d e d 
s c o r e r 
_ _ _ _ _ _ _ _ 
_ _ _ _ 

After
++++++
++++++
++++++
n+++r+
lrmil+
siiou+

t e a p o t 
h e c t i c 
g i r d e d 
s c o r e r 
_ _ _ _ _ _ _ _ 
_ _ _ _ 

0
Before
++++++
++++++
n+++++
r+++r+
l+mil+
siiou+

t e a p o t 
h e c t i c 
g i r d e d 
s c o r e r 
_ _ _ _ _ _ _ _ 
_ _ _ _ 

After
++++++
++++++
n+++++
r+++r+
l+mil+
siiou+

t e a p o t 
h e c t i c 
g i r d e d 
s c o r e r 
_ _ _ _ _ _ _ _ 
_ _ _ _ 

0
Before
++++++
++++++
++++r+
n+++l+
r+miu+
liios+

t e a p o t 
h e c t i c 
g i r d e d 
c o r e r s 
_ _ _ _ _ _ _ _ 
_ _ _ _ 

After
++++++
++++++
++++r+
n+++l+
r+miu+
liios+

t e a p o t 
h e c t i c 
g i r d e d 
c o r e r s 
_ _ _ _ _ _ _ _ 
_ _ _ _ 

0
Before
++++++
++++++
n+++r+
r++il+
e++cu+
l+ios+

t e a p o t 
h e c t i c 
g i r d e d 
m o r r i s 
_ _ _ _ _ _ _ _ 
_ _ _ _ 

After
++++++
++++++
n+++r+
r++il+
e++cu+
l+ios+

t e a p o t 
h e c t i c 
g i r d e d 
m o r r i s 
_ _ _ _ _ _ _ _ 
_ _ _ _ 

0
Before
++++++
++++++
++++r+
+++il+
n+mcu+
liios+

t e a p o t 
h e c t i c 
g i r d e d 
e r r o r s 
_ _ _ _ _ _ _ _ 
_ _ _ _ 

After
++++++
++++++
++++r+
+++il+
n+mcu+
liios+

t e a p o t 
h e c t i c 
g i r d e d 
e r r o r s 
_ _ _ _ _ _ _ _ 
_ _ _ _ 

0
Before
++++++
n+++++
r++d++
eroil+
lrmcu+
siios+

t e a p o t 
h e c t i c 
g i r d e r 
_ _ _ _ _ _ 
_ _ _ _ _ _ _ _ 
_ _ _ _ 

After
++++++
n+++++
r++d++
eroil+
lrmcu+
siios+

t e a p o t 
h e c t i c 
g i r d e r 
_ _ _ _ _ _ 
_ _ _ _ _ _ _ _ 
_ _ _ _ 

7
Before
++++++
++++++
++++++
n++d++
lrmil+
siiou+

t e a p o t 
h e c t i c 
g i r d e r 
s c o r e r 
_ _ _ _ _ _ _ _ 
_ _ _ _ 

After
++++++
++++++
++++++
n++d++
lrmil+
siiou+

t e a p o t 
h e c t i c 
g i r d e r 
s c o r e r 
_ _ _ _ _ _ _ _ 
_ _ _ _ 

0
Before
++++++
++++++
n+++++
r++d++
l+mil+
siiou+

t e a p o t 
h e c t i c 
g i r d e r 
s c o r e r 
_ _ _ _ _ _ _ _ 
_ _ _ _ 

After
++++++
++++++
n+++++
r++d++
l+mil+
siiou+

t e a p o t 
h e c t i c 
g i r d e r 
s c o r e r 
_ _ _ _ _ _ _ _ 
_ _ _ _ 

0
Before
++++++
++++++
++++++
n++d++
lrmil+
siiou+

t e a p o t 
h e c t i c 
g i r d e r 
s c o r e r 
_ _ _ _ _ _ _ _ 
_ _ _ _ 

After
++++++
++++++
++++++
n++d++
lrmil+
siiou+

t e a p o t 
h e c t i c 
g i r d e r 
s c o r e r 
_ _ _ _ _ _ _ _ 
_ _ _ _ 

0
Before
++++++
++++++
n+++++
r++d++
l+mil+
siiou+

t e a p o t 
h e c t i c 
g i r d e r 
s c o r e r 
_ _ _ _ _ _ _ _ 
_ _ _ _ 

After
++++++
++++++
n+++++
r++d++
l+mil+
siiou+

t e a p o t 
h e c t i c 
g i r d e r 
s c o r e r 
_ _ _ _ _ _ _ _ 
_ _ _ _ 

0
Before
++++++
++++++
++++++
n++dl+
r+miu+
liios+

t e a p o t 
h e c t i c 
g i r d e r 
c o r e r s 
_ _ _ _ _ _ _ _ 
_ _ _ _ 

After
++++++
++++++
++++++
n++dl+
r+miu+
liios+

t e a p o t 
h e c t i c 
g i r d e r 
c o r e r s 
_ _ _ _ _ _ _ _ 
_ _ _ _ 

0
Before
++++++
++++++
n++d++
r++il+
e++cu+
l+ios+

t e a p o t 
h e c t i c 
g i r d e r 
m o r r i s 
_ _ _ _ _ _ _ _ 
_ _ _ _ 

After
++++++
++++++
n++d++
r++il+
e++cu+
l+ios+

t e a p o t 
h e c t i c 
g i r d e r 
m o r r i s 
_ _ _ _ _ _ _ _ 
_ _ _ _ 

0
Before
++++++
++++++
+++d++
+++il+
n+mcu+
liios+

t e a p o t 
h e c t i c 
g i r d e r 
e r r o r s 
_ _ _ _ _ _ _ _ 
_ _ _ _ 

After
++++++
++++++
+++d++
+++il+
n+mcu+
liios+

t e a p o t 
h e c t i c 
g i r d e r 
e r r o r s 
_ _ _ _ _ _ _ _ 
_ _ _ _ 

0
Before
++++++
n+++++
r+++r+
eroil+
lrmcu+
siios+

t e a p o t 
h e c t i c 
g i r d e d 
_ _ _ _ _ _ 
_ _ _ _ _ _ _ _ 
_ _ _ _ 

After
++++++
n+++++
r+++r+
eroil+
lrmcu+
siios+

t e a p o t 
h e c t i c 
g i r d e d 
_ _ _ _ _ _ 
_ _ _ _ _ _ _ _ 
_ _ _ _ 

7
Before
++++++
++++++
++++++
n+++r+
lrmil+
siiou+

t e a p o t 
h e c t i c 
g i r d e d 
s c o r e r 
_ _ _ _ _ _ _ _ 
_ _ _ _ 

After
++++++
++++++
++++++
n+++r+
lrmil+
siiou+

t e a p o t 
h e c t i c 
g i r d e d 
s c o r e r 
_ _ _ _ _ _ _ _ 
_ _ _ _ 

0
Before
++++++
++++++
n+++++
r+++r+
l+mil+
siiou+

t e a p o t 
h e c t i c 
g i r d e d 
s c o r e r 
_ _ _ _ _ _ _ _ 
_ _ _ _ 

After
++++++
++++++
n+++++
r+++r+
l+mil+
siiou+

t e a p o t 
h e c t i c 
g i r d e d 
s c o r e r 
_ _ _ _ _ _ _ _ 
_ _ _ _ 

0
Before
++++++
++++++
++++++
n+++r+
lrmil+
siiou+

t e a p o t 
h e c t i c 
g i r d e d 
s c o r e r 
_ _ _ _ _ _ _ _ 
_ _ _ _ 

After
++++++
++++++
++++++
n+++r+
lrmil+
siiou+

t e a p o t 
h e c t i c 
g i r d e d 
s c o r e r 
_ _ _ _ _ _ _ _ 
_ _ _ _ 

0
Before
++++++
++++++
n+++++
r+++r+
l+mil+
siiou+

t e a p o t 
h e c t i c 
g i r d e d 
s c o r e r 
_ _ _ _ _ _ _ _ 
_ _ _ _ 

After
++++++
++++++
n+++++
r+++r+
l+mil+
siiou+

t e a p o t 
h e c t i c 
g i r d e d 
s c o r e r 
_ _ _ _ _ _ _ _ 
_ _ _ _ 

0
Before
++++++
++++++
++++r+
n+++l+
r+miu+
liios+

t e a p o t 
h e c t i c 
g i r d e d 
c o r e r s 
_ _ _ _ _ _ _ _ 
_ _ _ _ 

After
++++++
++++++
++++r+
n+++l+
r+miu+
liios+

t e a p o t 
h e c t i c 
g i r d e d 
c o r e r s 
_ _ _ _ _ _ _ _ 
_ _ _ _ 

0
Before
++++++
++++++
n+++r+
r++il+
e++cu+
l+ios+

t e a p o t 
h e c t i c 
g i r d e d 
m o r r i s 
_ _ _ _ _ _ _ _ 
_ _ _ _ 

After
++++++
++++++
n+++r+
r++il+
e++cu+
l+ios+

t e a p o t 
h e c t i c 
g i r d e d 
m o r r i s 
_ _ _ _ _ _ _ _ 
_ _ _ _ 

0
Before
++++++
++++++
++++r+
+++il+
n+mcu+
liios+

t e a p o t 
h e c t i c 
g i r d e d 
e r r o r s 
_ _ _ _ _ _ _ _ 
_ _ _ _ 

After
++++++
++++++
++++r+
+++il+
n+mcu+
liios+

t e a p o t 
h e c t i c 
g i r d e d 
e r r o r s 
_ _ _ _ _ _ _ _ 
_ _ _ _ 

0
Before
++++++
n+++++
r++d++
eroil+
lrmcu+
siios+

t e a p o t 
h e c t i c 
g i r d e r 
_ _ _ _ _ _ 
_ _ _ _ _ _ _ _ 
_ _ _ _ 

After
++++++
n+++++
r++d++
eroil+
lrmcu+
siios+

t e a p o t 
h e c t i c 
g i r d e r 
_ _ _ _ _ _ 
_ _ _ _ _ _ _ _ 
_ _ _ _ 

7
Before
++++++
++++++
++++++
n++d++
lrmil+
siiou+

t e a p o t 
h e c t i c 
g i r d e r 
s c o r e r 
_ _ _ _ _ _ _ _ 
_ _ _ _ 

After
++++++
++++++
++++++
n++d++
lrmil+
siiou+

t e a p o t 
h e c t i c 
g i r d e r 
s c o r e r 
_ _ _ _ _ _ _ _ 
_ _ _ _ 

0
Before
++++++
++++++
n+++++
r++d++
l+mil+
siiou+

t e a p o t 
h e c t i c 
g i r d e r 
s c o r e r 
_ _ _ _ _ _ _ _ 
_ _ _ _ 

After
++++++
++++++
n+++++
r++d++
l+mil+
siiou+

t e a p o t 
h e c t i c 
g i r d e r 
s c o r e r 
_ _ _ _ _ _ _ _ 
_ _ _ _ 

0
Before
++++++
++++++
++++++
n++d++
lrmil+
siiou+

t e a p o t 
h e c t i c 
g i r d e r 
s c o r e r 
_ _ _ _ _ _ _ _ 
_ _ _ _ 

After
++++++
++++++
++++++
n++d++
lrmil+
siiou+

t e a p o t 
h e c t i c 
g i r d e r 
s c o r e r 
_ _ _ _ _ _ _ _ 
_ _ _ _ 

0
Before
++++++
++++++
n+++++
r++d++
l+mil+
siiou+

t e a p o t 
h e c t i c 
g i r d e r 
s c o r e r 
_ _ _ _ _ _ _ _ 
_ _ _ _ 

After
++++++
++++++
n+++++
r++d++
l+mil+
siiou+

t e a p o t 
h e c t i c 
g i r d e r 
s c o r e r 
_ _ _ _ _ _ _ _ 
_ _ _ _ 

0
Before
++++++
++++++
++++++
n++dl+
r+miu+
liios+

t e a p o t 
h e c t i c 
g i r d e r 
c o r e r s 
_ _ _ _ _ _ _ _ 
_ _ _ _ 

After
++++++
++++++
++++++
n++dl+
r+miu+
liios+

t e a p o t 
h e c t i c 
g i r d e r 
c o r e r s 
_ _ _ _ _ _ _ _ 
_ _ _ _ 

0
Before
++++++
++++++
n++d++
r++il+
e++cu+
l+ios+

t e a p o t 
h e c t i c 
g i r d e r 
m o r r i s 
_ _ _ _ _ _ _ _ 
_ _ _ _ 

After
++++++
++++++
n++d++
r++il+
e++cu+
l+ios+

t e a p o t 
h e c t i c 
g i r d e r 
m o r r i s 
_ _ _ _ _ _ _ _ 
_ _ _ _ 

0
Before
++++++
++++++
+++d++
+++il+
n+mcu+
liios+

t e a p o t 
h e c t i c 
g i r d e r 
e r r o r s 
_ _ _ _ _ _ _ _ 
_ _ _ _ 

After
++++++
++++++
+++d++
+++il+
n+mcu+
liios+

t e a p o t 
h e c t i c 
g i r d e r 
e r r o r s 
_ _ _ _ _ _ _ _ 
_ _ _ _ 

0
Before
n+++++
rg++e+
erodr+
lrrdl+
ciiiu+
simos+

t e a p o t 
h e c t i c 
_ _ _ _ _ _ 
_ _ _ _ _ _ 
_ _ _ _ _ _ _ _ 
_ _ _ _ 

After
n+++++
rg++e+
erodr+
lrrdl+
ciiiu+
simos+

t e a p o t 
h e c t i c 
_ _ _ _ _ _ 
_ _ _ _ _ _ 
_ _ _ _ _ _ _ _ 
_ _ _ _ 

19
Before
++++++
++++++
ng++e+
rrodr+
crrdl+
siiou+

t e a p o t 
h e c t i c 
s i m i l e 
_ _ _ _ _ _ 
_ _ _ _ _ _ _ _ 
_ _ _ _ 

After
++++++
++++++
ng++e+
rrodr+
crrdl+
siiou+

t e a p o t 
h e c t i c 
s i m i l e 
_ _ _ _ _ _ 
_ _ _ _ _ _ _ _ 
_ _ _ _ 

0
Before
n+++++
rg++++
er++++
lro+++
cirdu+
siios+

t e a p o t 
h e c t i c 
m i l d e r 
_ _ _ _ _ _ 
_ _ _ _ _ _ _ _ 
_ _ _ _ 

After
n+++++
rg++++
er++++
lro+++
cirdu+
siios+

t e a p o t 
h e c t i c 
m i l d e r 
_ _ _ _ _ _ 
_ _ _ _ _ _ _ _ 
_ _ _ _ 

5
Before
++++++
++++++
ng++++
rr++++
cio+++
siidu+

t e a p o t 
h e c t i c 
m i l d e r 
s o r r e l 
_ _ _ _ _ _ _ _ 
_ _ _ _ 

After
++++++
++++++
ng++++
rr++++
cio+++
siidu+

t e a p o t 
h e c t i c 
m i l d e r 
s o r r e l 
_ _ _ _ _ _ _ _ 
_ _ _ _ 

0
Before
n+++++
rg++++
er++++
lr++++
ci++++
sir+++

t e a p o t 
h e c t i c 
m i l d e r 
o d i o u s 
_ _ _ _ _ _ _ _ 
_ _ _ _ 

After
n+++++
rg++++
er++++
lr++++
ci++++
sir+++

t e a p o t 
h e c t i c 
m i l d e r 
o d i o u s 
_ _ _ _ _ _ _ _ 
_ _ _ _ 

0
Before
++++++
++++++
++++++
+go+++
nrrdu+
riios+

t e a p o t 
h e c t i c 
m i l d e r 
r e l i c s 
_ _ _ _ _ _ _ _ 
_ _ _ _ 

After
++++++
++++++
++++++
+go+++
nrrdu+
riios+

t e a p o t 
h e c t i c 
m i l d e r 
r e l i c s 
_ _ _ _ _ _ _ _ 
_ _ _ _ 

0
Before
++++++
++++++
++++++
+go+++
nrrdu+
riios+

t e a p o t 
h e c t i c 
m i l d e r 
r e l i c s 
_ _ _ _ _ _ _ _ 
_ _ _ _ 

After
++++++
++++++
++++++
+go+++
nrrdu+
riios+

t e a p o t 
h e c t i c 
m i l d e r 
r e l i c s 
_ _ _ _ _ _ _ _ 
_ _ _ _ 

0
Before
++++++
++++++
+g++++
+ro+++
+rrdu+
niios+

t e a p o t 
h e c t i c 
m i l d e r 
r e l i c s 
_ _ _ _ _ _ _ _ 
_ _ _ _ 

After
++++++
++++++
+g++++
+ro+++
+rrdu+
niios+

t e a p o t 
h e c t i c 
m i l d e r 
r e l i c s 
_ _ _ _ _ _ _ _ 
_ _ _ _ 

0
Before
n+++++
r+++e+
e+++r+
lg+dl+
ci+du+
siios+

t e a p o t 
h e c t i c 
m i r r o r 
_ _ _ _ _ _ 
_ _ _ _ _ _ _ _ 
_ _ _ _ 

After
n+++++
r+++e+
e+++r+
lg+dl+
ci+du+
siios+

t e a p o t 
h e c t i c 
m i r r o r 
_ _ _ _ _ _ 
_ _ _ _ _ _ _ _ 
_ _ _ _ 

1
Before
++++++
++++e+
++++r+
+++dl+
+g+du+
niios+

t e a p o t 
h e c t i c 
m i r r o r 
r e l i c s 
_ _ _ _ _ _ _ _ 
_ _ _ _ 

After
++++++
++++e+
++++r+
+++dl+
+g+du+
niios+

t e a p o t 
h e c t i c 
m i r r o r 
r e l i c s 
_ _ _ _ _ _ _ _ 
_ _ _ _ 

0
Before
n+++++
r+++e+
e+++r+
lg+dl+
ci+du+
siios+

t e a p o t 
h e c t i c 
m i r r o r 
_ _ _ _ _ _ 
_ _ _ _ _ _ _ _ 
_ _ _ _ 

After
n+++++
r+++e+
e+++r+
lg+dl+
ci+du+
siios+

t e a p o t 
h e c t i c 
m i r r o r 
_ _ _ _ _ _ 
_ _ _ _ _ _ _ _ 
_ _ _ _ 

1
Before
++++++
++++e+
++++r+
+++dl+
+g+du+
niios+

t e a p o t 
h e c t i c 
m i r r o r 
r e l i c s 
_ _ _ _ _ _ _ _ 
_ _ _ _ 

After
++++++
++++e+
++++r+
+++dl+
+g+du+
niios+

t e a p o t 
h e c t i c 
m i r r o r 
r e l i c s 
_ _ _ _ _ _ _ _ 
_ _ _ _ 

0
Before
n+++++
r+++e+
e++dr+
l++dl+
cg+iu+
siios+

t e a p o t 
h e c t i c 
m i r r o r 
_ _ _ _ _ _ 
_ _ _ _ _ _ _ _ 
_ _ _ _ 

After
n+++++
r+++e+
e++dr+
l++dl+
cg+iu+
siios+

t e a p o t 
h e c t i c 
m i r r o r 
_ _ _ _ _ _ 
_ _ _ _ _ _ _ _ 
_ _ _ _ 

0
Before
n+++++
r+++e+
e++dr+
l++dl+
cg+iu+
siios+

t e a p o t 
h e c t i c 
m i r r o r 
_ _ _ _ _ _ 
_ _ _ _ _ _ _ _ 
_ _ _ _ 

After
n+++++
r+++e+
e++dr+
l++dl+
cg+iu+
siios+

t e a p o t 
h e c t i c 
m i r r o r 
_ _ _ _ _ _ 
_ _ _ _ _ _ _ _ 
_ _ _ _ 

0
Before
n+++++
r+++e+
e++dr+
l++dl+
cg+iu+
siios+

t e a p o t 
h e c t i c 
m i r r o r 
_ _ _ _ _ _ 
_ _ _ _ _ _ _ _ 
_ _ _ _ 

After
n+++++
r+++e+
e++dr+
l++dl+
cg+iu+
siios+

t e a p o t 
h e c t i c 
m i r r o r 
_ _ _ _ _ _ 
_ _ _ _ _ _ _ _ 
_ _ _ _ 

0
Before
n+++++
r+++e+
e++dr+
l++dl+
cg+iu+
siios+

t e a p o t 
h e c t i c 
m i r r o r 
_ _ _ _ _ _ 
_ _ _ _ _ _ _ _ 
_ _ _ _ 

After
n+++++
r+++e+
e++dr+
l++dl+
cg+iu+
siios+

t e a p o t 
h e c t i c 
m i r r o r 
_ _ _ _ _ _ 
_ _ _ _ _ _ _ _ 
_ _ _ _ 

0
Before
n+++++
r+++e+
e++dr+
lg+dl+
ci+iu+
si+os+

t e a p o t 
h e c t i c 
m i r r o r 
_ _ _ _ _ _ 
_ _ _ _ _ _ _ _ 
_ _ _ _ 

After
n+++++
r+++e+
e++dr+
lg+dl+
ci+iu+
si+os+

t e a p o t 
h e c t i c 
m i r r o r 
_ _ _ _ _ _ 
_ _ _ _ _ _ _ _ 
_ _ _ _ 

1
Before
++++++
++++e+
+++dr+
+++dl+
+g+iu+
ni+os+

t e a p o t 
h e c t i c 
m i r r o r 
r e l i c s 
_ _ _ _ _ _ _ _ 
_ _ _ _ 

After
++++++
++++e+
+++dr+
+++dl+
+g+iu+
ni+os+

t e a p o t 
h e c t i c 
m i r r o r 
r e l i c s 
_ _ _ _ _ _ _ _ 
_ _ _ _ 

0
Before
n+++++
r+++e+
e++dr+
lg+dl+
ci+iu+
si+os+

t e a p o t 
h e c t i c 
m i r r o r 
_ _ _ _ _ _ 
_ _ _ _ _ _ _ _ 
_ _ _ _ 

After
n+++++
r+++e+
e++dr+
lg+dl+
ci+iu+
si+os+

t e a p o t 
h e c t i c 
m i r r o r 
_ _ _ _ _ _ 
_ _ _ _ _ _ _ _ 
_ _ _ _ 

1
Before
++++++
++++e+
+++dr+
+++dl+
+g+iu+
ni+os+

t e a p o t 
h e c t i c 
m i r r o r 
r e l i c s 
_ _ _ _ _ _ _ _ 
_ _ _ _ 

After
++++++
++++e+
+++dr+
+++dl+
+g+iu+
ni+os+

t e a p o t 
h e c t i c 
m i r r o r 
r e l i c s 
_ _ _ _ _ _ _ _ 
_ _ _ _ 

0
Before
n+++++
r+++e+
e++dr+
lg+dl+
ci+iu+
si+os+

t e a p o t 
h e c t i c 
m i r r o r 
_ _ _ _ _ _ 
_ _ _ _ _ _ _ _ 
_ _ _ _ 

After
n+++++
r+++e+
e++dr+
lg+dl+
ci+iu+
si+os+

t e a p o t 
h e c t i c 
m i r r o r 
_ _ _ _ _ _ 
_ _ _ _ _ _ _ _ 
_ _ _ _ 

1
Before
++++++
++++e+
+++dr+
+++dl+
+g+iu+
ni+os+

t e a p o t 
h e c t i c 
m i r r o r 
r e l i c s 
_ _ _ _ _ _ _ _ 
_ _ _ _ 

After
++++++
++++e+
+++dr+
+++dl+
+g+iu+
ni+os+

t e a p o t 
h e c t i c 
m i r r o r 
r e l i c s 
_ _ _ _ _ _ _ _ 
_ _ _ _ 

0
Before
n+++++
r+++e+
e++dr+
lg+dl+
ci+iu+
si+os+

t e a p o t 
h e c t i c 
m i r r o r 
_ _ _ _ _ _ 
_ _ _ _ _ _ _ _ 
_ _ _ _ 

After
n+++++
r+++e+
e++dr+
lg+dl+
ci+iu+
si+os+

t e a p o t 
h e c t i c 
m i r r o r 
_ _ _ _ _ _ 
_ _ _ _ _ _ _ _ 
_ _ _ _ 

1
Before
++++++
++++e+
+++dr+
+++dl+
+g+iu+
ni+os+

t e a p o t 
h e c t i c 
m i r r o r 
r e l i c s 
_ _ _ _ _ _ _ _ 
_ _ _ _ 

After
++++++
++++e+
+++dr+
+++dl+
+g+iu+
ni+os+

t e a p o t 
h e c t i c 
m i r r o r 
r e l i c s 
_ _ _ _ _ _ _ _ 
_ _ _ _ 

0
Before
++++++
n+++++
rg++++
erode+
lridr+
cimol+

t e a p o t 
h e c t i c 
s i r i u s 
_ _ _ _ _ _ 
_ _ _ _ _ _ _ _ 
_ _ _ _ 

After
++++++
n+++++
rg++++
erode+
lridr+
cimol+

t e a p o t 
h e c t i c 
s i r i u s 
_ _ _ _ _ _ 
_ _ _ _ _ _ _ _ 
_ _ _ _ 

8
Before
++++++
n+++++
rg++++
ero+++
lri+++
cim+++

t e a p o t 
h e c t i c 
s i r i u s 
l o r d e d 
_ _ _ _ _ _ _ _ 
_ _ _ _ 

After
++++++
n+++++
rg++++
ero+++
lri+++
cim+++

t e a p o t 
h e c t i c 
s i r i u s 
l o r d e d 
_ _ _ _ _ _ _ _ 
_ _ _ _ 

0
Before
++++++
n+++++
rg++++
ero+++
lri+++
cim+++

t e a p o t 
h e c t i c 
s i r i u s 
l o r d e d 
_ _ _ _ _ _ _ _ 
_ _ _ _ 

After
++++++
n+++++
rg++++
ero+++
lri+++
cim+++

t e a p o t 
h e c t i c 
s i r i u s 
l o r d e d 
_ _ _ _ _ _ _ _ 
_ _ _ _ 

0
Before
++++++
n+++++
rg++++
er++++
lro+++
cii+r+

t e a p o t 
h e c t i c 
s i r i u s 
m o l d e d 
_ _ _ _ _ _ _ _ 
_ _ _ _ 

After
++++++
n+++++
rg++++
er++++
lro+++
cii+r+

t e a p o t 
h e c t i c 
s i r i u s 
m o l d e d 
_ _ _ _ _ _ _ _ 
_ _ _ _ 

0
Before
++++++
n+++++
rg++++
er++++
lro+++
ciid++

t e a p o t 
h e c t i c 
s i r i u s 
m o l d e r 
_ _ _ _ _ _ _ _ 
_ _ _ _ 

After
++++++
n+++++
rg++++
er++++
lro+++
ciid++

t e a p o t 
h e c t i c 
s i r i u s 
m o l d e r 
_ _ _ _ _ _ _ _ 
_ _ _ _ 

0
Before
++++++
++++++
n+++++
rg++++
lri+r+
cimol+

t e a p o t 
h e c t i c 
s i r i u s 
e r o d e d 
_ _ _ _ _ _ _ _ 
_ _ _ _ 

After
++++++
++++++
n+++++
rg++++
lri+r+
cimol+

t e a p o t 
h e c t i c 
s i r i u s 
e r o d e d 
_ _ _ _ _ _ _ _ 
_ _ _ _ 

0
Before
++++++
++++++
n+++++
rg++++
lri+r+
cimol+

t e a p o t 
h e c t i c 
s i r i u s 
e r o d e d 
_ _ _ _ _ _ _ _ 
_ _ _ _ 

After
++++++
++++++
n+++++
rg++++
lri+r+
cimol+

t e a p o t 
h e c t i c 
s i r i u s 
e r o d e d 
_ _ _ _ _ _ _ _ 
_ _ _ _ 

0
Before
++++++
++++++
n+++++
rg++++
lri+r+
cimol+

t e a p o t 
h e c t i c 
s i r i u s 
e r o d e d 
_ _ _ _ _ _ _ _ 
_ _ _ _ 

After
++++++
++++++
n+++++
rg++++
lri+r+
cimol+

t e a p o t 
h e c t i c 
s i r i u s 
e r o d e d 
_ _ _ _ _ _ _ _ 
_ _ _ _ 

0
Before
++++++
++++++
n+++++
rg++++
lri+r+
cimol+

t e a p o t 
h e c t i c 
s i r i u s 
e r o d e d 
_ _ _ _ _ _ _ _ 
_ _ _ _ 

After
++++++
++++++
n+++++
rg++++
lri+r+
cimol+

t e a p o t 
h e c t i c 
s i r i u s 
e r o d e d 
_ _ _ _ _ _ _ _ 
_ _ _ _ 

0
Before
++++++
++++e+
+++dr+
ngodl+
rrriu+
crios+

t e a p o t 
h e c t i c 
s i m i l e 
_ _ _ _ _ _ 
_ _ _ _ _ _ _ _ 
_ _ _ _ 

After
++++++
++++e+
+++dr+
ngodl+
rrriu+
crios+

t e a p o t 
h e c t i c 
s i m i l e 
_ _ _ _ _ _ 
_ _ _ _ _ _ _ _ 
_ _ _ _ 

1
Before
++++++
++++++
++++++
ng++e+
rrr+r+
cridl+

t e a p o t 
h e c t i c 
s i m i l e 
o d i o u s 
_ _ _ _ _ _ _ _ 
_ _ _ _ 

After
++++++
++++++
++++++
ng++e+
rrr+r+
cridl+

t e a p o t 
h e c t i c 
s i m i l e 
o d i o u s 
_ _ _ _ _ _ _ _ 
_ _ _ _ 

0
Before
++++++
++++e+
++odr+
+grdl+
nriiu+
rimos+

t e a p o t 
h e c t i c 
r e l i c s 
_ _ _ _ _ _ 
_ _ _ _ _ _ _ _ 
_ _ _ _ 

After
++++++
++++e+
++odr+
+grdl+
nriiu+
rimos+

t e a p o t 
h e c t i c 
r e l i c s 
_ _ _ _ _ _ 
_ _ _ _ _ _ _ _ 
_ _ _ _ 

7
Before
++++++
++++++
++++++
+go+++
nrrdu+
riios+

t e a p o t 
h e c t i c 
r e l i c s 
m i l d e r 
_ _ _ _ _ _ _ _ 
_ _ _ _ 

After
++++++
++++++
++++++
+go+++
nrrdu+
riios+

t e a p o t 
h e c t i c 
r e l i c s 
m i l d e r 
_ _ _ _ _ _ _ _ 
_ _ _ _ 

0
Before
++++++
++++e+
++++r+
++o+l+
++idu+
rrmos+

t e a p o t 
h e c t i c 
r e l i c s 
i n g r i d 
_ _ _ _ _ _ _ _ 
_ _ _ _ 

After
++++++
++++e+
++++r+
++o+l+
++idu+
rrmos+

t e a p o t 
h e c t i c 
r e l i c s 
i n g r i d 
_ _ _ _ _ _ _ _ 
_ _ _ _ 

0
Before
++++++
++++e+
++++r+
+++dl+
++oiu+
rrmos+

t e a p o t 
h e c t i c 
r e l i c s 
i n g r i d 
_ _ _ _ _ _ _ _ 
_ _ _ _ 

After
++++++
++++e+
++++r+
+++dl+
++oiu+
rrmos+

t e a p o t 
h e c t i c 
r e l i c s 
i n g r i d 
_ _ _ _ _ _ _ _ 
_ _ _ _ 

0
Before
++++++
++++e+
++++r+
++odl+
++riu+
r+mos+

t e a p o t 
h e c t i c 
r e l i c s 
i n g r i d 
_ _ _ _ _ _ _ _ 
_ _ _ _ 

After
++++++
++++e+
++++r+
++odl+
++riu+
r+mos+

t e a p o t 
h e c t i c 
r e l i c s 
i n g r i d 
_ _ _ _ _ _ _ _ 
_ _ _ _ 

0
Before
++++++
++++++
++++++
+++dl+
nroiu+
rimos+

t e a p o t 
h e c t i c 
r e l i c s 
g i r d e r 
_ _ _ _ _ _ _ _ 
_ _ _ _ 

After
++++++
++++++
++++++
+++dl+
nroiu+
rimos+

t e a p o t 
h e c t i c 
r e l i c s 
g i r d e r 
_ _ _ _ _ _ _ _ 
_ _ _ _ 

0
Before
++++++
++++++
++++++
+g++e+
nrrdr+
rimil+

t e a p o t 
h e c t i c 
r e l i c s 
o d i o u s 
_ _ _ _ _ _ _ _ 
_ _ _ _ 

After
++++++
++++++
++++++
+g++e+
nrrdr+
rimil+

t e a p o t 
h e c t i c 
r e l i c s 
o d i o u s 
_ _ _ _ _ _ _ _ 
_ _ _ _ 

0
Before
++++++
++++++
++++++
+gr+e+
nri+r+
rimdl+

t e a p o t 
h e c t i c 
r e l i c s 
o d i o u s 
_ _ _ _ _ _ _ _ 
_ _ _ _ 

After
++++++
++++++
++++++
+gr+e+
nri+r+
rimdl+

t e a p o t 
h e c t i c 
r e l i c s 
o d i o u s 
_ _ _ _ _ _ _ _ 
_ _ _ _ 

0
Before
n+++++
rg++++
er++++
lr++e+
cirdr+
simil+

t e a p o t 
h e c t i c 
o d i o u s 
_ _ _ _ _ _ 
_ _ _ _ _ _ _ _ 
_ _ _ _ 

After
n+++++
rg++++
er++++
lr++e+
cirdr+
simil+

t e a p o t 
h e c t i c 
o d i o u s 
_ _ _ _ _ _ 
_ _ _ _ _ _ _ _ 
_ _ _ _ 

5
Before
n+++++
rg++++
er++++
lr++++
ci++++
sir+++

t e a p o t 
h e c t i c 
o d i o u s 
m i l d e r 
_ _ _ _ _ _ _ _ 
_ _ _ _ 

After
n+++++
rg++++
er++++
lr++++
ci++++
sir+++

t e a p o t 
h e c t i c 
o d i o u s 
m i l d e r 
_ _ _ _ _ _ _ _ 
_ _ _ _ 

0
Before
++++++
++++++
++++++
ng++e+
rr+dr+
crril+

t e a p o t 
h e c t i c 
o d i o u s 
s i m i l e 
_ _ _ _ _ _ _ _ 
_ _ _ _ 

After
++++++
++++++
++++++
ng++e+
rr+dr+
crril+

t e a p o t 
h e c t i c 
o d i o u s 
s i m i l e 
_ _ _ _ _ _ _ _ 
_ _ _ _ 

0
Before
++++++
++++++
++++++
+g++e+
nrrdr+
rimil+

t e a p o t 
h e c t i c 
o d i o u s 
r e l i c s 
_ _ _ _ _ _ _ _ 
_ _ _ _ 

After
++++++
++++++
++++++
+g++e+
nrrdr+
rimil+

t e a p o t 
h e c t i c 
o d i o u s 
r e l i c s 
_ _ _ _ _ _ _ _ 
_ _ _ _ 

0
Before
++++++
++++++
++++++
+g++e+
nrrdr+
rimil+

t e a p o t 
h e c t i c 
o d i o u s 
r e l i c s 
_ _ _ _ _ _ _ _ 
_ _ _ _ 

After
++++++
++++++
++++++
+g++e+
nrrdr+
rimil+

t e a p o t 
h e c t i c 
o d i o u s 
r e l i c s 
_ _ _ _ _ _ _ _ 
_ _ _ _ 

0
Before
++++++
++++++
+g++++
+r++e+
+rrdr+
nimil+

t e a p o t 
h e c t i c 
o d i o u s 
r e l i c s 
_ _ _ _ _ _ _ _ 
_ _ _ _ 

After
++++++
++++++
+g++++
+r++e+
+rrdr+
nimil+

t e a p o t 
h e c t i c 
o d i o u s 
r e l i c s 
_ _ _ _ _ _ _ _ 
_ _ _ _ 

0
Before
n+++++
rg++++
er++++
lrr+e+
cii+r+
simdl+

t e a p o t 
h e c t i c 
o d i o u s 
_ _ _ _ _ _ 
_ _ _ _ _ _ _ _ 
_ _ _ _ 

After
n+++++
rg++++
er++++
lrr+e+
cii+r+
simdl+

t e a p o t 
h e c t i c 
o d i o u s 
_ _ _ _ _ _ 
_ _ _ _ _ _ _ _ 
_ _ _ _ 

4
Before
++++++
++++++
++++++
ng++e+
rrr+r+
cridl+

t e a p o t 
h e c t i c 
o d i o u s 
s i m i l e 
_ _ _ _ _ _ _ _ 
_ _ _ _ 

After
++++++
++++++
++++++
ng++e+
rrr+r+
cridl+

t e a p o t 
h e c t i c 
o d i o u s 
s i m i l e 
_ _ _ _ _ _ _ _ 
_ _ _ _ 

0
Before
++++++
++++++
++++++
+gr+e+
nri+r+
rimdl+

t e a p o t 
h e c t i c 
o d i o u s 
r e l i c s 
_ _ _ _ _ _ _ _ 
_ _ _ _ 

After
++++++
++++++
++++++
+gr+e+
nri+r+
rimdl+

t e a p o t 
h e c t i c 
o d i o u s 
r e l i c s 
_ _ _ _ _ _ _ _ 
_ _ _ _ 

0
Before
++++++
++++++
++++++
+gr+e+
nri+r+
rimdl+

t e a p o t 
h e c t i c 
o d i o u s 
r e l i c s 
_ _ _ _ _ _ _ _ 
_ _ _ _ 

After
++++++
++++++
++++++
+gr+e+
nri+r+
rimdl+

t e a p o t 
h e c t i c 
o d i o u s 
r e l i c s 
_ _ _ _ _ _ _ _ 
_ _ _ _ 

0
Before
++++++
++++++
+g++++
+rr+e+
+ri+r+
nimdl+

t e a p o t 
h e c t i c 
o d i o u s 
r e l i c s 
_ _ _ _ _ _ _ _ 
_ _ _ _ 

After
++++++
++++++
+g++++
+rr+e+
+ri+r+
nimdl+

t e a p o t 
h e c t i c 
o d i o u s 
r e l i c s 
_ _ _ _ _ _ _ _ 
_ _ _ _ 

0
Before
++++++
++++e+
++odr+
+grdl+
nriiu+
rimos+

t e a p o t 
h e c t i c 
r e l i c s 
_ _ _ _ _ _ 
_ _ _ _ _ _ _ _ 
_ _ _ _ 

After
++++++
++++e+
++odr+
+grdl+
nriiu+
rimos+

t e a p o t 
h e c t i c 
r e l i c s 
_ _ _ _ _ _ 
_ _ _ _ _ _ _ _ 
_ _ _ _ 

7
Before
++++++
++++++
++++++
+go+++
nrrdu+
riios+

t e a p o t 
h e c t i c 
r e l i c s 
m i l d e r 
_ _ _ _ _ _ _ _ 
_ _ _ _ 

After
++++++
++++++
++++++
+go+++
nrrdu+
riios+

t e a p o t 
h e c t i c 
r e l i c s 
m i l d e r 
_ _ _ _ _ _ _ _ 
_ _ _ _ 

0
Before
++++++
++++e+
++++r+
++o+l+
++idu+
rrmos+

t e a p o t 
h e c t i c 
r e l i c s 
i n g r i d 
_ _ _ _ _ _ _ _ 
_ _ _ _ 

After
++++++
++++e+
++++r+
++o+l+
++idu+
rrmos+

t e a p o t 
h e c t i c 
r e l i c s 
i n g r i d 
_ _ _ _ _ _ _ _ 
_ _ _ _ 

0
Before
++++++
++++e+
++++r+
+++dl+
++oiu+
rrmos+

t e a p o t 
h e c t i c 
r e l i c s 
i n g r i d 
_ _ _ _ _ _ _ _ 
_ _ _ _ 

After
++++++
++++e+
++++r+
+++dl+
++oiu+
rrmos+

t e a p o t 
h e c t i c 
r e l i c s 
i n g r i d 
_ _ _ _ _ _ _ _ 
_ _ _ _ 

0
Before
++++++
++++e+
++++r+
++odl+
++riu+
r+mos+

t e a p o t 
h e c t i c 
r e l i c s 
i n g r i d 
_ _ _ _ _ _ _ _ 
_ _ _ _ 

After
++++++
++++e+
++++r+
++odl+
++riu+
r+mos+

t e a p o t 
h e c t i c 
r e l i c s 
i n g r i d 
_ _ _ _ _ _ _ _ 
_ _ _ _ 

0
Before
++++++
++++++
++++++
+++dl+
nroiu+
rimos+

t e a p o t 
h e c t i c 
r e l i c s 
g i r d e r 
_ _ _ _ _ _ _ _ 
_ _ _ _ 

After
++++++
++++++
++++++
+++dl+
nroiu+
rimos+

t e a p o t 
h e c t i c 
r e l i c s 
g i r d e r 
_ _ _ _ _ _ _ _ 
_ _ _ _ 

0
Before
++++++
++++++
++++++
+g++e+
nrrdr+
rimil+

t e a p o t 
h e c t i c 
r e l i c s 
o d i o u s 
_ _ _ _ _ _ _ _ 
_ _ _ _ 

After
++++++
++++++
++++++
+g++e+
nrrdr+
rimil+

t e a p o t 
h e c t i c 
r e l i c s 
o d i o u s 
_ _ _ _ _ _ _ _ 
_ _ _ _ 

0
Before
++++++
++++++
++++++
+gr+e+
nri+r+
rimdl+

t e a p o t 
h e c t i c 
r e l i c s 
o d i o u s 
_ _ _ _ _ _ _ _ 
_ _ _ _ 

After
++++++
++++++
++++++
+gr+e+
nri+r+
rimdl+

t e a p o t 
h e c t i c 
r e l i c s 
o d i o u s 
_ _ _ _ _ _ _ _ 
_ _ _ _ 

0
Before
++++++
++++e+
+godr+
+rrdl+
+riiu+
nimos+

t e a p o t 
h e c t i c 
r e l i c s 
_ _ _ _ _ _ 
_ _ _ _ _ _ _ _ 
_ _ _ _ 

After
++++++
++++e+
+godr+
+rrdl+
+riiu+
nimos+

t e a p o t 
h e c t i c 
r e l i c s 
_ _ _ _ _ _ 
_ _ _ _ _ _ _ _ 
_ _ _ _ 

7
Before
++++++
++++++
+g++++
+ro+++
+rrdu+
niios+

t e a p o t 
h e c t i c 
r e l i c s 
m i l d e r 
_ _ _ _ _ _ _ _ 
_ _ _ _ 

After
++++++
++++++
+g++++
+ro+++
+rrdu+
niios+

t e a p o t 
h e c t i c 
r e l i c s 
m i l d e r 
_ _ _ _ _ _ _ _ 
_ _ _ _ 

0
Before
++++++
++++e+
+++dr+
+++dl+
+++iu+
ngios+

t e a p o t 
h e c t i c 
r e l i c s 
m i r r o r 
_ _ _ _ _ _ _ _ 
_ _ _ _ 

After
++++++
++++e+
+++dr+
+++dl+
+++iu+
ngios+

t e a p o t 
h e c t i c 
r e l i c s 
m i r r o r 
_ _ _ _ _ _ _ _ 
_ _ _ _ 

0
Before
++++++
++++e+
+++dr+
+++dl+
+++iu+
ngios+

t e a p o t 
h e c t i c 
r e l i c s 
m i r r o r 
_ _ _ _ _ _ _ _ 
_ _ _ _ 

After
++++++
++++e+
+++dr+
+++dl+
+++iu+
ngios+

t e a p o t 
h e c t i c 
r e l i c s 
m i r r o r 
_ _ _ _ _ _ _ _ 
_ _ _ _ 

0
Before
++++++
++++e+
+++dr+
+++dl+
+g+iu+
ni+os+

t e a p o t 
h e c t i c 
r e l i c s 
m i r r o r 
_ _ _ _ _ _ _ _ 
_ _ _ _ 

After
++++++
++++e+
+++dr+
+++dl+
+g+iu+
ni+os+

t e a p o t 
h e c t i c 
r e l i c s 
m i r r o r 
_ _ _ _ _ _ _ _ 
_ _ _ _ 

0
Before
++++++
++++e+
+++dr+
+++dl+
+g+iu+
ni+os+

t e a p o t 
h e c t i c 
r e l i c s 
m i r r o r 
_ _ _ _ _ _ _ _ 
_ _ _ _ 

After
++++++
++++e+
+++dr+
+++dl+
+g+iu+
ni+os+

t e a p o t 
h e c t i c 
r e l i c s 
m i r r o r 
_ _ _ _ _ _ _ _ 
_ _ _ _ 

0
Before
++++++
++++++
+g++++
+r++e+
+rrdr+
nimil+

t e a p o t 
h e c t i c 
r e l i c s 
o d i o u s 
_ _ _ _ _ _ _ _ 
_ _ _ _ 

After
++++++
++++++
+g++++
+r++e+
+rrdr+
nimil+

t e a p o t 
h e c t i c 
r e l i c s 
o d i o u s 
_ _ _ _ _ _ _ _ 
_ _ _ _ 

0
Before
++++++
++++++
+g++++
+rr+e+
+ri+r+
nimdl+

t e a p o t 
h e c t i c 
r e l i c s 
o d i o u s 
_ _ _ _ _ _ _ _ 
_ _ _ _ 

After
++++++
++++++
+g++++
+rr+e+
+ri+r+
nimdl+

t e a p o t 
h e c t i c 
r e l i c s 
o d i o u s 
_ _ _ _ _ _ _ _ 
_ _ _ _ 

0
Before
++++++
n+ode+
rgrdr+
eriil+
lrmcu+
siios+

t e a p o t 
h e c t i c 
_ _ _ _ _ _ 
_ _ _ _ _ _ 
_ _ _ _ _ _ _ _ 
_ _ _ _ 

After
++++++
n+ode+
rgrdr+
eriil+
lrmcu+
siios+

t e a p o t 
h e c t i c 
_ _ _ _ _ _ 
_ _ _ _ _ _ 
_ _ _ _ _ _ _ _ 
_ _ _ _ 

5
Before
++++++
n+++++
rgo+++
errd++
lricu+
siios+

t e a p o t 
h e c t i c 
m i l d e r 
_ _ _ _ _ _ 
_ _ _ _ _ _ _ _ 
_ _ _ _ 

After
++++++
n+++++
rgo+++
errd++
lricu+
siios+

t e a p o t 
h e c t i c 
m i l d e r 
_ _ _ _ _ _ 
_ _ _ _ _ _ _ _ 
_ _ _ _ 

1
Before
++++++
n+++++
rg++++
er++++
lrr+++
siic++

t e a p o t 
h e c t i c 
m i l d e r 
o d i o u s 
_ _ _ _ _ _ _ _ 
_ _ _ _ 

After
++++++
n+++++
rg++++
er++++
lrr+++
siic++

t e a p o t 
h e c t i c 
m i l d e r 
o d i o u s 
_ _ _ _ _ _ _ _ 
_ _ _ _ 

0
Before
++++++
n+++++
r+++r+
eroil+
lrmcu+
siios+

t e a p o t 
h e c t i c 
g i r d e d 
_ _ _ _ _ _ 
_ _ _ _ _ _ _ _ 
_ _ _ _ 

After
++++++
n+++++
r+++r+
eroil+
lrmcu+
siios+

t e a p o t 
h e c t i c 
g i r d e d 
_ _ _ _ _ _ 
_ _ _ _ _ _ _ _ 
_ _ _ _ 

7
Before
++++++
++++++
++++++
n+++r+
lrmil+
siiou+

t e a p o t 
h e c t i c 
g i r d e d 
s c o r e r 
_ _ _ _ _ _ _ _ 
_ _ _ _ 

After
++++++
++++++
++++++
n+++r+
lrmil+
siiou+

t e a p o t 
h e c t i c 
g i r d e d 
s c o r e r 
_ _ _ _ _ _ _ _ 
_ _ _ _ 

0
Before
++++++
++++++
n+++++
r+++r+
l+mil+
siiou+

t e a p o t 
h e c t i c 
g i r d e d 
s c o r e r 
_ _ _ _ _ _ _ _ 
_ _ _ _ 

After
++++++
++++++
n+++++
r+++r+
l+mil+
siiou+

t e a p o t 
h e c t i c 
g i r d e d 
s c o r e r 
_ _ _ _ _ _ _ _ 
_ _ _ _ 

0
Before
++++++
++++++
++++++
n+++r+
lrmil+
siiou+

t e a p o t 
h e c t i c 
g i r d e d 
s c o r e r 
_ _ _ _ _ _ _ _ 
_ _ _ _ 

After
++++++
++++++
++++++
n+++r+
lrmil+
siiou+

t e a p o t 
h e c t i c 
g i r d e d 
s c o r e r 
_ _ _ _ _ _ _ _ 
_ _ _ _ 

0
Before
++++++
++++++
n+++++
r+++r+
l+mil+
siiou+

t e a p o t 
h e c t i c 
g i r d e d 
s c o r e r 
_ _ _ _ _ _ _ _ 
_ _ _ _ 

After
++++++
++++++
n+++++
r+++r+
l+mil+
siiou+

t e a p o t 
h e c t i c 
g i r d e d 
s c o r e r 
_ _ _ _ _ _ _ _ 
_ _ _ _ 

0
Before
++++++
++++++
++++r+
n+++l+
r+miu+
liios+

t e a p o t 
h e c t i c 
g i r d e d 
c o r e r s 
_ _ _ _ _ _ _ _ 
_ _ _ _ 

After
++++++
++++++
++++r+
n+++l+
r+miu+
liios+

t e a p o t 
h e c t i c 
g i r d e d 
c o r e r s 
_ _ _ _ _ _ _ _ 
_ _ _ _ 

0
Before
++++++
++++++
n+++r+
r++il+
e++cu+
l+ios+

t e a p o t 
h e c t i c 
g i r d e d 
m o r r i s 
_ _ _ _ _ _ _ _ 
_ _ _ _ 

After
++++++
++++++
n+++r+
r++il+
e++cu+
l+ios+

t e a p o t 
h e c t i c 
g i r d e d 
m o r r i s 
_ _ _ _ _ _ _ _ 
_ _ _ _ 

0
Before
++++++
++++++
++++r+
+++il+
n+mcu+
liios+

t e a p o t 
h e c t i c 
g i r d e d 
e r r o r s 
_ _ _ _ _ _ _ _ 
_ _ _ _ 

After
++++++
++++++
++++r+
+++il+
n+mcu+
liios+

t e a p o t 
h e c t i c 
g i r d e d 
e r r o r s 
_ _ _ _ _ _ _ _ 
_ _ _ _ 

0
Before
++++++
n+++++
r++d++
eroil+
lrmcu+
siios+

t e a p o t 
h e c t i c 
g i r d e r 
_ _ _ _ _ _ 
_ _ _ _ _ _ _ _ 
_ _ _ _ 

After
++++++
n+++++
r++d++
eroil+
lrmcu+
siios+

t e a p o t 
h e c t i c 
g i r d e r 
_ _ _ _ _ _ 
_ _ _ _ _ _ _ _ 
_ _ _ _ 

7
Before
++++++
++++++
++++++
n++d++
lrmil+
siiou+

t e a p o t 
h e c t i c 
g i r d e r 
s c o r e r 
_ _ _ _ _ _ _ _ 
_ _ _ _ 

After
++++++
++++++
++++++
n++d++
lrmil+
siiou+

t e a p o t 
h e c t i c 
g i r d e r 
s c o r e r 
_ _ _ _ _ _ _ _ 
_ _ _ _ 

0
Before
++++++
++++++
n+++++
r++d++
l+mil+
siiou+

t e a p o t 
h e c t i c 
g i r d e r 
s c o r e r 
_ _ _ _ _ _ _ _ 
_ _ _ _ 

After
++++++
++++++
n+++++
r++d++
l+mil+
siiou+

t e a p o t 
h e c t i c 
g i r d e r 
s c o r e r 
_ _ _ _ _ _ _ _ 
_ _ _ _ 

0
Before
++++++
++++++
++++++
n++d++
lrmil+
siiou+

t e a p o t 
h e c t i c 
g i r d e r 
s c o r e r 
_ _ _ _ _ _ _ _ 
_ _ _ _ 

After
++++++
++++++
++++++
n++d++
lrmil+
siiou+

t e a p o t 
h e c t i c 
g i r d e r 
s c o r e r 
_ _ _ _ _ _ _ _ 
_ _ _ _ 

0
Before
++++++
++++++
n+++++
r++d++
l+mil+
siiou+

t e a p o t 
h e c t i c 
g i r d e r 
s c o r e r 
_ _ _ _ _ _ _ _ 
_ _ _ _ 

After
++++++
++++++
n+++++
r++d++
l+mil+
siiou+

t e a p o t 
h e c t i c 
g i r d e r 
s c o r e r 
_ _ _ _ _ _ _ _ 
_ _ _ _ 

0
Before
++++++
++++++
++++++
n++dl+
r+miu+
liios+

t e a p o t 
h e c t i c 
g i r d e r 
c o r e r s 
_ _ _ _ _ _ _ _ 
_ _ _ _ 

After
++++++
++++++
++++++
n++dl+
r+miu+
liios+

t e a p o t 
h e c t i c 
g i r d e r 
c o r e r s 
_ _ _ _ _ _ _ _ 
_ _ _ _ 

0
Before
++++++
++++++
n++d++
r++il+
e++cu+
l+ios+

t e a p o t 
h e c t i c 
g i r d e r 
m o r r i s 
_ _ _ _ _ _ _ _ 
_ _ _ _ 

After
++++++
++++++
n++d++
r++il+
e++cu+
l+ios+

t e a p o t 
h e c t i c 
g i r d e r 
m o r r i s 
_ _ _ _ _ _ _ _ 
_ _ _ _ 

0
Before
++++++
++++++
+++d++
+++il+
n+mcu+
liios+

t e a p o t 
h e c t i c 
g i r d e r 
e r r o r s 
_ _ _ _ _ _ _ _ 
_ _ _ _ 

After
++++++
++++++
+++d++
+++il+
n+mcu+
liios+

t e a p o t 
h e c t i c 
g i r d e r 
e r r o r s 
_ _ _ _ _ _ _ _ 
_ _ _ _ 

0
Before
++++++
n+++++
r+++r+
eroil+
lrmcu+
siios+

t e a p o t 
h e c t i c 
g i r d e d 
_ _ _ _ _ _ 
_ _ _ _ _ _ _ _ 
_ _ _ _ 

After
++++++
n+++++
r+++r+
eroil+
lrmcu+
siios+

t e a p o t 
h e c t i c 
g i r d e d 
_ _ _ _ _ _ 
_ _ _ _ _ _ _ _ 
_ _ _ _ 

7
Before
++++++
++++++
++++++
n+++r+
lrmil+
siiou+

t e a p o t 
h e c t i c 
g i r d e d 
s c o r e r 
_ _ _ _ _ _ _ _ 
_ _ _ _ 

After
++++++
++++++
++++++
n+++r+
lrmil+
siiou+

t e a p o t 
h e c t i c 
g i r d e d 
s c o r e r 
_ _ _ _ _ _ _ _ 
_ _ _ _ 

0
Before
++++++
++++++
n+++++
r+++r+
l+mil+
siiou+

t e a p o t 
h e c t i c 
g i r d e d 
s c o r e r 
_ _ _ _ _ _ _ _ 
_ _ _ _ 

After
++++++
++++++
n+++++
r+++r+
l+mil+
siiou+

t e a p o t 
h e c t i c 
g i r d e d 
s c o r e r 
_ _ _ _ _ _ _ _ 
_ _ _ _ 

0
Before
++++++
++++++
++++++
n+++r+
lrmil+
siiou+

t e a p o t 
h e c t i c 
g i r d e d 
s c o r e r 
_ _ _ _ _ _ _ _ 
_ _ _ _ 

After
++++++
++++++
++++++
n+++r+
lrmil+
siiou+

t e a p o t 
h e c t i c 
g i r d e d 
s c o r e r 
_ _ _ _ _ _ _ _ 
_ _ _ _ 

0
Before
++++++
++++++
n+++++
r+++r+
l+mil+
siiou+

t e a p o t 
h e c t i c 
g i r d e d 
s c o r e r 
_ _ _ _ _ _ _ _ 
_ _ _ _ 

After
++++++
++++++
n+++++
r+++r+
l+mil+
siiou+

t e a p o t 
h e c t i c 
g i r d e d 
s c o r e r 
_ _ _ _ _ _ _ _ 
_ _ _ _ 

0
Before
++++++
++++++
++++r+
n+++l+
r+miu+
liios+

t e a p o t 
h e c t i c 
g i r d e d 
c o r e r s 
_ _ _ _ _ _ _ _ 
_ _ _ _ 

After
++++++
++++++
++++r+
n+++l+
r+miu+
liios+

t e a p o t 
h e c t i c 
g i r d e d 
c o r e r s 
_ _ _ _ _ _ _ _ 
_ _ _ _ 

0
Before
++++++
++++++
n+++r+
r++il+
e++cu+
l+ios+

t e a p o t 
h e c t i c 
g i r d e d 
m o r r i s 
_ _ _ _ _ _ _ _ 
_ _ _ _ 

After
++++++
++++++
n+++r+
r++il+
e++cu+
l+ios+

t e a p o t 
h e c t i c 
g i r d e d 
m o r r i s 
_ _ _ _ _ _ _ _ 
_ _ _ _ 

0
Before
++++++
++++++
++++r+
+++il+
n+mcu+
liios+

t e a p o t 
h e c t i c 
g i r d e d 
e r r o r s 
_ _ _ _ _ _ _ _ 
_ _ _ _ 

After
++++++
++++++
++++r+
+++il+
n+mcu+
liios+

t e a p o t 
h e c t i c 
g i r d e d 
e r r o r s 
_ _ _ _ _ _ _ _ 
_ _ _ _ 

0
Before
++++++
n+++++
r++d++
eroil+
lrmcu+
siios+

t e a p o t 
h e c t i c 
g i r d e r 
_ _ _ _ _ _ 
_ _ _ _ _ _ _ _ 
_ _ _ _ 

After
++++++
n+++++
r++d++
eroil+
lrmcu+
siios+

t e a p o t 
h e c t i c 
g i r d e r 
_ _ _ _ _ _ 
_ _ _ _ _ _ _ _ 
_ _ _ _ 

7
Before
++++++
++++++
++++++
n++d++
lrmil+
siiou+

t e a p o t 
h e c t i c 
g i r d e r 
s c o r e r 
_ _ _ _ _ _ _ _ 
_ _ _ _ 

After
++++++
++++++
++++++
n++d++
lrmil+
siiou+

t e a p o t 
h e c t i c 
g i r d e r 
s c o r e r 
_ _ _ _ _ _ _ _ 
_ _ _ _ 

0
Before
++++++
++++++
n+++++
r++d++
l+mil+
siiou+

t e a p o t 
h e c t i c 
g i r d e r 
s c o r e r 
_ _ _ _ _ _ _ _ 
_ _ _ _ 

After
++++++
++++++
n+++++
r++d++
l+mil+
siiou+

t e a p o t 
h e c t i c 
g i r d e r 
s c o r e r 
_ _ _ _ _ _ _ _ 
_ _ _ _ 

0
Before
++++++
++++++
++++++
n++d++
lrmil+
siiou+

t e a p o t 
h e c t i c 
g i r d e r 
s c o r e r 
_ _ _ _ _ _ _ _ 
_ _ _ _ 

After
++++++
++++++
++++++
n++d++
lrmil+
siiou+

t e a p o t 
h e c t i c 
g i r d e r 
s c o r e r 
_ _ _ _ _ _ _ _ 
_ _ _ _ 

0
Before
++++++
++++++
n+++++
r++d++
l+mil+
siiou+

t e a p o t 
h e c t i c 
g i r d e r 
s c o r e r 
_ _ _ _ _ _ _ _ 
_ _ _ _ 

After
++++++
++++++
n+++++
r++d++
l+mil+
siiou+

t e a p o t 
h e c t i c 
g i r d e r 
s c o r e r 
_ _ _ _ _ _ _ _ 
_ _ _ _ 

0
Before
++++++
++++++
++++++
n++dl+
r+miu+
liios+

t e a p o t 
h e c t i c 
g i r d e r 
c o r e r s 
_ _ _ _ _ _ _ _ 
_ _ _ _ 

After
++++++
++++++
++++++
n++dl+
r+miu+
liios+

t e a p o t 
h e c t i c 
g i r d e r 
c o r e r s 
_ _ _ _ _ _ _ _ 
_ _ _ _ 

0
Before
++++++
++++++
n++d++
r++il+
e++cu+
l+ios+

t e a p o t 
h e c t i c 
g i r d e r 
m o r r i s 
_ _ _ _ _ _ _ _ 
_ _ _ _ 

After
++++++
++++++
n++d++
r++il+
e++cu+
l+ios+

t e a p o t 
h e c t i c 
g i r d e r 
m o r r i s 
_ _ _ _ _ _ _ _ 
_ _ _ _ 

0
Before
++++++
++++++
+++d++
+++il+
n+mcu+
liios+

t e a p o t 
h e c t i c 
g i r d e r 
e r r o r s 
_ _ _ _ _ _ _ _ 
_ _ _ _ 

After
++++++
++++++
+++d++
+++il+
n+mcu+
liios+

t e a p o t 
h e c t i c 
g i r d e r 
e r r o r s 
_ _ _ _ _ _ _ _ 
_ _ _ _ 

0
Before
ng++++
rr++e+
ero+r+
lirdl+
ctidu+
siieh+

t e a p o t 
c o m i c s 
_ _ _ _ _ _ 
_ _ _ _ _ _ 
_ _ _ _ _ _ _ _ 
_ _ _ _ 

After
ng++++
rr++e+
ero+r+
lirdl+
ctidu+
siieh+

t e a p o t 
c o m i c s 
_ _ _ _ _ _ 
_ _ _ _ _ _ 
_ _ _ _ _ _ _ _ 
_ _ _ _ 

6
Before
++++++
ng++e+
rr++r+
er++l+
lio+u+
ciidh+

t e a p o t 
c o m i c s 
s t r i d e 
_ _ _ _ _ _ 
_ _ _ _ _ _ _ _ 
_ _ _ _ 

After
++++++
ng++e+
rr++r+
er++l+
lio+u+
ciidh+

t e a p o t 
c o m i c s 
s t r i d e 
_ _ _ _ _ _ 
_ _ _ _ _ _ _ _ 
_ _ _ _ 

3
Before
++++++
++++e+
++++r+
n+++l+
rg++u+
cridh+

t e a p o t 
c o m i c s 
s t r i d e 
o i l i e r 
_ _ _ _ _ _ _ _ 
_ _ _ _ 

After
++++++
++++e+
++++r+
n+++l+
rg++u+
cridh+

t e a p o t 
c o m i c s 
s t r i d e 
o i l i e r 
_ _ _ _ _ _ _ _ 
_ _ _ _ 

0
Before
++++++
++++e+
++++r+
+g++l+
nr++u+
cridh+

t e a p o t 
c o m i c s 
s t r i d e 
o i l i e r 
_ _ _ _ _ _ _ _ 
_ _ _ _ 

After
++++++
++++e+
++++r+
+g++l+
nr++u+
cridh+

t e a p o t 
c o m i c s 
s t r i d e 
o i l i e r 
_ _ _ _ _ _ _ _ 
_ _ _ _ 

0
Before
++++++
++++e+
++++r+
n+++l+
rg++u+
cridh+

t e a p o t 
c o m i c s 
s t r i d e 
o i l i e r 
_ _ _ _ _ _ _ _ 
_ _ _ _ 

After
++++++
++++e+
++++r+
n+++l+
rg++u+
cridh+

t e a p o t 
c o m i c s 
s t r i d e 
o i l i e r 
_ _ _ _ _ _ _ _ 
_ _ _ _ 

0
Before
n+++++
rg++e+
er++r+
lr++l+
ctr+u+
sii+h+

t e a p o t 
c o m i c s 
i o d i d e 
_ _ _ _ _ _ 
_ _ _ _ _ _ _ _ 
_ _ _ _ 

After
n+++++
rg++e+
er++r+
lr++l+
ctr+u+
sii+h+

t e a p o t 
c o m i c s 
i o d i d e 
_ _ _ _ _ _ 
_ _ _ _ _ _ _ _ 
_ _ _ _ 

0
Before
++++++
++++e+
+go+r+
+rrdl+
ntidu+
riieh+

t e a p o t 
c o m i c s 
r e l i c s 
_ _ _ _ _ _ 
_ _ _ _ _ _ _ _ 
_ _ _ _ 

After
++++++
++++e+
+go+r+
+rrdl+
ntidu+
riieh+

t e a p o t 
c o m i c s 
r e l i c s 
_ _ _ _ _ _ 
_ _ _ _ _ _ _ _ 
_ _ _ _ 

0
Before
++++++
++++e+
++o+r+
ngrdl+
rridu+
srieh+

t e a p o t 
c o m i c s 
e l i c i t 
_ _ _ _ _ _ 
_ _ _ _ _ _ _ _ 
_ _ _ _ 

After
++++++
++++e+
++o+r+
ngrdl+
rridu+
srieh+

t e a p o t 
c o m i c s 
e l i c i t 
_ _ _ _ _ _ 
_ _ _ _ _ _ _ _ 
_ _ _ _ 

0
Before
++++++
++++e+
+go+r+
+rrdl+
ntidu+
riieh+

t e a p o t 
c o m i c s 
r e l i c s 
_ _ _ _ _ _ 
_ _ _ _ _ _ _ _ 
_ _ _ _ 

After
++++++
++++e+
+go+r+
+rrdl+
ntidu+
riieh+

t e a p o t 
c o m i c s 
r e l i c s 
_ _ _ _ _ _ 
_ _ _ _ _ _ _ _ 
_ _ _ _ 

0
Before
++++++
+g++e+
+ro+r+
+rrdl+
+tidu+
niieh+

t e a p o t 
c o m i c s 
r e l i c s 
_ _ _ _ _ _ 
_ _ _ _ _ _ _ _ 
_ _ _ _ 

After
++++++
+g++e+
+ro+r+
+rrdl+
+tidu+
niieh+

t e a p o t 
c o m i c s 
r e l i c s 
_ _ _ _ _ _ 
_ _ _ _ _ _ _ _ 
_ _ _ _ 

0
Before
++++e+
+g+dr+
nrodl+
rrriu+
etics+
liieh+

t e a p o t 
c o m i c s 
_ _ _ _ _ _ 
_ _ _ _ _ _ 
_ _ _ _ _ _ _ _ 
_ _ _ _ 

After
++++e+
+g+dr+
nrodl+
rrriu+
etics+
liieh+

t e a p o t 
c o m i c s 
_ _ _ _ _ _ 
_ _ _ _ _ _ 
_ _ _ _ _ _ _ _ 
_ _ _ _ 

16
Before
++++++
+g++++
nr++e+
rrr+r+
etidl+
liiih+

t e a p o t 
c o m i c s 
e s c u d o 
_ _ _ _ _ _ 
_ _ _ _ _ _ _ _ 
_ _ _ _ 

After
++++++
+g++++
nr++e+
rrr+r+
etidl+
liiih+

t e a p o t 
c o m i c s 
e s c u d o 
_ _ _ _ _ _ 
_ _ _ _ _ _ _ _ 
_ _ _ _ 

0
Before
++++++
++++e+
ng++r+
rr+dl+
erodu+
lirih+

t e a p o t 
c o m i c s 
c i t i e s 
_ _ _ _ _ _ 
_ _ _ _ _ _ _ _ 
_ _ _ _ 

After
++++++
++++e+
ng++r+
rr+dl+
erodu+
lirih+

t e a p o t 
c o m i c s 
c i t i e s 
_ _ _ _ _ _ 
_ _ _ _ _ _ _ _ 
_ _ _ _ 

0
Before
++++++
++++e+
ng++r+
rr+dl+
erodu+
lirih+

t e a p o t 
c o m i c s 
c i t i e s 
_ _ _ _ _ _ 
_ _ _ _ _ _ _ _ 
_ _ _ _ 

After
++++++
++++e+
ng++r+
rr+dl+
erodu+
lirih+

t e a p o t 
c o m i c s 
c i t i e s 
_ _ _ _ _ _ 
_ _ _ _ _ _ _ _ 
_ _ _ _ 

0
Before
++++++
++++r+
ng++l+
rr+du+
erics+
liieh+

t e a p o t 
c o m i c s 
t r i o d e 
_ _ _ _ _ _ 
_ _ _ _ _ _ _ _ 
_ _ _ _ 

After
++++++
++++r+
ng++l+
rr+du+
erics+
liieh+

t e a p o t 
c o m i c s 
t r i o d e 
_ _ _ _ _ _ 
_ _ _ _ _ _ _ _ 
_ _ _ _ 

3
Before
++++++
++++++
n+++++
rg++r+
er++l+
liidu+

t e a p o t 
c o m i c s 
t r i o d e 
r i c h e s 
_ _ _ _ _ _ _ _ 
_ _ _ _ 

After
++++++
++++++
n+++++
rg++r+
er++l+
liidu+

t e a p o t 
c o m i c s 
t r i o d e 
r i c h e s 
_ _ _ _ _ _ _ _ 
_ _ _ _ 

0
Before
++++++
++++++
n+++++
rg++r+
er++l+
liidu+

t e a p o t 
c o m i c s 
t r i o d e 
r i c h e s 
_ _ _ _ _ _ _ _ 
_ _ _ _ 

After
++++++
++++++
n+++++
rg++r+
er++l+
liidu+

t e a p o t 
c o m i c s 
t r i o d e 
r i c h e s 
_ _ _ _ _ _ _ _ 
_ _ _ _ 

0
Before
++++++
++++++
n+++++
rg++r+
er++l+
liidu+

t e a p o t 
c o m i c s 
t r i o d e 
r i c h e s 
_ _ _ _ _ _ _ _ 
_ _ _ _ 

After
++++++
++++++
n+++++
rg++r+
er++l+
liidu+

t e a p o t 
c o m i c s 
t r i o d e 
r i c h e s 
_ _ _ _ _ _ _ _ 
_ _ _ _ 

0
Before
++++e+
+++dr+
+++dl+
n++iu+
rgics+
liieh+

t e a p o t 
c o m i c s 
t e r r o r 
_ _ _ _ _ _ 
_ _ _ _ _ _ _ _ 
_ _ _ _ 

After
++++e+
+++dr+
+++dl+
n++iu+
rgics+
liieh+

t e a p o t 
c o m i c s 
t e r r o r 
_ _ _ _ _ _ 
_ _ _ _ _ _ _ _ 
_ _ _ _ 

0
Before
++++e+
+++dr+
+++dl+
n++iu+
rgics+
liieh+

t e a p o t 
c o m i c s 
t e r r o r 
_ _ _ _ _ _ 
_ _ _ _ _ _ _ _ 
_ _ _ _ 

After
++++e+
+++dr+
+++dl+
n++iu+
rgics+
liieh+

t e a p o t 
c o m i c s 
t e r r o r 
_ _ _ _ _ _ 
_ _ _ _ _ _ _ _ 
_ _ _ _ 

0
Before
++++e+
+++dr+
+++dl+
++riu+
ngics+
liieh+

t e a p o t 
c o m i c s 
t e r r o r 
_ _ _ _ _ _ 
_ _ _ _ _ _ _ _ 
_ _ _ _ 

After
++++e+
+++dr+
+++dl+
++riu+
ngics+
liieh+

t e a p o t 
c o m i c s 
t e r r o r 
_ _ _ _ _ _ 
_ _ _ _ _ _ _ _ 
_ _ _ _ 

3
Before
++++e+
++++r+
++++l+
+++du+
++ics+
l+ieh+

t e a p o t 
c o m i c s 
t e r r o r 
i n g r i d 
_ _ _ _ _ _ _ _ 
_ _ _ _ 

After
++++e+
++++r+
++++l+
+++du+
++ics+
l+ieh+

t e a p o t 
c o m i c s 
t e r r o r 
i n g r i d 
_ _ _ _ _ _ _ _ 
_ _ _ _ 

0
Before
++++++
++++++
++++e+
++++r+
ngidl+
liidu+

t e a p o t 
c o m i c s 
t e r r o r 
r i c h e s 
_ _ _ _ _ _ _ _ 
_ _ _ _ 

After
++++++
++++++
++++e+
++++r+
ngidl+
liidu+

t e a p o t 
c o m i c s 
t e r r o r 
r i c h e s 
_ _ _ _ _ _ _ _ 
_ _ _ _ 

0
Before
++++++
++++++
++++e+
+++dr+
ng+dl+
liiiu+

t e a p o t 
c o m i c s 
t e r r o r 
r i c h e s 
_ _ _ _ _ _ _ _ 
_ _ _ _ 

After
++++++
++++++
++++e+
+++dr+
ng+dl+
liiiu+

t e a p o t 
c o m i c s 
t e r r o r 
r i c h e s 
_ _ _ _ _ _ _ _ 
_ _ _ _ 

0
Before
++++e+
+++dr+
+++dl+
+g+iu+
nrics+
liieh+

t e a p o t 
c o m i c s 
t e r r o r 
_ _ _ _ _ _ 
_ _ _ _ _ _ _ _ 
_ _ _ _ 

After
++++e+
+++dr+
+++dl+
+g+iu+
nrics+
liieh+

t e a p o t 
c o m i c s 
t e r r o r 
_ _ _ _ _ _ 
_ _ _ _ _ _ _ _ 
_ _ _ _ 

2
Before
++++++
++++++
++++e+
+++dr+
ng+dl+
liiiu+

t e a p o t 
c o m i c s 
t e r r o r 
r i c h e s 
_ _ _ _ _ _ _ _ 
_ _ _ _ 

After
++++++
++++++
++++e+
+++dr+
ng+dl+
liiiu+

t e a p o t 
c o m i c s 
t e r r o r 
r i c h e s 
_ _ _ _ _ _ _ _ 
_ _ _ _ 

0
Before
++++++
++++++
++++e+
+++dr+
ng+dl+
liiiu+

t e a p o t 
c o m i c s 
t e r r o r 
r i c h e s 
_ _ _ _ _ _ _ _ 
_ _ _ _ 

After
++++++
++++++
++++e+
+++dr+
ng+dl+
liiiu+

t e a p o t 
c o m i c s 
t e r r o r 
r i c h e s 
_ _ _ _ _ _ _ _ 
_ _ _ _ 

0
Before
++++e+
+++dr+
+++dl+
++riu+
ngics+
liieh+

t e a p o t 
c o m i c s 
t e r r o r 
_ _ _ _ _ _ 
_ _ _ _ _ _ _ _ 
_ _ _ _ 

After
++++e+
+++dr+
+++dl+
++riu+
ngics+
liieh+

t e a p o t 
c o m i c s 
t e r r o r 
_ _ _ _ _ _ 
_ _ _ _ _ _ _ _ 
_ _ _ _ 

3
Before
++++e+
++++r+
++++l+
+++du+
++ics+
l+ieh+

t e a p o t 
c o m i c s 
t e r r o r 
i n g r i d 
_ _ _ _ _ _ _ _ 
_ _ _ _ 

After
++++e+
++++r+
++++l+
+++du+
++ics+
l+ieh+

t e a p o t 
c o m i c s 
t e r r o r 
i n g r i d 
_ _ _ _ _ _ _ _ 
_ _ _ _ 

0
Before
++++++
++++++
++++e+
++++r+
ngidl+
liidu+

t e a p o t 
c o m i c s 
t e r r o r 
r i c h e s 
_ _ _ _ _ _ _ _ 
_ _ _ _ 

After
++++++
++++++
++++e+
++++r+
ngidl+
liidu+

t e a p o t 
c o m i c s 
t e r r o r 
r i c h e s 
_ _ _ _ _ _ _ _ 
_ _ _ _ 

0
Before
++++++
++++++
++++e+
+++dr+
ng+dl+
liiiu+

t e a p o t 
c o m i c s 
t e r r o r 
r i c h e s 
_ _ _ _ _ _ _ _ 
_ _ _ _ 

After
++++++
++++++
++++e+
+++dr+
ng+dl+
liiiu+

t e a p o t 
c o m i c s 
t e r r o r 
r i c h e s 
_ _ _ _ _ _ _ _ 
_ _ _ _ 

0
Before
++++e+
+++dr+
+++dl+
+g+iu+
nrics+
liieh+

t e a p o t 
c o m i c s 
t e r r o r 
_ _ _ _ _ _ 
_ _ _ _ _ _ _ _ 
_ _ _ _ 

After
++++e+
+++dr+
+++dl+
+g+iu+
nrics+
liieh+

t e a p o t 
c o m i c s 
t e r r o r 
_ _ _ _ _ _ 
_ _ _ _ _ _ _ _ 
_ _ _ _ 

2
Before
++++++
++++++
++++e+
+++dr+
ng+dl+
liiiu+

t e a p o t 
c o m i c s 
t e r r o r 
r i c h e s 
_ _ _ _ _ _ _ _ 
_ _ _ _ 

After
++++++
++++++
++++e+
+++dr+
ng+dl+
liiiu+

t e a p o t 
c o m i c s 
t e r r o r 
r i c h e s 
_ _ _ _ _ _ _ _ 
_ _ _ _ 

0
Before
++++++
++++++
++++e+
+++dr+
ng+dl+
liiiu+

t e a p o t 
c o m i c s 
t e r r o r 
r i c h e s 
_ _ _ _ _ _ _ _ 
_ _ _ _ 

After
++++++
++++++
++++e+
+++dr+
ng+dl+
liiiu+

t e a p o t 
c o m i c s 
t e r r o r 
r i c h e s 
_ _ _ _ _ _ _ _ 
_ _ _ _ 

0
Before
++++++
+g++++
nr++e+
rro+r+
etidl+
liidu+

t e a p o t 
c o m i c s 
r i c h e s 
_ _ _ _ _ _ 
_ _ _ _ _ _ _ _ 
_ _ _ _ 

After
++++++
+g++++
nr++e+
rro+r+
etidl+
liidu+

t e a p o t 
c o m i c s 
r i c h e s 
_ _ _ _ _ _ 
_ _ _ _ _ _ _ _ 
_ _ _ _ 

5
Before
++++++
++++++
n+++e+
r+++r+
eg++l+
liidu+

t e a p o t 
c o m i c s 
r i c h e s 
t o r r i d 
_ _ _ _ _ _ _ _ 
_ _ _ _ 

After
++++++
++++++
n+++e+
r+++r+
eg++l+
liidu+

t e a p o t 
c o m i c s 
r i c h e s 
t o r r i d 
_ _ _ _ _ _ _ _ 
_ _ _ _ 

0
Before
++++++
++++++
n+++e+
r+++r+
eg++l+
liidu+

t e a p o t 
c o m i c s 
r i c h e s 
t o r r i d 
_ _ _ _ _ _ _ _ 
_ _ _ _ 

After
++++++
++++++
n+++e+
r+++r+
eg++l+
liidu+

t e a p o t 
c o m i c s 
r i c h e s 
t o r r i d 
_ _ _ _ _ _ _ _ 
_ _ _ _ 

0
Before
++++++
++++++
++++e+
++++r+
ngidl+
liidu+

t e a p o t 
c o m i c s 
r i c h e s 
t e r r o r 
_ _ _ _ _ _ _ _ 
_ _ _ _ 

After
++++++
++++++
++++e+
++++r+
ngidl+
liidu+

t e a p o t 
c o m i c s 
r i c h e s 
t e r r o r 
_ _ _ _ _ _ _ _ 
_ _ _ _ 

0
Before
++++++
++++++
++++e+
++++r+
ngidl+
liidu+

t e a p o t 
c o m i c s 
r i c h e s 
t e r r o r 
_ _ _ _ _ _ _ _ 
_ _ _ _ 

After
++++++
++++++
++++e+
++++r+
ngidl+
liidu+

t e a p o t 
c o m i c s 
r i c h e s 
t e r r o r 
_ _ _ _ _ _ _ _ 
_ _ _ _ 

0
Before
++++++
++++++
++++e+
+g++r+
nr+dl+
liidu+

t e a p o t 
c o m i c s 
r i c h e s 
r i o t e r 
_ _ _ _ _ _ _ _ 
_ _ _ _ 

After
++++++
++++++
++++e+
+g++r+
nr+dl+
liidu+

t e a p o t 
c o m i c s 
r i c h e s 
r i o t e r 
_ _ _ _ _ _ _ _ 
_ _ _ _ 

0
Before
++++++
+g++++
nr++e+
rr+dr+
etodl+
liiiu+

t e a p o t 
c o m i c s 
r i c h e s 
_ _ _ _ _ _ 
_ _ _ _ _ _ _ _ 
_ _ _ _ 

After
++++++
+g++++
nr++e+
rr+dr+
etodl+
liiiu+

t e a p o t 
c o m i c s 
r i c h e s 
_ _ _ _ _ _ 
_ _ _ _ _ _ _ _ 
_ _ _ _ 

2
Before
++++++
++++++
++++e+
+++dr+
ng+dl+
rriiu+

t e a p o t 
c o m i c s 
r i c h e s 
t o i l e r 
_ _ _ _ _ _ _ _ 
_ _ _ _ 

After
++++++
++++++
++++e+
+++dr+
ng+dl+
rriiu+

t e a p o t 
c o m i c s 
r i c h e s 
t o i l e r 
_ _ _ _ _ _ _ _ 
_ _ _ _ 

0
Before
++++++
++++++
++++e+
+g+dr+
+r+dl+
nriiu+

t e a p o t 
c o m i c s 
r i c h e s 
t o i l e r 
_ _ _ _ _ _ _ _ 
_ _ _ _ 

After
++++++
++++++
++++e+
+g+dr+
+r+dl+
nriiu+

t e a p o t 
c o m i c s 
r i c h e s 
t o i l e r 
_ _ _ _ _ _ _ _ 
_ _ _ _ 

0
Before
++++++
++++++
ng++e+
rrodr+
etrdl+
liiiu+

t e a p o t 
c o m i c s 
r i c h e s 
_ _ _ _ _ _ 
_ _ _ _ _ _ _ _ 
_ _ _ _ 

After
++++++
++++++
ng++e+
rrodr+
etrdl+
liiiu+

t e a p o t 
c o m i c s 
r i c h e s 
_ _ _ _ _ _ 
_ _ _ _ _ _ _ _ 
_ _ _ _ 

3
Before
++++++
++++++
n+++e+
r+++r+
eg++l+
liidu+

t e a p o t 
c o m i c s 
r i c h e s 
t o r r i d 
_ _ _ _ _ _ _ _ 
_ _ _ _ 

After
++++++
++++++
n+++e+
r+++r+
eg++l+
liidu+

t e a p o t 
c o m i c s 
r i c h e s 
t o r r i d 
_ _ _ _ _ _ _ _ 
_ _ _ _ 

0
Before
++++++
++++++
n+++e+
r+++r+
eg+dl+
li+iu+

t e a p o t 
c o m i c s 
r i c h e s 
t o r r i d 
_ _ _ _ _ _ _ _ 
_ _ _ _ 

After
++++++
++++++
n+++e+
r+++r+
eg+dl+
li+iu+

t e a p o t 
c o m i c s 
r i c h e s 
t o r r i d 
_ _ _ _ _ _ _ _ 
_ _ _ _ 

0
Before
++++++
++++++
++++e+
+++dr+
ng+dl+
liiiu+

t e a p o t 
c o m i c s 
r i c h e s 
t e r r o r 
_ _ _ _ _ _ _ _ 
_ _ _ _ 

After
++++++
++++++
++++e+
+++dr+
ng+dl+
liiiu+

t e a p o t 
c o m i c s 
r i c h e s 
t e r r o r 
_ _ _ _ _ _ _ _ 
_ _ _ _ 

0
Before
++++++
++++++
+g+de+
nrodr+
rrris+
liieh+

t e a p o t 
c o m i c s 
l u c i t e 
_ _ _ _ _ _ 
_ _ _ _ _ _ _ _ 
_ _ _ _ 

After
++++++
++++++
+g+de+
nrodr+
rrris+
liieh+

t e a p o t 
c o m i c s 
l u c i t e 
_ _ _ _ _ _ 
_ _ _ _ _ _ _ _ 
_ _ _ _ 

9
Before
++++++
++++++
+g++++
nr++++
rro+r+
liiis+

t e a p o t 
c o m i c s 
l u c i t e 
h e r d e d 
_ _ _ _ _ _ _ _ 
_ _ _ _ 

After
++++++
++++++
+g++++
nr++++
rro+r+
liiis+

t e a p o t 
c o m i c s 
l u c i t e 
h e r d e d 
_ _ _ _ _ _ _ _ 
_ _ _ _ 

0
Before
++++++
++++++
+g++++
nr++++
rrod++
liiis+

t e a p o t 
c o m i c s 
l u c i t e 
h e r d e r 
_ _ _ _ _ _ _ _ 
_ _ _ _ 

After
++++++
++++++
+g++++
nr++++
rrod++
liiis+

t e a p o t 
c o m i c s 
l u c i t e 
h e r d e r 
_ _ _ _ _ _ _ _ 
_ _ _ _ 

0
Before
++++++
++++++
+g++++
nr++r+
rr++s+
liiih+

t e a p o t 
c o m i c s 
l u c i t e 
e r o d e d 
_ _ _ _ _ _ _ _ 
_ _ _ _ 

After
++++++
++++++
+g++++
nr++r+
rr++s+
liiih+

t e a p o t 
c o m i c s 
l u c i t e 
e r o d e d 
_ _ _ _ _ _ _ _ 
_ _ _ _ 

0
Before
++++++
++++++
+g++++
nr++r+
rr++s+
liiih+

t e a p o t 
c o m i c s 
l u c i t e 
e r o d e d 
_ _ _ _ _ _ _ _ 
_ _ _ _ 

After
++++++
++++++
+g++++
nr++r+
rr++s+
liiih+

t e a p o t 
c o m i c s 
l u c i t e 
e r o d e d 
_ _ _ _ _ _ _ _ 
_ _ _ _ 

0
Before
++++++
++++++
+g++++
nr++++
rro+r+
liidh+

t e a p o t 
c o m i c s 
l u c i t e 
r e s i d e 
_ _ _ _ _ _ _ _ 
_ _ _ _ 

After
++++++
++++++
+g++++
nr++++
rro+r+
liidh+

t e a p o t 
c o m i c s 
l u c i t e 
r e s i d e 
_ _ _ _ _ _ _ _ 
_ _ _ _ 

0
Before
++++++
++++++
+g++++
nr++++
rrod++
liieh+

t e a p o t 
c o m i c s 
l u c i t e 
r i d e r s 
_ _ _ _ _ _ _ _ 
_ _ _ _ 

After
++++++
++++++
+g++++
nr++++
rrod++
liieh+

t e a p o t 
c o m i c s 
l u c i t e 
r i d e r s 
_ _ _ _ _ _ _ _ 
_ _ _ _ 

0
Before
++++++
++++++
+g++++
nr++++
rrr+e+
liier+

t e a p o t 
c o m i c s 
l u c i t e 
o d d i s h 
_ _ _ _ _ _ _ _ 
_ _ _ _ 

After
++++++
++++++
+g++++
nr++++
rrr+e+
liier+

t e a p o t 
c o m i c s 
l u c i t e 
o d d i s h 
_ _ _ _ _ _ _ _ 
_ _ _ _ 

0
Before
++++++
++++++
+g++++
nr+d++
rr+i++
liieh+

t e a p o t 
c o m i c s 
l u c i t e 
o r d e r s 
_ _ _ _ _ _ _ _ 
_ _ _ _ 

After
++++++
++++++
+g++++
nr+d++
rr+i++
liieh+

t e a p o t 
c o m i c s 
l u c i t e 
o r d e r s 
_ _ _ _ _ _ _ _ 
_ _ _ _ 

0
Before
++++++
++++++
+g++++
nro+++
rrr+r+
lii+h+

t e a p o t 
c o m i c s 
l u c i t e 
e d d i e s 
_ _ _ _ _ _ _ _ 
_ _ _ _ 

After
++++++
++++++
+g++++
nro+++
rrr+r+
lii+h+

t e a p o t 
c o m i c s 
l u c i t e 
e d d i e s 
_ _ _ _ _ _ _ _ 
_ _ _ _ 

0
Before
++++++
++++++
+g+de+
nrodr+
rrris+
liieh+

t e a p o t 
c o m i c s 
l u c i t e 
_ _ _ _ _ _ 
_ _ _ _ _ _ _ _ 
_ _ _ _ 

After
++++++
++++++
+g+de+
nrodr+
rrris+
liieh+

t e a p o t 
c o m i c s 
l u c i t e 
_ _ _ _ _ _ 
_ _ _ _ _ _ _ _ 
_ _ _ _ 

9
Before
++++++
++++++
+g++++
nr++++
rro+r+
liiis+

t e a p o t 
c o m i c s 
l u c i t e 
h e r d e d 
_ _ _ _ _ _ _ _ 
_ _ _ _ 

After
++++++
++++++
+g++++
nr++++
rro+r+
liiis+

t e a p o t 
c o m i c s 
l u c i t e 
h e r d e d 
_ _ _ _ _ _ _ _ 
_ _ _ _ 

0
Before
++++++
++++++
+g++++
nr++++
rrod++
liiis+

t e a p o t 
c o m i c s 
l u c i t e 
h e r d e r 
_ _ _ _ _ _ _ _ 
_ _ _ _ 

After
++++++
++++++
+g++++
nr++++
rrod++
liiis+

t e a p o t 
c o m i c s 
l u c i t e 
h e r d e r 
_ _ _ _ _ _ _ _ 
_ _ _ _ 

0
Before
++++++
++++++
+g++++
nr++r+
rr++s+
liiih+

t e a p o t 
c o m i c s 
l u c i t e 
e r o d e d 
_ _ _ _ _ _ _ _ 
_ _ _ _ 

After
++++++
++++++
+g++++
nr++r+
rr++s+
liiih+

t e a p o t 
c o m i c s 
l u c i t e 
e r o d e d 
_ _ _ _ _ _ _ _ 
_ _ _ _ 

0
Before
++++++
++++++
+g++++
nr++r+
rr++s+
liiih+

t e a p o t 
c o m i c s 
l u c i t e 
e r o d e d 
_ _ _ _ _ _ _ _ 
_ _ _ _ 

After
++++++
++++++
+g++++
nr++r+
rr++s+
liiih+

t e a p o t 
c o m i c s 
l u c i t e 
e r o d e d 
_ _ _ _ _ _ _ _ 
_ _ _ _ 

0
Before
++++++
++++++
+g++++
nr++++
rro+r+
liidh+

t e a p o t 
c o m i c s 
l u c i t e 
r e s i d e 
_ _ _ _ _ _ _ _ 
_ _ _ _ 

After
++++++
++++++
+g++++
nr++++
rro+r+
liidh+

t e a p o t 
c o m i c s 
l u c i t e 
r e s i d e 
_ _ _ _ _ _ _ _ 
_ _ _ _ 

0
Before
++++++
++++++
+g++++
nr++++
rrod++
liieh+

t e a p o t 
c o m i c s 
l u c i t e 
r i d e r s 
_ _ _ _ _ _ _ _ 
_ _ _ _ 

After
++++++
++++++
+g++++
nr++++
rrod++
liieh+

t e a p o t 
c o m i c s 
l u c i t e 
r i d e r s 
_ _ _ _ _ _ _ _ 
_ _ _ _ 

0
Before
++++++
++++++
+g++++
nr++++
rrr+e+
liier+

t e a p o t 
c o m i c s 
l u c i t e 
o d d i s h 
_ _ _ _ _ _ _ _ 
_ _ _ _ 

After
++++++
++++++
+g++++
nr++++
rrr+e+
liier+

t e a p o t 
c o m i c s 
l u c i t e 
o d d i s h 
_ _ _ _ _ _ _ _ 
_ _ _ _ 

0
Before
++++++
++++++
+g++++
nr+d++
rr+i++
liieh+

t e a p o t 
c o m i c s 
l u c i t e 
o r d e r s 
_ _ _ _ _ _ _ _ 
_ _ _ _ 

After
++++++
++++++
+g++++
nr+d++
rr+i++
liieh+

t e a p o t 
c o m i c s 
l u c i t e 
o r d e r s 
_ _ _ _ _ _ _ _ 
_ _ _ _ 

0
Before
++++++
++++++
+g++++
nro+++
rrr+r+
lii+h+

t e a p o t 
c o m i c s 
l u c i t e 
e d d i e s 
_ _ _ _ _ _ _ _ 
_ _ _ _ 

After
++++++
++++++
+g++++
nro+++
rrr+r+
lii+h+

t e a p o t 
c o m i c s 
l u c i t e 
e d d i e s 
_ _ _ _ _ _ _ _ 
_ _ _ _ 

0
Before
++++++
+g++++
nr++e+
rrr+r+
eticl+
liieu+

t e a p o t 
c o m i c s 
o d d i s h 
_ _ _ _ _ _ 
_ _ _ _ _ _ _ _ 
_ _ _ _ 

After
++++++
+g++++
nr++e+
rrr+r+
eticl+
liieu+

t e a p o t 
c o m i c s 
o d d i s h 
_ _ _ _ _ _ 
_ _ _ _ _ _ _ _ 
_ _ _ _ 

2
Before
++++++
++++++
+g++++
nr++++
rrr+e+
liier+

t e a p o t 
c o m i c s 
o d d i s h 
l u c i t e 
_ _ _ _ _ _ _ _ 
_ _ _ _ 

After
++++++
++++++
+g++++
nr++++
rrr+e+
liier+

t e a p o t 
c o m i c s 
o d d i s h 
l u c i t e 
_ _ _ _ _ _ _ _ 
_ _ _ _ 

0
Before
++++++
++++++
+g++++
nr++++
rrr+e+
liier+

t e a p o t 
c o m i c s 
o d d i s h 
l u c i t e 
_ _ _ _ _ _ _ _ 
_ _ _ _ 

After
++++++
++++++
+g++++
nr++++
rrr+e+
liier+

t e a p o t 
c o m i c s 
o d d i s h 
l u c i t e 
_ _ _ _ _ _ _ _ 
_ _ _ _ 

0
Before
ng++++
rr++e+
er+dr+
liodl+
ctriu+
siieh+

t e a p o t 
c o m i c s 
_ _ _ _ _ _ 
_ _ _ _ _ _ 
_ _ _ _ _ _ _ _ 
_ _ _ _ 

After
ng++++
rr++e+
er+dr+
liodl+
ctriu+
siieh+

t e a p o t 
c o m i c s 
_ _ _ _ _ _ 
_ _ _ _ _ _ 
_ _ _ _ _ _ _ _ 
_ _ _ _ 

15
Before
++++++
ng++++
rr++e+
er+dr+
lt+dl+
siiiu+

t e a p o t 
c o m i c s 
h e r o i c 
_ _ _ _ _ _ 
_ _ _ _ _ _ _ _ 
_ _ _ _ 

After
++++++
ng++++
rr++e+
er+dr+
lt+dl+
siiiu+

t e a p o t 
c o m i c s 
h e r o i c 
_ _ _ _ _ _ 
_ _ _ _ _ _ _ _ 
_ _ _ _ 

3
Before
++++++
++++++
++++e+
+++dr+
ng+dl+
rriiu+

t e a p o t 
c o m i c s 
h e r o i c 
l i s t e r 
_ _ _ _ _ _ _ _ 
_ _ _ _ 

After
++++++
++++++
++++e+
+++dr+
ng+dl+
rriiu+

t e a p o t 
c o m i c s 
h e r o i c 
l i s t e r 
_ _ _ _ _ _ _ _ 
_ _ _ _ 

0
Before
++++++
++++++
++++e+
+g+dr+
+r+dl+
nriiu+

t e a p o t 
c o m i c s 
h e r o i c 
l i s t e r 
_ _ _ _ _ _ _ _ 
_ _ _ _ 

After
++++++
++++++
++++e+
+g+dr+
+r+dl+
nriiu+

t e a p o t 
c o m i c s 
h e r o i c 
l i s t e r 
_ _ _ _ _ _ _ _ 
_ _ _ _ 

0
Before
++++++
++++++
++++e+
+++dr+
ng+dl+
rriiu+

t e a p o t 
c o m i c s 
h e r o i c 
l i s t e r 
_ _ _ _ _ _ _ _ 
_ _ _ _ 

After
++++++
++++++
++++e+
+++dr+
ng+dl+
rriiu+

t e a p o t 
c o m i c s 
h e r o i c 
l i s t e r 
_ _ _ _ _ _ _ _ 
_ _ _ _ 

0
Before
++++++
n+++e+
rg++r+
er+dl+
lr+du+
siiih+

t e a p o t 
c o m i c s 
e r o t i c 
_ _ _ _ _ _ 
_ _ _ _ _ _ _ _ 
_ _ _ _ 

After
++++++
n+++e+
rg++r+
er+dl+
lr+du+
siiih+

t e a p o t 
c o m i c s 
e r o t i c 
_ _ _ _ _ _ 
_ _ _ _ _ _ _ _ 
_ _ _ _ 

0
Before
++++++
n+++e+
rg++r+
er+dl+
lr+du+
siiih+

t e a p o t 
c o m i c s 
e r o t i c 
_ _ _ _ _ _ 
_ _ _ _ _ _ _ _ 
_ _ _ _ 

After
++++++
n+++e+
rg++r+
er+dl+
lr+du+
siiih+

t e a p o t 
c o m i c s 
e r o t i c 
_ _ _ _ _ _ 
_ _ _ _ _ _ _ _ 
_ _ _ _ 

0
Before
++++++
ng++++
rr++r+
er+dl+
li+iu+
ciieh+

t e a p o t 
c o m i c s 
s t r o d e 
_ _ _ _ _ _ 
_ _ _ _ _ _ _ _ 
_ _ _ _ 

After
++++++
ng++++
rr++r+
er+dl+
li+iu+
ciieh+

t e a p o t 
c o m i c s 
s t r o d e 
_ _ _ _ _ _ 
_ _ _ _ _ _ _ _ 
_ _ _ _ 

0
Before
++++++
++++e+
n++dr+
rg+dl+
crriu+
siieh+

t e a p o t 
c o m i c s 
t o i l e r 
_ _ _ _ _ _ 
_ _ _ _ _ _ _ _ 
_ _ _ _ 

After
++++++
++++e+
n++dr+
rg+dl+
crriu+
siieh+

t e a p o t 
c o m i c s 
t o i l e r 
_ _ _ _ _ _ 
_ _ _ _ _ _ _ _ 
_ _ _ _ 

0
Before
++++++
++++e+
+g+dr+
nr+dl+
crriu+
siieh+

t e a p o t 
c o m i c s 
t o i l e r 
_ _ _ _ _ _ 
_ _ _ _ _ _ _ _ 
_ _ _ _ 

After
++++++
++++e+
+g+dr+
nr+dl+
crriu+
siieh+

t e a p o t 
c o m i c s 
t o i l e r 
_ _ _ _ _ _ 
_ _ _ _ _ _ _ _ 
_ _ _ _ 

0
Before
++++++
++++e+
n++dr+
rg+dl+
crriu+
siieh+

t e a p o t 
c o m i c s 
t o i l e r 
_ _ _ _ _ _ 
_ _ _ _ _ _ _ _ 
_ _ _ _ 

After
++++++
++++e+
n++dr+
rg+dl+
crriu+
siieh+

t e a p o t 
c o m i c s 
t o i l e r 
_ _ _ _ _ _ 
_ _ _ _ _ _ _ _ 
_ _ _ _ 

0
Before
n+++++
r+++++
eg++r+
lr+dl+
cr+iu+
siieh+

t e a p o t 
c o m i c s 
t r i o d e 
_ _ _ _ _ _ 
_ _ _ _ _ _ _ _ 
_ _ _ _ 

After
n+++++
r+++++
eg++r+
lr+dl+
cr+iu+
siieh+

t e a p o t 
c o m i c s 
t r i o d e 
_ _ _ _ _ _ 
_ _ _ _ _ _ _ _ 
_ _ _ _ 

0
Before
n+++++
rg++++
er++r+
lr++l+
ci+du+
siieh+

t e a p o t 
c o m i c s 
t r i o d e 
_ _ _ _ _ _ 
_ _ _ _ _ _ _ _ 
_ _ _ _ 

After
n+++++
rg++++
er++r+
lr++l+
ci+du+
siieh+

t e a p o t 
c o m i c s 
t r i o d e 
_ _ _ _ _ _ 
_ _ _ _ _ _ _ _ 
_ _ _ _ 

3
Before
++++++
++++++
++++r+
+g++l+
nr+du+
riieh+

t e a p o t 
c o m i c s 
t r i o d e 
r e l i c s 
_ _ _ _ _ _ _ _ 
_ _ _ _ 

After
++++++
++++++
++++r+
+g++l+
nr+du+
riieh+

t e a p o t 
c o m i c s 
t r i o d e 
r e l i c s 
_ _ _ _ _ _ _ _ 
_ _ _ _ 

0
Before
++++++
++++++
++++r+
+g++l+
nr+du+
riieh+

t e a p o t 
c o m i c s 
t r i o d e 
r e l i c s 
_ _ _ _ _ _ _ _ 
_ _ _ _ 

After
++++++
++++++
++++r+
+g++l+
nr+du+
riieh+

t e a p o t 
c o m i c s 
t r i o d e 
r e l i c s 
_ _ _ _ _ _ _ _ 
_ _ _ _ 

0
Before
++++++
++++++
+g++r+
+r++l+
+r+du+
niieh+

t e a p o t 
c o m i c s 
t r i o d e 
r e l i c s 
_ _ _ _ _ _ _ _ 
_ _ _ _ 

After
++++++
++++++
+g++r+
+r++l+
+r+du+
niieh+

t e a p o t 
c o m i c s 
t r i o d e 
r e l i c s 
_ _ _ _ _ _ _ _ 
_ _ _ _ 

0
Before
++++++
++++e+
+g+dr+
+rodl+
ntriu+
riieh+

t e a p o t 
c o m i c s 
r e l i c s 
_ _ _ _ _ _ 
_ _ _ _ _ _ _ _ 
_ _ _ _ 

After
++++++
++++e+
+g+dr+
+rodl+
ntriu+
riieh+

t e a p o t 
c o m i c s 
r e l i c s 
_ _ _ _ _ _ 
_ _ _ _ _ _ _ _ 
_ _ _ _ 

2
Before
++++++
++++e+
++++r+
++++l+
ng+du+
riieh+

t e a p o t 
c o m i c s 
r e l i c s 
t o r r i d 
_ _ _ _ _ _ _ _ 
_ _ _ _ 

After
++++++
++++e+
++++r+
++++l+
ng+du+
riieh+

t e a p o t 
c o m i c s 
r e l i c s 
t o r r i d 
_ _ _ _ _ _ _ _ 
_ _ _ _ 

0
Before
++++++
++++++
++++r+
+g++l+
nr+du+
riieh+

t e a p o t 
c o m i c s 
r e l i c s 
t r i o d e 
_ _ _ _ _ _ _ _ 
_ _ _ _ 

After
++++++
++++++
++++r+
+g++l+
nr+du+
riieh+

t e a p o t 
c o m i c s 
r e l i c s 
t r i o d e 
_ _ _ _ _ _ _ _ 
_ _ _ _ 

0
Before
++++++
++++e+
n++dr+
rg+dl+
lrriu+
siieh+

t e a p o t 
c o m i c s 
e r o t i c 
_ _ _ _ _ _ 
_ _ _ _ _ _ _ _ 
_ _ _ _ 

After
++++++
++++e+
n++dr+
rg+dl+
lrriu+
siieh+

t e a p o t 
c o m i c s 
e r o t i c 
_ _ _ _ _ _ 
_ _ _ _ _ _ _ _ 
_ _ _ _ 

0
Before
++++++
++++e+
n++dr+
rg+dl+
lrriu+
siieh+

t e a p o t 
c o m i c s 
e r o t i c 
_ _ _ _ _ _ 
_ _ _ _ _ _ _ _ 
_ _ _ _ 

After
++++++
++++e+
n++dr+
rg+dl+
lrriu+
siieh+

t e a p o t 
c o m i c s 
e r o t i c 
_ _ _ _ _ _ 
_ _ _ _ _ _ _ _ 
_ _ _ _ 

0
Before
++++++
++++e+
+++dr+
ngodl+
rrriu+
srieh+

t e a p o t 
c o m i c s 
e l i c i t 
_ _ _ _ _ _ 
_ _ _ _ _ _ _ _ 
_ _ _ _ 

After
++++++
++++e+
+++dr+
ngodl+
rrriu+
srieh+

t e a p o t 
c o m i c s 
e l i c i t 
_ _ _ _ _ _ 
_ _ _ _ _ _ _ _ 
_ _ _ _ 

0
Before
++++++
++++e+
+g+dr+
+rodl+
ntriu+
riieh+

t e a p o t 
c o m i c s 
r e l i c s 
_ _ _ _ _ _ 
_ _ _ _ _ _ _ _ 
_ _ _ _ 

After
++++++
++++e+
+g+dr+
+rodl+
ntriu+
riieh+

t e a p o t 
c o m i c s 
r e l i c s 
_ _ _ _ _ _ 
_ _ _ _ _ _ _ _ 
_ _ _ _ 

2
Before
++++++
++++e+
++++r+
++++l+
ng+du+
riieh+

t e a p o t 
c o m i c s 
r e l i c s 
t o r r i d 
_ _ _ _ _ _ _ _ 
_ _ _ _ 

After
++++++
++++e+
++++r+
++++l+
ng+du+
riieh+

t e a p o t 
c o m i c s 
r e l i c s 
t o r r i d 
_ _ _ _ _ _ _ _ 
_ _ _ _ 

0
Before
++++++
++++++
++++r+
+g++l+
nr+du+
riieh+

t e a p o t 
c o m i c s 
r e l i c s 
t r i o d e 
_ _ _ _ _ _ _ _ 
_ _ _ _ 

After
++++++
++++++
++++r+
+g++l+
nr+du+
riieh+

t e a p o t 
c o m i c s 
r e l i c s 
t r i o d e 
_ _ _ _ _ _ _ _ 
_ _ _ _ 

0
Before
++++++
+g++e+
+r+dr+
+rodl+
+triu+
niieh+

t e a p o t 
c o m i c s 
r e l i c s 
_ _ _ _ _ _ 
_ _ _ _ _ _ _ _ 
_ _ _ _ 

After
++++++
+g++e+
+r+dr+
+rodl+
+triu+
niieh+

t e a p o t 
c o m i c s 
r e l i c s 
_ _ _ _ _ _ 
_ _ _ _ _ _ _ _ 
_ _ _ _ 

2
Before
++++++
++++e+
++++r+
+g++l+
+r+du+
niieh+

t e a p o t 
c o m i c s 
r e l i c s 
t o r r i d 
_ _ _ _ _ _ _ _ 
_ _ _ _ 

After
++++++
++++e+
++++r+
+g++l+
+r+du+
niieh+

t e a p o t 
c o m i c s 
r e l i c s 
t o r r i d 
_ _ _ _ _ _ _ _ 
_ _ _ _ 

0
Before
++++++
++++++
+g++r+
+r++l+
+r+du+
niieh+

t e a p o t 
c o m i c s 
r e l i c s 
t r i o d e 
_ _ _ _ _ _ _ _ 
_ _ _ _ 

After
++++++
++++++
+g++r+
+r++l+
+r+du+
niieh+

t e a p o t 
c o m i c s 
r e l i c s 
t r i o d e 
_ _ _ _ _ _ _ _ 
_ _ _ _ 

0
Before
ng++++
rr++e+
er+dr+
liodl+
ctriu+
siieh+

t e a p o t 
c o m i c s 
_ _ _ _ _ _ 
_ _ _ _ _ _ 
_ _ _ _ _ _ _ _ 
_ _ _ _ 

After
ng++++
rr++e+
er+dr+
liodl+
ctriu+
siieh+

t e a p o t 
c o m i c s 
_ _ _ _ _ _ 
_ _ _ _ _ _ 
_ _ _ _ _ _ _ _ 
_ _ _ _ 

15
Before
++++++
ng++++
rr++e+
er+dr+
lt+dl+
siiiu+

t e a p o t 
c o m i c s 
h e r o i c 
_ _ _ _ _ _ 
_ _ _ _ _ _ _ _ 
_ _ _ _ 

After
++++++
ng++++
rr++e+
er+dr+
lt+dl+
siiiu+

t e a p o t 
c o m i c s 
h e r o i c 
_ _ _ _ _ _ 
_ _ _ _ _ _ _ _ 
_ _ _ _ 

3
Before
++++++
++++++
++++e+
+++dr+
ng+dl+
rriiu+

t e a p o t 
c o m i c s 
h e r o i c 
l i s t e r 
_ _ _ _ _ _ _ _ 
_ _ _ _ 

After
++++++
++++++
++++e+
+++dr+
ng+dl+
rriiu+

t e a p o t 
c o m i c s 
h e r o i c 
l i s t e r 
_ _ _ _ _ _ _ _ 
_ _ _ _ 

0
Before
++++++
++++++
++++e+
+g+dr+
+r+dl+
nriiu+

t e a p o t 
c o m i c s 
h e r o i c 
l i s t e r 
_ _ _ _ _ _ _ _ 
_ _ _ _ 

After
++++++
++++++
++++e+
+g+dr+
+r+dl+
nriiu+

t e a p o t 
c o m i c s 
h e r o i c 
l i s t e r 
_ _ _ _ _ _ _ _ 
_ _ _ _ 

0
Before
++++++
++++++
++++e+
+++dr+
ng+dl+
rriiu+

t e a p o t 
c o m i c s 
h e r o i c 
l i s t e r 
_ _ _ _ _ _ _ _ 
_ _ _ _ 

After
++++++
++++++
++++e+
+++dr+
ng+dl+
rriiu+

t e a p o t 
c o m i c s 
h e r o i c 
l i s t e r 
_ _ _ _ _ _ _ _ 
_ _ _ _ 

0
Before
++++++
n+++e+
rg++r+
er+dl+
lr+du+
siiih+

t e a p o t 
c o m i c s 
e r o t i c 
_ _ _ _ _ _ 
_ _ _ _ _ _ _ _ 
_ _ _ _ 

After
++++++
n+++e+
rg++r+
er+dl+
lr+du+
siiih+

t e a p o t 
c o m i c s 
e r o t i c 
_ _ _ _ _ _ 
_ _ _ _ _ _ _ _ 
_ _ _ _ 

0
Before
++++++
n+++e+
rg++r+
er+dl+
lr+du+
siiih+

t e a p o t 
c o m i c s 
e r o t i c 
_ _ _ _ _ _ 
_ _ _ _ _ _ _ _ 
_ _ _ _ 

After
++++++
n+++e+
rg++r+
er+dl+
lr+du+
siiih+

t e a p o t 
c o m i c s 
e r o t i c 
_ _ _ _ _ _ 
_ _ _ _ _ _ _ _ 
_ _ _ _ 

0
Before
++++++
ng++++
rr++r+
er+dl+
li+iu+
ciieh+

t e a p o t 
c o m i c s 
s t r o d e 
_ _ _ _ _ _ 
_ _ _ _ _ _ _ _ 
_ _ _ _ 

After
++++++
ng++++
rr++r+
er+dl+
li+iu+
ciieh+

t e a p o t 
c o m i c s 
s t r o d e 
_ _ _ _ _ _ 
_ _ _ _ _ _ _ _ 
_ _ _ _ 

0
Before
++++++
++++e+
n++dr+
rg+dl+
crriu+
siieh+

t e a p o t 
c o m i c s 
t o i l e r 
_ _ _ _ _ _ 
_ _ _ _ _ _ _ _ 
_ _ _ _ 

After
++++++
++++e+
n++dr+
rg+dl+
crriu+
siieh+

t e a p o t 
c o m i c s 
t o i l e r 
_ _ _ _ _ _ 
_ _ _ _ _ _ _ _ 
_ _ _ _ 

0
Before
++++++
++++e+
+g+dr+
nr+dl+
crriu+
siieh+

t e a p o t 
c o m i c s 
t o i l e r 
_ _ _ _ _ _ 
_ _ _ _ _ _ _ _ 
_ _ _ _ 

After
++++++
++++e+
+g+dr+
nr+dl+
crriu+
siieh+

t e a p o t 
c o m i c s 
t o i l e r 
_ _ _ _ _ _ 
_ _ _ _ _ _ _ _ 
_ _ _ _ 

0
Before
++++++
++++e+
n++dr+
rg+dl+
crriu+
siieh+

t e a p o t 
c o m i c s 
t o i l e r 
_ _ _ _ _ _ 
_ _ _ _ _ _ _ _ 
_ _ _ _ 

After
++++++
++++e+
n++dr+
rg+dl+
crriu+
siieh+

t e a p o t 
c o m i c s 
t o i l e r 
_ _ _ _ _ _ 
_ _ _ _ _ _ _ _ 
_ _ _ _ 

0
Before
n+++++
r+++++
eg++r+
lr+dl+
cr+iu+
siieh+

t e a p o t 
c o m i c s 
t r i o d e 
_ _ _ _ _ _ 
_ _ _ _ _ _ _ _ 
_ _ _ _ 

After
n+++++
r+++++
eg++r+
lr+dl+
cr+iu+
siieh+

t e a p o t 
c o m i c s 
t r i o d e 
_ _ _ _ _ _ 
_ _ _ _ _ _ _ _ 
_ _ _ _ 

0
Before
n+++++
rg++++
er++r+
lr++l+
ci+du+
siieh+

t e a p o t 
c o m i c s 
t r i o d e 
_ _ _ _ _ _ 
_ _ _ _ _ _ _ _ 
_ _ _ _ 

After
n+++++
rg++++
er++r+
lr++l+
ci+du+
siieh+

t e a p o t 
c o m i c s 
t r i o d e 
_ _ _ _ _ _ 
_ _ _ _ _ _ _ _ 
_ _ _ _ 

3
Before
++++++
++++++
++++r+
+g++l+
nr+du+
riieh+

t e a p o t 
c o m i c s 
t r i o d e 
r e l i c s 
_ _ _ _ _ _ _ _ 
_ _ _ _ 

After
++++++
++++++
++++r+
+g++l+
nr+du+
riieh+

t e a p o t 
c o m i c s 
t r i o d e 
r e l i c s 
_ _ _ _ _ _ _ _ 
_ _ _ _ 

0
Before
++++++
++++++
++++r+
+g++l+
nr+du+
riieh+

t e a p o t 
c o m i c s 
t r i o d e 
r e l i c s 
_ _ _ _ _ _ _ _ 
_ _ _ _ 

After
++++++
++++++
++++r+
+g++l+
nr+du+
riieh+

t e a p o t 
c o m i c s 
t r i o d e 
r e l i c s 
_ _ _ _ _ _ _ _ 
_ _ _ _ 

0
Before
++++++
++++++
+g++r+
+r++l+
+r+du+
niieh+

t e a p o t 
c o m i c s 
t r i o d e 
r e l i c s 
_ _ _ _ _ _ _ _ 
_ _ _ _ 

After
++++++
++++++
+g++r+
+r++l+
+r+du+
niieh+

t e a p o t 
c o m i c s 
t r i o d e 
r e l i c s 
_ _ _ _ _ _ _ _ 
_ _ _ _ 

0
Before
++++++
++++e+
+g+dr+
+rodl+
ntriu+
riieh+

t e a p o t 
c o m i c s 
r e l i c s 
_ _ _ _ _ _ 
_ _ _ _ _ _ _ _ 
_ _ _ _ 

After
++++++
++++e+
+g+dr+
+rodl+
ntriu+
riieh+

t e a p o t 
c o m i c s 
r e l i c s 
_ _ _ _ _ _ 
_ _ _ _ _ _ _ _ 
_ _ _ _ 

2
Before
++++++
++++e+
++++r+
++++l+
ng+du+
riieh+

t e a p o t 
c o m i c s 
r e l i c s 
t o r r i d 
_ _ _ _ _ _ _ _ 
_ _ _ _ 

After
++++++
++++e+
++++r+
++++l+
ng+du+
riieh+

t e a p o t 
c o m i c s 
r e l i c s 
t o r r i d 
_ _ _ _ _ _ _ _ 
_ _ _ _ 

0
Before
++++++
++++++
++++r+
+g++l+
nr+du+
riieh+

t e a p o t 
c o m i c s 
r e l i c s 
t r i o d e 
_ _ _ _ _ _ _ _ 
_ _ _ _ 

After
++++++
++++++
++++r+
+g++l+
nr+du+
riieh+

t e a p o t 
c o m i c s 
r e l i c s 
t r i o d e 
_ _ _ _ _ _ _ _ 
_ _ _ _ 

0
Before
++++++
++++e+
n++dr+
rg+dl+
lrriu+
siieh+

t e a p o t 
c o m i c s 
e r o t i c 
_ _ _ _ _ _ 
_ _ _ _ _ _ _ _ 
_ _ _ _ 

After
++++++
++++e+
n++dr+
rg+dl+
lrriu+
siieh+

t e a p o t 
c o m i c s 
e r o t i c 
_ _ _ _ _ _ 
_ _ _ _ _ _ _ _ 
_ _ _ _ 

0
Before
++++++
++++e+
n++dr+
rg+dl+
lrriu+
siieh+

t e a p o t 
c o m i c s 
e r o t i c 
_ _ _ _ _ _ 
_ _ _ _ _ _ _ _ 
_ _ _ _ 

After
++++++
++++e+
n++dr+
rg+dl+
lrriu+
siieh+

t e a p o t 
c o m i c s 
e r o t i c 
_ _ _ _ _ _ 
_ _ _ _ _ _ _ _ 
_ _ _ _ 

0
Before
++++++
++++e+
+++dr+
ngodl+
rrriu+
srieh+

t e a p o t 
c o m i c s 
e l i c i t 
_ _ _ _ _ _ 
_ _ _ _ _ _ _ _ 
_ _ _ _ 

After
++++++
++++e+
+++dr+
ngodl+
rrriu+
srieh+

t e a p o t 
c o m i c s 
e l i c i t 
_ _ _ _ _ _ 
_ _ _ _ _ _ _ _ 
_ _ _ _ 

0
Before
++++++
++++e+
+g+dr+
+rodl+
ntriu+
riieh+

t e a p o t 
c o m i c s 
r e l i c s 
_ _ _ _ _ _ 
_ _ _ _ _ _ _ _ 
_ _ _ _ 

After
++++++
++++e+
+g+dr+
+rodl+
ntriu+
riieh+

t e a p o t 
c o m i c s 
r e l i c s 
_ _ _ _ _ _ 
_ _ _ _ _ _ _ _ 
_ _ _ _ 

2
Before
++++++
++++e+
++++r+
++++l+
ng+du+
riieh+

t e a p o t 
c o m i c s 
r e l i c s 
t o r r i d 
_ _ _ _ _ _ _ _ 
_ _ _ _ 

After
++++++
++++e+
++++r+
++++l+
ng+du+
riieh+

t e a p o t 
c o m i c s 
r e l i c s 
t o r r i d 
_ _ _ _ _ _ _ _ 
_ _ _ _ 

0
Before
++++++
++++++
++++r+
+g++l+
nr+du+
riieh+

t e a p o t 
c o m i c s 
r e l i c s 
t r i o d e 
_ _ _ _ _ _ _ _ 
_ _ _ _ 

After
++++++
++++++
++++r+
+g++l+
nr+du+
riieh+

t e a p o t 
c o m i c s 
r e l i c s 
t r i o d e 
_ _ _ _ _ _ _ _ 
_ _ _ _ 

0
Before
++++++
+g++e+
+r+dr+
+rodl+
+triu+
niieh+

t e a p o t 
c o m i c s 
r e l i c s 
_ _ _ _ _ _ 
_ _ _ _ _ _ _ _ 
_ _ _ _ 

After
++++++
+g++e+
+r+dr+
+rodl+
+triu+
niieh+

t e a p o t 
c o m i c s 
r e l i c s 
_ _ _ _ _ _ 
_ _ _ _ _ _ _ _ 
_ _ _ _ 

2
Before
++++++
++++e+
++++r+
+g++l+
+r+du+
niieh+

t e a p o t 
c o m i c s 
r e l i c s 
t o r r i d 
_ _ _ _ _ _ _ _ 
_ _ _ _ 

After
++++++
++++e+
++++r+
+g++l+
+r+du+
niieh+

t e a p o t 
c o m i c s 
r e l i c s 
t o r r i d 
_ _ _ _ _ _ _ _ 
_ _ _ _ 

0
Before
++++++
++++++
+g++r+
+r++l+
+r+du+
niieh+

t e a p o t 
c o m i c s 
r e l i c s 
t r i o d e 
_ _ _ _ _ _ _ _ 
_ _ _ _ 

After
++++++
++++++
+g++r+
+r++l+
+r+du+
niieh+

t e a p o t 
c o m i c s 
r e l i c s 
t r i o d e 
_ _ _ _ _ _ _ _ 
_ _ _ _ 

0
Before
n+++++
r++de+
egodr+
lrril+
cricu+
simoh+

t e a p o t 
c i t i e s 
_ _ _ _ _ _ 
_ _ _ _ _ _ 
_ _ _ _ _ _ _ _ 
_ _ _ _ 

After
n+++++
r++de+
egodr+
lrril+
cricu+
simoh+

t e a p o t 
c i t i e s 
_ _ _ _ _ _ 
_ _ _ _ _ _ 
_ _ _ _ _ _ _ _ 
_ _ _ _ 

11
Before
n+++++
r++de+
e++dr+
l++il+
c++cu+
sgioh+

t e a p o t 
c i t i e s 
m i r r o r 
_ _ _ _ _ _ 
_ _ _ _ _ _ _ _ 
_ _ _ _ 

After
n+++++
r++de+
e++dr+
l++il+
c++cu+
sgioh+

t e a p o t 
c i t i e s 
m i r r o r 
_ _ _ _ _ _ 
_ _ _ _ _ _ _ _ 
_ _ _ _ 

0
Before
n+++++
r++de+
e++dr+
l++il+
c++cu+
sgioh+

t e a p o t 
c i t i e s 
m i r r o r 
_ _ _ _ _ _ 
_ _ _ _ _ _ _ _ 
_ _ _ _ 

After
n+++++
r++de+
e++dr+
l++il+
c++cu+
sgioh+

t e a p o t 
c i t i e s 
m i r r o r 
_ _ _ _ _ _ 
_ _ _ _ _ _ _ _ 
_ _ _ _ 

0
Before
n+++++
r++de+
e++dr+
l++il+
cg+cu+
si+oh+

t e a p o t 
c i t i e s 
m i r r o r 
_ _ _ _ _ _ 
_ _ _ _ _ _ _ _ 
_ _ _ _ 

After
n+++++
r++de+
e++dr+
l++il+
cg+cu+
si+oh+

t e a p o t 
c i t i e s 
m i r r o r 
_ _ _ _ _ _ 
_ _ _ _ _ _ _ _ 
_ _ _ _ 

0
Before
n+++++
r++de+
e++dr+
l++il+
cg+cu+
si+oh+

t e a p o t 
c i t i e s 
m i r r o r 
_ _ _ _ _ _ 
_ _ _ _ _ _ _ _ 
_ _ _ _ 

After
n+++++
r++de+
e++dr+
l++il+
cg+cu+
si+oh+

t e a p o t 
c i t i e s 
m i r r o r 
_ _ _ _ _ _ 
_ _ _ _ _ _ _ _ 
_ _ _ _ 

0
Before
++++++
++++e+
+++dr+
ngodl+
rrriu+
simoh+

t e a p o t 
c i t i e s 
c i r c l e 
_ _ _ _ _ _ 
_ _ _ _ _ _ _ _ 
_ _ _ _ 

After
++++++
++++e+
+++dr+
ngodl+
rrriu+
simoh+

t e a p o t 
c i t i e s 
c i r c l e 
_ _ _ _ _ _ 
_ _ _ _ _ _ _ _ 
_ _ _ _ 

3
Before
++++++
++++++
++++++
ng++++
rrodu+
siroh+

t e a p o t 
c i t i e s 
c i r c l e 
m i l d e r 
_ _ _ _ _ _ _ _ 
_ _ _ _ 

After
++++++
++++++
++++++
ng++++
rrodu+
siroh+

t e a p o t 
c i t i e s 
c i r c l e 
m i l d e r 
_ _ _ _ _ _ _ _ 
_ _ _ _ 

0
Before
++++++
++++e+
+++dr+
+++dl+
n++iu+
sg+oh+

t e a p o t 
c i t i e s 
c i r c l e 
m i r r o r 
_ _ _ _ _ _ _ _ 
_ _ _ _ 

After
++++++
++++e+
+++dr+
+++dl+
n++iu+
sg+oh+

t e a p o t 
c i t i e s 
c i r c l e 
m i r r o r 
_ _ _ _ _ _ _ _ 
_ _ _ _ 

0
Before
++++++
++++e+
++++r+
+++dl+
n++du+
rgoih+

t e a p o t 
c i t i e s 
c i r c l e 
m o r r i s 
_ _ _ _ _ _ _ _ 
_ _ _ _ 

After
++++++
++++e+
++++r+
+++dl+
n++du+
rgoih+

t e a p o t 
c i t i e s 
c i r c l e 
m o r r i s 
_ _ _ _ _ _ _ _ 
_ _ _ _ 

0
Before
++++++
++++e+
+++dr+
ngodl+
rrriu+
simoh+

t e a p o t 
c i t i e s 
c i r c l e 
_ _ _ _ _ _ 
_ _ _ _ _ _ _ _ 
_ _ _ _ 

After
++++++
++++e+
+++dr+
ngodl+
rrriu+
simoh+

t e a p o t 
c i t i e s 
c i r c l e 
_ _ _ _ _ _ 
_ _ _ _ _ _ _ _ 
_ _ _ _ 

3
Before
++++++
++++++
++++++
ng++++
rrodu+
siroh+

t e a p o t 
c i t i e s 
c i r c l e 
m i l d e r 
_ _ _ _ _ _ _ _ 
_ _ _ _ 

After
++++++
++++++
++++++
ng++++
rrodu+
siroh+

t e a p o t 
c i t i e s 
c i r c l e 
m i l d e r 
_ _ _ _ _ _ _ _ 
_ _ _ _ 

0
Before
++++++
++++e+
+++dr+
+++dl+
n++iu+
sg+oh+

t e a p o t 
c i t i e s 
c i r c l e 
m i r r o r 
_ _ _ _ _ _ _ _ 
_ _ _ _ 

After
++++++
++++e+
+++dr+
+++dl+
n++iu+
sg+oh+

t e a p o t 
c i t i e s 
c i r c l e 
m i r r o r 
_ _ _ _ _ _ _ _ 
_ _ _ _ 

0
Before
++++++
++++e+
++++r+
+++dl+
n++du+
rgoih+

t e a p o t 
c i t i e s 
c i r c l e 
m o r r i s 
_ _ _ _ _ _ _ _ 
_ _ _ _ 

After
++++++
++++e+
++++r+
+++dl+
n++du+
rgoih+

t e a p o t 
c i t i e s 
c i r c l e 
m o r r i s 
_ _ _ _ _ _ _ _ 
_ _ _ _ 

0
Before
++++++
n+++++
r+++e+
egodr+
lrrdl+
cimiu+

t e a p o t 
c i t i e s 
c h o i r s 
_ _ _ _ _ _ 
_ _ _ _ _ _ _ _ 
_ _ _ _ 

After
++++++
n+++++
r+++e+
egodr+
lrrdl+
cimiu+

t e a p o t 
c i t i e s 
c h o i r s 
_ _ _ _ _ _ 
_ _ _ _ _ _ _ _ 
_ _ _ _ 

1
Before
++++++
n+++++
r+++++
eg++++
lro+++
cirdu+

t e a p o t 
c i t i e s 
c h o i r s 
m i l d e r 
_ _ _ _ _ _ _ _ 
_ _ _ _ 

After
++++++
n+++++
r+++++
eg++++
lro+++
cirdu+

t e a p o t 
c i t i e s 
c h o i r s 
m i l d e r 
_ _ _ _ _ _ _ _ 
_ _ _ _ 

0
Before
++++++
++++e+
n+++r+
rgodl+
errdu+
lriih+

t e a p o t 
c i t i e s 
c o m i c s 
_ _ _ _ _ _ 
_ _ _ _ _ _ _ _ 
_ _ _ _ 

After
++++++
++++e+
n+++r+
rgodl+
errdu+
lriih+

t e a p o t 
c i t i e s 
c o m i c s 
_ _ _ _ _ _ 
_ _ _ _ _ _ _ _ 
_ _ _ _ 

0
Before
++++++
++++e+
+++dr+
ngodl+
rrriu+
simoh+

t e a p o t 
c i t i e s 
c l e r i c 
_ _ _ _ _ _ 
_ _ _ _ _ _ _ _ 
_ _ _ _ 

After
++++++
++++e+
+++dr+
ngodl+
rrriu+
simoh+

t e a p o t 
c i t i e s 
c l e r i c 
_ _ _ _ _ _ 
_ _ _ _ _ _ _ _ 
_ _ _ _ 

3
Before
++++++
++++++
++++++
ng++++
rrodu+
siroh+

t e a p o t 
c i t i e s 
c l e r i c 
m i l d e r 
_ _ _ _ _ _ _ _ 
_ _ _ _ 

After
++++++
++++++
++++++
ng++++
rrodu+
siroh+

t e a p o t 
c i t i e s 
c l e r i c 
m i l d e r 
_ _ _ _ _ _ _ _ 
_ _ _ _ 

0
Before
++++++
++++e+
+++dr+
+++dl+
n++iu+
sg+oh+

t e a p o t 
c i t i e s 
c l e r i c 
m i r r o r 
_ _ _ _ _ _ _ _ 
_ _ _ _ 

After
++++++
++++e+
+++dr+
+++dl+
n++iu+
sg+oh+

t e a p o t 
c i t i e s 
c l e r i c 
m i r r o r 
_ _ _ _ _ _ _ _ 
_ _ _ _ 

0
Before
++++++
++++e+
++++r+
+++dl+
n++du+
rgoih+

t e a p o t 
c i t i e s 
c l e r i c 
m o r r i s 
_ _ _ _ _ _ _ _ 
_ _ _ _ 

After
++++++
++++e+
++++r+
+++dl+
n++du+
rgoih+

t e a p o t 
c i t i e s 
c l e r i c 
m o r r i s 
_ _ _ _ _ _ _ _ 
_ _ _ _ 

0
Before
++++++
n+++++
r+++r+
lgril+
cricu+
simoh+

t e a p o t 
c i t i e s 
e r o d e d 
_ _ _ _ _ _ 
_ _ _ _ _ _ _ _ 
_ _ _ _ 

After
++++++
n+++++
r+++r+
lgril+
cricu+
simoh+

t e a p o t 
c i t i e s 
e r o d e d 
_ _ _ _ _ _ 
_ _ _ _ _ _ _ _ 
_ _ _ _ 

2
Before
++++++
++++++
n+++++
r+++r+
lgr+l+
cimiu+

t e a p o t 
c i t i e s 
e r o d e d 
c h o i r s 
_ _ _ _ _ _ _ _ 
_ _ _ _ 

After
++++++
++++++
n+++++
r+++r+
lgr+l+
cimiu+

t e a p o t 
c i t i e s 
e r o d e d 
c h o i r s 
_ _ _ _ _ _ _ _ 
_ _ _ _ 

0
Before
++++++
++++++
++++r+
n+++l+
rgr+u+
lriih+

t e a p o t 
c i t i e s 
e r o d e d 
c o m i c s 
_ _ _ _ _ _ _ _ 
_ _ _ _ 

After
++++++
++++++
++++r+
n+++l+
rgr+u+
lriih+

t e a p o t 
c i t i e s 
e r o d e d 
c o m i c s 
_ _ _ _ _ _ _ _ 
_ _ _ _ 

0
Before
++++++
n+++++
r+++r+
lgril+
cricu+
simoh+

t e a p o t 
c i t i e s 
e r o d e d 
_ _ _ _ _ _ 
_ _ _ _ _ _ _ _ 
_ _ _ _ 

After
++++++
n+++++
r+++r+
lgril+
cricu+
simoh+

t e a p o t 
c i t i e s 
e r o d e d 
_ _ _ _ _ _ 
_ _ _ _ _ _ _ _ 
_ _ _ _ 

2
Before
++++++
++++++
n+++++
r+++r+
lgr+l+
cimiu+

t e a p o t 
c i t i e s 
e r o d e d 
c h o i r s 
_ _ _ _ _ _ _ _ 
_ _ _ _ 

After
++++++
++++++
n+++++
r+++r+
lgr+l+
cimiu+

t e a p o t 
c i t i e s 
e r o d e d 
c h o i r s 
_ _ _ _ _ _ _ _ 
_ _ _ _ 

0
Before
++++++
++++++
++++r+
n+++l+
rgr+u+
lriih+

t e a p o t 
c i t i e s 
e r o d e d 
c o m i c s 
_ _ _ _ _ _ _ _ 
_ _ _ _ 

After
++++++
++++++
++++r+
n+++l+
rgr+u+
lriih+

t e a p o t 
c i t i e s 
e r o d e d 
c o m i c s 
_ _ _ _ _ _ _ _ 
_ _ _ _ 

0
Before
ngo+++
rrr+++
erid++
limi++
ctice+
sicer+

t e a p o t 
s h o u l d 
_ _ _ _ _ _ 
_ _ _ _ _ _ 
_ _ _ _ _ _ _ _ 
_ _ _ _ 

After
ngo+++
rrr+++
erid++
limi++
ctice+
sicer+

t e a p o t 
s h o u l d 
_ _ _ _ _ _ 
_ _ _ _ _ _ 
_ _ _ _ _ _ _ _ 
_ _ _ _ 

12
Before
++++++
ngo+++
rrr+++
erid++
limi++
ciic++

t e a p o t 
s h o u l d 
e r e c t s 
_ _ _ _ _ _ 
_ _ _ _ _ _ _ _ 
_ _ _ _ 

After
++++++
ngo+++
rrr+++
erid++
limi++
ciic++

t e a p o t 
s h o u l d 
e r e c t s 
_ _ _ _ _ _ 
_ _ _ _ _ _ _ _ 
_ _ _ _ 

4
Before
++++++
n+++++
r+++++
e++d++
lgii++
ciic++

t e a p o t 
s h o u l d 
e r e c t s 
m i r r o r 
_ _ _ _ _ _ _ _ 
_ _ _ _ 

After
++++++
n+++++
r+++++
e++d++
lgii++
ciic++

t e a p o t 
s h o u l d 
e r e c t s 
m i r r o r 
_ _ _ _ _ _ _ _ 
_ _ _ _ 

0
Before
++++++
n+++++
r+++++
e++d++
lgii++
ciic++

t e a p o t 
s h o u l d 
e r e c t s 
m i r r o r 
_ _ _ _ _ _ _ _ 
_ _ _ _ 

After
++++++
n+++++
r+++++
e++d++
lgii++
ciic++

t e a p o t 
s h o u l d 
e r e c t s 
m i r r o r 
_ _ _ _ _ _ _ _ 
_ _ _ _ 

0
Before
++++++
n+++++
r+++++
eg+d++
li+i++
ciic++

t e a p o t 
s h o u l d 
e r e c t s 
m i r r o r 
_ _ _ _ _ _ _ _ 
_ _ _ _ 

After
++++++
n+++++
r+++++
eg+d++
li+i++
ciic++

t e a p o t 
s h o u l d 
e r e c t s 
m i r r o r 
_ _ _ _ _ _ _ _ 
_ _ _ _ 

0
Before
++++++
n+++++
r+++++
eg+d++
li+i++
ciic++

t e a p o t 
s h o u l d 
e r e c t s 
m i r r o r 
_ _ _ _ _ _ _ _ 
_ _ _ _ 

After
++++++
n+++++
r+++++
eg+d++
li+i++
ciic++

t e a p o t 
s h o u l d 
e r e c t s 
m i r r o r 
_ _ _ _ _ _ _ _ 
_ _ _ _ 

0
Before
++++++
+g++++
+rod++
nrri++
riice+
stmer+

t e a p o t 
s h o u l d 
i c i c l e 
_ _ _ _ _ _ 
_ _ _ _ _ _ _ _ 
_ _ _ _ 

After
++++++
+g++++
+rod++
nrri++
riice+
stmer+

t e a p o t 
s h o u l d 
i c i c l e 
_ _ _ _ _ _ 
_ _ _ _ _ _ _ _ 
_ _ _ _ 

13
Before
++++++
++++++
++++++
+god++
nrri++
rrice+

t e a p o t 
s h o u l d 
i c i c l e 
r e m i t s 
_ _ _ _ _ _ _ _ 
_ _ _ _ 

After
++++++
++++++
++++++
+god++
nrri++
rrice+

t e a p o t 
s h o u l d 
i c i c l e 
r e m i t s 
_ _ _ _ _ _ _ _ 
_ _ _ _ 

0
Before
++++++
++++++
+g++++
+r+d++
nroi++
rirce+

t e a p o t 
s h o u l d 
i c i c l e 
r e m i t s 
_ _ _ _ _ _ _ _ 
_ _ _ _ 

After
++++++
++++++
+g++++
+r+d++
nroi++
rirce+

t e a p o t 
s h o u l d 
i c i c l e 
r e m i t s 
_ _ _ _ _ _ _ _ 
_ _ _ _ 

0
Before
++++++
++++++
+++d++
n++i++
rg+ce+
stier+

t e a p o t 
s h o u l d 
i c i c l e 
m i r r o r 
_ _ _ _ _ _ _ _ 
_ _ _ _ 

After
++++++
++++++
+++d++
n++i++
rg+ce+
stier+

t e a p o t 
s h o u l d 
i c i c l e 
m i r r o r 
_ _ _ _ _ _ _ _ 
_ _ _ _ 

0
Before
++++++
++++++
+++d++
n++i++
rg+ce+
stier+

t e a p o t 
s h o u l d 
i c i c l e 
m i r r o r 
_ _ _ _ _ _ _ _ 
_ _ _ _ 

After
++++++
++++++
+++d++
n++i++
rg+ce+
stier+

t e a p o t 
s h o u l d 
i c i c l e 
m i r r o r 
_ _ _ _ _ _ _ _ 
_ _ _ _ 

0
Before
++++++
++++++
+++d++
+++i++
ngrce+
stier+

t e a p o t 
s h o u l d 
i c i c l e 
m i r r o r 
_ _ _ _ _ _ _ _ 
_ _ _ _ 

After
++++++
++++++
+++d++
+++i++
ngrce+
stier+

t e a p o t 
s h o u l d 
i c i c l e 
m i r r o r 
_ _ _ _ _ _ _ _ 
_ _ _ _ 

0
Before
++++++
++++++
+++d++
+g+i++
nr+ce+
stier+

t e a p o t 
s h o u l d 
i c i c l e 
m i r r o r 
_ _ _ _ _ _ _ _ 
_ _ _ _ 

After
++++++
++++++
+++d++
+g+i++
nr+ce+
stier+

t e a p o t 
s h o u l d 
i c i c l e 
m i r r o r 
_ _ _ _ _ _ _ _ 
_ _ _ _ 

0
Before
++++++
++++++
+++d++
n++i++
rg+ce+
stier+

t e a p o t 
s h o u l d 
i c i c l e 
m i r r o r 
_ _ _ _ _ _ _ _ 
_ _ _ _ 

After
++++++
++++++
+++d++
n++i++
rg+ce+
stier+

t e a p o t 
s h o u l d 
i c i c l e 
m i r r o r 
_ _ _ _ _ _ _ _ 
_ _ _ _ 

0
Before
++++++
++++++
+++d++
n++i++
rg+ce+
stier+

t e a p o t 
s h o u l d 
i c i c l e 
m i r r o r 
_ _ _ _ _ _ _ _ 
_ _ _ _ 

After
++++++
++++++
+++d++
n++i++
rg+ce+
stier+

t e a p o t 
s h o u l d 
i c i c l e 
m i r r o r 
_ _ _ _ _ _ _ _ 
_ _ _ _ 

0
Before
++++++
++++++
+++d++
ng+i++
ri+ce+
st+er+

t e a p o t 
s h o u l d 
i c i c l e 
m i r r o r 
_ _ _ _ _ _ _ _ 
_ _ _ _ 

After
++++++
++++++
+++d++
ng+i++
ri+ce+
st+er+

t e a p o t 
s h o u l d 
i c i c l e 
m i r r o r 
_ _ _ _ _ _ _ _ 
_ _ _ _ 

0
Before
++++++
++++++
+++d++
ng+i++
ri+ce+
st+er+

t e a p o t 
s h o u l d 
i c i c l e 
m i r r o r 
_ _ _ _ _ _ _ _ 
_ _ _ _ 

After
++++++
++++++
+++d++
ng+i++
ri+ce+
st+er+

t e a p o t 
s h o u l d 
i c i c l e 
m i r r o r 
_ _ _ _ _ _ _ _ 
_ _ _ _ 

0
Before
++++++
++++++
+++d++
ng+i++
ri+ce+
st+er+

t e a p o t 
s h o u l d 
i c i c l e 
m i r r o r 
_ _ _ _ _ _ _ _ 
_ _ _ _ 

After
++++++
++++++
+++d++
ng+i++
ri+ce+
st+er+

t e a p o t 
s h o u l d 
i c i c l e 
m i r r o r 
_ _ _ _ _ _ _ _ 
_ _ _ _ 

0
Before
++++++
++++++
+++d++
ng+i++
ri+ce+
st+er+

t e a p o t 
s h o u l d 
i c i c l e 
m i r r o r 
_ _ _ _ _ _ _ _ 
_ _ _ _ 

After
++++++
++++++
+++d++
ng+i++
ri+ce+
st+er+

t e a p o t 
s h o u l d 
i c i c l e 
m i r r o r 
_ _ _ _ _ _ _ _ 
_ _ _ _ 

0
Before
++++++
+g++++
+r++++
nro+++
rir+++
stm+e+

t e a p o t 
s h o u l d 
i c i c l e 
d i c i e r 
_ _ _ _ _ _ _ _ 
_ _ _ _ 

After
++++++
+g++++
+r++++
nro+++
rir+++
stm+e+

t e a p o t 
s h o u l d 
i c i c l e 
d i c i e r 
_ _ _ _ _ _ _ _ 
_ _ _ _ 

0
Before
n+++++
r+++++
e++d++
lgii++
ctice+
sicer+

t e a p o t 
s h o u l d 
m i r r o r 
_ _ _ _ _ _ 
_ _ _ _ _ _ _ _ 
_ _ _ _ 

After
n+++++
r+++++
e++d++
lgii++
ctice+
sicer+

t e a p o t 
s h o u l d 
m i r r o r 
_ _ _ _ _ _ 
_ _ _ _ _ _ _ _ 
_ _ _ _ 

7
Before
++++++
n+++++
r+++++
e++d++
lgii++
ciic++

t e a p o t 
s h o u l d 
m i r r o r 
e r e c t s 
_ _ _ _ _ _ _ _ 
_ _ _ _ 

After
++++++
n+++++
r+++++
e++d++
lgii++
ciic++

t e a p o t 
s h o u l d 
m i r r o r 
e r e c t s 
_ _ _ _ _ _ _ _ 
_ _ _ _ 

0
Before
++++++
++++++
+++d++
n++i++
rg+ce+
stier+

t e a p o t 
s h o u l d 
m i r r o r 
i c i c l e 
_ _ _ _ _ _ _ _ 
_ _ _ _ 

After
++++++
++++++
+++d++
n++i++
rg+ce+
stier+

t e a p o t 
s h o u l d 
m i r r o r 
i c i c l e 
_ _ _ _ _ _ _ _ 
_ _ _ _ 

0
Before
n+++++
r+++++
e+++++
l+++++
cgic++
sice++

t e a p o t 
s h o u l d 
m i r r o r 
t i d i e r 
_ _ _ _ _ _ _ _ 
_ _ _ _ 

After
n+++++
r+++++
e+++++
l+++++
cgic++
sice++

t e a p o t 
s h o u l d 
m i r r o r 
t i d i e r 
_ _ _ _ _ _ _ _ 
_ _ _ _ 

0
Before
++++++
n+++++
r+++++
e++i++
l++ce+
cicer+

t e a p o t 
s h o u l d 
m i r r o r 
d i g i t s 
_ _ _ _ _ _ _ _ 
_ _ _ _ 

After
++++++
n+++++
r+++++
e++i++
l++ce+
cicer+

t e a p o t 
s h o u l d 
m i r r o r 
d i g i t s 
_ _ _ _ _ _ _ _ 
_ _ _ _ 

0
Before
n+++++
r+++++
e+++++
lg++++
ct++++
sicie+

t e a p o t 
s h o u l d 
m i r r o r 
d i c i e r 
_ _ _ _ _ _ _ _ 
_ _ _ _ 

After
n+++++
r+++++
e+++++
lg++++
ct++++
sicie+

t e a p o t 
s h o u l d 
m i r r o r 
d i c i e r 
_ _ _ _ _ _ _ _ 
_ _ _ _ 

0
Before
n+++++
r+++++
e+++++
lg++++
cti+++
sice++

t e a p o t 
s h o u l d 
m i r r o r 
d i c i e r 
_ _ _ _ _ _ _ _ 
_ _ _ _ 

After
n+++++
r+++++
e+++++
lg++++
cti+++
sice++

t e a p o t 
s h o u l d 
m i r r o r 
d i c i e r 
_ _ _ _ _ _ _ _ 
_ _ _ _ 

0
Before
n+++++
r+++++
e+++++
lg++++
cti+++
sic+e+

t e a p o t 
s h o u l d 
m i r r o r 
d i c i e r 
_ _ _ _ _ _ _ _ 
_ _ _ _ 

After
n+++++
r+++++
e+++++
lg++++
cti+++
sic+e+

t e a p o t 
s h o u l d 
m i r r o r 
d i c i e r 
_ _ _ _ _ _ _ _ 
_ _ _ _ 

0
Before
n+++++
r+++++
e++d++
lgii++
ctice+
sicer+

t e a p o t 
s h o u l d 
m i r r o r 
_ _ _ _ _ _ 
_ _ _ _ _ _ _ _ 
_ _ _ _ 

After
n+++++
r+++++
e++d++
lgii++
ctice+
sicer+

t e a p o t 
s h o u l d 
m i r r o r 
_ _ _ _ _ _ 
_ _ _ _ _ _ _ _ 
_ _ _ _ 

7
Before
++++++
n+++++
r+++++
e++d++
lgii++
ciic++

t e a p o t 
s h o u l d 
m i r r o r 
e r e c t s 
_ _ _ _ _ _ _ _ 
_ _ _ _ 

After
++++++
n+++++
r+++++
e++d++
lgii++
ciic++

t e a p o t 
s h o u l d 
m i r r o r 
e r e c t s 
_ _ _ _ _ _ _ _ 
_ _ _ _ 

0
Before
++++++
++++++
+++d++
n++i++
rg+ce+
stier+

t e a p o t 
s h o u l d 
m i r r o r 
i c i c l e 
_ _ _ _ _ _ _ _ 
_ _ _ _ 

After
++++++
++++++
+++d++
n++i++
rg+ce+
stier+

t e a p o t 
s h o u l d 
m i r r o r 
i c i c l e 
_ _ _ _ _ _ _ _ 
_ _ _ _ 

0
Before
n+++++
r+++++
e+++++
l+++++
cgic++
sice++

t e a p o t 
s h o u l d 
m i r r o r 
t i d i e r 
_ _ _ _ _ _ _ _ 
_ _ _ _ 

After
n+++++
r+++++
e+++++
l+++++
cgic++
sice++

t e a p o t 
s h o u l d 
m i r r o r 
t i d i e r 
_ _ _ _ _ _ _ _ 
_ _ _ _ 

0
Before
++++++
n+++++
r+++++
e++i++
l++ce+
cicer+

t e a p o t 
s h o u l d 
m i r r o r 
d i g i t s 
_ _ _ _ _ _ _ _ 
_ _ _ _ 

After
++++++
n+++++
r+++++
e++i++
l++ce+
cicer+

t e a p o t 
s h o u l d 
m i r r o r 
d i g i t s 
_ _ _ _ _ _ _ _ 
_ _ _ _ 

0
Before
n+++++
r+++++
e+++++
lg++++
ct++++
sicie+

t e a p o t 
s h o u l d 
m i r r o r 
d i c i e r 
_ _ _ _ _ _ _ _ 
_ _ _ _ 

After
n+++++
r+++++
e+++++
lg++++
ct++++
sicie+

t e a p o t 
s h o u l d 
m i r r o r 
d i c i e r 
_ _ _ _ _ _ _ _ 
_ _ _ _ 

0
Before
n+++++
r+++++
e+++++
lg++++
cti+++
sice++

t e a p o t 
s h o u l d 
m i r r o r 
d i c i e r 
_ _ _ _ _ _ _ _ 
_ _ _ _ 

After
n+++++
r+++++
e+++++
lg++++
cti+++
sice++

t e a p o t 
s h o u l d 
m i r r o r 
d i c i e r 
_ _ _ _ _ _ _ _ 
_ _ _ _ 

0
Before
n+++++
r+++++
e+++++
lg++++
cti+++
sic+e+

t e a p o t 
s h o u l d 
m i r r o r 
d i c i e r 
_ _ _ _ _ _ _ _ 
_ _ _ _ 

After
n+++++
r+++++
e+++++
lg++++
cti+++
sic+e+

t e a p o t 
s h o u l d 
m i r r o r 
d i c i e r 
_ _ _ _ _ _ _ _ 
_ _ _ _ 

0
Before
n+++++
r+++++
eg+d++
li+i++
ctice+
sicer+

t e a p o t 
s h o u l d 
m i r r o r 
_ _ _ _ _ _ 
_ _ _ _ _ _ _ _ 
_ _ _ _ 

After
n+++++
r+++++
eg+d++
li+i++
ctice+
sicer+

t e a p o t 
s h o u l d 
m i r r o r 
_ _ _ _ _ _ 
_ _ _ _ _ _ _ _ 
_ _ _ _ 

5
Before
++++++
n+++++
r+++++
eg+d++
li+i++
ciic++

t e a p o t 
s h o u l d 
m i r r o r 
e r e c t s 
_ _ _ _ _ _ _ _ 
_ _ _ _ 

After
++++++
n+++++
r+++++
eg+d++
li+i++
ciic++

t e a p o t 
s h o u l d 
m i r r o r 
e r e c t s 
_ _ _ _ _ _ _ _ 
_ _ _ _ 

0
Before
++++++
++++++
+++d++
ng+i++
ri+ce+
st+er+

t e a p o t 
s h o u l d 
m i r r o r 
i c i c l e 
_ _ _ _ _ _ _ _ 
_ _ _ _ 

After
++++++
++++++
+++d++
ng+i++
ri+ce+
st+er+

t e a p o t 
s h o u l d 
m i r r o r 
i c i c l e 
_ _ _ _ _ _ _ _ 
_ _ _ _ 

0
Before
n+++++
r+++++
eg++++
li++++
ct++++
sic+e+

t e a p o t 
s h o u l d 
m i r r o r 
d i c i e r 
_ _ _ _ _ _ _ _ 
_ _ _ _ 

After
n+++++
r+++++
eg++++
li++++
ct++++
sic+e+

t e a p o t 
s h o u l d 
m i r r o r 
d i c i e r 
_ _ _ _ _ _ _ _ 
_ _ _ _ 

0
Before
++++++
++++++
+++d++
n++i++
r+ice+
sgcer+

t e a p o t 
s h o u l d 
m i r r o r 
e l i c i t 
_ _ _ _ _ _ _ _ 
_ _ _ _ 

After
++++++
++++++
+++d++
n++i++
r+ice+
sgcer+

t e a p o t 
s h o u l d 
m i r r o r 
e l i c i t 
_ _ _ _ _ _ _ _ 
_ _ _ _ 

0
Before
++++++
++++++
+++d++
+g+i++
+tice+
nicer+

t e a p o t 
s h o u l d 
m i r r o r 
r e l i c s 
_ _ _ _ _ _ _ _ 
_ _ _ _ 

After
++++++
++++++
+++d++
+g+i++
+tice+
nicer+

t e a p o t 
s h o u l d 
m i r r o r 
r e l i c s 
_ _ _ _ _ _ _ _ 
_ _ _ _ 

0
Before
n+++++
r+++++
eg+d++
li+i++
ctice+
sicer+

t e a p o t 
s h o u l d 
m i r r o r 
_ _ _ _ _ _ 
_ _ _ _ _ _ _ _ 
_ _ _ _ 

After
n+++++
r+++++
eg+d++
li+i++
ctice+
sicer+

t e a p o t 
s h o u l d 
m i r r o r 
_ _ _ _ _ _ 
_ _ _ _ _ _ _ _ 
_ _ _ _ 

5
Before
++++++
n+++++
r+++++
eg+d++
li+i++
ciic++

t e a p o t 
s h o u l d 
m i r r o r 
e r e c t s 
_ _ _ _ _ _ _ _ 
_ _ _ _ 

After
++++++
n+++++
r+++++
eg+d++
li+i++
ciic++

t e a p o t 
s h o u l d 
m i r r o r 
e r e c t s 
_ _ _ _ _ _ _ _ 
_ _ _ _ 

0
Before
++++++
++++++
+++d++
ng+i++
ri+ce+
st+er+

t e a p o t 
s h o u l d 
m i r r o r 
i c i c l e 
_ _ _ _ _ _ _ _ 
_ _ _ _ 

After
++++++
++++++
+++d++
ng+i++
ri+ce+
st+er+

t e a p o t 
s h o u l d 
m i r r o r 
i c i c l e 
_ _ _ _ _ _ _ _ 
_ _ _ _ 

0
Before
n+++++
r+++++
eg++++
li++++
ct++++
sic+e+

t e a p o t 
s h o u l d 
m i r r o r 
d i c i e r 
_ _ _ _ _ _ _ _ 
_ _ _ _ 

After
n+++++
r+++++
eg++++
li++++
ct++++
sic+e+

t e a p o t 
s h o u l d 
m i r r o r 
d i c i e r 
_ _ _ _ _ _ _ _ 
_ _ _ _ 

0
Before
++++++
++++++
+++d++
n++i++
r+ice+
sgcer+

t e a p o t 
s h o u l d 
m i r r o r 
e l i c i t 
_ _ _ _ _ _ _ _ 
_ _ _ _ 

After
++++++
++++++
+++d++
n++i++
r+ice+
sgcer+

t e a p o t 
s h o u l d 
m i r r o r 
e l i c i t 
_ _ _ _ _ _ _ _ 
_ _ _ _ 

0
Before
++++++
++++++
+++d++
+g+i++
+tice+
nicer+

t e a p o t 
s h o u l d 
m i r r o r 
r e l i c s 
_ _ _ _ _ _ _ _ 
_ _ _ _ 

After
++++++
++++++
+++d++
+g+i++
+tice+
nicer+

t e a p o t 
s h o u l d 
m i r r o r 
r e l i c s 
_ _ _ _ _ _ _ _ 
_ _ _ _ 

0
Before
++++++
++++++
ngod++
rrri++
erice+
cicer+

t e a p o t 
s h o u l d 
l i m i t s 
_ _ _ _ _ _ 
_ _ _ _ _ _ _ _ 
_ _ _ _ 

After
++++++
++++++
ngod++
rrri++
erice+
cicer+

t e a p o t 
s h o u l d 
l i m i t s 
_ _ _ _ _ _ 
_ _ _ _ _ _ _ _ 
_ _ _ _ 

1
Before
++++++
++++++
ng++++
rro+++
err+++
cic+e+

t e a p o t 
s h o u l d 
l i m i t s 
d i c i e r 
_ _ _ _ _ _ _ _ 
_ _ _ _ 

After
++++++
++++++
ng++++
rro+++
err+++
cic+e+

t e a p o t 
s h o u l d 
l i m i t s 
d i c i e r 
_ _ _ _ _ _ _ _ 
_ _ _ _ 

0
Before
ng++++
rro+++
err+++
lii+++
ctm+++
sic+e+

t e a p o t 
s h o u l d 
d i c i e r 
_ _ _ _ _ _ 
_ _ _ _ _ _ _ _ 
_ _ _ _ 

After
ng++++
rro+++
err+++
lii+++
ctm+++
sic+e+

t e a p o t 
s h o u l d 
d i c i e r 
_ _ _ _ _ _ 
_ _ _ _ _ _ _ _ 
_ _ _ _ 

15
Before
++++++
++++++
+go+++
nrr+++
rri+++
ctc+e+

t e a p o t 
s h o u l d 
d i c i e r 
s i m i l e 
_ _ _ _ _ _ _ _ 
_ _ _ _ 

After
++++++
++++++
+go+++
nrr+++
rri+++
ctc+e+

t e a p o t 
s h o u l d 
d i c i e r 
s i m i l e 
_ _ _ _ _ _ _ _ 
_ _ _ _ 

0
Before
n+++++
r+++++
e+++++
lg++++
cti+++
sic+e+

t e a p o t 
s h o u l d 
d i c i e r 
m i r r o r 
_ _ _ _ _ _ _ _ 
_ _ _ _ 

After
n+++++
r+++++
e+++++
lg++++
cti+++
sic+e+

t e a p o t 
s h o u l d 
d i c i e r 
m i r r o r 
_ _ _ _ _ _ _ _ 
_ _ _ _ 

0
Before
n+++++
r+++++
e+++++
lg++++
cti+++
sic+e+

t e a p o t 
s h o u l d 
d i c i e r 
m i r r o r 
_ _ _ _ _ _ _ _ 
_ _ _ _ 

After
n+++++
r+++++
e+++++
lg++++
cti+++
sic+e+

t e a p o t 
s h o u l d 
d i c i e r 
m i r r o r 
_ _ _ _ _ _ _ _ 
_ _ _ _ 

0
Before
n+++++
r+++++
e+++++
lg++++
cti+++
sic+e+

t e a p o t 
s h o u l d 
d i c i e r 
m i r r o r 
_ _ _ _ _ _ _ _ 
_ _ _ _ 

After
n+++++
r+++++
e+++++
lg++++
cti+++
sic+e+

t e a p o t 
s h o u l d 
d i c i e r 
m i r r o r 
_ _ _ _ _ _ _ _ 
_ _ _ _ 

0
Before
n+++++
r+++++
e+++++
lg++++
cti+++
sic+e+

t e a p o t 
s h o u l d 
d i c i e r 
m i r r o r 
_ _ _ _ _ _ _ _ 
_ _ _ _ 

After
n+++++
r+++++
e+++++
lg++++
cti+++
sic+e+

t e a p o t 
s h o u l d 
d i c i e r 
m i r r o r 
_ _ _ _ _ _ _ _ 
_ _ _ _ 

0
Before
n+++++
r+++++
eg++++
li++++
ct++++
sic+e+

t e a p o t 
s h o u l d 
d i c i e r 
m i r r o r 
_ _ _ _ _ _ _ _ 
_ _ _ _ 

After
n+++++
r+++++
eg++++
li++++
ct++++
sic+e+

t e a p o t 
s h o u l d 
d i c i e r 
m i r r o r 
_ _ _ _ _ _ _ _ 
_ _ _ _ 

0
Before
n+++++
r+++++
eg++++
li++++
ct++++
sic+e+

t e a p o t 
s h o u l d 
d i c i e r 
m i r r o r 
_ _ _ _ _ _ _ _ 
_ _ _ _ 

After
n+++++
r+++++
eg++++
li++++
ct++++
sic+e+

t e a p o t 
s h o u l d 
d i c i e r 
m i r r o r 
_ _ _ _ _ _ _ _ 
_ _ _ _ 

0
Before
n+++++
r+++++
eg++++
li++++
ct++++
sic+e+

t e a p o t 
s h o u l d 
d i c i e r 
m i r r o r 
_ _ _ _ _ _ _ _ 
_ _ _ _ 

After
n+++++
r+++++
eg++++
li++++
ct++++
sic+e+

t e a p o t 
s h o u l d 
d i c i e r 
m i r r o r 
_ _ _ _ _ _ _ _ 
_ _ _ _ 

0
Before
n+++++
r+++++
eg++++
li++++
ct++++
sic+e+

t e a p o t 
s h o u l d 
d i c i e r 
m i r r o r 
_ _ _ _ _ _ _ _ 
_ _ _ _ 

After
n+++++
r+++++
eg++++
li++++
ct++++
sic+e+

t e a p o t 
s h o u l d 
d i c i e r 
m i r r o r 
_ _ _ _ _ _ _ _ 
_ _ _ _ 

0
Before
++++++
++++++
n+o+++
rgr+++
eri+++
crc+e+

t e a p o t 
s h o u l d 
d i c i e r 
l i m i t s 
_ _ _ _ _ _ _ _ 
_ _ _ _ 

After
++++++
++++++
n+o+++
rgr+++
eri+++
crc+e+

t e a p o t 
s h o u l d 
d i c i e r 
l i m i t s 
_ _ _ _ _ _ _ _ 
_ _ _ _ 

0
Before
++++++
++++++
ng++++
rro+++
err+++
cic+e+

t e a p o t 
s h o u l d 
d i c i e r 
l i m i t s 
_ _ _ _ _ _ _ _ 
_ _ _ _ 

After
++++++
++++++
ng++++
rro+++
err+++
cic+e+

t e a p o t 
s h o u l d 
d i c i e r 
l i m i t s 
_ _ _ _ _ _ _ _ 
_ _ _ _ 

0
Before
++++++
++o+++
+gr+++
+ri+++
ntm+++
ric+e+

t e a p o t 
s h o u l d 
d i c i e r 
r e l i c s 
_ _ _ _ _ _ _ _ 
_ _ _ _ 

After
++++++
++o+++
+gr+++
+ri+++
ntm+++
ric+e+

t e a p o t 
s h o u l d 
d i c i e r 
r e l i c s 
_ _ _ _ _ _ _ _ 
_ _ _ _ 

0
Before
++++++
++o+++
++r+++
ngi+++
rrm+++
src+e+

t e a p o t 
s h o u l d 
d i c i e r 
e l i c i t 
_ _ _ _ _ _ _ _ 
_ _ _ _ 

After
++++++
++o+++
++r+++
ngi+++
rrm+++
src+e+

t e a p o t 
s h o u l d 
d i c i e r 
e l i c i t 
_ _ _ _ _ _ _ _ 
_ _ _ _ 

0
Before
++++++
++o+++
+gr+++
+ri+++
ntm+++
ric+e+

t e a p o t 
s h o u l d 
d i c i e r 
r e l i c s 
_ _ _ _ _ _ _ _ 
_ _ _ _ 

After
++++++
++o+++
+gr+++
+ri+++
ntm+++
ric+e+

t e a p o t 
s h o u l d 
d i c i e r 
r e l i c s 
_ _ _ _ _ _ _ _ 
_ _ _ _ 

0
Before
++++++
+go+++
+rr+++
+ri+++
+tm+++
nic+e+

t e a p o t 
s h o u l d 
d i c i e r 
r e l i c s 
_ _ _ _ _ _ _ _ 
_ _ _ _ 

After
++++++
+go+++
+rr+++
+ri+++
+tm+++
nic+e+

t e a p o t 
s h o u l d 
d i c i e r 
r e l i c s 
_ _ _ _ _ _ _ _ 
_ _ _ _ 

0
Before
++o+++
++r+++
+gid++
+rmi++
ntice+
ricer+

t e a p o t 
s h o u l d 
r e l i c s 
_ _ _ _ _ _ 
_ _ _ _ _ _ _ _ 
_ _ _ _ 

After
++o+++
++r+++
+gid++
+rmi++
ntice+
ricer+

t e a p o t 
s h o u l d 
r e l i c s 
_ _ _ _ _ _ 
_ _ _ _ _ _ _ _ 
_ _ _ _ 

5
Before
++++++
++++++
++o+++
++rd++
n+iie+
rgmer+

t e a p o t 
s h o u l d 
r e l i c s 
c i t r i c 
_ _ _ _ _ _ _ _ 
_ _ _ _ 

After
++++++
++++++
++o+++
++rd++
n+iie+
rgmer+

t e a p o t 
s h o u l d 
r e l i c s 
c i t r i c 
_ _ _ _ _ _ _ _ 
_ _ _ _ 

0
Before
++++++
++++++
++o+++
++rd++
+giie+
nrmer+

t e a p o t 
s h o u l d 
r e l i c s 
c i t r i c 
_ _ _ _ _ _ _ _ 
_ _ _ _ 

After
++++++
++++++
++o+++
++rd++
+giie+
nrmer+

t e a p o t 
s h o u l d 
r e l i c s 
c i t r i c 
_ _ _ _ _ _ _ _ 
_ _ _ _ 

0
Before
++++++
++o+++
++r+++
++id++
++mie+
rgcer+

t e a p o t 
s h o u l d 
r e l i c s 
n i t r i c 
_ _ _ _ _ _ _ _ 
_ _ _ _ 

After
++++++
++o+++
++r+++
++id++
++mie+
rgcer+

t e a p o t 
s h o u l d 
r e l i c s 
n i t r i c 
_ _ _ _ _ _ _ _ 
_ _ _ _ 

0
Before
++++++
++++++
++od++
++ri++
++ice+
rgmer+

t e a p o t 
s h o u l d 
r e l i c s 
n i t r i c 
_ _ _ _ _ _ _ _ 
_ _ _ _ 

After
++++++
++++++
++od++
++ri++
++ice+
rgmer+

t e a p o t 
s h o u l d 
r e l i c s 
n i t r i c 
_ _ _ _ _ _ _ _ 
_ _ _ _ 

0
Before
++++++
++o+++
+gr+++
+ri+++
ntm+++
ric+e+

t e a p o t 
s h o u l d 
r e l i c s 
d i c i e r 
_ _ _ _ _ _ _ _ 
_ _ _ _ 

After
++++++
++o+++
+gr+++
+ri+++
ntm+++
ric+e+

t e a p o t 
s h o u l d 
r e l i c s 
d i c i e r 
_ _ _ _ _ _ _ _ 
_ _ _ _ 

0
Before
++o+++
++r+++
++id++
ngmi++
rrice+
srcer+

t e a p o t 
s h o u l d 
e l i c i t 
_ _ _ _ _ _ 
_ _ _ _ _ _ _ _ 
_ _ _ _ 

After
++o+++
++r+++
++id++
ngmi++
rrice+
srcer+

t e a p o t 
s h o u l d 
e l i c i t 
_ _ _ _ _ _ 
_ _ _ _ _ _ _ _ 
_ _ _ _ 

1
Before
++++++
++o+++
++r+++
ngi+++
rrm+++
src+e+

t e a p o t 
s h o u l d 
e l i c i t 
d i c i e r 
_ _ _ _ _ _ _ _ 
_ _ _ _ 

After
++++++
++o+++
++r+++
ngi+++
rrm+++
src+e+

t e a p o t 
s h o u l d 
e l i c i t 
d i c i e r 
_ _ _ _ _ _ _ _ 
_ _ _ _ 

0
Before
++o+++
++r+++
+gid++
+rmi++
ntice+
ricer+

t e a p o t 
s h o u l d 
r e l i c s 
_ _ _ _ _ _ 
_ _ _ _ _ _ _ _ 
_ _ _ _ 

After
++o+++
++r+++
+gid++
+rmi++
ntice+
ricer+

t e a p o t 
s h o u l d 
r e l i c s 
_ _ _ _ _ _ 
_ _ _ _ _ _ _ _ 
_ _ _ _ 

5
Before
++++++
++++++
++o+++
++rd++
n+iie+
rgmer+

t e a p o t 
s h o u l d 
r e l i c s 
c i t r i c 
_ _ _ _ _ _ _ _ 
_ _ _ _ 

After
++++++
++++++
++o+++
++rd++
n+iie+
rgmer+

t e a p o t 
s h o u l d 
r e l i c s 
c i t r i c 
_ _ _ _ _ _ _ _ 
_ _ _ _ 

0
Before
++++++
++++++
++o+++
++rd++
+giie+
nrmer+

t e a p o t 
s h o u l d 
r e l i c s 
c i t r i c 
_ _ _ _ _ _ _ _ 
_ _ _ _ 

After
++++++
++++++
++o+++
++rd++
+giie+
nrmer+

t e a p o t 
s h o u l d 
r e l i c s 
c i t r i c 
_ _ _ _ _ _ _ _ 
_ _ _ _ 

0
Before
++++++
++o+++
++r+++
++id++
++mie+
rgcer+

t e a p o t 
s h o u l d 
r e l i c s 
n i t r i c 
_ _ _ _ _ _ _ _ 
_ _ _ _ 

After
++++++
++o+++
++r+++
++id++
++mie+
rgcer+

t e a p o t 
s h o u l d 
r e l i c s 
n i t r i c 
_ _ _ _ _ _ _ _ 
_ _ _ _ 

0
Before
++++++
++++++
++od++
++ri++
++ice+
rgmer+

t e a p o t 
s h o u l d 
r e l i c s 
n i t r i c 
_ _ _ _ _ _ _ _ 
_ _ _ _ 

After
++++++
++++++
++od++
++ri++
++ice+
rgmer+

t e a p o t 
s h o u l d 
r e l i c s 
n i t r i c 
_ _ _ _ _ _ _ _ 
_ _ _ _ 

0
Before
++++++
++o+++
+gr+++
+ri+++
ntm+++
ric+e+

t e a p o t 
s h o u l d 
r e l i c s 
d i c i e r 
_ _ _ _ _ _ _ _ 
_ _ _ _ 

After
++++++
++o+++
+gr+++
+ri+++
ntm+++
ric+e+

t e a p o t 
s h o u l d 
r e l i c s 
d i c i e r 
_ _ _ _ _ _ _ _ 
_ _ _ _ 

0
Before
++o+++
+gr+++
+rid++
+rmi++
+tice+
nicer+

t e a p o t 
s h o u l d 
r e l i c s 
_ _ _ _ _ _ 
_ _ _ _ _ _ _ _ 
_ _ _ _ 

After
++o+++
+gr+++
+rid++
+rmi++
+tice+
nicer+

t e a p o t 
s h o u l d 
r e l i c s 
_ _ _ _ _ _ 
_ _ _ _ _ _ _ _ 
_ _ _ _ 

4
Before
++++++
++++++
++o+++
++rd++
+giie+
nrmer+

t e a p o t 
s h o u l d 
r e l i c s 
c i t r i c 
_ _ _ _ _ _ _ _ 
_ _ _ _ 

After
++++++
++++++
++o+++
++rd++
+giie+
nrmer+

t e a p o t 
s h o u l d 
r e l i c s 
c i t r i c 
_ _ _ _ _ _ _ _ 
_ _ _ _ 

0
Before
++++++
++o+++
++r+++
++id++
+gmie+
+rcer+

t e a p o t 
s h o u l d 
r e l i c s 
n i t r i c 
_ _ _ _ _ _ _ _ 
_ _ _ _ 

After
++++++
++o+++
++r+++
++id++
+gmie+
+rcer+

t e a p o t 
s h o u l d 
r e l i c s 
n i t r i c 
_ _ _ _ _ _ _ _ 
_ _ _ _ 

0
Before
++++++
++++++
++od++
++ri++
+gice+
+rmer+

t e a p o t 
s h o u l d 
r e l i c s 
n i t r i c 
_ _ _ _ _ _ _ _ 
_ _ _ _ 

After
++++++
++++++
++od++
++ri++
+gice+
+rmer+

t e a p o t 
s h o u l d 
r e l i c s 
n i t r i c 
_ _ _ _ _ _ _ _ 
_ _ _ _ 

0
Before
++++++
+go+++
+rr+++
+ri+++
+tm+++
nic+e+

t e a p o t 
s h o u l d 
r e l i c s 
d i c i e r 
_ _ _ _ _ _ _ _ 
_ _ _ _ 

After
++++++
+go+++
+rr+++
+ri+++
+tm+++
nic+e+

t e a p o t 
s h o u l d 
r e l i c s 
d i c i e r 
_ _ _ _ _ _ _ _ 
_ _ _ _ 

0
Before
+++de+
+g+dr+
+roil+
nrrcu+
riios+
stmeh+

t e a p o t 
i c i c l e 
_ _ _ _ _ _ 
_ _ _ _ _ _ 
_ _ _ _ _ _ _ _ 
_ _ _ _ 

After
+++de+
+g+dr+
+roil+
nrrcu+
riios+
stmeh+

t e a p o t 
i c i c l e 
_ _ _ _ _ _ 
_ _ _ _ _ _ 
_ _ _ _ _ _ _ _ 
_ _ _ _ 

20
Before
++++++
+++de+
+++dr+
ng+il+
riicu+
stmes+

t e a p o t 
i c i c l e 
h o r r o r 
_ _ _ _ _ _ 
_ _ _ _ _ _ _ _ 
_ _ _ _ 

After
++++++
+++de+
+++dr+
ng+il+
riicu+
stmes+

t e a p o t 
i c i c l e 
h o r r o r 
_ _ _ _ _ _ 
_ _ _ _ _ _ _ _ 
_ _ _ _ 

6
Before
++++++
++++++
++++++
ng++e+
rii+r+
stmds+

t e a p o t 
i c i c l e 
h o r r o r 
e u c l i d 
_ _ _ _ _ _ _ _ 
_ _ _ _ 

After
++++++
++++++
++++++
ng++e+
rii+r+
stmds+

t e a p o t 
i c i c l e 
h o r r o r 
e u c l i d 
_ _ _ _ _ _ _ _ 
_ _ _ _ 

0
Before
++++++
+++de+
+++dr+
+++il+
+++cu+
n+mes+

t e a p o t 
i c i c l e 
h o r r o r 
t i g r i s 
_ _ _ _ _ _ _ _ 
_ _ _ _ 

After
++++++
+++de+
+++dr+
+++il+
+++cu+
n+mes+

t e a p o t 
i c i c l e 
h o r r o r 
t i g r i s 
_ _ _ _ _ _ _ _ 
_ _ _ _ 

0
Before
++++++
+++de+
+++dr+
+++il+
r++cu+
s++es+

t e a p o t 
i c i c l e 
h o r r o r 
t i m i n g 
_ _ _ _ _ _ _ _ 
_ _ _ _ 

After
++++++
+++de+
+++dr+
+++il+
r++cu+
s++es+

t e a p o t 
i c i c l e 
h o r r o r 
t i m i n g 
_ _ _ _ _ _ _ _ 
_ _ _ _ 

0
Before
++++++
+++de+
+++dr+
+++il+
++icu+
++mes+

t e a p o t 
i c i c l e 
h o r r o r 
s t r i n g 
_ _ _ _ _ _ _ _ 
_ _ _ _ 

After
++++++
+++de+
+++dr+
+++il+
++icu+
++mes+

t e a p o t 
i c i c l e 
h o r r o r 
s t r i n g 
_ _ _ _ _ _ _ _ 
_ _ _ _ 

0
Before
++++++
++++e+
+++dr+
+++dl+
r++iu+
s+mes+

t e a p o t 
i c i c l e 
h o r r o r 
c i t i n g 
_ _ _ _ _ _ _ _ 
_ _ _ _ 

After
++++++
++++e+
+++dr+
+++dl+
r++iu+
s+mes+

t e a p o t 
i c i c l e 
h o r r o r 
c i t i n g 
_ _ _ _ _ _ _ _ 
_ _ _ _ 

0
Before
++++++
++++++
+++de+
+++dr+
n++il+
sticu+

t e a p o t 
i c i c l e 
h o r r o r 
g r i m e s 
_ _ _ _ _ _ _ _ 
_ _ _ _ 

After
++++++
++++++
+++de+
+++dr+
n++il+
sticu+

t e a p o t 
i c i c l e 
h o r r o r 
g r i m e s 
_ _ _ _ _ _ _ _ 
_ _ _ _ 

0
Before
++++++
+++de+
+++dr+
ng+il+
riicu+
stmes+

t e a p o t 
i c i c l e 
h o r r o r 
_ _ _ _ _ _ 
_ _ _ _ _ _ _ _ 
_ _ _ _ 

After
++++++
+++de+
+++dr+
ng+il+
riicu+
stmes+

t e a p o t 
i c i c l e 
h o r r o r 
_ _ _ _ _ _ 
_ _ _ _ _ _ _ _ 
_ _ _ _ 

6
Before
++++++
++++++
++++++
ng++e+
rii+r+
stmds+

t e a p o t 
i c i c l e 
h o r r o r 
e u c l i d 
_ _ _ _ _ _ _ _ 
_ _ _ _ 

After
++++++
++++++
++++++
ng++e+
rii+r+
stmds+

t e a p o t 
i c i c l e 
h o r r o r 
e u c l i d 
_ _ _ _ _ _ _ _ 
_ _ _ _ 

0
Before
++++++
+++de+
+++dr+
+++il+
+++cu+
n+mes+

t e a p o t 
i c i c l e 
h o r r o r 
t i g r i s 
_ _ _ _ _ _ _ _ 
_ _ _ _ 

After
++++++
+++de+
+++dr+
+++il+
+++cu+
n+mes+

t e a p o t 
i c i c l e 
h o r r o r 
t i g r i s 
_ _ _ _ _ _ _ _ 
_ _ _ _ 

0
Before
++++++
+++de+
+++dr+
+++il+
r++cu+
s++es+

t e a p o t 
i c i c l e 
h o r r o r 
t i m i n g 
_ _ _ _ _ _ _ _ 
_ _ _ _ 

After
++++++
+++de+
+++dr+
+++il+
r++cu+
s++es+

t e a p o t 
i c i c l e 
h o r r o r 
t i m i n g 
_ _ _ _ _ _ _ _ 
_ _ _ _ 

0
Before
++++++
+++de+
+++dr+
+++il+
++icu+
++mes+

t e a p o t 
i c i c l e 
h o r r o r 
s t r i n g 
_ _ _ _ _ _ _ _ 
_ _ _ _ 

After
++++++
+++de+
+++dr+
+++il+
++icu+
++mes+

t e a p o t 
i c i c l e 
h o r r o r 
s t r i n g 
_ _ _ _ _ _ _ _ 
_ _ _ _ 

0
Before
++++++
++++e+
+++dr+
+++dl+
r++iu+
s+mes+

t e a p o t 
i c i c l e 
h o r r o r 
c i t i n g 
_ _ _ _ _ _ _ _ 
_ _ _ _ 

After
++++++
++++e+
+++dr+
+++dl+
r++iu+
s+mes+

t e a p o t 
i c i c l e 
h o r r o r 
c i t i n g 
_ _ _ _ _ _ _ _ 
_ _ _ _ 

0
Before
++++++
++++++
+++de+
+++dr+
n++il+
sticu+

t e a p o t 
i c i c l e 
h o r r o r 
g r i m e s 
_ _ _ _ _ _ _ _ 
_ _ _ _ 

After
++++++
++++++
+++de+
+++dr+
n++il+
sticu+

t e a p o t 
i c i c l e 
h o r r o r 
g r i m e s 
_ _ _ _ _ _ _ _ 
_ _ _ _ 

0
Before
++++e+
+++dr+
+++dl+
+g+iu+
nrocs+
rtieh+

t e a p o t 
i c i c l e 
m o r r i s 
_ _ _ _ _ _ 
_ _ _ _ _ _ _ _ 
_ _ _ _ 

After
++++e+
+++dr+
+++dl+
+g+iu+
nrocs+
rtieh+

t e a p o t 
i c i c l e 
m o r r i s 
_ _ _ _ _ _ 
_ _ _ _ _ _ _ _ 
_ _ _ _ 

3
Before
++++++
++++e+
++++r+
+++dl+
n++du+
rgiih+

t e a p o t 
i c i c l e 
m o r r i s 
e s c o r t 
_ _ _ _ _ _ _ _ 
_ _ _ _ 

After
++++++
++++e+
++++r+
+++dl+
n++du+
rgiih+

t e a p o t 
i c i c l e 
m o r r i s 
e s c o r t 
_ _ _ _ _ _ _ _ 
_ _ _ _ 

0
Before
++++++
++++e+
+++dr+
+++dl+
n++iu+
rg+ch+

t e a p o t 
i c i c l e 
m o r r i s 
t o r i e s 
_ _ _ _ _ _ _ _ 
_ _ _ _ 

After
++++++
++++e+
+++dr+
+++dl+
n++iu+
rg+ch+

t e a p o t 
i c i c l e 
m o r r i s 
t o r i e s 
_ _ _ _ _ _ _ _ 
_ _ _ _ 

0
Before
++++++
++++++
++++e+
+++dr+
ng+dl+
rtoiu+

t e a p o t 
i c i c l e 
m o r r i s 
r i c h e s 
_ _ _ _ _ _ _ _ 
_ _ _ _ 

After
++++++
++++++
++++e+
+++dr+
ng+dl+
rtoiu+

t e a p o t 
i c i c l e 
m o r r i s 
r i c h e s 
_ _ _ _ _ _ _ _ 
_ _ _ _ 

0
Before
+++de+
+++dr+
+++il+
n++cu+
rg+os+
stieh+

t e a p o t 
i c i c l e 
m i r r o r 
_ _ _ _ _ _ 
_ _ _ _ _ _ _ _ 
_ _ _ _ 

After
+++de+
+++dr+
+++il+
n++cu+
rg+os+
stieh+

t e a p o t 
i c i c l e 
m i r r o r 
_ _ _ _ _ _ 
_ _ _ _ _ _ _ _ 
_ _ _ _ 

1
Before
++++++
++++++
+++d++
n++i++
rg+ce+
stier+

t e a p o t 
i c i c l e 
m i r r o r 
s h o u l d 
_ _ _ _ _ _ _ _ 
_ _ _ _ 

After
++++++
++++++
+++d++
n++i++
rg+ce+
stier+

t e a p o t 
i c i c l e 
m i r r o r 
s h o u l d 
_ _ _ _ _ _ _ _ 
_ _ _ _ 

0
Before
+++de+
+++dr+
+++il+
n++cu+
rg+os+
stieh+

t e a p o t 
i c i c l e 
m i r r o r 
_ _ _ _ _ _ 
_ _ _ _ _ _ _ _ 
_ _ _ _ 

After
+++de+
+++dr+
+++il+
n++cu+
rg+os+
stieh+

t e a p o t 
i c i c l e 
m i r r o r 
_ _ _ _ _ _ 
_ _ _ _ _ _ _ _ 
_ _ _ _ 

1
Before
++++++
++++++
+++d++
n++i++
rg+ce+
stier+

t e a p o t 
i c i c l e 
m i r r o r 
s h o u l d 
_ _ _ _ _ _ _ _ 
_ _ _ _ 

After
++++++
++++++
+++d++
n++i++
rg+ce+
stier+

t e a p o t 
i c i c l e 
m i r r o r 
s h o u l d 
_ _ _ _ _ _ _ _ 
_ _ _ _ 

0
Before
+++de+
+++dr+
+++il+
+++cu+
ngros+
stieh+

t e a p o t 
i c i c l e 
m i r r o r 
_ _ _ _ _ _ 
_ _ _ _ _ _ _ _ 
_ _ _ _ 

After
+++de+
+++dr+
+++il+
+++cu+
ngros+
stieh+

t e a p o t 
i c i c l e 
m i r r o r 
_ _ _ _ _ _ 
_ _ _ _ _ _ _ _ 
_ _ _ _ 

8
Before
++++++
++++e+
++++r+
+++dl+
n++du+
sgiih+

t e a p o t 
i c i c l e 
m i r r o r 
e s c o r t 
_ _ _ _ _ _ _ _ 
_ _ _ _ 

After
++++++
++++e+
++++r+
+++dl+
n++du+
sgiih+

t e a p o t 
i c i c l e 
m i r r o r 
e s c o r t 
_ _ _ _ _ _ _ _ 
_ _ _ _ 

0
Before
++++++
++++e+
+++dr+
+++dl+
n++iu+
sg+ch+

t e a p o t 
i c i c l e 
m i r r o r 
s o r t i e 
_ _ _ _ _ _ _ _ 
_ _ _ _ 

After
++++++
++++e+
+++dr+
+++dl+
n++iu+
sg+ch+

t e a p o t 
i c i c l e 
m i r r o r 
s o r t i e 
_ _ _ _ _ _ _ _ 
_ _ _ _ 

0
Before
++++++
++++++
+++d++
+++i++
ngrce+
stier+

t e a p o t 
i c i c l e 
m i r r o r 
s h o u l d 
_ _ _ _ _ _ _ _ 
_ _ _ _ 

After
++++++
++++++
+++d++
+++i++
ngrce+
stier+

t e a p o t 
i c i c l e 
m i r r o r 
s h o u l d 
_ _ _ _ _ _ _ _ 
_ _ _ _ 

0
Before
++++++
+++d++
+++de+
+++ir+
+++cl+
ngieu+

t e a p o t 
i c i c l e 
m i r r o r 
s h o r t s 
_ _ _ _ _ _ _ _ 
_ _ _ _ 

After
++++++
+++d++
+++de+
+++ir+
+++cl+
ngieu+

t e a p o t 
i c i c l e 
m i r r o r 
s h o r t s 
_ _ _ _ _ _ _ _ 
_ _ _ _ 

0
Before
++++++
++++e+
+++dr+
+++dl+
n++iu+
st+ch+

t e a p o t 
i c i c l e 
m i r r o r 
o r g i e s 
_ _ _ _ _ _ _ _ 
_ _ _ _ 

After
++++++
++++e+
+++dr+
+++dl+
n++iu+
st+ch+

t e a p o t 
i c i c l e 
m i r r o r 
o r g i e s 
_ _ _ _ _ _ _ _ 
_ _ _ _ 

0
Before
++++e+
+++dr+
+++dl+
+++iu+
+++cs+
+t+oh+

t e a p o t 
i c i c l e 
m i r r o r 
r e i g n s 
_ _ _ _ _ _ _ _ 
_ _ _ _ 

After
++++e+
+++dr+
+++dl+
+++iu+
+++cs+
+t+oh+

t e a p o t 
i c i c l e 
m i r r o r 
r e i g n s 
_ _ _ _ _ _ _ _ 
_ _ _ _ 

0
Before
++++++
++++++
+++de+
+++dr+
n++il+
stich+

t e a p o t 
i c i c l e 
m i r r o r 
g r o u s e 
_ _ _ _ _ _ _ _ 
_ _ _ _ 

After
++++++
++++++
+++de+
+++dr+
n++il+
stich+

t e a p o t 
i c i c l e 
m i r r o r 
g r o u s e 
_ _ _ _ _ _ _ _ 
_ _ _ _ 

0
Before
++++++
++++e+
++++r+
+++dl+
ng+du+
st+is+

t e a p o t 
i c i c l e 
m i r r o r 
c o h e i r 
_ _ _ _ _ _ _ _ 
_ _ _ _ 

After
++++++
++++e+
++++r+
+++dl+
ng+du+
st+is+

t e a p o t 
i c i c l e 
m i r r o r 
c o h e i r 
_ _ _ _ _ _ _ _ 
_ _ _ _ 

0
Before
+++de+
+++dr+
+++il+
+g+cu+
nr+os+
stieh+

t e a p o t 
i c i c l e 
m i r r o r 
_ _ _ _ _ _ 
_ _ _ _ _ _ _ _ 
_ _ _ _ 

After
+++de+
+++dr+
+++il+
+g+cu+
nr+os+
stieh+

t e a p o t 
i c i c l e 
m i r r o r 
_ _ _ _ _ _ 
_ _ _ _ _ _ _ _ 
_ _ _ _ 

2
Before
++++++
++++++
+++d++
+g+i++
nr+ce+
stier+

t e a p o t 
i c i c l e 
m i r r o r 
s h o u l d 
_ _ _ _ _ _ _ _ 
_ _ _ _ 

After
++++++
++++++
+++d++
+g+i++
nr+ce+
stier+

t e a p o t 
i c i c l e 
m i r r o r 
s h o u l d 
_ _ _ _ _ _ _ _ 
_ _ _ _ 

0
Before
++++++
++++e+
++++r+
+++dl+
ng+du+
st+is+

t e a p o t 
i c i c l e 
m i r r o r 
c o h e i r 
_ _ _ _ _ _ _ _ 
_ _ _ _ 

After
++++++
++++e+
++++r+
+++dl+
ng+du+
st+is+

t e a p o t 
i c i c l e 
m i r r o r 
c o h e i r 
_ _ _ _ _ _ _ _ 
_ _ _ _ 

0
Before
+++de+
+++dr+
+++il+
n++cu+
rg+os+
stieh+

t e a p o t 
i c i c l e 
m i r r o r 
_ _ _ _ _ _ 
_ _ _ _ _ _ _ _ 
_ _ _ _ 

After
+++de+
+++dr+
+++il+
n++cu+
rg+os+
stieh+

t e a p o t 
i c i c l e 
m i r r o r 
_ _ _ _ _ _ 
_ _ _ _ _ _ _ _ 
_ _ _ _ 

1
Before
++++++
++++++
+++d++
n++i++
rg+ce+
stier+

t e a p o t 
i c i c l e 
m i r r o r 
s h o u l d 
_ _ _ _ _ _ _ _ 
_ _ _ _ 

After
++++++
++++++
+++d++
n++i++
rg+ce+
stier+

t e a p o t 
i c i c l e 
m i r r o r 
s h o u l d 
_ _ _ _ _ _ _ _ 
_ _ _ _ 

0
Before
+++de+
+++dr+
+++il+
n++cu+
rg+os+
stieh+

t e a p o t 
i c i c l e 
m i r r o r 
_ _ _ _ _ _ 
_ _ _ _ _ _ _ _ 
_ _ _ _ 

After
+++de+
+++dr+
+++il+
n++cu+
rg+os+
stieh+

t e a p o t 
i c i c l e 
m i r r o r 
_ _ _ _ _ _ 
_ _ _ _ _ _ _ _ 
_ _ _ _ 

1
Before
++++++
++++++
+++d++
n++i++
rg+ce+
stier+

t e a p o t 
i c i c l e 
m i r r o r 
s h o u l d 
_ _ _ _ _ _ _ _ 
_ _ _ _ 

After
++++++
++++++
+++d++
n++i++
rg+ce+
stier+

t e a p o t 
i c i c l e 
m i r r o r 
s h o u l d 
_ _ _ _ _ _ _ _ 
_ _ _ _ 

0
Before
++++++
+g++e+
+r+dr+
nr+dl+
ri+iu+
stoeh+

t e a p o t 
i c i c l e 
m i c r o s 
_ _ _ _ _ _ 
_ _ _ _ _ _ _ _ 
_ _ _ _ 

After
++++++
+g++e+
+r+dr+
nr+dl+
ri+iu+
stoeh+

t e a p o t 
i c i c l e 
m i c r o s 
_ _ _ _ _ _ 
_ _ _ _ _ _ _ _ 
_ _ _ _ 

0
Before
+++de+
+++dr+
+++il+
ng+cu+
ri+os+
st+eh+

t e a p o t 
i c i c l e 
m i r r o r 
_ _ _ _ _ _ 
_ _ _ _ _ _ _ _ 
_ _ _ _ 

After
+++de+
+++dr+
+++il+
ng+cu+
ri+os+
st+eh+

t e a p o t 
i c i c l e 
m i r r o r 
_ _ _ _ _ _ 
_ _ _ _ _ _ _ _ 
_ _ _ _ 

2
Before
+++de+
+++dr+
+++il+
+++cu+
+++os+
+++eh+

t e a p o t 
i c i c l e 
m i r r o r 
s t r i n g 
_ _ _ _ _ _ _ _ 
_ _ _ _ 

After
+++de+
+++dr+
+++il+
+++cu+
+++os+
+++eh+

t e a p o t 
i c i c l e 
m i r r o r 
s t r i n g 
_ _ _ _ _ _ _ _ 
_ _ _ _ 

1
Before
++++++
++++++
+++d++
+++i++
+++c++
+++e++

t e a p o t 
i c i c l e 
m i r r o r 
s t r i n g 
s h o u l d e r 
_ _ _ _ 

After
++++++
++++++
+++d++
+++i++
+++c++
+++e++

t e a p o t 
i c i c l e 
m i r r o r 
s t r i n g 
s h o u l d e r 
_ _ _ _ 

1
Before
++++++
++++++
+++d++
ng+i++
ri+ce+
st+er+

t e a p o t 
i c i c l e 
m i r r o r 
s h o u l d 
_ _ _ _ _ _ _ _ 
_ _ _ _ 

After
++++++
++++++
+++d++
ng+i++
ri+ce+
st+er+

t e a p o t 
i c i c l e 
m i r r o r 
s h o u l d 
_ _ _ _ _ _ _ _ 
_ _ _ _ 

0
Before
+++de+
+++dr+
+++il+
ng+cu+
ri+os+
st+eh+

t e a p o t 
i c i c l e 
m i r r o r 
_ _ _ _ _ _ 
_ _ _ _ _ _ _ _ 
_ _ _ _ 

After
+++de+
+++dr+
+++il+
ng+cu+
ri+os+
st+eh+

t e a p o t 
i c i c l e 
m i r r o r 
_ _ _ _ _ _ 
_ _ _ _ _ _ _ _ 
_ _ _ _ 

2
Before
+++de+
+++dr+
+++il+
+++cu+
+++os+
+++eh+

t e a p o t 
i c i c l e 
m i r r o r 
s t r i n g 
_ _ _ _ _ _ _ _ 
_ _ _ _ 

After
+++de+
+++dr+
+++il+
+++cu+
+++os+
+++eh+

t e a p o t 
i c i c l e 
m i r r o r 
s t r i n g 
_ _ _ _ _ _ _ _ 
_ _ _ _ 

1
Before
++++++
++++++
+++d++
+++i++
+++c++
+++e++

t e a p o t 
i c i c l e 
m i r r o r 
s t r i n g 
s h o u l d e r 
_ _ _ _ 

After
++++++
++++++
+++d++
+++i++
+++c++
+++e++

t e a p o t 
i c i c l e 
m i r r o r 
s t r i n g 
s h o u l d e r 
_ _ _ _ 

1
Before
++++++
++++++
+++d++
ng+i++
ri+ce+
st+er+

t e a p o t 
i c i c l e 
m i r r o r 
s h o u l d 
_ _ _ _ _ _ _ _ 
_ _ _ _ 

After
++++++
++++++
+++d++
ng+i++
ri+ce+
st+er+

t e a p o t 
i c i c l e 
m i r r o r 
s h o u l d 
_ _ _ _ _ _ _ _ 
_ _ _ _ 

0
Before
+++de+
+++dr+
+++il+
ng+cu+
ri+os+
st+eh+

t e a p o t 
i c i c l e 
m i r r o r 
_ _ _ _ _ _ 
_ _ _ _ _ _ _ _ 
_ _ _ _ 

After
+++de+
+++dr+
+++il+
ng+cu+
ri+os+
st+eh+

t e a p o t 
i c i c l e 
m i r r o r 
_ _ _ _ _ _ 
_ _ _ _ _ _ _ _ 
_ _ _ _ 

2
Before
+++de+
+++dr+
+++il+
+++cu+
+++os+
+++eh+

t e a p o t 
i c i c l e 
m i r r o r 
s t r i n g 
_ _ _ _ _ _ _ _ 
_ _ _ _ 

After
+++de+
+++dr+
+++il+
+++cu+
+++os+
+++eh+

t e a p o t 
i c i c l e 
m i r r o r 
s t r i n g 
_ _ _ _ _ _ _ _ 
_ _ _ _ 

1
Before
++++++
++++++
+++d++
+++i++
+++c++
+++e++

t e a p o t 
i c i c l e 
m i r r o r 
s t r i n g 
s h o u l d e r 
_ _ _ _ 

After
++++++
++++++
+++d++
+++i++
+++c++
+++e++

t e a p o t 
i c i c l e 
m i r r o r 
s t r i n g 
s h o u l d e r 
_ _ _ _ 

1
Before
++++++
++++++
+++d++
ng+i++
ri+ce+
st+er+

t e a p o t 
i c i c l e 
m i r r o r 
s h o u l d 
_ _ _ _ _ _ _ _ 
_ _ _ _ 

After
++++++
++++++
+++d++
ng+i++
ri+ce+
st+er+

t e a p o t 
i c i c l e 
m i r r o r 
s h o u l d 
_ _ _ _ _ _ _ _ 
_ _ _ _ 

0
Before
+++de+
+++dr+
+++il+
ng+cu+
ri+os+
st+eh+

t e a p o t 
i c i c l e 
m i r r o r 
_ _ _ _ _ _ 
_ _ _ _ _ _ _ _ 
_ _ _ _ 

After
+++de+
+++dr+
+++il+
ng+cu+
ri+os+
st+eh+

t e a p o t 
i c i c l e 
m i r r o r 
_ _ _ _ _ _ 
_ _ _ _ _ _ _ _ 
_ _ _ _ 

2
Before
+++de+
+++dr+
+++il+
+++cu+
+++os+
+++eh+

t e a p o t 
i c i c l e 
m i r r o r 
s t r i n g 
_ _ _ _ _ _ _ _ 
_ _ _ _ 

After
+++de+
+++dr+
+++il+
+++cu+
+++os+
+++eh+

t e a p o t 
i c i c l e 
m i r r o r 
s t r i n g 
_ _ _ _ _ _ _ _ 
_ _ _ _ 

1
Before
++++++
++++++
+++d++
+++i++
+++c++
+++e++

t e a p o t 
i c i c l e 
m i r r o r 
s t r i n g 
s h o u l d e r 
_ _ _ _ 

After
++++++
++++++
+++d++
+++i++
+++c++
+++e++

t e a p o t 
i c i c l e 
m i r r o r 
s t r i n g 
s h o u l d e r 
_ _ _ _ 

1
Before
++++++
++++++
+++d++
ng+i++
ri+ce+
st+er+

t e a p o t 
i c i c l e 
m i r r o r 
s h o u l d 
_ _ _ _ _ _ _ _ 
_ _ _ _ 

After
++++++
++++++
+++d++
ng+i++
ri+ce+
st+er+

t e a p o t 
i c i c l e 
m i r r o r 
s h o u l d 
_ _ _ _ _ _ _ _ 
_ _ _ _ 

0
Before
++++++
+++d++
+g+de+
+rocr+
nriol+
rtmeh+

t e a p o t 
i c i c l e 
s i r i u s 
_ _ _ _ _ _ 
_ _ _ _ _ _ _ _ 
_ _ _ _ 

After
++++++
+++d++
+g+de+
+rocr+
nriol+
rtmeh+

t e a p o t 
i c i c l e 
s i r i u s 
_ _ _ _ _ _ 
_ _ _ _ _ _ _ _ 
_ _ _ _ 

7
Before
++++++
++++++
+g++++
+r++++
nricr+
rtmel+

t e a p o t 
i c i c l e 
s i r i u s 
h o o d e d 
_ _ _ _ _ _ _ _ 
_ _ _ _ 

After
++++++
++++++
+g++++
+r++++
nricr+
rtmel+

t e a p o t 
i c i c l e 
s i r i u s 
h o o d e d 
_ _ _ _ _ _ _ _ 
_ _ _ _ 

0
Before
++++++
++++++
+++d++
+++cr+
ng+ol+
rrmeh+

t e a p o t 
i c i c l e 
s i r i u s 
t r i o d e 
_ _ _ _ _ _ _ _ 
_ _ _ _ 

After
++++++
++++++
+++d++
+++cr+
ng+ol+
rrmeh+

t e a p o t 
i c i c l e 
s i r i u s 
t r i o d e 
_ _ _ _ _ _ _ _ 
_ _ _ _ 

0
Before
++++++
++++++
+g++++
+ro+++
nric++
rtmeh+

t e a p o t 
i c i c l e 
s i r i u s 
l o r d e d 
_ _ _ _ _ _ _ _ 
_ _ _ _ 

After
++++++
++++++
+g++++
+ro+++
nric++
rtmeh+

t e a p o t 
i c i c l e 
s i r i u s 
l o r d e d 
_ _ _ _ _ _ _ _ 
_ _ _ _ 

0
Before
++++++
++++++
+g++++
+ro+++
nri+l+
rtmeh+

t e a p o t 
i c i c l e 
s i r i u s 
c o r d e d 
_ _ _ _ _ _ _ _ 
_ _ _ _ 

After
++++++
++++++
+g++++
+ro+++
nri+l+
rtmeh+

t e a p o t 
i c i c l e 
s i r i u s 
c o r d e d 
_ _ _ _ _ _ _ _ 
_ _ _ _ 

0
Before
++++++
++++++
++++++
+g++e+
nrodr+
rtmdl+

t e a p o t 
i c i c l e 
s i r i u s 
c o h e i r 
_ _ _ _ _ _ _ _ 
_ _ _ _ 

After
++++++
++++++
++++++
+g++e+
nrodr+
rtmdl+

t e a p o t 
i c i c l e 
s i r i u s 
c o h e i r 
_ _ _ _ _ _ _ _ 
_ _ _ _ 

0
Before
++++++
++++++
++++++
+g++e+
nrodr+
rtmdl+

t e a p o t 
i c i c l e 
s i r i u s 
c o h e i r 
_ _ _ _ _ _ _ _ 
_ _ _ _ 

After
++++++
++++++
++++++
+g++e+
nrodr+
rtmdl+

t e a p o t 
i c i c l e 
s i r i u s 
c o h e i r 
_ _ _ _ _ _ _ _ 
_ _ _ _ 

0
Before
++++++
++++++
+++d++
+++d++
nriol+
rtmeh+

t e a p o t 
i c i c l e 
s i r i u s 
g r o c e r 
_ _ _ _ _ _ _ _ 
_ _ _ _ 

After
++++++
++++++
+++d++
+++d++
nriol+
rtmeh+

t e a p o t 
i c i c l e 
s i r i u s 
g r o c e r 
_ _ _ _ _ _ _ _ 
_ _ _ _ 

0
Before
++++++
+g++++
+rod++
nrri++
riice+
stmer+

t e a p o t 
i c i c l e 
s h o u l d 
_ _ _ _ _ _ 
_ _ _ _ _ _ _ _ 
_ _ _ _ 

After
++++++
+g++++
+rod++
nrri++
riice+
stmer+

t e a p o t 
i c i c l e 
s h o u l d 
_ _ _ _ _ _ 
_ _ _ _ _ _ _ _ 
_ _ _ _ 

13
Before
++++++
++++++
++++++
+god++
nrri++
rrice+

t e a p o t 
i c i c l e 
s h o u l d 
r e m i t s 
_ _ _ _ _ _ _ _ 
_ _ _ _ 

After
++++++
++++++
++++++
+god++
nrri++
rrice+

t e a p o t 
i c i c l e 
s h o u l d 
r e m i t s 
_ _ _ _ _ _ _ _ 
_ _ _ _ 

0
Before
++++++
++++++
+g++++
+r+d++
nroi++
rirce+

t e a p o t 
i c i c l e 
s h o u l d 
r e m i t s 
_ _ _ _ _ _ _ _ 
_ _ _ _ 

After
++++++
++++++
+g++++
+r+d++
nroi++
rirce+

t e a p o t 
i c i c l e 
s h o u l d 
r e m i t s 
_ _ _ _ _ _ _ _ 
_ _ _ _ 

0
Before
++++++
++++++
+++d++
n++i++
rg+ce+
stier+

t e a p o t 
i c i c l e 
s h o u l d 
m i r r o r 
_ _ _ _ _ _ _ _ 
_ _ _ _ 

After
++++++
++++++
+++d++
n++i++
rg+ce+
stier+

t e a p o t 
i c i c l e 
s h o u l d 
m i r r o r 
_ _ _ _ _ _ _ _ 
_ _ _ _ 

0
Before
++++++
++++++
+++d++
n++i++
rg+ce+
stier+

t e a p o t 
i c i c l e 
s h o u l d 
m i r r o r 
_ _ _ _ _ _ _ _ 
_ _ _ _ 

After
++++++
++++++
+++d++
n++i++
rg+ce+
stier+

t e a p o t 
i c i c l e 
s h o u l d 
m i r r o r 
_ _ _ _ _ _ _ _ 
_ _ _ _ 

0
Before
++++++
++++++
+++d++
+++i++
ngrce+
stier+

t e a p o t 
i c i c l e 
s h o u l d 
m i r r o r 
_ _ _ _ _ _ _ _ 
_ _ _ _ 

After
++++++
++++++
+++d++
+++i++
ngrce+
stier+

t e a p o t 
i c i c l e 
s h o u l d 
m i r r o r 
_ _ _ _ _ _ _ _ 
_ _ _ _ 

0
Before
++++++
++++++
+++d++
+g+i++
nr+ce+
stier+

t e a p o t 
i c i c l e 
s h o u l d 
m i r r o r 
_ _ _ _ _ _ _ _ 
_ _ _ _ 

After
++++++
++++++
+++d++
+g+i++
nr+ce+
stier+

t e a p o t 
i c i c l e 
s h o u l d 
m i r r o r 
_ _ _ _ _ _ _ _ 
_ _ _ _ 

0
Before
++++++
++++++
+++d++
n++i++
rg+ce+
stier+

t e a p o t 
i c i c l e 
s h o u l d 
m i r r o r 
_ _ _ _ _ _ _ _ 
_ _ _ _ 

After
++++++
++++++
+++d++
n++i++
rg+ce+
stier+

t e a p o t 
i c i c l e 
s h o u l d 
m i r r o r 
_ _ _ _ _ _ _ _ 
_ _ _ _ 

0
Before
++++++
++++++
+++d++
n++i++
rg+ce+
stier+

t e a p o t 
i c i c l e 
s h o u l d 
m i r r o r 
_ _ _ _ _ _ _ _ 
_ _ _ _ 

After
++++++
++++++
+++d++
n++i++
rg+ce+
stier+

t e a p o t 
i c i c l e 
s h o u l d 
m i r r o r 
_ _ _ _ _ _ _ _ 
_ _ _ _ 

0
Before
++++++
++++++
+++d++
ng+i++
ri+ce+
st+er+

t e a p o t 
i c i c l e 
s h o u l d 
m i r r o r 
_ _ _ _ _ _ _ _ 
_ _ _ _ 

After
++++++
++++++
+++d++
ng+i++
ri+ce+
st+er+

t e a p o t 
i c i c l e 
s h o u l d 
m i r r o r 
_ _ _ _ _ _ _ _ 
_ _ _ _ 

0
Before
++++++
++++++
+++d++
ng+i++
ri+ce+
st+er+

t e a p o t 
i c i c l e 
s h o u l d 
m i r r o r 
_ _ _ _ _ _ _ _ 
_ _ _ _ 

After
++++++
++++++
+++d++
ng+i++
ri+ce+
st+er+

t e a p o t 
i c i c l e 
s h o u l d 
m i r r o r 
_ _ _ _ _ _ _ _ 
_ _ _ _ 

0
Before
++++++
++++++
+++d++
ng+i++
ri+ce+
st+er+

t e a p o t 
i c i c l e 
s h o u l d 
m i r r o r 
_ _ _ _ _ _ _ _ 
_ _ _ _ 

After
++++++
++++++
+++d++
ng+i++
ri+ce+
st+er+

t e a p o t 
i c i c l e 
s h o u l d 
m i r r o r 
_ _ _ _ _ _ _ _ 
_ _ _ _ 

0
Before
++++++
++++++
+++d++
ng+i++
ri+ce+
st+er+

t e a p o t 
i c i c l e 
s h o u l d 
m i r r o r 
_ _ _ _ _ _ _ _ 
_ _ _ _ 

After
++++++
++++++
+++d++
ng+i++
ri+ce+
st+er+

t e a p o t 
i c i c l e 
s h o u l d 
m i r r o r 
_ _ _ _ _ _ _ _ 
_ _ _ _ 

0
Before
++++++
+g++++
+r++++
nro+++
rir+++
stm+e+

t e a p o t 
i c i c l e 
s h o u l d 
d i c i e r 
_ _ _ _ _ _ _ _ 
_ _ _ _ 

After
++++++
+g++++
+r++++
nro+++
rir+++
stm+e+

t e a p o t 
i c i c l e 
s h o u l d 
d i c i e r 
_ _ _ _ _ _ _ _ 
_ _ _ _ 

0
Before
++++++
++++e+
+g+dr+
nr+dl+
rroiu+
stioh+

t e a p o t 
i c i c l e 
c r i m e s 
_ _ _ _ _ _ 
_ _ _ _ _ _ _ _ 
_ _ _ _ 

After
++++++
++++e+
+g+dr+
nr+dl+
rroiu+
stioh+

t e a p o t 
i c i c l e 
c r i m e s 
_ _ _ _ _ _ 
_ _ _ _ _ _ _ _ 
_ _ _ _ 

0
Before
++++++
+g++e+
+r+dr+
nr+dl+
ri+iu+
stooh+

t e a p o t 
i c i c l e 
c r i m e s 
_ _ _ _ _ _ 
_ _ _ _ _ _ _ _ 
_ _ _ _ 

After
++++++
+g++e+
+r+dr+
nr+dl+
ri+iu+
stooh+

t e a p o t 
i c i c l e 
c r i m e s 
_ _ _ _ _ _ 
_ _ _ _ _ _ _ _ 
_ _ _ _ 

0
Before
++++++
++++e+
+g++r+
nrodl+
rirdu+
stmis+

t e a p o t 
i c i c l e 
c o h e i r 
_ _ _ _ _ _ 
_ _ _ _ _ _ _ _ 
_ _ _ _ 

After
++++++
++++e+
+g++r+
nrodl+
rirdu+
stmis+

t e a p o t 
i c i c l e 
c o h e i r 
_ _ _ _ _ _ 
_ _ _ _ _ _ _ _ 
_ _ _ _ 

7
Before
++++++
++++++
++++e+
++++r+
rrodl+
stmdu+

t e a p o t 
i c i c l e 
c o h e i r 
s i r i n g 
_ _ _ _ _ _ _ _ 
_ _ _ _ 

After
++++++
++++++
++++e+
++++r+
rrodl+
stmdu+

t e a p o t 
i c i c l e 
c o h e i r 
s i r i n g 
_ _ _ _ _ _ _ _ 
_ _ _ _ 

0
Before
++++++
++++e+
++++r+
+++dl+
ng+du+
st+is+

t e a p o t 
i c i c l e 
c o h e i r 
m i r r o r 
_ _ _ _ _ _ _ _ 
_ _ _ _ 

After
++++++
++++e+
++++r+
+++dl+
ng+du+
st+is+

t e a p o t 
i c i c l e 
c o h e i r 
m i r r o r 
_ _ _ _ _ _ _ _ 
_ _ _ _ 

0
Before
++++++
++++++
++++++
+g++e+
nrodr+
rtmdl+

t e a p o t 
i c i c l e 
c o h e i r 
s i r i u s 
_ _ _ _ _ _ _ _ 
_ _ _ _ 

After
++++++
++++++
++++++
+g++e+
nrodr+
rtmdl+

t e a p o t 
i c i c l e 
c o h e i r 
s i r i u s 
_ _ _ _ _ _ _ _ 
_ _ _ _ 

0
Before
++++++
++++e+
++++r+
+++dl+
++odu+
rrmis+

t e a p o t 
i c i c l e 
c o h e i r 
s t r i n g 
_ _ _ _ _ _ _ _ 
_ _ _ _ 

After
++++++
++++e+
++++r+
+++dl+
++odu+
rrmis+

t e a p o t 
i c i c l e 
c o h e i r 
s t r i n g 
_ _ _ _ _ _ _ _ 
_ _ _ _ 

0
Before
++++++
++++e+
++++r+
++odl+
++rdu+
+rmis+

t e a p o t 
i c i c l e 
c o h e i r 
s t r i n g 
_ _ _ _ _ _ _ _ 
_ _ _ _ 

After
++++++
++++e+
++++r+
++odl+
++rdu+
+rmis+

t e a p o t 
i c i c l e 
c o h e i r 
s t r i n g 
_ _ _ _ _ _ _ _ 
_ _ _ _ 

0
Before
++++++
++++e+
++++r+
+g++l+
rr+du+
st+is+

t e a p o t 
i c i c l e 
c o h e i r 
n i m r o d 
_ _ _ _ _ _ _ _ 
_ _ _ _ 

After
++++++
++++e+
++++r+
+g++l+
rr+du+
st+is+

t e a p o t 
i c i c l e 
c o h e i r 
n i m r o d 
_ _ _ _ _ _ _ _ 
_ _ _ _ 

0
Before
++++++
++++e+
++++r+
+g++l+
rr+du+
st+is+

t e a p o t 
i c i c l e 
c o h e i r 
n i m r o d 
_ _ _ _ _ _ _ _ 
_ _ _ _ 

After
++++++
++++e+
++++r+
+g++l+
rr+du+
st+is+

t e a p o t 
i c i c l e 
c o h e i r 
n i m r o d 
_ _ _ _ _ _ _ _ 
_ _ _ _ 

0
Before
++++++
+g++e+
+r++r+
nr+dl+
riodu+
stmis+

t e a p o t 
i c i c l e 
c o h e i r 
_ _ _ _ _ _ 
_ _ _ _ _ _ _ _ 
_ _ _ _ 

After
++++++
+g++e+
+r++r+
nr+dl+
riodu+
stmis+

t e a p o t 
i c i c l e 
c o h e i r 
_ _ _ _ _ _ 
_ _ _ _ _ _ _ _ 
_ _ _ _ 

1
Before
++++++
++++e+
++++r+
+g+dl+
+r+du+
nt+is+

t e a p o t 
i c i c l e 
c o h e i r 
m o r r i s 
_ _ _ _ _ _ _ _ 
_ _ _ _ 

After
++++++
++++e+
++++r+
+g+dl+
+r+du+
nt+is+

t e a p o t 
i c i c l e 
c o h e i r 
m o r r i s 
_ _ _ _ _ _ _ _ 
_ _ _ _ 

0
Before
++++++
n+ode+
rgrdr+
eriil+
lrmcu+
sicoh+

t e a p o t 
c i t i e s 
_ _ _ _ _ _ 
_ _ _ _ _ _ 
_ _ _ _ _ _ _ _ 
_ _ _ _ 

After
++++++
n+ode+
rgrdr+
eriil+
lrmcu+
sicoh+

t e a p o t 
c i t i e s 
_ _ _ _ _ _ 
_ _ _ _ _ _ 
_ _ _ _ _ _ _ _ 
_ _ _ _ 

5
Before
++++++
n+++++
rgo+++
errd++
lricu+
sicoh+

t e a p o t 
c i t i e s 
m i l d e r 
_ _ _ _ _ _ 
_ _ _ _ _ _ _ _ 
_ _ _ _ 

After
++++++
n+++++
rgo+++
errd++
lricu+
sicoh+

t e a p o t 
c i t i e s 
m i l d e r 
_ _ _ _ _ _ 
_ _ _ _ _ _ _ _ 
_ _ _ _ 

1
Before
++++++
++++++
n+++++
rgo+++
err+++
licdu+

t e a p o t 
c i t i e s 
m i l d e r 
c h o i r s 
_ _ _ _ _ _ _ _ 
_ _ _ _ 

After
++++++
++++++
n+++++
rgo+++
err+++
licdu+

t e a p o t 
c i t i e s 
m i l d e r 
c h o i r s 
_ _ _ _ _ _ _ _ 
_ _ _ _ 

0
Before
++++++
n+++++
r+++r+
eroil+
lrmcu+
sicoh+

t e a p o t 
c i t i e s 
g i r d e d 
_ _ _ _ _ _ 
_ _ _ _ _ _ _ _ 
_ _ _ _ 

After
++++++
n+++++
r+++r+
eroil+
lrmcu+
sicoh+

t e a p o t 
c i t i e s 
g i r d e d 
_ _ _ _ _ _ 
_ _ _ _ _ _ _ _ 
_ _ _ _ 

3
Before
++++++
++++++
++++r+
n+++l+
r+miu+
licoh+

t e a p o t 
c i t i e s 
g i r d e d 
c o r e r s 
_ _ _ _ _ _ _ _ 
_ _ _ _ 

After
++++++
++++++
++++r+
n+++l+
r+miu+
licoh+

t e a p o t 
c i t i e s 
g i r d e d 
c o r e r s 
_ _ _ _ _ _ _ _ 
_ _ _ _ 

0
Before
++++++
++++++
n+++r+
r++il+
e++cu+
l+coh+

t e a p o t 
c i t i e s 
g i r d e d 
m o r r i s 
_ _ _ _ _ _ _ _ 
_ _ _ _ 

After
++++++
++++++
n+++r+
r++il+
e++cu+
l+coh+

t e a p o t 
c i t i e s 
g i r d e d 
m o r r i s 
_ _ _ _ _ _ _ _ 
_ _ _ _ 

0
Before
++++++
++++++
++++r+
+++il+
n+mcu+
licoh+

t e a p o t 
c i t i e s 
g i r d e d 
e r r o r s 
_ _ _ _ _ _ _ _ 
_ _ _ _ 

After
++++++
++++++
++++r+
+++il+
n+mcu+
licoh+

t e a p o t 
c i t i e s 
g i r d e d 
e r r o r s 
_ _ _ _ _ _ _ _ 
_ _ _ _ 

0
Before
++++++
n+++++
r++d++
eroil+
lrmcu+
sicoh+

t e a p o t 
c i t i e s 
g i r d e r 
_ _ _ _ _ _ 
_ _ _ _ _ _ _ _ 
_ _ _ _ 

After
++++++
n+++++
r++d++
eroil+
lrmcu+
sicoh+

t e a p o t 
c i t i e s 
g i r d e r 
_ _ _ _ _ _ 
_ _ _ _ _ _ _ _ 
_ _ _ _ 

3
Before
++++++
++++++
++++++
n++dl+
r+miu+
licoh+

t e a p o t 
c i t i e s 
g i r d e r 
c o r e r s 
_ _ _ _ _ _ _ _ 
_ _ _ _ 

After
++++++
++++++
++++++
n++dl+
r+miu+
licoh+

t e a p o t 
c i t i e s 
g i r d e r 
c o r e r s 
_ _ _ _ _ _ _ _ 
_ _ _ _ 

0
Before
++++++
++++++
n++d++
r++il+
e++cu+
l+coh+

t e a p o t 
c i t i e s 
g i r d e r 
m o r r i s 
_ _ _ _ _ _ _ _ 
_ _ _ _ 

After
++++++
++++++
n++d++
r++il+
e++cu+
l+coh+

t e a p o t 
c i t i e s 
g i r d e r 
m o r r i s 
_ _ _ _ _ _ _ _ 
_ _ _ _ 

0
Before
++++++
++++++
+++d++
+++il+
n+mcu+
licoh+

t e a p o t 
c i t i e s 
g i r d e r 
e r r o r s 
_ _ _ _ _ _ _ _ 
_ _ _ _ 

After
++++++
++++++
+++d++
+++il+
n+mcu+
licoh+

t e a p o t 
c i t i e s 
g i r d e r 
e r r o r s 
_ _ _ _ _ _ _ _ 
_ _ _ _ 

0
Before
++++++
n+++++
r+++r+
eroil+
lrmcu+
sicoh+

t e a p o t 
c i t i e s 
g i r d e d 
_ _ _ _ _ _ 
_ _ _ _ _ _ _ _ 
_ _ _ _ 

After
++++++
n+++++
r+++r+
eroil+
lrmcu+
sicoh+

t e a p o t 
c i t i e s 
g i r d e d 
_ _ _ _ _ _ 
_ _ _ _ _ _ _ _ 
_ _ _ _ 

3
Before
++++++
++++++
++++r+
n+++l+
r+miu+
licoh+

t e a p o t 
c i t i e s 
g i r d e d 
c o r e r s 
_ _ _ _ _ _ _ _ 
_ _ _ _ 

After
++++++
++++++
++++r+
n+++l+
r+miu+
licoh+

t e a p o t 
c i t i e s 
g i r d e d 
c o r e r s 
_ _ _ _ _ _ _ _ 
_ _ _ _ 

0
Before
++++++
++++++
n+++r+
r++il+
e++cu+
l+coh+

t e a p o t 
c i t i e s 
g i r d e d 
m o r r i s 
_ _ _ _ _ _ _ _ 
_ _ _ _ 

After
++++++
++++++
n+++r+
r++il+
e++cu+
l+coh+

t e a p o t 
c i t i e s 
g i r d e d 
m o r r i s 
_ _ _ _ _ _ _ _ 
_ _ _ _ 

0
Before
++++++
++++++
++++r+
+++il+
n+mcu+
licoh+

t e a p o t 
c i t i e s 
g i r d e d 
e r r o r s 
_ _ _ _ _ _ _ _ 
_ _ _ _ 

After
++++++
++++++
++++r+
+++il+
n+mcu+
licoh+

t e a p o t 
c i t i e s 
g i r d e d 
e r r o r s 
_ _ _ _ _ _ _ _ 
_ _ _ _ 

0
Before
++++++
n+++++
r++d++
eroil+
lrmcu+
sicoh+

t e a p o t 
c i t i e s 
g i r d e r 
_ _ _ _ _ _ 
_ _ _ _ _ _ _ _ 
_ _ _ _ 

After
++++++
n+++++
r++d++
eroil+
lrmcu+
sicoh+

t e a p o t 
c i t i e s 
g i r d e r 
_ _ _ _ _ _ 
_ _ _ _ _ _ _ _ 
_ _ _ _ 

3
Before
++++++
++++++
++++++
n++dl+
r+miu+
licoh+

t e a p o t 
c i t i e s 
g i r d e r 
c o r e r s 
_ _ _ _ _ _ _ _ 
_ _ _ _ 

After
++++++
++++++
++++++
n++dl+
r+miu+
licoh+

t e a p o t 
c i t i e s 
g i r d e r 
c o r e r s 
_ _ _ _ _ _ _ _ 
_ _ _ _ 

0
Before
++++++
++++++
n++d++
r++il+
e++cu+
l+coh+

t e a p o t 
c i t i e s 
g i r d e r 
m o r r i s 
_ _ _ _ _ _ _ _ 
_ _ _ _ 

After
++++++
++++++
n++d++
r++il+
e++cu+
l+coh+

t e a p o t 
c i t i e s 
g i r d e r 
m o r r i s 
_ _ _ _ _ _ _ _ 
_ _ _ _ 

0
Before
++++++
++++++
+++d++
+++il+
n+mcu+
licoh+

t e a p o t 
c i t i e s 
g i r d e r 
e r r o r s 
_ _ _ _ _ _ _ _ 
_ _ _ _ 

After
++++++
++++++
+++d++
+++il+
n+mcu+
licoh+

t e a p o t 
c i t i e s 
g i r d e r 
e r r o r s 
_ _ _ _ _ _ _ _ 
_ _ _ _ 

0
Before
++++e+
+godr+
+rrdl+
nimiu+
rtios+
siceh+

t e a p o t 
c l e r i c 
_ _ _ _ _ _ 
_ _ _ _ _ _ 
_ _ _ _ _ _ _ _ 
_ _ _ _ 

After
++++e+
+godr+
+rrdl+
nimiu+
rtios+
siceh+

t e a p o t 
c l e r i c 
_ _ _ _ _ _ 
_ _ _ _ _ _ 
_ _ _ _ _ _ _ _ 
_ _ _ _ 

13
Before
++++++
++++e+
+++dr+
ngodl+
rrriu+
simoh+

t e a p o t 
c l e r i c 
c i t i e s 
_ _ _ _ _ _ 
_ _ _ _ _ _ _ _ 
_ _ _ _ 

After
++++++
++++e+
+++dr+
ngodl+
rrriu+
simoh+

t e a p o t 
c l e r i c 
c i t i e s 
_ _ _ _ _ _ 
_ _ _ _ _ _ _ _ 
_ _ _ _ 

3
Before
++++++
++++++
++++++
ng++++
rrodu+
siroh+

t e a p o t 
c l e r i c 
c i t i e s 
m i l d e r 
_ _ _ _ _ _ _ _ 
_ _ _ _ 

After
++++++
++++++
++++++
ng++++
rrodu+
siroh+

t e a p o t 
c l e r i c 
c i t i e s 
m i l d e r 
_ _ _ _ _ _ _ _ 
_ _ _ _ 

0
Before
++++++
++++e+
+++dr+
+++dl+
n++iu+
sg+oh+

t e a p o t 
c l e r i c 
c i t i e s 
m i r r o r 
_ _ _ _ _ _ _ _ 
_ _ _ _ 

After
++++++
++++e+
+++dr+
+++dl+
n++iu+
sg+oh+

t e a p o t 
c l e r i c 
c i t i e s 
m i r r o r 
_ _ _ _ _ _ _ _ 
_ _ _ _ 

0
Before
++++++
++++e+
++++r+
+++dl+
n++du+
rgoih+

t e a p o t 
c l e r i c 
c i t i e s 
m o r r i s 
_ _ _ _ _ _ _ _ 
_ _ _ _ 

After
++++++
++++e+
++++r+
+++dl+
n++du+
rgoih+

t e a p o t 
c l e r i c 
c i t i e s 
m o r r i s 
_ _ _ _ _ _ _ _ 
_ _ _ _ 

0
Before
++++++
+go+++
+rr+++
nimd++
rtiie+
sicer+

t e a p o t 
c l e r i c 
s h o u l d 
_ _ _ _ _ _ 
_ _ _ _ _ _ _ _ 
_ _ _ _ 

After
++++++
+go+++
+rr+++
nimd++
rtiie+
sicer+

t e a p o t 
c l e r i c 
s h o u l d 
_ _ _ _ _ _ 
_ _ _ _ _ _ _ _ 
_ _ _ _ 

11
Before
++++++
++++++
+g++++
+ro+++
niri++
rimer+

t e a p o t 
c l e r i c 
s h o u l d 
e d i c t s 
_ _ _ _ _ _ _ _ 
_ _ _ _ 

After
++++++
++++++
+g++++
+ro+++
niri++
rimer+

t e a p o t 
c l e r i c 
s h o u l d 
e d i c t s 
_ _ _ _ _ _ _ _ 
_ _ _ _ 

0
Before
++++++
++++++
+go+++
+rr+++
nim+++
riier+

t e a p o t 
c l e r i c 
s h o u l d 
e d i c t s 
_ _ _ _ _ _ _ _ 
_ _ _ _ 

After
++++++
++++++
+go+++
+rr+++
nim+++
riier+

t e a p o t 
c l e r i c 
s h o u l d 
e d i c t s 
_ _ _ _ _ _ _ _ 
_ _ _ _ 

0
Before
++++++
++++++
+go+++
+rr+++
nimd++
riii++

t e a p o t 
c l e r i c 
s h o u l d 
e r e c t s 
_ _ _ _ _ _ _ _ 
_ _ _ _ 

After
++++++
++++++
+go+++
+rr+++
nimd++
riii++

t e a p o t 
c l e r i c 
s h o u l d 
e r e c t s 
_ _ _ _ _ _ _ _ 
_ _ _ _ 

0
Before
++++++
++++++
+go+++
nrr+++
rim+++
sice++

t e a p o t 
c l e r i c 
s h o u l d 
t i d i e r 
_ _ _ _ _ _ _ _ 
_ _ _ _ 

After
++++++
++++++
+go+++
nrr+++
rim+++
sice++

t e a p o t 
c l e r i c 
s h o u l d 
t i d i e r 
_ _ _ _ _ _ _ _ 
_ _ _ _ 

0
Before
++++++
++++++
+go+++
nrr+++
rim+++
sic+e+

t e a p o t 
c l e r i c 
s h o u l d 
t i d i e r 
_ _ _ _ _ _ _ _ 
_ _ _ _ 

After
++++++
++++++
+go+++
nrr+++
rim+++
sic+e+

t e a p o t 
c l e r i c 
s h o u l d 
t i d i e r 
_ _ _ _ _ _ _ _ 
_ _ _ _ 

0
Before
++++++
++++++
+go+++
nrr+++
rim+++
sici++

t e a p o t 
c l e r i c 
s h o u l d 
t i e r e d 
_ _ _ _ _ _ _ _ 
_ _ _ _ 

After
++++++
++++++
+go+++
nrr+++
rim+++
sici++

t e a p o t 
c l e r i c 
s h o u l d 
t i e r e d 
_ _ _ _ _ _ _ _ 
_ _ _ _ 

0
Before
++++++
+g++++
+r++++
nio+++
rtr+++
sime++

t e a p o t 
c l e r i c 
s h o u l d 
d i c i e r 
_ _ _ _ _ _ _ _ 
_ _ _ _ 

After
++++++
+g++++
+r++++
nio+++
rtr+++
sime++

t e a p o t 
c l e r i c 
s h o u l d 
d i c i e r 
_ _ _ _ _ _ _ _ 
_ _ _ _ 

0
Before
++++++
+g++++
+r++++
nio+++
rtr+++
sim+e+

t e a p o t 
c l e r i c 
s h o u l d 
d i c i e r 
_ _ _ _ _ _ _ _ 
_ _ _ _ 

After
++++++
+g++++
+r++++
nio+++
rtr+++
sim+e+

t e a p o t 
c l e r i c 
s h o u l d 
d i c i e r 
_ _ _ _ _ _ _ _ 
_ _ _ _ 

0
Before
++++++
+g++++
+r++++
nio+++
rtr+++
sim+e+

t e a p o t 
c l e r i c 
s h o u l d 
d i c i e r 
_ _ _ _ _ _ _ _ 
_ _ _ _ 

After
++++++
+g++++
+r++++
nio+++
rtr+++
sim+e+

t e a p o t 
c l e r i c 
s h o u l d 
d i c i e r 
_ _ _ _ _ _ _ _ 
_ _ _ _ 

0
Before
++++++
++++++
+go+++
nrr+++
rim+++
sii+e+

t e a p o t 
c l e r i c 
s h o u l d 
d i r e c t 
_ _ _ _ _ _ _ _ 
_ _ _ _ 

After
++++++
++++++
+go+++
nrr+++
rim+++
sii+e+

t e a p o t 
c l e r i c 
s h o u l d 
d i r e c t 
_ _ _ _ _ _ _ _ 
_ _ _ _ 

0
Before
++++++
++++++
++o+++
++rd++
+gmie+
srier+

t e a p o t 
c l e r i c 
s h o u l d 
n i t r i c 
_ _ _ _ _ _ _ _ 
_ _ _ _ 

After
++++++
++++++
++o+++
++rd++
+gmie+
srier+

t e a p o t 
c l e r i c 
s h o u l d 
n i t r i c 
_ _ _ _ _ _ _ _ 
_ _ _ _ 

0
Before
++++++
+go+++
+rr+++
nimd++
rtiie+
sicer+

t e a p o t 
c l e r i c 
s h o u l d 
_ _ _ _ _ _ 
_ _ _ _ _ _ _ _ 
_ _ _ _ 

After
++++++
+go+++
+rr+++
nimd++
rtiie+
sicer+

t e a p o t 
c l e r i c 
s h o u l d 
_ _ _ _ _ _ 
_ _ _ _ _ _ _ _ 
_ _ _ _ 

11
Before
++++++
++++++
+g++++
+ro+++
niri++
rimer+

t e a p o t 
c l e r i c 
s h o u l d 
e d i c t s 
_ _ _ _ _ _ _ _ 
_ _ _ _ 

After
++++++
++++++
+g++++
+ro+++
niri++
rimer+

t e a p o t 
c l e r i c 
s h o u l d 
e d i c t s 
_ _ _ _ _ _ _ _ 
_ _ _ _ 

0
Before
++++++
++++++
+go+++
+rr+++
nim+++
riier+

t e a p o t 
c l e r i c 
s h o u l d 
e d i c t s 
_ _ _ _ _ _ _ _ 
_ _ _ _ 

After
++++++
++++++
+go+++
+rr+++
nim+++
riier+

t e a p o t 
c l e r i c 
s h o u l d 
e d i c t s 
_ _ _ _ _ _ _ _ 
_ _ _ _ 

0
Before
++++++
++++++
+go+++
+rr+++
nimd++
riii++

t e a p o t 
c l e r i c 
s h o u l d 
e r e c t s 
_ _ _ _ _ _ _ _ 
_ _ _ _ 

After
++++++
++++++
+go+++
+rr+++
nimd++
riii++

t e a p o t 
c l e r i c 
s h o u l d 
e r e c t s 
_ _ _ _ _ _ _ _ 
_ _ _ _ 

0
Before
++++++
++++++
+go+++
nrr+++
rim+++
sice++

t e a p o t 
c l e r i c 
s h o u l d 
t i d i e r 
_ _ _ _ _ _ _ _ 
_ _ _ _ 

After
++++++
++++++
+go+++
nrr+++
rim+++
sice++

t e a p o t 
c l e r i c 
s h o u l d 
t i d i e r 
_ _ _ _ _ _ _ _ 
_ _ _ _ 

0
Before
++++++
++++++
+go+++
nrr+++
rim+++
sic+e+

t e a p o t 
c l e r i c 
s h o u l d 
t i d i e r 
_ _ _ _ _ _ _ _ 
_ _ _ _ 

After
++++++
++++++
+go+++
nrr+++
rim+++
sic+e+

t e a p o t 
c l e r i c 
s h o u l d 
t i d i e r 
_ _ _ _ _ _ _ _ 
_ _ _ _ 

0
Before
++++++
++++++
+go+++
nrr+++
rim+++
sici++

t e a p o t 
c l e r i c 
s h o u l d 
t i e r e d 
_ _ _ _ _ _ _ _ 
_ _ _ _ 

After
++++++
++++++
+go+++
nrr+++
rim+++
sici++

t e a p o t 
c l e r i c 
s h o u l d 
t i e r e d 
_ _ _ _ _ _ _ _ 
_ _ _ _ 

0
Before
++++++
+g++++
+r++++
nio+++
rtr+++
sime++

t e a p o t 
c l e r i c 
s h o u l d 
d i c i e r 
_ _ _ _ _ _ _ _ 
_ _ _ _ 

After
++++++
+g++++
+r++++
nio+++
rtr+++
sime++

t e a p o t 
c l e r i c 
s h o u l d 
d i c i e r 
_ _ _ _ _ _ _ _ 
_ _ _ _ 

0
Before
++++++
+g++++
+r++++
nio+++
rtr+++
sim+e+

t e a p o t 
c l e r i c 
s h o u l d 
d i c i e r 
_ _ _ _ _ _ _ _ 
_ _ _ _ 

After
++++++
+g++++
+r++++
nio+++
rtr+++
sim+e+

t e a p o t 
c l e r i c 
s h o u l d 
d i c i e r 
_ _ _ _ _ _ _ _ 
_ _ _ _ 

0
Before
++++++
+g++++
+r++++
nio+++
rtr+++
sim+e+

t e a p o t 
c l e r i c 
s h o u l d 
d i c i e r 
_ _ _ _ _ _ _ _ 
_ _ _ _ 

After
++++++
+g++++
+r++++
nio+++
rtr+++
sim+e+

t e a p o t 
c l e r i c 
s h o u l d 
d i c i e r 
_ _ _ _ _ _ _ _ 
_ _ _ _ 

0
Before
++++++
++++++
+go+++
nrr+++
rim+++
sii+e+

t e a p o t 
c l e r i c 
s h o u l d 
d i r e c t 
_ _ _ _ _ _ _ _ 
_ _ _ _ 

After
++++++
++++++
+go+++
nrr+++
rim+++
sii+e+

t e a p o t 
c l e r i c 
s h o u l d 
d i r e c t 
_ _ _ _ _ _ _ _ 
_ _ _ _ 

0
Before
++++++
++++++
++o+++
++rd++
+gmie+
srier+

t e a p o t 
c l e r i c 
s h o u l d 
n i t r i c 
_ _ _ _ _ _ _ _ 
_ _ _ _ 

After
++++++
++++++
++o+++
++rd++
+gmie+
srier+

t e a p o t 
c l e r i c 
s h o u l d 
n i t r i c 
_ _ _ _ _ _ _ _ 
_ _ _ _ 

0
Before
++++++
+g++++
+ro+++
nirdu+
rtios+
siceh+

t e a p o t 
c l e r i c 
m i l d e r 
_ _ _ _ _ _ 
_ _ _ _ _ _ _ _ 
_ _ _ _ 

After
++++++
+g++++
+ro+++
nirdu+
rtios+
siceh+

t e a p o t 
c l e r i c 
m i l d e r 
_ _ _ _ _ _ 
_ _ _ _ _ _ _ _ 
_ _ _ _ 

7
Before
++++++
+g++++
+r++++
ni++++
rt++u+
siods+

t e a p o t 
c l e r i c 
m i l d e r 
c o h e i r 
_ _ _ _ _ _ _ _ 
_ _ _ _ 

After
++++++
+g++++
+r++++
ni++++
rt++u+
siods+

t e a p o t 
c l e r i c 
m i l d e r 
c o h e i r 
_ _ _ _ _ _ _ _ 
_ _ _ _ 

0
Before
++++++
++++++
++++++
ng++++
rrodu+
siroh+

t e a p o t 
c l e r i c 
m i l d e r 
c i t i e s 
_ _ _ _ _ _ _ _ 
_ _ _ _ 

After
++++++
++++++
++++++
ng++++
rrodu+
siroh+

t e a p o t 
c l e r i c 
m i l d e r 
c i t i e s 
_ _ _ _ _ _ _ _ 
_ _ _ _ 

0
Before
++++++
++++++
+g++++
nr++++
rio+u+
sicdh+

t e a p o t 
c l e r i c 
m i l d e r 
s o r t i e 
_ _ _ _ _ _ _ _ 
_ _ _ _ 

After
++++++
++++++
+g++++
nr++++
rio+u+
sicdh+

t e a p o t 
c l e r i c 
m i l d e r 
s o r t i e 
_ _ _ _ _ _ _ _ 
_ _ _ _ 

0
Before
++++++
++++++
+g++++
+ro+++
niid++
riceu+

t e a p o t 
c l e r i c 
m i l d e r 
s h o r t s 
_ _ _ _ _ _ _ _ 
_ _ _ _ 

After
++++++
++++++
+g++++
+ro+++
niid++
riceu+

t e a p o t 
c l e r i c 
m i l d e r 
s h o r t s 
_ _ _ _ _ _ _ _ 
_ _ _ _ 

0
Before
++++++
++++++
++++++
+g+du+
rr+os+
sioeh+

t e a p o t 
c l e r i c 
m i l d e r 
n i t r i c 
_ _ _ _ _ _ _ _ 
_ _ _ _ 

After
++++++
++++++
++++++
+g+du+
rr+os+
sioeh+

t e a p o t 
c l e r i c 
m i l d e r 
n i t r i c 
_ _ _ _ _ _ _ _ 
_ _ _ _ 

0
Before
++++++
++++++
++++++
++odu+
+gros+
srieh+

t e a p o t 
c l e r i c 
m i l d e r 
n i t r i c 
_ _ _ _ _ _ _ _ 
_ _ _ _ 

After
++++++
++++++
++++++
++odu+
+gros+
srieh+

t e a p o t 
c l e r i c 
m i l d e r 
n i t r i c 
_ _ _ _ _ _ _ _ 
_ _ _ _ 

1
Before
++++++
++++++
++++++
++++++
+++d++
s++eh+

t e a p o t 
c l e r i c 
m i l d e r 
n i t r i c 
r i g o r o u s 
_ _ _ _ 

After
++++++
++++++
++++++
++++++
+++d++
s++eh+

t e a p o t 
c l e r i c 
m i l d e r 
n i t r i c 
r i g o r o u s 
_ _ _ _ 

0
Before
++++++
+g++++
+r++++
ni++++
rtr+++
siceh+

t e a p o t 
c l e r i c 
m i l d e r 
o d i o u s 
_ _ _ _ _ _ _ _ 
_ _ _ _ 

After
++++++
+g++++
+r++++
ni++++
rtr+++
siceh+

t e a p o t 
c l e r i c 
m i l d e r 
o d i o u s 
_ _ _ _ _ _ _ _ 
_ _ _ _ 

0
Before
++++e+
++++r+
+++dl+
+griu+
rtios+
siceh+

t e a p o t 
c l e r i c 
n i m r o d 
_ _ _ _ _ _ 
_ _ _ _ _ _ _ _ 
_ _ _ _ 

After
++++e+
++++r+
+++dl+
+griu+
rtios+
siceh+

t e a p o t 
c l e r i c 
n i m r o d 
_ _ _ _ _ _ 
_ _ _ _ _ _ _ _ 
_ _ _ _ 

9
Before
++++++
++++e+
++++r+
+g++l+
rt+du+
si+is+

t e a p o t 
c l e r i c 
n i m r o d 
c o h e i r 
_ _ _ _ _ _ _ _ 
_ _ _ _ 

After
++++++
++++e+
++++r+
+g++l+
rt+du+
si+is+

t e a p o t 
c l e r i c 
n i m r o d 
c o h e i r 
_ _ _ _ _ _ _ _ 
_ _ _ _ 

0
Before
++++++
++++e+
++++r+
+++dl+
r++iu+
sgroh+

t e a p o t 
c l e r i c 
n i m r o d 
c i t i e s 
_ _ _ _ _ _ _ _ 
_ _ _ _ 

After
++++++
++++e+
++++r+
+++dl+
r++iu+
sgroh+

t e a p o t 
c l e r i c 
n i m r o d 
c i t i e s 
_ _ _ _ _ _ _ _ 
_ _ _ _ 

0
Before
++++++
++++e+
++++r+
++++l+
rg+du+
sicih+

t e a p o t 
c l e r i c 
n i m r o d 
s o r t i e 
_ _ _ _ _ _ _ _ 
_ _ _ _ 

After
++++++
++++e+
++++r+
++++l+
rg+du+
sicih+

t e a p o t 
c l e r i c 
n i m r o d 
s o r t i e 
_ _ _ _ _ _ _ _ 
_ _ _ _ 

0
Before
++++++
++++++
++++++
+gr+++
rtiie+
sicer+

t e a p o t 
c l e r i c 
n i m r o d 
s h o u l d 
_ _ _ _ _ _ _ _ 
_ _ _ _ 

After
++++++
++++++
++++++
+gr+++
rtiie+
sicer+

t e a p o t 
c l e r i c 
n i m r o d 
s h o u l d 
_ _ _ _ _ _ _ _ 
_ _ _ _ 

0
Before
++++++
++++++
++++e+
+++dr+
+giil+
riceu+

t e a p o t 
c l e r i c 
n i m r o d 
s h o r t s 
_ _ _ _ _ _ _ _ 
_ _ _ _ 

After
++++++
++++++
++++e+
+++dr+
+giil+
riceu+

t e a p o t 
c l e r i c 
n i m r o d 
s h o r t s 
_ _ _ _ _ _ _ _ 
_ _ _ _ 

0
Before
++++++
++++e+
++++r+
++++l+
rt+du+
sicih+

t e a p o t 
c l e r i c 
n i m r o d 
o r g i e s 
_ _ _ _ _ _ _ _ 
_ _ _ _ 

After
++++++
++++e+
++++r+
++++l+
rt+du+
sicih+

t e a p o t 
c l e r i c 
n i m r o d 
o r g i e s 
_ _ _ _ _ _ _ _ 
_ _ _ _ 

0
Before
++++e+
++++r+
+++dl+
+++iu+
++ros+
++ceh+

t e a p o t 
c l e r i c 
n i m r o d 
t i g r i s 
_ _ _ _ _ _ _ _ 
_ _ _ _ 

After
++++e+
++++r+
+++dl+
+++iu+
++ros+
++ceh+

t e a p o t 
c l e r i c 
n i m r o d 
t i g r i s 
_ _ _ _ _ _ _ _ 
_ _ _ _ 

0
Before
++++++
++++e+
++++r+
+++dl+
r++ou+
siceh+

t e a p o t 
c l e r i c 
n i m r o d 
t i g r i s 
_ _ _ _ _ _ _ _ 
_ _ _ _ 

After
++++++
++++e+
++++r+
+++dl+
r++ou+
siceh+

t e a p o t 
c l e r i c 
n i m r o d 
t i g r i s 
_ _ _ _ _ _ _ _ 
_ _ _ _ 

0
Before
++++++
++++++
++++e+
++++r+
rtidl+
sicih+

t e a p o t 
c l e r i c 
n i m r o d 
g r o u s e 
_ _ _ _ _ _ _ _ 
_ _ _ _ 

After
++++++
++++++
++++e+
++++r+
rtidl+
sicih+

t e a p o t 
c l e r i c 
n i m r o d 
g r o u s e 
_ _ _ _ _ _ _ _ 
_ _ _ _ 

0
Before
++++e+
++++r+
+++dl+
+griu+
rtios+
siceh+

t e a p o t 
c l e r i c 
n i m r o d 
_ _ _ _ _ _ 
_ _ _ _ _ _ _ _ 
_ _ _ _ 

After
++++e+
++++r+
+++dl+
+griu+
rtios+
siceh+

t e a p o t 
c l e r i c 
n i m r o d 
_ _ _ _ _ _ 
_ _ _ _ _ _ _ _ 
_ _ _ _ 

9
Before
++++++
++++e+
++++r+
+g++l+
rt+du+
si+is+

t e a p o t 
c l e r i c 
n i m r o d 
c o h e i r 
_ _ _ _ _ _ _ _ 
_ _ _ _ 

After
++++++
++++e+
++++r+
+g++l+
rt+du+
si+is+

t e a p o t 
c l e r i c 
n i m r o d 
c o h e i r 
_ _ _ _ _ _ _ _ 
_ _ _ _ 

0
Before
++++++
++++e+
++++r+
+++dl+
r++iu+
sgroh+

t e a p o t 
c l e r i c 
n i m r o d 
c i t i e s 
_ _ _ _ _ _ _ _ 
_ _ _ _ 

After
++++++
++++e+
++++r+
+++dl+
r++iu+
sgroh+

t e a p o t 
c l e r i c 
n i m r o d 
c i t i e s 
_ _ _ _ _ _ _ _ 
_ _ _ _ 

0
Before
++++++
++++e+
++++r+
++++l+
rg+du+
sicih+

t e a p o t 
c l e r i c 
n i m r o d 
s o r t i e 
_ _ _ _ _ _ _ _ 
_ _ _ _ 

After
++++++
++++e+
++++r+
++++l+
rg+du+
sicih+

t e a p o t 
c l e r i c 
n i m r o d 
s o r t i e 
_ _ _ _ _ _ _ _ 
_ _ _ _ 

0
Before
++++++
++++++
++++++
+gr+++
rtiie+
sicer+

t e a p o t 
c l e r i c 
n i m r o d 
s h o u l d 
_ _ _ _ _ _ _ _ 
_ _ _ _ 

After
++++++
++++++
++++++
+gr+++
rtiie+
sicer+

t e a p o t 
c l e r i c 
n i m r o d 
s h o u l d 
_ _ _ _ _ _ _ _ 
_ _ _ _ 

0
Before
++++++
++++++
++++e+
+++dr+
+giil+
riceu+

t e a p o t 
c l e r i c 
n i m r o d 
s h o r t s 
_ _ _ _ _ _ _ _ 
_ _ _ _ 

After
++++++
++++++
++++e+
+++dr+
+giil+
riceu+

t e a p o t 
c l e r i c 
n i m r o d 
s h o r t s 
_ _ _ _ _ _ _ _ 
_ _ _ _ 

0
Before
++++++
++++e+
++++r+
++++l+
rt+du+
sicih+

t e a p o t 
c l e r i c 
n i m r o d 
o r g i e s 
_ _ _ _ _ _ _ _ 
_ _ _ _ 

After
++++++
++++e+
++++r+
++++l+
rt+du+
sicih+

t e a p o t 
c l e r i c 
n i m r o d 
o r g i e s 
_ _ _ _ _ _ _ _ 
_ _ _ _ 

0
Before
++++e+
++++r+
+++dl+
+++iu+
++ros+
++ceh+

t e a p o t 
c l e r i c 
n i m r o d 
t i g r i s 
_ _ _ _ _ _ _ _ 
_ _ _ _ 

After
++++e+
++++r+
+++dl+
+++iu+
++ros+
++ceh+

t e a p o t 
c l e r i c 
n i m r o d 
t i g r i s 
_ _ _ _ _ _ _ _ 
_ _ _ _ 

0
Before
++++++
++++e+
++++r+
+++dl+
r++ou+
siceh+

t e a p o t 
c l e r i c 
n i m r o d 
t i g r i s 
_ _ _ _ _ _ _ _ 
_ _ _ _ 

After
++++++
++++e+
++++r+
+++dl+
r++ou+
siceh+

t e a p o t 
c l e r i c 
n i m r o d 
t i g r i s 
_ _ _ _ _ _ _ _ 
_ _ _ _ 

0
Before
++++++
++++++
++++e+
++++r+
rtidl+
sicih+

t e a p o t 
c l e r i c 
n i m r o d 
g r o u s e 
_ _ _ _ _ _ _ _ 
_ _ _ _ 

After
++++++
++++++
++++e+
++++r+
rtidl+
sicih+

t e a p o t 
c l e r i c 
n i m r o d 
g r o u s e 
_ _ _ _ _ _ _ _ 
_ _ _ _ 

0
Before
++++e+
++++r+
+g+dl+
+r+iu+
rtios+
siceh+

t e a p o t 
c l e r i c 
n i m r o d 
_ _ _ _ _ _ 
_ _ _ _ _ _ _ _ 
_ _ _ _ 

After
++++e+
++++r+
+g+dl+
+r+iu+
rtios+
siceh+

t e a p o t 
c l e r i c 
n i m r o d 
_ _ _ _ _ _ 
_ _ _ _ _ _ _ _ 
_ _ _ _ 

3
Before
++++++
++++e+
++++r+
+g++l+
rt+du+
si+is+

t e a p o t 
c l e r i c 
n i m r o d 
c o h e i r 
_ _ _ _ _ _ _ _ 
_ _ _ _ 

After
++++++
++++e+
++++r+
+g++l+
rt+du+
si+is+

t e a p o t 
c l e r i c 
n i m r o d 
c o h e i r 
_ _ _ _ _ _ _ _ 
_ _ _ _ 

0
Before
++++++
++++e+
++++r+
+++dl+
rg+iu+
sr+oh+

t e a p o t 
c l e r i c 
n i m r o d 
c i t i e s 
_ _ _ _ _ _ _ _ 
_ _ _ _ 

After
++++++
++++e+
++++r+
+++dl+
rg+iu+
sr+oh+

t e a p o t 
c l e r i c 
n i m r o d 
c i t i e s 
_ _ _ _ _ _ _ _ 
_ _ _ _ 

0
Before
++++++
++++++
+g++++
+r++++
rtiie+
sicer+

t e a p o t 
c l e r i c 
n i m r o d 
s h o u l d 
_ _ _ _ _ _ _ _ 
_ _ _ _ 

After
++++++
++++++
+g++++
+r++++
rtiie+
sicer+

t e a p o t 
c l e r i c 
n i m r o d 
s h o u l d 
_ _ _ _ _ _ _ _ 
_ _ _ _ 

0
Before
++++e+
++++r+
+g+dl+
+r+iu+
rtios+
siceh+

t e a p o t 
c l e r i c 
n i m r o d 
_ _ _ _ _ _ 
_ _ _ _ _ _ _ _ 
_ _ _ _ 

After
++++e+
++++r+
+g+dl+
+r+iu+
rtios+
siceh+

t e a p o t 
c l e r i c 
n i m r o d 
_ _ _ _ _ _ 
_ _ _ _ _ _ _ _ 
_ _ _ _ 

3
Before
++++++
++++e+
++++r+
+g++l+
rt+du+
si+is+

t e a p o t 
c l e r i c 
n i m r o d 
c o h e i r 
_ _ _ _ _ _ _ _ 
_ _ _ _ 

After
++++++
++++e+
++++r+
+g++l+
rt+du+
si+is+

t e a p o t 
c l e r i c 
n i m r o d 
c o h e i r 
_ _ _ _ _ _ _ _ 
_ _ _ _ 

0
Before
++++++
++++e+
++++r+
+++dl+
rg+iu+
sr+oh+

t e a p o t 
c l e r i c 
n i m r o d 
c i t i e s 
_ _ _ _ _ _ _ _ 
_ _ _ _ 

After
++++++
++++e+
++++r+
+++dl+
rg+iu+
sr+oh+

t e a p o t 
c l e r i c 
n i m r o d 
c i t i e s 
_ _ _ _ _ _ _ _ 
_ _ _ _ 

0
Before
++++++
++++++
+g++++
+r++++
rtiie+
sicer+

t e a p o t 
c l e r i c 
n i m r o d 
s h o u l d 
_ _ _ _ _ _ _ _ 
_ _ _ _ 

After
++++++
++++++
+g++++
+r++++
rtiie+
sicer+

t e a p o t 
c l e r i c 
n i m r o d 
s h o u l d 
_ _ _ _ _ _ _ _ 
_ _ _ _ 

0
Before
++++e+
+++dr+
++odl+
++riu+
+gmos+
srieh+

t e a p o t 
c l e r i c 
n i t r i c 
_ _ _ _ _ _ 
_ _ _ _ _ _ _ _ 
_ _ _ _ 

After
++++e+
+++dr+
++odl+
++riu+
+gmos+
srieh+

t e a p o t 
c l e r i c 
n i t r i c 
_ _ _ _ _ _ 
_ _ _ _ _ _ _ _ 
_ _ _ _ 

10
Before
++++++
++++++
++o+++
++rd++
+gmie+
srier+

t e a p o t 
c l e r i c 
n i t r i c 
s h o u l d 
_ _ _ _ _ _ _ _ 
_ _ _ _ 

After
++++++
++++++
++o+++
++rd++
+gmie+
srier+

t e a p o t 
c l e r i c 
n i t r i c 
s h o u l d 
_ _ _ _ _ _ _ _ 
_ _ _ _ 

0
Before
++++++
++++++
++o+++
++rd++
+gmie+
srier+

t e a p o t 
c l e r i c 
n i t r i c 
s h o u l d 
_ _ _ _ _ _ _ _ 
_ _ _ _ 

After
++++++
++++++
++o+++
++rd++
+gmie+
srier+

t e a p o t 
c l e r i c 
n i t r i c 
s h o u l d 
_ _ _ _ _ _ _ _ 
_ _ _ _ 

0
Before
++++++
++++e+
++++r+
+++dl+
++odu+
srmih+

t e a p o t 
c l e r i c 
n i t r i c 
o r g i e s 
_ _ _ _ _ _ _ _ 
_ _ _ _ 

After
++++++
++++e+
++++r+
+++dl+
++odu+
srmih+

t e a p o t 
c l e r i c 
n i t r i c 
o r g i e s 
_ _ _ _ _ _ _ _ 
_ _ _ _ 

0
Before
++++++
++++++
++++++
++odu+
+gros+
srieh+

t e a p o t 
c l e r i c 
n i t r i c 
m i l d e r 
_ _ _ _ _ _ _ _ 
_ _ _ _ 

After
++++++
++++++
++++++
++odu+
+gros+
srieh+

t e a p o t 
c l e r i c 
n i t r i c 
m i l d e r 
_ _ _ _ _ _ _ _ 
_ _ _ _ 

1
Before
++++++
++++++
++++++
++++++
+++d++
s++eh+

t e a p o t 
c l e r i c 
n i t r i c 
m i l d e r 
r i g o r o u s 
_ _ _ _ 

After
++++++
++++++
++++++
++++++
+++d++
s++eh+

t e a p o t 
c l e r i c 
n i t r i c 
m i l d e r 
r i g o r o u s 
_ _ _ _ 

0
Before
++++++
++++++
++++e+
++odr+
++mdl+
sriih+

t e a p o t 
c l e r i c 
n i t r i c 
g r o u s e 
_ _ _ _ _ _ _ _ 
_ _ _ _ 

After
++++++
++++++
++++e+
++odr+
++mdl+
sriih+

t e a p o t 
c l e r i c 
n i t r i c 
g r o u s e 
_ _ _ _ _ _ _ _ 
_ _ _ _ 

0
Before
++++++
++++e+
++++r+
+++dl+
++odu+
srioh+

t e a p o t 
c l e r i c 
n i t r i c 
g r i m e s 
_ _ _ _ _ _ _ _ 
_ _ _ _ 

After
++++++
++++e+
++++r+
+++dl+
++odu+
srioh+

t e a p o t 
c l e r i c 
n i t r i c 
g r i m e s 
_ _ _ _ _ _ _ _ 
_ _ _ _ 

0
Before
++++++
++++e+
+++dr+
+++dl+
++oiu+
s+roh+

t e a p o t 
c l e r i c 
n i t r i c 
g r i m e s 
_ _ _ _ _ _ _ _ 
_ _ _ _ 

After
++++++
++++e+
+++dr+
+++dl+
++oiu+
s+roh+

t e a p o t 
c l e r i c 
n i t r i c 
g r i m e s 
_ _ _ _ _ _ _ _ 
_ _ _ _ 

0
Before
++++++
++++++
++++e+
++r+r+
+gmol+
srieu+

t e a p o t 
c l e r i c 
n i t r i c 
o d d i s h 
_ _ _ _ _ _ _ _ 
_ _ _ _ 

After
++++++
++++++
++++e+
++r+r+
+gmol+
srieu+

t e a p o t 
c l e r i c 
n i t r i c 
o d d i s h 
_ _ _ _ _ _ _ _ 
_ _ _ _ 

0
Before
++++++
++++++
++++e+
++r+r+
+gmdl+
srieh+

t e a p o t 
c l e r i c 
n i t r i c 
o d i o u s 
_ _ _ _ _ _ _ _ 
_ _ _ _ 

After
++++++
++++++
++++e+
++r+r+
+gmdl+
srieh+

t e a p o t 
c l e r i c 
n i t r i c 
o d i o u s 
_ _ _ _ _ _ _ _ 
_ _ _ _ 

0
Before
++++++
++++e+
+++dr+
+++dl+
+++iu+
srmoh+

t e a p o t 
c l e r i c 
n i t r i c 
o r g i e s 
_ _ _ _ _ _ _ _ 
_ _ _ _ 

After
++++++
++++e+
+++dr+
+++dl+
+++iu+
srmoh+

t e a p o t 
c l e r i c 
n i t r i c 
o r g i e s 
_ _ _ _ _ _ _ _ 
_ _ _ _ 

0
Before
++++++
++++e+
++odr+
+grdu+
nrios+
riceh+

t e a p o t 
c l e r i c 
l i m i t s 
_ _ _ _ _ _ 
_ _ _ _ _ _ _ _ 
_ _ _ _ 

After
++++++
++++e+
++odr+
+grdu+
nrios+
riceh+

t e a p o t 
c l e r i c 
l i m i t s 
_ _ _ _ _ _ 
_ _ _ _ _ _ _ _ 
_ _ _ _ 

17
Before
++++++
++++++
++++e+
++++r+
ngodu+
rices+

t e a p o t 
c l e r i c 
l i m i t s 
h o r r i d 
_ _ _ _ _ _ _ _ 
_ _ _ _ 

After
++++++
++++++
++++e+
++++r+
ngodu+
rices+

t e a p o t 
c l e r i c 
l i m i t s 
h o r r i d 
_ _ _ _ _ _ _ _ 
_ _ _ _ 

0
Before
++++++
++++++
++++e+
++++r+
ngodu+
rirds+

t e a p o t 
c l e r i c 
l i m i t s 
c o h e i r 
_ _ _ _ _ _ _ _ 
_ _ _ _ 

After
++++++
++++++
++++e+
++++r+
ngodu+
rirds+

t e a p o t 
c l e r i c 
l i m i t s 
c o h e i r 
_ _ _ _ _ _ _ _ 
_ _ _ _ 

0
Before
++++++
++++++
++++e+
+g++r+
nr+du+
riods+

t e a p o t 
c l e r i c 
l i m i t s 
c o h e i r 
_ _ _ _ _ _ _ _ 
_ _ _ _ 

After
++++++
++++++
++++e+
+g++r+
nr+du+
riods+

t e a p o t 
c l e r i c 
l i m i t s 
c o h e i r 
_ _ _ _ _ _ _ _ 
_ _ _ _ 

0
Before
++++++
++++e+
++++r+
+++du+
++oos+
rrceh+

t e a p o t 
c l e r i c 
l i m i t s 
i n g r i d 
_ _ _ _ _ _ _ _ 
_ _ _ _ 

After
++++++
++++e+
++++r+
+++du+
++oos+
rrceh+

t e a p o t 
c l e r i c 
l i m i t s 
i n g r i d 
_ _ _ _ _ _ _ _ 
_ _ _ _ 

0
Before
++++++
++++e+
++++r+
++odu+
++ros+
r+ceh+

t e a p o t 
c l e r i c 
l i m i t s 
i n g r i d 
_ _ _ _ _ _ _ _ 
_ _ _ _ 

After
++++++
++++e+
++++r+
++odu+
++ros+
r+ceh+

t e a p o t 
c l e r i c 
l i m i t s 
i n g r i d 
_ _ _ _ _ _ _ _ 
_ _ _ _ 

0
Before
++++++
++++++
++o+++
+gr+++
nrid++
riceh+

t e a p o t 
c l e r i c 
l i m i t s 
s o u r e d 
_ _ _ _ _ _ _ _ 
_ _ _ _ 

After
++++++
++++++
++o+++
+gr+++
nrid++
riceh+

t e a p o t 
c l e r i c 
l i m i t s 
s o u r e d 
_ _ _ _ _ _ _ _ 
_ _ _ _ 

0
Before
++++++
++++++
++++++
+go+++
nrids+
riceh+

t e a p o t 
c l e r i c 
l i m i t s 
o r d u r e 
_ _ _ _ _ _ _ _ 
_ _ _ _ 

After
++++++
++++++
++++++
+go+++
nrids+
riceh+

t e a p o t 
c l e r i c 
l i m i t s 
o r d u r e 
_ _ _ _ _ _ _ _ 
_ _ _ _ 

0
Before
++++++
++++++
++++e+
++++r+
nrodu+
ricdh+

t e a p o t 
c l e r i c 
l i m i t s 
o r g i e s 
_ _ _ _ _ _ _ _ 
_ _ _ _ 

After
++++++
++++++
++++e+
++++r+
nrodu+
ricdh+

t e a p o t 
c l e r i c 
l i m i t s 
o r g i e s 
_ _ _ _ _ _ _ _ 
_ _ _ _ 

0
Before
++++++
++++++
++++++
+go+++
nrids+
riceh+

t e a p o t 
c l e r i c 
l i m i t s 
o r d u r e 
_ _ _ _ _ _ _ _ 
_ _ _ _ 

After
++++++
++++++
++++++
+go+++
nrids+
riceh+

t e a p o t 
c l e r i c 
l i m i t s 
o r d u r e 
_ _ _ _ _ _ _ _ 
_ _ _ _ 

0
Before
++++++
++++e+
++++r+
+++du+
++oos+
rrreh+

t e a p o t 
c l e r i c 
l i m i t s 
d i c i n g 
_ _ _ _ _ _ _ _ 
_ _ _ _ 

After
++++++
++++e+
++++r+
+++du+
++oos+
rrreh+

t e a p o t 
c l e r i c 
l i m i t s 
d i c i n g 
_ _ _ _ _ _ _ _ 
_ _ _ _ 

0
Before
++++++
++++++
++++++
+++du+
nroos+
riceh+

t e a p o t 
c l e r i c 
l i m i t s 
g i r d e r 
_ _ _ _ _ _ _ _ 
_ _ _ _ 

After
++++++
++++++
++++++
+++du+
nroos+
riceh+

t e a p o t 
c l e r i c 
l i m i t s 
g i r d e r 
_ _ _ _ _ _ _ _ 
_ _ _ _ 

0
Before
++++++
++++++
++++++
++o+e+
nridr+
ricdh+

t e a p o t 
c l e r i c 
l i m i t s 
g r o u s e 
_ _ _ _ _ _ _ _ 
_ _ _ _ 

After
++++++
++++++
++++++
++o+e+
nridr+
ricdh+

t e a p o t 
c l e r i c 
l i m i t s 
g r o u s e 
_ _ _ _ _ _ _ _ 
_ _ _ _ 

0
Before
++++++
++++++
++++++
+g++e+
nrrdr+
riceh+

t e a p o t 
c l e r i c 
l i m i t s 
o d i o u s 
_ _ _ _ _ _ _ _ 
_ _ _ _ 

After
++++++
++++++
++++++
+g++e+
nrrdr+
riceh+

t e a p o t 
c l e r i c 
l i m i t s 
o d i o u s 
_ _ _ _ _ _ _ _ 
_ _ _ _ 

0
Before
++++++
++++++
++++++
+g+d++
nrios+
riceh+

t e a p o t 
c l e r i c 
l i m i t s 
o r d u r e 
_ _ _ _ _ _ _ _ 
_ _ _ _ 

After
++++++
++++++
++++++
+g+d++
nrios+
riceh+

t e a p o t 
c l e r i c 
l i m i t s 
o r d u r e 
_ _ _ _ _ _ _ _ 
_ _ _ _ 

0
Before
++++++
++++++
++++e+
+++dr+
nr+du+
ricoh+

t e a p o t 
c l e r i c 
l i m i t s 
o r g i e s 
_ _ _ _ _ _ _ _ 
_ _ _ _ 

After
++++++
++++++
++++e+
+++dr+
nr+du+
ricoh+

t e a p o t 
c l e r i c 
l i m i t s 
o r g i e s 
_ _ _ _ _ _ _ _ 
_ _ _ _ 

0
Before
++++++
++++++
++++++
+g+d++
nrios+
riceh+

t e a p o t 
c l e r i c 
l i m i t s 
o r d u r e 
_ _ _ _ _ _ _ _ 
_ _ _ _ 

After
++++++
++++++
++++++
+g+d++
nrios+
riceh+

t e a p o t 
c l e r i c 
l i m i t s 
o r d u r e 
_ _ _ _ _ _ _ _ 
_ _ _ _ 

0
Before
++++++
++++++
++++++
+go+r+
nrr+u+
ricoh+

t e a p o t 
c l e r i c 
l i m i t s 
e d d i e s 
_ _ _ _ _ _ _ _ 
_ _ _ _ 

After
++++++
++++++
++++++
+go+r+
nrr+u+
ricoh+

t e a p o t 
c l e r i c 
l i m i t s 
e d d i e s 
_ _ _ _ _ _ _ _ 
_ _ _ _ 

0
Before
++++++
++++e+
+g+dr+
+rodu+
niros+
riceh+

t e a p o t 
c l e r i c 
l i m i t s 
_ _ _ _ _ _ 
_ _ _ _ _ _ _ _ 
_ _ _ _ 

After
++++++
++++e+
+g+dr+
+rodu+
niros+
riceh+

t e a p o t 
c l e r i c 
l i m i t s 
_ _ _ _ _ _ 
_ _ _ _ _ _ _ _ 
_ _ _ _ 

6
Before
++++++
++++++
++++e+
+g+dr+
+r+du+
ricos+

t e a p o t 
c l e r i c 
l i m i t s 
h e r o i n 
_ _ _ _ _ _ _ _ 
_ _ _ _ 

After
++++++
++++++
++++e+
+g+dr+
+r+du+
ricos+

t e a p o t 
c l e r i c 
l i m i t s 
h e r o i n 
_ _ _ _ _ _ _ _ 
_ _ _ _ 

0
Before
++++++
++++++
++++e+
+g+dr+
nr+du+
ri+os+

t e a p o t 
c l e r i c 
l i m i t s 
h e r o i c 
_ _ _ _ _ _ _ _ 
_ _ _ _ 

After
++++++
++++++
++++e+
+g+dr+
nr+du+
ri+os+

t e a p o t 
c l e r i c 
l i m i t s 
h e r o i c 
_ _ _ _ _ _ _ _ 
_ _ _ _ 

0
Before
++++++
++++++
+g++++
+ro+++
nird++
riceh+

t e a p o t 
c l e r i c 
l i m i t s 
s o u r e d 
_ _ _ _ _ _ _ _ 
_ _ _ _ 

After
++++++
++++++
+g++++
+ro+++
nird++
riceh+

t e a p o t 
c l e r i c 
l i m i t s 
s o u r e d 
_ _ _ _ _ _ _ _ 
_ _ _ _ 

0
Before
++++++
++++++
+g++++
+r++++
niods+
riceh+

t e a p o t 
c l e r i c 
l i m i t s 
o r d u r e 
_ _ _ _ _ _ _ _ 
_ _ _ _ 

After
++++++
++++++
+g++++
+r++++
niods+
riceh+

t e a p o t 
c l e r i c 
l i m i t s 
o r d u r e 
_ _ _ _ _ _ _ _ 
_ _ _ _ 

0
Before
++++++
++++++
+g++++
+r+d++
ni+os+
riceh+

t e a p o t 
c l e r i c 
l i m i t s 
o r d u r e 
_ _ _ _ _ _ _ _ 
_ _ _ _ 

After
++++++
++++++
+g++++
+r+d++
ni+os+
riceh+

t e a p o t 
c l e r i c 
l i m i t s 
o r d u r e 
_ _ _ _ _ _ _ _ 
_ _ _ _ 

0
Before
++++++
++++++
+g++++
+r+d++
niod++
ricoe+

t e a p o t 
c l e r i c 
l i m i t s 
r u s h e r 
_ _ _ _ _ _ _ _ 
_ _ _ _ 

After
++++++
++++++
+g++++
+r+d++
niod++
ricoe+

t e a p o t 
c l e r i c 
l i m i t s 
r u s h e r 
_ _ _ _ _ _ _ _ 
_ _ _ _ 

0
Before
++++++
+g++++
+rr+e+
nim+r+
rtidl+
siceh+

t e a p o t 
c l e r i c 
o d i o u s 
_ _ _ _ _ _ 
_ _ _ _ _ _ _ _ 
_ _ _ _ 

After
++++++
+g++++
+rr+e+
nim+r+
rtidl+
siceh+

t e a p o t 
c l e r i c 
o d i o u s 
_ _ _ _ _ _ 
_ _ _ _ _ _ _ _ 
_ _ _ _ 

2
Before
++++++
++++++
+g++e+
+r++r+
nir+l+
rim+h+

t e a p o t 
c l e r i c 
o d i o u s 
e d i c t s 
_ _ _ _ _ _ _ _ 
_ _ _ _ 

After
++++++
++++++
+g++e+
+r++r+
nir+l+
rim+h+

t e a p o t 
c l e r i c 
o d i o u s 
e d i c t s 
_ _ _ _ _ _ _ _ 
_ _ _ _ 

0
Before
++++++
++++++
++++e+
++r+r+
+gmdl+
srieh+

t e a p o t 
c l e r i c 
o d i o u s 
n i t r i c 
_ _ _ _ _ _ _ _ 
_ _ _ _ 

After
++++++
++++++
++++e+
++r+r+
+gmdl+
srieh+

t e a p o t 
c l e r i c 
o d i o u s 
n i t r i c 
_ _ _ _ _ _ _ _ 
_ _ _ _ 

0
Before
++++++
+g++++
+rr+e+
nim+r+
rtiol+
siceu+

t e a p o t 
c l e r i c 
o d d i s h 
_ _ _ _ _ _ 
_ _ _ _ _ _ _ _ 
_ _ _ _ 

After
++++++
+g++++
+rr+e+
nim+r+
rtiol+
siceu+

t e a p o t 
c l e r i c 
o d d i s h 
_ _ _ _ _ _ 
_ _ _ _ _ _ _ _ 
_ _ _ _ 

1
Before
++++++
++++++
++++e+
++r+r+
+gmol+
srieu+

t e a p o t 
c l e r i c 
o d d i s h 
n i t r i c 
_ _ _ _ _ _ _ _ 
_ _ _ _ 

After
++++++
++++++
++++e+
++r+r+
+gmol+
srieu+

t e a p o t 
c l e r i c 
o d d i s h 
n i t r i c 
_ _ _ _ _ _ _ _ 
_ _ _ _ 

0
Before
++++e+
+godr+
+rrdl+
nimiu+
rtios+
siceh+

t e a p o t 
c l e r i c 
_ _ _ _ _ _ 
_ _ _ _ _ _ 
_ _ _ _ _ _ _ _ 
_ _ _ _ 

After
++++e+
+godr+
+rrdl+
nimiu+
rtios+
siceh+

t e a p o t 
c l e r i c 
_ _ _ _ _ _ 
_ _ _ _ _ _ 
_ _ _ _ _ _ _ _ 
_ _ _ _ 

13
Before
++++++
++++e+
+++dr+
ngodl+
rrriu+
simoh+

t e a p o t 
c l e r i c 
c i t i e s 
_ _ _ _ _ _ 
_ _ _ _ _ _ _ _ 
_ _ _ _ 

After
++++++
++++e+
+++dr+
ngodl+
rrriu+
simoh+

t e a p o t 
c l e r i c 
c i t i e s 
_ _ _ _ _ _ 
_ _ _ _ _ _ _ _ 
_ _ _ _ 

3
Before
++++++
++++++
++++++
ng++++
rrodu+
siroh+

t e a p o t 
c l e r i c 
c i t i e s 
m i l d e r 
_ _ _ _ _ _ _ _ 
_ _ _ _ 

After
++++++
++++++
++++++
ng++++
rrodu+
siroh+

t e a p o t 
c l e r i c 
c i t i e s 
m i l d e r 
_ _ _ _ _ _ _ _ 
_ _ _ _ 

0
Before
++++++
++++e+
+++dr+
+++dl+
n++iu+
sg+oh+

t e a p o t 
c l e r i c 
c i t i e s 
m i r r o r 
_ _ _ _ _ _ _ _ 
_ _ _ _ 

After
++++++
++++e+
+++dr+
+++dl+
n++iu+
sg+oh+

t e a p o t 
c l e r i c 
c i t i e s 
m i r r o r 
_ _ _ _ _ _ _ _ 
_ _ _ _ 

0
Before
++++++
++++e+
++++r+
+++dl+
n++du+
rgoih+

t e a p o t 
c l e r i c 
c i t i e s 
m o r r i s 
_ _ _ _ _ _ _ _ 
_ _ _ _ 

After
++++++
++++e+
++++r+
+++dl+
n++du+
rgoih+

t e a p o t 
c l e r i c 
c i t i e s 
m o r r i s 
_ _ _ _ _ _ _ _ 
_ _ _ _ 

0
Before
++++++
+go+++
+rr+++
nimd++
rtiie+
sicer+

t e a p o t 
c l e r i c 
s h o u l d 
_ _ _ _ _ _ 
_ _ _ _ _ _ _ _ 
_ _ _ _ 

After
++++++
+go+++
+rr+++
nimd++
rtiie+
sicer+

t e a p o t 
c l e r i c 
s h o u l d 
_ _ _ _ _ _ 
_ _ _ _ _ _ _ _ 
_ _ _ _ 

11
Before
++++++
++++++
+g++++
+ro+++
niri++
rimer+

t e a p o t 
c l e r i c 
s h o u l d 
e d i c t s 
_ _ _ _ _ _ _ _ 
_ _ _ _ 

After
++++++
++++++
+g++++
+ro+++
niri++
rimer+

t e a p o t 
c l e r i c 
s h o u l d 
e d i c t s 
_ _ _ _ _ _ _ _ 
_ _ _ _ 

0
Before
++++++
++++++
+go+++
+rr+++
nim+++
riier+

t e a p o t 
c l e r i c 
s h o u l d 
e d i c t s 
_ _ _ _ _ _ _ _ 
_ _ _ _ 

After
++++++
++++++
+go+++
+rr+++
nim+++
riier+

t e a p o t 
c l e r i c 
s h o u l d 
e d i c t s 
_ _ _ _ _ _ _ _ 
_ _ _ _ 

0
Before
++++++
++++++
+go+++
+rr+++
nimd++
riii++

t e a p o t 
c l e r i c 
s h o u l d 
e r e c t s 
_ _ _ _ _ _ _ _ 
_ _ _ _ 

After
++++++
++++++
+go+++
+rr+++
nimd++
riii++

t e a p o t 
c l e r i c 
s h o u l d 
e r e c t s 
_ _ _ _ _ _ _ _ 
_ _ _ _ 

0
Before
++++++
++++++
+go+++
nrr+++
rim+++
sice++

t e a p o t 
c l e r i c 
s h o u l d 
t i d i e r 
_ _ _ _ _ _ _ _ 
_ _ _ _ 

After
++++++
++++++
+go+++
nrr+++
rim+++
sice++

t e a p o t 
c l e r i c 
s h o u l d 
t i d i e r 
_ _ _ _ _ _ _ _ 
_ _ _ _ 

0
Before
++++++
++++++
+go+++
nrr+++
rim+++
sic+e+

t e a p o t 
c l e r i c 
s h o u l d 
t i d i e r 
_ _ _ _ _ _ _ _ 
_ _ _ _ 

After
++++++
++++++
+go+++
nrr+++
rim+++
sic+e+

t e a p o t 
c l e r i c 
s h o u l d 
t i d i e r 
_ _ _ _ _ _ _ _ 
_ _ _ _ 

0
Before
++++++
++++++
+go+++
nrr+++
rim+++
sici++

t e a p o t 
c l e r i c 
s h o u l d 
t i e r e d 
_ _ _ _ _ _ _ _ 
_ _ _ _ 

After
++++++
++++++
+go+++
nrr+++
rim+++
sici++

t e a p o t 
c l e r i c 
s h o u l d 
t i e r e d 
_ _ _ _ _ _ _ _ 
_ _ _ _ 

0
Before
++++++
+g++++
+r++++
nio+++
rtr+++
sime++

t e a p o t 
c l e r i c 
s h o u l d 
d i c i e r 
_ _ _ _ _ _ _ _ 
_ _ _ _ 

After
++++++
+g++++
+r++++
nio+++
rtr+++
sime++

t e a p o t 
c l e r i c 
s h o u l d 
d i c i e r 
_ _ _ _ _ _ _ _ 
_ _ _ _ 

0
Before
++++++
+g++++
+r++++
nio+++
rtr+++
sim+e+

t e a p o t 
c l e r i c 
s h o u l d 
d i c i e r 
_ _ _ _ _ _ _ _ 
_ _ _ _ 

After
++++++
+g++++
+r++++
nio+++
rtr+++
sim+e+

t e a p o t 
c l e r i c 
s h o u l d 
d i c i e r 
_ _ _ _ _ _ _ _ 
_ _ _ _ 

0
Before
++++++
+g++++
+r++++
nio+++
rtr+++
sim+e+

t e a p o t 
c l e r i c 
s h o u l d 
d i c i e r 
_ _ _ _ _ _ _ _ 
_ _ _ _ 

After
++++++
+g++++
+r++++
nio+++
rtr+++
sim+e+

t e a p o t 
c l e r i c 
s h o u l d 
d i c i e r 
_ _ _ _ _ _ _ _ 
_ _ _ _ 

0
Before
++++++
++++++
+go+++
nrr+++
rim+++
sii+e+

t e a p o t 
c l e r i c 
s h o u l d 
d i r e c t 
_ _ _ _ _ _ _ _ 
_ _ _ _ 

After
++++++
++++++
+go+++
nrr+++
rim+++
sii+e+

t e a p o t 
c l e r i c 
s h o u l d 
d i r e c t 
_ _ _ _ _ _ _ _ 
_ _ _ _ 

0
Before
++++++
++++++
++o+++
++rd++
+gmie+
srier+

t e a p o t 
c l e r i c 
s h o u l d 
n i t r i c 
_ _ _ _ _ _ _ _ 
_ _ _ _ 

After
++++++
++++++
++o+++
++rd++
+gmie+
srier+

t e a p o t 
c l e r i c 
s h o u l d 
n i t r i c 
_ _ _ _ _ _ _ _ 
_ _ _ _ 

0
Before
++++++
+go+++
+rr+++
nimd++
rtiie+
sicer+

t e a p o t 
c l e r i c 
s h o u l d 
_ _ _ _ _ _ 
_ _ _ _ _ _ _ _ 
_ _ _ _ 

After
++++++
+go+++
+rr+++
nimd++
rtiie+
sicer+

t e a p o t 
c l e r i c 
s h o u l d 
_ _ _ _ _ _ 
_ _ _ _ _ _ _ _ 
_ _ _ _ 

11
Before
++++++
++++++
+g++++
+ro+++
niri++
rimer+

t e a p o t 
c l e r i c 
s h o u l d 
e d i c t s 
_ _ _ _ _ _ _ _ 
_ _ _ _ 

After
++++++
++++++
+g++++
+ro+++
niri++
rimer+

t e a p o t 
c l e r i c 
s h o u l d 
e d i c t s 
_ _ _ _ _ _ _ _ 
_ _ _ _ 

0
Before
++++++
++++++
+go+++
+rr+++
nim+++
riier+

t e a p o t 
c l e r i c 
s h o u l d 
e d i c t s 
_ _ _ _ _ _ _ _ 
_ _ _ _ 

After
++++++
++++++
+go+++
+rr+++
nim+++
riier+

t e a p o t 
c l e r i c 
s h o u l d 
e d i c t s 
_ _ _ _ _ _ _ _ 
_ _ _ _ 

0
Before
++++++
++++++
+go+++
+rr+++
nimd++
riii++

t e a p o t 
c l e r i c 
s h o u l d 
e r e c t s 
_ _ _ _ _ _ _ _ 
_ _ _ _ 

After
++++++
++++++
+go+++
+rr+++
nimd++
riii++

t e a p o t 
c l e r i c 
s h o u l d 
e r e c t s 
_ _ _ _ _ _ _ _ 
_ _ _ _ 

0
Before
++++++
++++++
+go+++
nrr+++
rim+++
sice++

t e a p o t 
c l e r i c 
s h o u l d 
t i d i e r 
_ _ _ _ _ _ _ _ 
_ _ _ _ 

After
++++++
++++++
+go+++
nrr+++
rim+++
sice++

t e a p o t 
c l e r i c 
s h o u l d 
t i d i e r 
_ _ _ _ _ _ _ _ 
_ _ _ _ 

0
Before
++++++
++++++
+go+++
nrr+++
rim+++
sic+e+

t e a p o t 
c l e r i c 
s h o u l d 
t i d i e r 
_ _ _ _ _ _ _ _ 
_ _ _ _ 

After
++++++
++++++
+go+++
nrr+++
rim+++
sic+e+

t e a p o t 
c l e r i c 
s h o u l d 
t i d i e r 
_ _ _ _ _ _ _ _ 
_ _ _ _ 

0
Before
++++++
++++++
+go+++
nrr+++
rim+++
sici++

t e a p o t 
c l e r i c 
s h o u l d 
t i e r e d 
_ _ _ _ _ _ _ _ 
_ _ _ _ 

After
++++++
++++++
+go+++
nrr+++
rim+++
sici++

t e a p o t 
c l e r i c 
s h o u l d 
t i e r e d 
_ _ _ _ _ _ _ _ 
_ _ _ _ 

0
Before
++++++
+g++++
+r++++
nio+++
rtr+++
sime++

t e a p o t 
c l e r i c 
s h o u l d 
d i c i e r 
_ _ _ _ _ _ _ _ 
_ _ _ _ 

After
++++++
+g++++
+r++++
nio+++
rtr+++
sime++

t e a p o t 
c l e r i c 
s h o u l d 
d i c i e r 
_ _ _ _ _ _ _ _ 
_ _ _ _ 

0
Before
++++++
+g++++
+r++++
nio+++
rtr+++
sim+e+

t e a p o t 
c l e r i c 
s h o u l d 
d i c i e r 
_ _ _ _ _ _ _ _ 
_ _ _ _ 

After
++++++
+g++++
+r++++
nio+++
rtr+++
sim+e+

t e a p o t 
c l e r i c 
s h o u l d 
d i c i e r 
_ _ _ _ _ _ _ _ 
_ _ _ _ 

0
Before
++++++
+g++++
+r++++
nio+++
rtr+++
sim+e+

t e a p o t 
c l e r i c 
s h o u l d 
d i c i e r 
_ _ _ _ _ _ _ _ 
_ _ _ _ 

After
++++++
+g++++
+r++++
nio+++
rtr+++
sim+e+

t e a p o t 
c l e r i c 
s h o u l d 
d i c i e r 
_ _ _ _ _ _ _ _ 
_ _ _ _ 

0
Before
++++++
++++++
+go+++
nrr+++
rim+++
sii+e+

t e a p o t 
c l e r i c 
s h o u l d 
d i r e c t 
_ _ _ _ _ _ _ _ 
_ _ _ _ 

After
++++++
++++++
+go+++
nrr+++
rim+++
sii+e+

t e a p o t 
c l e r i c 
s h o u l d 
d i r e c t 
_ _ _ _ _ _ _ _ 
_ _ _ _ 

0
Before
++++++
++++++
++o+++
++rd++
+gmie+
srier+

t e a p o t 
c l e r i c 
s h o u l d 
n i t r i c 
_ _ _ _ _ _ _ _ 
_ _ _ _ 

After
++++++
++++++
++o+++
++rd++
+gmie+
srier+

t e a p o t 
c l e r i c 
s h o u l d 
n i t r i c 
_ _ _ _ _ _ _ _ 
_ _ _ _ 

0
Before
++++++
+g++++
+ro+++
nirdu+
rtios+
siceh+

t e a p o t 
c l e r i c 
m i l d e r 
_ _ _ _ _ _ 
_ _ _ _ _ _ _ _ 
_ _ _ _ 

After
++++++
+g++++
+ro+++
nirdu+
rtios+
siceh+

t e a p o t 
c l e r i c 
m i l d e r 
_ _ _ _ _ _ 
_ _ _ _ _ _ _ _ 
_ _ _ _ 

7
Before
++++++
+g++++
+r++++
ni++++
rt++u+
siods+

t e a p o t 
c l e r i c 
m i l d e r 
c o h e i r 
_ _ _ _ _ _ _ _ 
_ _ _ _ 

After
++++++
+g++++
+r++++
ni++++
rt++u+
siods+

t e a p o t 
c l e r i c 
m i l d e r 
c o h e i r 
_ _ _ _ _ _ _ _ 
_ _ _ _ 

0
Before
++++++
++++++
++++++
ng++++
rrodu+
siroh+

t e a p o t 
c l e r i c 
m i l d e r 
c i t i e s 
_ _ _ _ _ _ _ _ 
_ _ _ _ 

After
++++++
++++++
++++++
ng++++
rrodu+
siroh+

t e a p o t 
c l e r i c 
m i l d e r 
c i t i e s 
_ _ _ _ _ _ _ _ 
_ _ _ _ 

0
Before
++++++
++++++
+g++++
nr++++
rio+u+
sicdh+

t e a p o t 
c l e r i c 
m i l d e r 
s o r t i e 
_ _ _ _ _ _ _ _ 
_ _ _ _ 

After
++++++
++++++
+g++++
nr++++
rio+u+
sicdh+

t e a p o t 
c l e r i c 
m i l d e r 
s o r t i e 
_ _ _ _ _ _ _ _ 
_ _ _ _ 

0
Before
++++++
++++++
+g++++
+ro+++
niid++
riceu+

t e a p o t 
c l e r i c 
m i l d e r 
s h o r t s 
_ _ _ _ _ _ _ _ 
_ _ _ _ 

After
++++++
++++++
+g++++
+ro+++
niid++
riceu+

t e a p o t 
c l e r i c 
m i l d e r 
s h o r t s 
_ _ _ _ _ _ _ _ 
_ _ _ _ 

0
Before
++++++
++++++
++++++
+g+du+
rr+os+
sioeh+

t e a p o t 
c l e r i c 
m i l d e r 
n i t r i c 
_ _ _ _ _ _ _ _ 
_ _ _ _ 

After
++++++
++++++
++++++
+g+du+
rr+os+
sioeh+

t e a p o t 
c l e r i c 
m i l d e r 
n i t r i c 
_ _ _ _ _ _ _ _ 
_ _ _ _ 

0
Before
++++++
++++++
++++++
++odu+
+gros+
srieh+

t e a p o t 
c l e r i c 
m i l d e r 
n i t r i c 
_ _ _ _ _ _ _ _ 
_ _ _ _ 

After
++++++
++++++
++++++
++odu+
+gros+
srieh+

t e a p o t 
c l e r i c 
m i l d e r 
n i t r i c 
_ _ _ _ _ _ _ _ 
_ _ _ _ 

1
Before
++++++
++++++
++++++
++++++
+++d++
s++eh+

t e a p o t 
c l e r i c 
m i l d e r 
n i t r i c 
r i g o r o u s 
_ _ _ _ 

After
++++++
++++++
++++++
++++++
+++d++
s++eh+

t e a p o t 
c l e r i c 
m i l d e r 
n i t r i c 
r i g o r o u s 
_ _ _ _ 

0
Before
++++++
+g++++
+r++++
ni++++
rtr+++
siceh+

t e a p o t 
c l e r i c 
m i l d e r 
o d i o u s 
_ _ _ _ _ _ _ _ 
_ _ _ _ 

After
++++++
+g++++
+r++++
ni++++
rtr+++
siceh+

t e a p o t 
c l e r i c 
m i l d e r 
o d i o u s 
_ _ _ _ _ _ _ _ 
_ _ _ _ 

0
Before
++++e+
++++r+
+++dl+
+griu+
rtios+
siceh+

t e a p o t 
c l e r i c 
n i m r o d 
_ _ _ _ _ _ 
_ _ _ _ _ _ _ _ 
_ _ _ _ 

After
++++e+
++++r+
+++dl+
+griu+
rtios+
siceh+

t e a p o t 
c l e r i c 
n i m r o d 
_ _ _ _ _ _ 
_ _ _ _ _ _ _ _ 
_ _ _ _ 

9
Before
++++++
++++e+
++++r+
+g++l+
rt+du+
si+is+

t e a p o t 
c l e r i c 
n i m r o d 
c o h e i r 
_ _ _ _ _ _ _ _ 
_ _ _ _ 

After
++++++
++++e+
++++r+
+g++l+
rt+du+
si+is+

t e a p o t 
c l e r i c 
n i m r o d 
c o h e i r 
_ _ _ _ _ _ _ _ 
_ _ _ _ 

0
Before
++++++
++++e+
++++r+
+++dl+
r++iu+
sgroh+

t e a p o t 
c l e r i c 
n i m r o d 
c i t i e s 
_ _ _ _ _ _ _ _ 
_ _ _ _ 

After
++++++
++++e+
++++r+
+++dl+
r++iu+
sgroh+

t e a p o t 
c l e r i c 
n i m r o d 
c i t i e s 
_ _ _ _ _ _ _ _ 
_ _ _ _ 

0
Before
++++++
++++e+
++++r+
++++l+
rg+du+
sicih+

t e a p o t 
c l e r i c 
n i m r o d 
s o r t i e 
_ _ _ _ _ _ _ _ 
_ _ _ _ 

After
++++++
++++e+
++++r+
++++l+
rg+du+
sicih+

t e a p o t 
c l e r i c 
n i m r o d 
s o r t i e 
_ _ _ _ _ _ _ _ 
_ _ _ _ 

0
Before
++++++
++++++
++++++
+gr+++
rtiie+
sicer+

t e a p o t 
c l e r i c 
n i m r o d 
s h o u l d 
_ _ _ _ _ _ _ _ 
_ _ _ _ 

After
++++++
++++++
++++++
+gr+++
rtiie+
sicer+

t e a p o t 
c l e r i c 
n i m r o d 
s h o u l d 
_ _ _ _ _ _ _ _ 
_ _ _ _ 

0
Before
++++++
++++++
++++e+
+++dr+
+giil+
riceu+

t e a p o t 
c l e r i c 
n i m r o d 
s h o r t s 
_ _ _ _ _ _ _ _ 
_ _ _ _ 

After
++++++
++++++
++++e+
+++dr+
+giil+
riceu+

t e a p o t 
c l e r i c 
n i m r o d 
s h o r t s 
_ _ _ _ _ _ _ _ 
_ _ _ _ 

0
Before
++++++
++++e+
++++r+
++++l+
rt+du+
sicih+

t e a p o t 
c l e r i c 
n i m r o d 
o r g i e s 
_ _ _ _ _ _ _ _ 
_ _ _ _ 

After
++++++
++++e+
++++r+
++++l+
rt+du+
sicih+

t e a p o t 
c l e r i c 
n i m r o d 
o r g i e s 
_ _ _ _ _ _ _ _ 
_ _ _ _ 

0
Before
++++e+
++++r+
+++dl+
+++iu+
++ros+
++ceh+

t e a p o t 
c l e r i c 
n i m r o d 
t i g r i s 
_ _ _ _ _ _ _ _ 
_ _ _ _ 

After
++++e+
++++r+
+++dl+
+++iu+
++ros+
++ceh+

t e a p o t 
c l e r i c 
n i m r o d 
t i g r i s 
_ _ _ _ _ _ _ _ 
_ _ _ _ 

0
Before
++++++
++++e+
++++r+
+++dl+
r++ou+
siceh+

t e a p o t 
c l e r i c 
n i m r o d 
t i g r i s 
_ _ _ _ _ _ _ _ 
_ _ _ _ 

After
++++++
++++e+
++++r+
+++dl+
r++ou+
siceh+

t e a p o t 
c l e r i c 
n i m r o d 
t i g r i s 
_ _ _ _ _ _ _ _ 
_ _ _ _ 

0
Before
++++++
++++++
++++e+
++++r+
rtidl+
sicih+

t e a p o t 
c l e r i c 
n i m r o d 
g r o u s e 
_ _ _ _ _ _ _ _ 
_ _ _ _ 

After
++++++
++++++
++++e+
++++r+
rtidl+
sicih+

t e a p o t 
c l e r i c 
n i m r o d 
g r o u s e 
_ _ _ _ _ _ _ _ 
_ _ _ _ 

0
Before
++++e+
++++r+
+++dl+
+griu+
rtios+
siceh+

t e a p o t 
c l e r i c 
n i m r o d 
_ _ _ _ _ _ 
_ _ _ _ _ _ _ _ 
_ _ _ _ 

After
++++e+
++++r+
+++dl+
+griu+
rtios+
siceh+

t e a p o t 
c l e r i c 
n i m r o d 
_ _ _ _ _ _ 
_ _ _ _ _ _ _ _ 
_ _ _ _ 

9
Before
++++++
++++e+
++++r+
+g++l+
rt+du+
si+is+

t e a p o t 
c l e r i c 
n i m r o d 
c o h e i r 
_ _ _ _ _ _ _ _ 
_ _ _ _ 

After
++++++
++++e+
++++r+
+g++l+
rt+du+
si+is+

t e a p o t 
c l e r i c 
n i m r o d 
c o h e i r 
_ _ _ _ _ _ _ _ 
_ _ _ _ 

0
Before
++++++
++++e+
++++r+
+++dl+
r++iu+
sgroh+

t e a p o t 
c l e r i c 
n i m r o d 
c i t i e s 
_ _ _ _ _ _ _ _ 
_ _ _ _ 

After
++++++
++++e+
++++r+
+++dl+
r++iu+
sgroh+

t e a p o t 
c l e r i c 
n i m r o d 
c i t i e s 
_ _ _ _ _ _ _ _ 
_ _ _ _ 

0
Before
++++++
++++e+
++++r+
++++l+
rg+du+
sicih+

t e a p o t 
c l e r i c 
n i m r o d 
s o r t i e 
_ _ _ _ _ _ _ _ 
_ _ _ _ 

After
++++++
++++e+
++++r+
++++l+
rg+du+
sicih+

t e a p o t 
c l e r i c 
n i m r o d 
s o r t i e 
_ _ _ _ _ _ _ _ 
_ _ _ _ 

0
Before
++++++
++++++
++++++
+gr+++
rtiie+
sicer+

t e a p o t 
c l e r i c 
n i m r o d 
s h o u l d 
_ _ _ _ _ _ _ _ 
_ _ _ _ 

After
++++++
++++++
++++++
+gr+++
rtiie+
sicer+

t e a p o t 
c l e r i c 
n i m r o d 
s h o u l d 
_ _ _ _ _ _ _ _ 
_ _ _ _ 

0
Before
++++++
++++++
++++e+
+++dr+
+giil+
riceu+

t e a p o t 
c l e r i c 
n i m r o d 
s h o r t s 
_ _ _ _ _ _ _ _ 
_ _ _ _ 

After
++++++
++++++
++++e+
+++dr+
+giil+
riceu+

t e a p o t 
c l e r i c 
n i m r o d 
s h o r t s 
_ _ _ _ _ _ _ _ 
_ _ _ _ 

0
Before
++++++
++++e+
++++r+
++++l+
rt+du+
sicih+

t e a p o t 
c l e r i c 
n i m r o d 
o r g i e s 
_ _ _ _ _ _ _ _ 
_ _ _ _ 

After
++++++
++++e+
++++r+
++++l+
rt+du+
sicih+

t e a p o t 
c l e r i c 
n i m r o d 
o r g i e s 
_ _ _ _ _ _ _ _ 
_ _ _ _ 

0
Before
++++e+
++++r+
+++dl+
+++iu+
++ros+
++ceh+

t e a p o t 
c l e r i c 
n i m r o d 
t i g r i s 
_ _ _ _ _ _ _ _ 
_ _ _ _ 

After
++++e+
++++r+
+++dl+
+++iu+
++ros+
++ceh+

t e a p o t 
c l e r i c 
n i m r o d 
t i g r i s 
_ _ _ _ _ _ _ _ 
_ _ _ _ 

0
Before
++++++
++++e+
++++r+
+++dl+
r++ou+
siceh+

t e a p o t 
c l e r i c 
n i m r o d 
t i g r i s 
_ _ _ _ _ _ _ _ 
_ _ _ _ 

After
++++++
++++e+
++++r+
+++dl+
r++ou+
siceh+

t e a p o t 
c l e r i c 
n i m r o d 
t i g r i s 
_ _ _ _ _ _ _ _ 
_ _ _ _ 

0
Before
++++++
++++++
++++e+
++++r+
rtidl+
sicih+

t e a p o t 
c l e r i c 
n i m r o d 
g r o u s e 
_ _ _ _ _ _ _ _ 
_ _ _ _ 

After
++++++
++++++
++++e+
++++r+
rtidl+
sicih+

t e a p o t 
c l e r i c 
n i m r o d 
g r o u s e 
_ _ _ _ _ _ _ _ 
_ _ _ _ 

0
Before
++++e+
++++r+
+g+dl+
+r+iu+
rtios+
siceh+

t e a p o t 
c l e r i c 
n i m r o d 
_ _ _ _ _ _ 
_ _ _ _ _ _ _ _ 
_ _ _ _ 

After
++++e+
++++r+
+g+dl+
+r+iu+
rtios+
siceh+

t e a p o t 
c l e r i c 
n i m r o d 
_ _ _ _ _ _ 
_ _ _ _ _ _ _ _ 
_ _ _ _ 

3
Before
++++++
++++e+
++++r+
+g++l+
rt+du+
si+is+

t e a p o t 
c l e r i c 
n i m r o d 
c o h e i r 
_ _ _ _ _ _ _ _ 
_ _ _ _ 

After
++++++
++++e+
++++r+
+g++l+
rt+du+
si+is+

t e a p o t 
c l e r i c 
n i m r o d 
c o h e i r 
_ _ _ _ _ _ _ _ 
_ _ _ _ 

0
Before
++++++
++++e+
++++r+
+++dl+
rg+iu+
sr+oh+

t e a p o t 
c l e r i c 
n i m r o d 
c i t i e s 
_ _ _ _ _ _ _ _ 
_ _ _ _ 

After
++++++
++++e+
++++r+
+++dl+
rg+iu+
sr+oh+

t e a p o t 
c l e r i c 
n i m r o d 
c i t i e s 
_ _ _ _ _ _ _ _ 
_ _ _ _ 

0
Before
++++++
++++++
+g++++
+r++++
rtiie+
sicer+

t e a p o t 
c l e r i c 
n i m r o d 
s h o u l d 
_ _ _ _ _ _ _ _ 
_ _ _ _ 

After
++++++
++++++
+g++++
+r++++
rtiie+
sicer+

t e a p o t 
c l e r i c 
n i m r o d 
s h o u l d 
_ _ _ _ _ _ _ _ 
_ _ _ _ 

0
Before
++++e+
++++r+
+g+dl+
+r+iu+
rtios+
siceh+

t e a p o t 
c l e r i c 
n i m r o d 
_ _ _ _ _ _ 
_ _ _ _ _ _ _ _ 
_ _ _ _ 

After
++++e+
++++r+
+g+dl+
+r+iu+
rtios+
siceh+

t e a p o t 
c l e r i c 
n i m r o d 
_ _ _ _ _ _ 
_ _ _ _ _ _ _ _ 
_ _ _ _ 

3
Before
++++++
++++e+
++++r+
+g++l+
rt+du+
si+is+

t e a p o t 
c l e r i c 
n i m r o d 
c o h e i r 
_ _ _ _ _ _ _ _ 
_ _ _ _ 

After
++++++
++++e+
++++r+
+g++l+
rt+du+
si+is+

t e a p o t 
c l e r i c 
n i m r o d 
c o h e i r 
_ _ _ _ _ _ _ _ 
_ _ _ _ 

0
Before
++++++
++++e+
++++r+
+++dl+
rg+iu+
sr+oh+

t e a p o t 
c l e r i c 
n i m r o d 
c i t i e s 
_ _ _ _ _ _ _ _ 
_ _ _ _ 

After
++++++
++++e+
++++r+
+++dl+
rg+iu+
sr+oh+

t e a p o t 
c l e r i c 
n i m r o d 
c i t i e s 
_ _ _ _ _ _ _ _ 
_ _ _ _ 

0
Before
++++++
++++++
+g++++
+r++++
rtiie+
sicer+

t e a p o t 
c l e r i c 
n i m r o d 
s h o u l d 
_ _ _ _ _ _ _ _ 
_ _ _ _ 

After
++++++
++++++
+g++++
+r++++
rtiie+
sicer+

t e a p o t 
c l e r i c 
n i m r o d 
s h o u l d 
_ _ _ _ _ _ _ _ 
_ _ _ _ 

0
Before
++++e+
+++dr+
++odl+
++riu+
+gmos+
srieh+

t e a p o t 
c l e r i c 
n i t r i c 
_ _ _ _ _ _ 
_ _ _ _ _ _ _ _ 
_ _ _ _ 

After
++++e+
+++dr+
++odl+
++riu+
+gmos+
srieh+

t e a p o t 
c l e r i c 
n i t r i c 
_ _ _ _ _ _ 
_ _ _ _ _ _ _ _ 
_ _ _ _ 

10
Before
++++++
++++++
++o+++
++rd++
+gmie+
srier+

t e a p o t 
c l e r i c 
n i t r i c 
s h o u l d 
_ _ _ _ _ _ _ _ 
_ _ _ _ 

After
++++++
++++++
++o+++
++rd++
+gmie+
srier+

t e a p o t 
c l e r i c 
n i t r i c 
s h o u l d 
_ _ _ _ _ _ _ _ 
_ _ _ _ 

0
Before
++++++
++++++
++o+++
++rd++
+gmie+
srier+

t e a p o t 
c l e r i c 
n i t r i c 
s h o u l d 
_ _ _ _ _ _ _ _ 
_ _ _ _ 

After
++++++
++++++
++o+++
++rd++
+gmie+
srier+

t e a p o t 
c l e r i c 
n i t r i c 
s h o u l d 
_ _ _ _ _ _ _ _ 
_ _ _ _ 

0
Before
++++++
++++e+
++++r+
+++dl+
++odu+
srmih+

t e a p o t 
c l e r i c 
n i t r i c 
o r g i e s 
_ _ _ _ _ _ _ _ 
_ _ _ _ 

After
++++++
++++e+
++++r+
+++dl+
++odu+
srmih+

t e a p o t 
c l e r i c 
n i t r i c 
o r g i e s 
_ _ _ _ _ _ _ _ 
_ _ _ _ 

0
Before
++++++
++++++
++++++
++odu+
+gros+
srieh+

t e a p o t 
c l e r i c 
n i t r i c 
m i l d e r 
_ _ _ _ _ _ _ _ 
_ _ _ _ 

After
++++++
++++++
++++++
++odu+
+gros+
srieh+

t e a p o t 
c l e r i c 
n i t r i c 
m i l d e r 
_ _ _ _ _ _ _ _ 
_ _ _ _ 

1
Before
++++++
++++++
++++++
++++++
+++d++
s++eh+

t e a p o t 
c l e r i c 
n i t r i c 
m i l d e r 
r i g o r o u s 
_ _ _ _ 

After
++++++
++++++
++++++
++++++
+++d++
s++eh+

t e a p o t 
c l e r i c 
n i t r i c 
m i l d e r 
r i g o r o u s 
_ _ _ _ 

0
Before
++++++
++++++
++++e+
++odr+
++mdl+
sriih+

t e a p o t 
c l e r i c 
n i t r i c 
g r o u s e 
_ _ _ _ _ _ _ _ 
_ _ _ _ 

After
++++++
++++++
++++e+
++odr+
++mdl+
sriih+

t e a p o t 
c l e r i c 
n i t r i c 
g r o u s e 
_ _ _ _ _ _ _ _ 
_ _ _ _ 

0
Before
++++++
++++e+
++++r+
+++dl+
++odu+
srioh+

t e a p o t 
c l e r i c 
n i t r i c 
g r i m e s 
_ _ _ _ _ _ _ _ 
_ _ _ _ 

After
++++++
++++e+
++++r+
+++dl+
++odu+
srioh+

t e a p o t 
c l e r i c 
n i t r i c 
g r i m e s 
_ _ _ _ _ _ _ _ 
_ _ _ _ 

0
Before
++++++
++++e+
+++dr+
+++dl+
++oiu+
s+roh+

t e a p o t 
c l e r i c 
n i t r i c 
g r i m e s 
_ _ _ _ _ _ _ _ 
_ _ _ _ 

After
++++++
++++e+
+++dr+
+++dl+
++oiu+
s+roh+

t e a p o t 
c l e r i c 
n i t r i c 
g r i m e s 
_ _ _ _ _ _ _ _ 
_ _ _ _ 

0
Before
++++++
++++++
++++e+
++r+r+
+gmol+
srieu+

t e a p o t 
c l e r i c 
n i t r i c 
o d d i s h 
_ _ _ _ _ _ _ _ 
_ _ _ _ 

After
++++++
++++++
++++e+
++r+r+
+gmol+
srieu+

t e a p o t 
c l e r i c 
n i t r i c 
o d d i s h 
_ _ _ _ _ _ _ _ 
_ _ _ _ 

0
Before
++++++
++++++
++++e+
++r+r+
+gmdl+
srieh+

t e a p o t 
c l e r i c 
n i t r i c 
o d i o u s 
_ _ _ _ _ _ _ _ 
_ _ _ _ 

After
++++++
++++++
++++e+
++r+r+
+gmdl+
srieh+

t e a p o t 
c l e r i c 
n i t r i c 
o d i o u s 
_ _ _ _ _ _ _ _ 
_ _ _ _ 

0
Before
++++++
++++e+
+++dr+
+++dl+
+++iu+
srmoh+

t e a p o t 
c l e r i c 
n i t r i c 
o r g i e s 
_ _ _ _ _ _ _ _ 
_ _ _ _ 

After
++++++
++++e+
+++dr+
+++dl+
+++iu+
srmoh+

t e a p o t 
c l e r i c 
n i t r i c 
o r g i e s 
_ _ _ _ _ _ _ _ 
_ _ _ _ 

0
Before
++++++
++++e+
++odr+
+grdu+
nrios+
riceh+

t e a p o t 
c l e r i c 
l i m i t s 
_ _ _ _ _ _ 
_ _ _ _ _ _ _ _ 
_ _ _ _ 

After
++++++
++++e+
++odr+
+grdu+
nrios+
riceh+

t e a p o t 
c l e r i c 
l i m i t s 
_ _ _ _ _ _ 
_ _ _ _ _ _ _ _ 
_ _ _ _ 

17
Before
++++++
++++++
++++e+
++++r+
ngodu+
rices+

t e a p o t 
c l e r i c 
l i m i t s 
h o r r i d 
_ _ _ _ _ _ _ _ 
_ _ _ _ 

After
++++++
++++++
++++e+
++++r+
ngodu+
rices+

t e a p o t 
c l e r i c 
l i m i t s 
h o r r i d 
_ _ _ _ _ _ _ _ 
_ _ _ _ 

0
Before
++++++
++++++
++++e+
++++r+
ngodu+
rirds+

t e a p o t 
c l e r i c 
l i m i t s 
c o h e i r 
_ _ _ _ _ _ _ _ 
_ _ _ _ 

After
++++++
++++++
++++e+
++++r+
ngodu+
rirds+

t e a p o t 
c l e r i c 
l i m i t s 
c o h e i r 
_ _ _ _ _ _ _ _ 
_ _ _ _ 

0
Before
++++++
++++++
++++e+
+g++r+
nr+du+
riods+

t e a p o t 
c l e r i c 
l i m i t s 
c o h e i r 
_ _ _ _ _ _ _ _ 
_ _ _ _ 

After
++++++
++++++
++++e+
+g++r+
nr+du+
riods+

t e a p o t 
c l e r i c 
l i m i t s 
c o h e i r 
_ _ _ _ _ _ _ _ 
_ _ _ _ 

0
Before
++++++
++++e+
++++r+
+++du+
++oos+
rrceh+

t e a p o t 
c l e r i c 
l i m i t s 
i n g r i d 
_ _ _ _ _ _ _ _ 
_ _ _ _ 

After
++++++
++++e+
++++r+
+++du+
++oos+
rrceh+

t e a p o t 
c l e r i c 
l i m i t s 
i n g r i d 
_ _ _ _ _ _ _ _ 
_ _ _ _ 

0
Before
++++++
++++e+
++++r+
++odu+
++ros+
r+ceh+

t e a p o t 
c l e r i c 
l i m i t s 
i n g r i d 
_ _ _ _ _ _ _ _ 
_ _ _ _ 

After
++++++
++++e+
++++r+
++odu+
++ros+
r+ceh+

t e a p o t 
c l e r i c 
l i m i t s 
i n g r i d 
_ _ _ _ _ _ _ _ 
_ _ _ _ 

0
Before
++++++
++++++
++o+++
+gr+++
nrid++
riceh+

t e a p o t 
c l e r i c 
l i m i t s 
s o u r e d 
_ _ _ _ _ _ _ _ 
_ _ _ _ 

After
++++++
++++++
++o+++
+gr+++
nrid++
riceh+

t e a p o t 
c l e r i c 
l i m i t s 
s o u r e d 
_ _ _ _ _ _ _ _ 
_ _ _ _ 

0
Before
++++++
++++++
++++++
+go+++
nrids+
riceh+

t e a p o t 
c l e r i c 
l i m i t s 
o r d u r e 
_ _ _ _ _ _ _ _ 
_ _ _ _ 

After
++++++
++++++
++++++
+go+++
nrids+
riceh+

t e a p o t 
c l e r i c 
l i m i t s 
o r d u r e 
_ _ _ _ _ _ _ _ 
_ _ _ _ 

0
Before
++++++
++++++
++++e+
++++r+
nrodu+
ricdh+

t e a p o t 
c l e r i c 
l i m i t s 
o r g i e s 
_ _ _ _ _ _ _ _ 
_ _ _ _ 

After
++++++
++++++
++++e+
++++r+
nrodu+
ricdh+

t e a p o t 
c l e r i c 
l i m i t s 
o r g i e s 
_ _ _ _ _ _ _ _ 
_ _ _ _ 

0
Before
++++++
++++++
++++++
+go+++
nrids+
riceh+

t e a p o t 
c l e r i c 
l i m i t s 
o r d u r e 
_ _ _ _ _ _ _ _ 
_ _ _ _ 

After
++++++
++++++
++++++
+go+++
nrids+
riceh+

t e a p o t 
c l e r i c 
l i m i t s 
o r d u r e 
_ _ _ _ _ _ _ _ 
_ _ _ _ 

0
Before
++++++
++++e+
++++r+
+++du+
++oos+
rrreh+

t e a p o t 
c l e r i c 
l i m i t s 
d i c i n g 
_ _ _ _ _ _ _ _ 
_ _ _ _ 

After
++++++
++++e+
++++r+
+++du+
++oos+
rrreh+

t e a p o t 
c l e r i c 
l i m i t s 
d i c i n g 
_ _ _ _ _ _ _ _ 
_ _ _ _ 

0
Before
++++++
++++++
++++++
+++du+
nroos+
riceh+

t e a p o t 
c l e r i c 
l i m i t s 
g i r d e r 
_ _ _ _ _ _ _ _ 
_ _ _ _ 

After
++++++
++++++
++++++
+++du+
nroos+
riceh+

t e a p o t 
c l e r i c 
l i m i t s 
g i r d e r 
_ _ _ _ _ _ _ _ 
_ _ _ _ 

0
Before
++++++
++++++
++++++
++o+e+
nridr+
ricdh+

t e a p o t 
c l e r i c 
l i m i t s 
g r o u s e 
_ _ _ _ _ _ _ _ 
_ _ _ _ 

After
++++++
++++++
++++++
++o+e+
nridr+
ricdh+

t e a p o t 
c l e r i c 
l i m i t s 
g r o u s e 
_ _ _ _ _ _ _ _ 
_ _ _ _ 

0
Before
++++++
++++++
++++++
+g++e+
nrrdr+
riceh+

t e a p o t 
c l e r i c 
l i m i t s 
o d i o u s 
_ _ _ _ _ _ _ _ 
_ _ _ _ 

After
++++++
++++++
++++++
+g++e+
nrrdr+
riceh+

t e a p o t 
c l e r i c 
l i m i t s 
o d i o u s 
_ _ _ _ _ _ _ _ 
_ _ _ _ 

0
Before
++++++
++++++
++++++
+g+d++
nrios+
riceh+

t e a p o t 
c l e r i c 
l i m i t s 
o r d u r e 
_ _ _ _ _ _ _ _ 
_ _ _ _ 

After
++++++
++++++
++++++
+g+d++
nrios+
riceh+

t e a p o t 
c l e r i c 
l i m i t s 
o r d u r e 
_ _ _ _ _ _ _ _ 
_ _ _ _ 

0
Before
++++++
++++++
++++e+
+++dr+
nr+du+
ricoh+

t e a p o t 
c l e r i c 
l i m i t s 
o r g i e s 
_ _ _ _ _ _ _ _ 
_ _ _ _ 

After
++++++
++++++
++++e+
+++dr+
nr+du+
ricoh+

t e a p o t 
c l e r i c 
l i m i t s 
o r g i e s 
_ _ _ _ _ _ _ _ 
_ _ _ _ 

0
Before
++++++
++++++
++++++
+g+d++
nrios+
riceh+

t e a p o t 
c l e r i c 
l i m i t s 
o r d u r e 
_ _ _ _ _ _ _ _ 
_ _ _ _ 

After
++++++
++++++
++++++
+g+d++
nrios+
riceh+

t e a p o t 
c l e r i c 
l i m i t s 
o r d u r e 
_ _ _ _ _ _ _ _ 
_ _ _ _ 

0
Before
++++++
++++++
++++++
+go+r+
nrr+u+
ricoh+

t e a p o t 
c l e r i c 
l i m i t s 
e d d i e s 
_ _ _ _ _ _ _ _ 
_ _ _ _ 

After
++++++
++++++
++++++
+go+r+
nrr+u+
ricoh+

t e a p o t 
c l e r i c 
l i m i t s 
e d d i e s 
_ _ _ _ _ _ _ _ 
_ _ _ _ 

0
Before
++++++
++++e+
+g+dr+
+rodu+
niros+
riceh+

t e a p o t 
c l e r i c 
l i m i t s 
_ _ _ _ _ _ 
_ _ _ _ _ _ _ _ 
_ _ _ _ 

After
++++++
++++e+
+g+dr+
+rodu+
niros+
riceh+

t e a p o t 
c l e r i c 
l i m i t s 
_ _ _ _ _ _ 
_ _ _ _ _ _ _ _ 
_ _ _ _ 

6
Before
++++++
++++++
++++e+
+g+dr+
+r+du+
ricos+

t e a p o t 
c l e r i c 
l i m i t s 
h e r o i n 
_ _ _ _ _ _ _ _ 
_ _ _ _ 

After
++++++
++++++
++++e+
+g+dr+
+r+du+
ricos+

t e a p o t 
c l e r i c 
l i m i t s 
h e r o i n 
_ _ _ _ _ _ _ _ 
_ _ _ _ 

0
Before
++++++
++++++
++++e+
+g+dr+
nr+du+
ri+os+

t e a p o t 
c l e r i c 
l i m i t s 
h e r o i c 
_ _ _ _ _ _ _ _ 
_ _ _ _ 

After
++++++
++++++
++++e+
+g+dr+
nr+du+
ri+os+

t e a p o t 
c l e r i c 
l i m i t s 
h e r o i c 
_ _ _ _ _ _ _ _ 
_ _ _ _ 

0
Before
++++++
++++++
+g++++
+ro+++
nird++
riceh+

t e a p o t 
c l e r i c 
l i m i t s 
s o u r e d 
_ _ _ _ _ _ _ _ 
_ _ _ _ 

After
++++++
++++++
+g++++
+ro+++
nird++
riceh+

t e a p o t 
c l e r i c 
l i m i t s 
s o u r e d 
_ _ _ _ _ _ _ _ 
_ _ _ _ 

0
Before
++++++
++++++
+g++++
+r++++
niods+
riceh+

t e a p o t 
c l e r i c 
l i m i t s 
o r d u r e 
_ _ _ _ _ _ _ _ 
_ _ _ _ 

After
++++++
++++++
+g++++
+r++++
niods+
riceh+

t e a p o t 
c l e r i c 
l i m i t s 
o r d u r e 
_ _ _ _ _ _ _ _ 
_ _ _ _ 

0
Before
++++++
++++++
+g++++
+r+d++
ni+os+
riceh+

t e a p o t 
c l e r i c 
l i m i t s 
o r d u r e 
_ _ _ _ _ _ _ _ 
_ _ _ _ 

After
++++++
++++++
+g++++
+r+d++
ni+os+
riceh+

t e a p o t 
c l e r i c 
l i m i t s 
o r d u r e 
_ _ _ _ _ _ _ _ 
_ _ _ _ 

0
Before
++++++
++++++
+g++++
+r+d++
niod++
ricoe+

t e a p o t 
c l e r i c 
l i m i t s 
r u s h e r 
_ _ _ _ _ _ _ _ 
_ _ _ _ 

After
++++++
++++++
+g++++
+r+d++
niod++
ricoe+

t e a p o t 
c l e r i c 
l i m i t s 
r u s h e r 
_ _ _ _ _ _ _ _ 
_ _ _ _ 

0
Before
++++++
+g++++
+rr+e+
nim+r+
rtidl+
siceh+

t e a p o t 
c l e r i c 
o d i o u s 
_ _ _ _ _ _ 
_ _ _ _ _ _ _ _ 
_ _ _ _ 

After
++++++
+g++++
+rr+e+
nim+r+
rtidl+
siceh+

t e a p o t 
c l e r i c 
o d i o u s 
_ _ _ _ _ _ 
_ _ _ _ _ _ _ _ 
_ _ _ _ 

2
Before
++++++
++++++
+g++e+
+r++r+
nir+l+
rim+h+

t e a p o t 
c l e r i c 
o d i o u s 
e d i c t s 
_ _ _ _ _ _ _ _ 
_ _ _ _ 

After
++++++
++++++
+g++e+
+r++r+
nir+l+
rim+h+

t e a p o t 
c l e r i c 
o d i o u s 
e d i c t s 
_ _ _ _ _ _ _ _ 
_ _ _ _ 

0
Before
++++++
++++++
++++e+
++r+r+
+gmdl+
srieh+

t e a p o t 
c l e r i c 
o d i o u s 
n i t r i c 
_ _ _ _ _ _ _ _ 
_ _ _ _ 

After
++++++
++++++
++++e+
++r+r+
+gmdl+
srieh+

t e a p o t 
c l e r i c 
o d i o u s 
n i t r i c 
_ _ _ _ _ _ _ _ 
_ _ _ _ 

0
Before
++++++
+g++++
+rr+e+
nim+r+
rtiol+
siceu+

t e a p o t 
c l e r i c 
o d d i s h 
_ _ _ _ _ _ 
_ _ _ _ _ _ _ _ 
_ _ _ _ 

After
++++++
+g++++
+rr+e+
nim+r+
rtiol+
siceu+

t e a p o t 
c l e r i c 
o d d i s h 
_ _ _ _ _ _ 
_ _ _ _ _ _ _ _ 
_ _ _ _ 

1
Before
++++++
++++++
++++e+
++r+r+
+gmol+
srieu+

t e a p o t 
c l e r i c 
o d d i s h 
n i t r i c 
_ _ _ _ _ _ _ _ 
_ _ _ _ 

After
++++++
++++++
++++e+
++r+r+
+gmol+
srieu+

t e a p o t 
c l e r i c 
o d d i s h 
n i t r i c 
_ _ _ _ _ _ _ _ 
_ _ _ _ 

0
Before
++++++
n+ode+
rgrdr+
eriil+
lrmcu+
sicoh+

t e a p o t 
c i t i e s 
_ _ _ _ _ _ 
_ _ _ _ _ _ 
_ _ _ _ _ _ _ _ 
_ _ _ _ 

After
++++++
n+ode+
rgrdr+
eriil+
lrmcu+
sicoh+

t e a p o t 
c i t i e s 
_ _ _ _ _ _ 
_ _ _ _ _ _ 
_ _ _ _ _ _ _ _ 
_ _ _ _ 

5
Before
++++++
n+++++
rgo+++
errd++
lricu+
sicoh+

t e a p o t 
c i t i e s 
m i l d e r 
_ _ _ _ _ _ 
_ _ _ _ _ _ _ _ 
_ _ _ _ 

After
++++++
n+++++
rgo+++
errd++
lricu+
sicoh+

t e a p o t 
c i t i e s 
m i l d e r 
_ _ _ _ _ _ 
_ _ _ _ _ _ _ _ 
_ _ _ _ 

1
Before
++++++
++++++
n+++++
rgo+++
err+++
licdu+

t e a p o t 
c i t i e s 
m i l d e r 
c h o i r s 
_ _ _ _ _ _ _ _ 
_ _ _ _ 

After
++++++
++++++
n+++++
rgo+++
err+++
licdu+

t e a p o t 
c i t i e s 
m i l d e r 
c h o i r s 
_ _ _ _ _ _ _ _ 
_ _ _ _ 

0
Before
++++++
n+++++
r+++r+
eroil+
lrmcu+
sicoh+

t e a p o t 
c i t i e s 
g i r d e d 
_ _ _ _ _ _ 
_ _ _ _ _ _ _ _ 
_ _ _ _ 

After
++++++
n+++++
r+++r+
eroil+
lrmcu+
sicoh+

t e a p o t 
c i t i e s 
g i r d e d 
_ _ _ _ _ _ 
_ _ _ _ _ _ _ _ 
_ _ _ _ 

3
Before
++++++
++++++
++++r+
n+++l+
r+miu+
licoh+

t e a p o t 
c i t i e s 
g i r d e d 
c o r e r s 
_ _ _ _ _ _ _ _ 
_ _ _ _ 

After
++++++
++++++
++++r+
n+++l+
r+miu+
licoh+

t e a p o t 
c i t i e s 
g i r d e d 
c o r e r s 
_ _ _ _ _ _ _ _ 
_ _ _ _ 

0
Before
++++++
++++++
n+++r+
r++il+
e++cu+
l+coh+

t e a p o t 
c i t i e s 
g i r d e d 
m o r r i s 
_ _ _ _ _ _ _ _ 
_ _ _ _ 

After
++++++
++++++
n+++r+
r++il+
e++cu+
l+coh+

t e a p o t 
c i t i e s 
g i r d e d 
m o r r i s 
_ _ _ _ _ _ _ _ 
_ _ _ _ 

0
Before
++++++
++++++
++++r+
+++il+
n+mcu+
licoh+

t e a p o t 
c i t i e s 
g i r d e d 
e r r o r s 
_ _ _ _ _ _ _ _ 
_ _ _ _ 

After
++++++
++++++
++++r+
+++il+
n+mcu+
licoh+

t e a p o t 
c i t i e s 
g i r d e d 
e r r o r s 
_ _ _ _ _ _ _ _ 
_ _ _ _ 

0
Before
++++++
n+++++
r++d++
eroil+
lrmcu+
sicoh+

t e a p o t 
c i t i e s 
g i r d e r 
_ _ _ _ _ _ 
_ _ _ _ _ _ _ _ 
_ _ _ _ 

After
++++++
n+++++
r++d++
eroil+
lrmcu+
sicoh+

t e a p o t 
c i t i e s 
g i r d e r 
_ _ _ _ _ _ 
_ _ _ _ _ _ _ _ 
_ _ _ _ 

3
Before
++++++
++++++
++++++
n++dl+
r+miu+
licoh+

t e a p o t 
c i t i e s 
g i r d e r 
c o r e r s 
_ _ _ _ _ _ _ _ 
_ _ _ _ 

After
++++++
++++++
++++++
n++dl+
r+miu+
licoh+

t e a p o t 
c i t i e s 
g i r d e r 
c o r e r s 
_ _ _ _ _ _ _ _ 
_ _ _ _ 

0
Before
++++++
++++++
n++d++
r++il+
e++cu+
l+coh+

t e a p o t 
c i t i e s 
g i r d e r 
m o r r i s 
_ _ _ _ _ _ _ _ 
_ _ _ _ 

After
++++++
++++++
n++d++
r++il+
e++cu+
l+coh+

t e a p o t 
c i t i e s 
g i r d e r 
m o r r i s 
_ _ _ _ _ _ _ _ 
_ _ _ _ 

0
Before
++++++
++++++
+++d++
+++il+
n+mcu+
licoh+

t e a p o t 
c i t i e s 
g i r d e r 
e r r o r s 
_ _ _ _ _ _ _ _ 
_ _ _ _ 

After
++++++
++++++
+++d++
+++il+
n+mcu+
licoh+

t e a p o t 
c i t i e s 
g i r d e r 
e r r o r s 
_ _ _ _ _ _ _ _ 
_ _ _ _ 

0
Before
++++++
n+++++
r+++r+
eroil+
lrmcu+
sicoh+

t e a p o t 
c i t i e s 
g i r d e d 
_ _ _ _ _ _ 
_ _ _ _ _ _ _ _ 
_ _ _ _ 

After
++++++
n+++++
r+++r+
eroil+
lrmcu+
sicoh+

t e a p o t 
c i t i e s 
g i r d e d 
_ _ _ _ _ _ 
_ _ _ _ _ _ _ _ 
_ _ _ _ 

3
Before
++++++
++++++
++++r+
n+++l+
r+miu+
licoh+

t e a p o t 
c i t i e s 
g i r d e d 
c o r e r s 
_ _ _ _ _ _ _ _ 
_ _ _ _ 

After
++++++
++++++
++++r+
n+++l+
r+miu+
licoh+

t e a p o t 
c i t i e s 
g i r d e d 
c o r e r s 
_ _ _ _ _ _ _ _ 
_ _ _ _ 

0
Before
++++++
++++++
n+++r+
r++il+
e++cu+
l+coh+

t e a p o t 
c i t i e s 
g i r d e d 
m o r r i s 
_ _ _ _ _ _ _ _ 
_ _ _ _ 

After
++++++
++++++
n+++r+
r++il+
e++cu+
l+coh+

t e a p o t 
c i t i e s 
g i r d e d 
m o r r i s 
_ _ _ _ _ _ _ _ 
_ _ _ _ 

0
Before
++++++
++++++
++++r+
+++il+
n+mcu+
licoh+

t e a p o t 
c i t i e s 
g i r d e d 
e r r o r s 
_ _ _ _ _ _ _ _ 
_ _ _ _ 

After
++++++
++++++
++++r+
+++il+
n+mcu+
licoh+

t e a p o t 
c i t i e s 
g i r d e d 
e r r o r s 
_ _ _ _ _ _ _ _ 
_ _ _ _ 

0
Before
++++++
n+++++
r++d++
eroil+
lrmcu+
sicoh+

t e a p o t 
c i t i e s 
g i r d e r 
_ _ _ _ _ _ 
_ _ _ _ _ _ _ _ 
_ _ _ _ 

After
++++++
n+++++
r++d++
eroil+
lrmcu+
sicoh+

t e a p o t 
c i t i e s 
g i r d e r 
_ _ _ _ _ _ 
_ _ _ _ _ _ _ _ 
_ _ _ _ 

3
Before
++++++
++++++
++++++
n++dl+
r+miu+
licoh+

t e a p o t 
c i t i e s 
g i r d e r 
c o r e r s 
_ _ _ _ _ _ _ _ 
_ _ _ _ 

After
++++++
++++++
++++++
n++dl+
r+miu+
licoh+

t e a p o t 
c i t i e s 
g i r d e r 
c o r e r s 
_ _ _ _ _ _ _ _ 
_ _ _ _ 

0
Before
++++++
++++++
n++d++
r++il+
e++cu+
l+coh+

t e a p o t 
c i t i e s 
g i r d e r 
m o r r i s 
_ _ _ _ _ _ _ _ 
_ _ _ _ 

After
++++++
++++++
n++d++
r++il+
e++cu+
l+coh+

t e a p o t 
c i t i e s 
g i r d e r 
m o r r i s 
_ _ _ _ _ _ _ _ 
_ _ _ _ 

0
Before
++++++
++++++
+++d++
+++il+
n+mcu+
licoh+

t e a p o t 
c i t i e s 
g i r d e r 
e r r o r s 
_ _ _ _ _ _ _ _ 
_ _ _ _ 

After
++++++
++++++
+++d++
+++il+
n+mcu+
licoh+

t e a p o t 
c i t i e s 
g i r d e r 
e r r o r s 
_ _ _ _ _ _ _ _ 
_ _ _ _ 

0
Before
++++e+
+go+r+
nrrdl+
rridu+
etiis+
liceh+

t e a p o t 
c o m i c s 
_ _ _ _ _ _ 
_ _ _ _ _ _ 
_ _ _ _ _ _ _ _ 
_ _ _ _ 

After
++++e+
+go+r+
nrrdl+
rridu+
etiis+
liceh+

t e a p o t 
c o m i c s 
_ _ _ _ _ _ 
_ _ _ _ _ _ 
_ _ _ _ _ _ _ _ 
_ _ _ _ 

13
Before
++++++
++++e+
n+++r+
rgodl+
errdu+
lriih+

t e a p o t 
c o m i c s 
c i t i e s 
_ _ _ _ _ _ 
_ _ _ _ _ _ _ _ 
_ _ _ _ 

After
++++++
++++e+
n+++r+
rgodl+
errdu+
lriih+

t e a p o t 
c o m i c s 
c i t i e s 
_ _ _ _ _ _ 
_ _ _ _ _ _ _ _ 
_ _ _ _ 

0
Before
++++++
++++e+
ng++r+
rro+l+
errdu+
licih+

t e a p o t 
c o m i c s 
t i d i e s 
_ _ _ _ _ _ 
_ _ _ _ _ _ _ _ 
_ _ _ _ 

After
++++++
++++e+
ng++r+
rro+l+
errdu+
licih+

t e a p o t 
c o m i c s 
t i d i e s 
_ _ _ _ _ _ 
_ _ _ _ _ _ _ _ 
_ _ _ _ 

3
Before
++++++
++++e+
++++r+
n+++l+
rgo+u+
lrr+h+

t e a p o t 
c o m i c s 
t i d i e s 
d i c i e r 
_ _ _ _ _ _ _ _ 
_ _ _ _ 

After
++++++
++++e+
++++r+
n+++l+
rgo+u+
lrr+h+

t e a p o t 
c o m i c s 
t i d i e s 
d i c i e r 
_ _ _ _ _ _ _ _ 
_ _ _ _ 

0
Before
++++++
++++e+
++++r+
+g++l+
nro+u+
lrr+h+

t e a p o t 
c o m i c s 
t i d i e s 
d i c i e r 
_ _ _ _ _ _ _ _ 
_ _ _ _ 

After
++++++
++++e+
++++r+
+g++l+
nro+u+
lrr+h+

t e a p o t 
c o m i c s 
t i d i e s 
d i c i e r 
_ _ _ _ _ _ _ _ 
_ _ _ _ 

0
Before
++++++
++++e+
++++r+
n+++l+
rgo+u+
lrr+h+

t e a p o t 
c o m i c s 
t i d i e s 
d i c i e r 
_ _ _ _ _ _ _ _ 
_ _ _ _ 

After
++++++
++++e+
++++r+
n+++l+
rgo+u+
lrr+h+

t e a p o t 
c o m i c s 
t i d i e s 
d i c i e r 
_ _ _ _ _ _ _ _ 
_ _ _ _ 

0
Before
++++++
++++e+
ngo+r+
rrr+l+
eri+u+
licdh+

t e a p o t 
c o m i c s 
t i d i e s 
_ _ _ _ _ _ 
_ _ _ _ _ _ _ _ 
_ _ _ _ 

After
++++++
++++e+
ngo+r+
rrr+l+
eri+u+
licdh+

t e a p o t 
c o m i c s 
t i d i e s 
_ _ _ _ _ _ 
_ _ _ _ _ _ _ _ 
_ _ _ _ 

3
Before
++++++
++++e+
++++r+
n+++l+
rgo+u+
lrr+h+

t e a p o t 
c o m i c s 
t i d i e s 
d i c i e r 
_ _ _ _ _ _ _ _ 
_ _ _ _ 

After
++++++
++++e+
++++r+
n+++l+
rgo+u+
lrr+h+

t e a p o t 
c o m i c s 
t i d i e s 
d i c i e r 
_ _ _ _ _ _ _ _ 
_ _ _ _ 

0
Before
++++++
++++e+
++++r+
+g++l+
nro+u+
lrr+h+

t e a p o t 
c o m i c s 
t i d i e s 
d i c i e r 
_ _ _ _ _ _ _ _ 
_ _ _ _ 

After
++++++
++++e+
++++r+
+g++l+
nro+u+
lrr+h+

t e a p o t 
c o m i c s 
t i d i e s 
d i c i e r 
_ _ _ _ _ _ _ _ 
_ _ _ _ 

0
Before
++++++
++++e+
++++r+
n+++l+
rgo+u+
lrr+h+

t e a p o t 
c o m i c s 
t i d i e s 
d i c i e r 
_ _ _ _ _ _ _ _ 
_ _ _ _ 

After
++++++
++++e+
++++r+
n+++l+
rgo+u+
lrr+h+

t e a p o t 
c o m i c s 
t i d i e s 
d i c i e r 
_ _ _ _ _ _ _ _ 
_ _ _ _ 

0
Before
++++e+
++++r+
+++dl+
n+idu+
rgiis+
liceh+

t e a p o t 
c o m i c s 
t e r r o r 
_ _ _ _ _ _ 
_ _ _ _ _ _ _ _ 
_ _ _ _ 

After
++++e+
++++r+
+++dl+
n+idu+
rgiis+
liceh+

t e a p o t 
c o m i c s 
t e r r o r 
_ _ _ _ _ _ 
_ _ _ _ _ _ _ _ 
_ _ _ _ 

0
Before
++++e+
++++r+
+++dl+
n+idu+
rgiis+
liceh+

t e a p o t 
c o m i c s 
t e r r o r 
_ _ _ _ _ _ 
_ _ _ _ _ _ _ _ 
_ _ _ _ 

After
++++e+
++++r+
+++dl+
n+idu+
rgiis+
liceh+

t e a p o t 
c o m i c s 
t e r r o r 
_ _ _ _ _ _ 
_ _ _ _ _ _ _ _ 
_ _ _ _ 

0
Before
++++e+
++++r+
+++dl+
+gidu+
nriis+
liceh+

t e a p o t 
c o m i c s 
t e r r o r 
_ _ _ _ _ _ 
_ _ _ _ _ _ _ _ 
_ _ _ _ 

After
++++e+
++++r+
+++dl+
+gidu+
nriis+
liceh+

t e a p o t 
c o m i c s 
t e r r o r 
_ _ _ _ _ _ 
_ _ _ _ _ _ _ _ 
_ _ _ _ 

5
Before
++++e+
++++r+
++++l+
+++du+
++iis+
l+ceh+

t e a p o t 
c o m i c s 
t e r r o r 
i n g r i d 
_ _ _ _ _ _ _ _ 
_ _ _ _ 

After
++++e+
++++r+
++++l+
+++du+
++iis+
l+ceh+

t e a p o t 
c o m i c s 
t e r r o r 
i n g r i d 
_ _ _ _ _ _ _ _ 
_ _ _ _ 

0
Before
++++e+
++++r+
++++l+
+++du+
++iis+
l+ceh+

t e a p o t 
c o m i c s 
t e r r o r 
i n g r i d 
_ _ _ _ _ _ _ _ 
_ _ _ _ 

After
++++e+
++++r+
++++l+
+++du+
++iis+
l+ceh+

t e a p o t 
c o m i c s 
t e r r o r 
i n g r i d 
_ _ _ _ _ _ _ _ 
_ _ _ _ 

0
Before
++++e+
++++r+
++++l+
+++du+
++iis+
l+ceh+

t e a p o t 
c o m i c s 
t e r r o r 
i n g r i d 
_ _ _ _ _ _ _ _ 
_ _ _ _ 

After
++++e+
++++r+
++++l+
+++du+
++iis+
l+ceh+

t e a p o t 
c o m i c s 
t e r r o r 
i n g r i d 
_ _ _ _ _ _ _ _ 
_ _ _ _ 

0
Before
++++e+
++++r+
++++l+
+++du+
+++is+
lrieh+

t e a p o t 
c o m i c s 
t e r r o r 
d i c i n g 
_ _ _ _ _ _ _ _ 
_ _ _ _ 

After
++++e+
++++r+
++++l+
+++du+
+++is+
lrieh+

t e a p o t 
c o m i c s 
t e r r o r 
d i c i n g 
_ _ _ _ _ _ _ _ 
_ _ _ _ 

0
Before
++++e+
++++r+
++++l+
++++u+
++ids+
lrieh+

t e a p o t 
c o m i c s 
t e r r o r 
d i c i n g 
_ _ _ _ _ _ _ _ 
_ _ _ _ 

After
++++e+
++++r+
++++l+
++++u+
++ids+
lrieh+

t e a p o t 
c o m i c s 
t e r r o r 
d i c i n g 
_ _ _ _ _ _ _ _ 
_ _ _ _ 

0
Before
++++++
++++e+
ngo+r+
rrr+l+
eri+u+
licdh+

t e a p o t 
c o m i c s 
t i d i e s 
_ _ _ _ _ _ 
_ _ _ _ _ _ _ _ 
_ _ _ _ 

After
++++++
++++e+
ngo+r+
rrr+l+
eri+u+
licdh+

t e a p o t 
c o m i c s 
t i d i e s 
_ _ _ _ _ _ 
_ _ _ _ _ _ _ _ 
_ _ _ _ 

3
Before
++++++
++++e+
++++r+
n+++l+
rgo+u+
lrr+h+

t e a p o t 
c o m i c s 
t i d i e s 
d i c i e r 
_ _ _ _ _ _ _ _ 
_ _ _ _ 

After
++++++
++++e+
++++r+
n+++l+
rgo+u+
lrr+h+

t e a p o t 
c o m i c s 
t i d i e s 
d i c i e r 
_ _ _ _ _ _ _ _ 
_ _ _ _ 

0
Before
++++++
++++e+
++++r+
+g++l+
nro+u+
lrr+h+

t e a p o t 
c o m i c s 
t i d i e s 
d i c i e r 
_ _ _ _ _ _ _ _ 
_ _ _ _ 

After
++++++
++++e+
++++r+
+g++l+
nro+u+
lrr+h+

t e a p o t 
c o m i c s 
t i d i e s 
d i c i e r 
_ _ _ _ _ _ _ _ 
_ _ _ _ 

0
Before
++++++
++++e+
++++r+
n+++l+
rgo+u+
lrr+h+

t e a p o t 
c o m i c s 
t i d i e s 
d i c i e r 
_ _ _ _ _ _ _ _ 
_ _ _ _ 

After
++++++
++++e+
++++r+
n+++l+
rgo+u+
lrr+h+

t e a p o t 
c o m i c s 
t i d i e s 
d i c i e r 
_ _ _ _ _ _ _ _ 
_ _ _ _ 

0
Before
++++e+
++++r+
+++dl+
+godu+
nrris+
rrieh+

t e a p o t 
c o m i c s 
e l i c i t 
_ _ _ _ _ _ 
_ _ _ _ _ _ _ _ 
_ _ _ _ 

After
++++e+
++++r+
+++dl+
+godu+
nrris+
rrieh+

t e a p o t 
c o m i c s 
e l i c i t 
_ _ _ _ _ _ 
_ _ _ _ _ _ _ _ 
_ _ _ _ 

1
Before
++++++
++++++
++++e+
+g++r+
nrr+l+
rrieu+

t e a p o t 
c o m i c s 
e l i c i t 
o d d i s h 
_ _ _ _ _ _ _ _ 
_ _ _ _ 

After
++++++
++++++
++++e+
+g++r+
nrr+l+
rrieu+

t e a p o t 
c o m i c s 
e l i c i t 
o d d i s h 
_ _ _ _ _ _ _ _ 
_ _ _ _ 

0
Before
++++e+
++++r+
++++l+
ngodu+
rrris+
ltieh+

t e a p o t 
c o m i c s 
d i c i e r 
_ _ _ _ _ _ 
_ _ _ _ _ _ _ _ 
_ _ _ _ 

After
++++e+
++++r+
++++l+
ngodu+
rrris+
ltieh+

t e a p o t 
c o m i c s 
d i c i e r 
_ _ _ _ _ _ 
_ _ _ _ _ _ _ _ 
_ _ _ _ 

0
Before
++++e+
++++r+
+g++l+
+rodu+
nrris+
ltieh+

t e a p o t 
c o m i c s 
d i c i e r 
_ _ _ _ _ _ 
_ _ _ _ _ _ _ _ 
_ _ _ _ 

After
++++e+
++++r+
+g++l+
+rodu+
nrris+
ltieh+

t e a p o t 
c o m i c s 
d i c i e r 
_ _ _ _ _ _ 
_ _ _ _ _ _ _ _ 
_ _ _ _ 

0
Before
++++e+
++++r+
++o+l+
ngr+u+
rrids+
ltieh+

t e a p o t 
c o m i c s 
d i c i e r 
_ _ _ _ _ _ 
_ _ _ _ _ _ _ _ 
_ _ _ _ 

After
++++e+
++++r+
++o+l+
ngr+u+
rrids+
ltieh+

t e a p o t 
c o m i c s 
d i c i e r 
_ _ _ _ _ _ 
_ _ _ _ _ _ _ _ 
_ _ _ _ 

3
Before
++++++
++++e+
++++r+
n+++l+
rgo+u+
lrr+h+

t e a p o t 
c o m i c s 
d i c i e r 
t i d i e s 
_ _ _ _ _ _ _ _ 
_ _ _ _ 

After
++++++
++++e+
++++r+
n+++l+
rgo+u+
lrr+h+

t e a p o t 
c o m i c s 
d i c i e r 
t i d i e s 
_ _ _ _ _ _ _ _ 
_ _ _ _ 

0
Before
++++++
++++e+
++++r+
n+++l+
rgo+u+
lrr+h+

t e a p o t 
c o m i c s 
d i c i e r 
t i d i e s 
_ _ _ _ _ _ _ _ 
_ _ _ _ 

After
++++++
++++e+
++++r+
n+++l+
rgo+u+
lrr+h+

t e a p o t 
c o m i c s 
d i c i e r 
t i d i e s 
_ _ _ _ _ _ _ _ 
_ _ _ _ 

0
Before
++++++
++++e+
++++r+
n+++l+
rr++u+
ltidh+

t e a p o t 
c o m i c s 
d i c i e r 
o r g i e s 
_ _ _ _ _ _ _ _ 
_ _ _ _ 

After
++++++
++++e+
++++r+
n+++l+
rr++u+
ltidh+

t e a p o t 
c o m i c s 
d i c i e r 
o r g i e s 
_ _ _ _ _ _ _ _ 
_ _ _ _ 

0
Before
++++e+
++++r+
+go+l+
+rr+u+
nrids+
ltieh+

t e a p o t 
c o m i c s 
d i c i e r 
_ _ _ _ _ _ 
_ _ _ _ _ _ _ _ 
_ _ _ _ 

After
++++e+
++++r+
+go+l+
+rr+u+
nrids+
ltieh+

t e a p o t 
c o m i c s 
d i c i e r 
_ _ _ _ _ _ 
_ _ _ _ _ _ _ _ 
_ _ _ _ 

2
Before
++++++
++++e+
++++r+
+g++l+
nro+u+
lrr+h+

t e a p o t 
c o m i c s 
d i c i e r 
t i d i e s 
_ _ _ _ _ _ _ _ 
_ _ _ _ 

After
++++++
++++e+
++++r+
+g++l+
nro+u+
lrr+h+

t e a p o t 
c o m i c s 
d i c i e r 
t i d i e s 
_ _ _ _ _ _ _ _ 
_ _ _ _ 

0
Before
++++++
++++e+
++++r+
+g++l+
nro+u+
lrr+h+

t e a p o t 
c o m i c s 
d i c i e r 
t i d i e s 
_ _ _ _ _ _ _ _ 
_ _ _ _ 

After
++++++
++++e+
++++r+
+g++l+
nro+u+
lrr+h+

t e a p o t 
c o m i c s 
d i c i e r 
t i d i e s 
_ _ _ _ _ _ _ _ 
_ _ _ _ 

0
Before
++++++
+g++++
nrr+e+
rri+r+
eti+l+
liceu+

t e a p o t 
c o m i c s 
o d d i s h 
_ _ _ _ _ _ 
_ _ _ _ _ _ _ _ 
_ _ _ _ 

After
++++++
+g++++
nrr+e+
rri+r+
eti+l+
liceu+

t e a p o t 
c o m i c s 
o d d i s h 
_ _ _ _ _ _ 
_ _ _ _ _ _ _ _ 
_ _ _ _ 

1
Before
++++++
++++++
++++e+
+g++r+
nrr+l+
rrieu+

t e a p o t 
c o m i c s 
o d d i s h 
e l i c i t 
_ _ _ _ _ _ _ _ 
_ _ _ _ 

After
++++++
++++++
++++e+
+g++r+
nrr+l+
rrieu+

t e a p o t 
c o m i c s 
o d d i s h 
e l i c i t 
_ _ _ _ _ _ _ _ 
_ _ _ _ 

0
Before
ng++++
rro+++
errd++
liicu+
ctios+
siceh+

t e a p o t 
m i l d e r 
_ _ _ _ _ _ 
_ _ _ _ _ _ 
_ _ _ _ _ _ _ _ 
_ _ _ _ 

After
ng++++
rro+++
errd++
liicu+
ctios+
siceh+

t e a p o t 
m i l d e r 
_ _ _ _ _ _ 
_ _ _ _ _ _ 
_ _ _ _ _ _ _ _ 
_ _ _ _ 

24
Before
n+++++
rg++++
er++++
lro+++
cirdu+
siios+

t e a p o t 
m i l d e r 
h e c t i c 
_ _ _ _ _ _ 
_ _ _ _ _ _ _ _ 
_ _ _ _ 

After
n+++++
rg++++
er++++
lro+++
cirdu+
siios+

t e a p o t 
m i l d e r 
h e c t i c 
_ _ _ _ _ _ 
_ _ _ _ _ _ _ _ 
_ _ _ _ 

5
Before
++++++
++++++
ng++++
rr++++
cio+++
siidu+

t e a p o t 
m i l d e r 
h e c t i c 
s o r r e l 
_ _ _ _ _ _ _ _ 
_ _ _ _ 

After
++++++
++++++
ng++++
rr++++
cio+++
siidu+

t e a p o t 
m i l d e r 
h e c t i c 
s o r r e l 
_ _ _ _ _ _ _ _ 
_ _ _ _ 

0
Before
n+++++
rg++++
er++++
lr++++
ci++++
sir+++

t e a p o t 
m i l d e r 
h e c t i c 
o d i o u s 
_ _ _ _ _ _ _ _ 
_ _ _ _ 

After
n+++++
rg++++
er++++
lr++++
ci++++
sir+++

t e a p o t 
m i l d e r 
h e c t i c 
o d i o u s 
_ _ _ _ _ _ _ _ 
_ _ _ _ 

0
Before
++++++
++++++
++++++
+go+++
nrrdu+
riios+

t e a p o t 
m i l d e r 
h e c t i c 
r e l i c s 
_ _ _ _ _ _ _ _ 
_ _ _ _ 

After
++++++
++++++
++++++
+go+++
nrrdu+
riios+

t e a p o t 
m i l d e r 
h e c t i c 
r e l i c s 
_ _ _ _ _ _ _ _ 
_ _ _ _ 

0
Before
++++++
++++++
++++++
+go+++
nrrdu+
riios+

t e a p o t 
m i l d e r 
h e c t i c 
r e l i c s 
_ _ _ _ _ _ _ _ 
_ _ _ _ 

After
++++++
++++++
++++++
+go+++
nrrdu+
riios+

t e a p o t 
m i l d e r 
h e c t i c 
r e l i c s 
_ _ _ _ _ _ _ _ 
_ _ _ _ 

0
Before
++++++
++++++
+g++++
+ro+++
+rrdu+
niios+

t e a p o t 
m i l d e r 
h e c t i c 
r e l i c s 
_ _ _ _ _ _ _ _ 
_ _ _ _ 

After
++++++
++++++
+g++++
+ro+++
+rrdu+
niios+

t e a p o t 
m i l d e r 
h e c t i c 
r e l i c s 
_ _ _ _ _ _ _ _ 
_ _ _ _ 

0
Before
++++++
n+++++
rgo+++
errd++
lricu+
siios+

t e a p o t 
m i l d e r 
h e c t i c 
_ _ _ _ _ _ 
_ _ _ _ _ _ _ _ 
_ _ _ _ 

After
++++++
n+++++
rgo+++
errd++
lricu+
siios+

t e a p o t 
m i l d e r 
h e c t i c 
_ _ _ _ _ _ 
_ _ _ _ _ _ _ _ 
_ _ _ _ 

1
Before
++++++
n+++++
rg++++
er++++
lrr+++
siic++

t e a p o t 
m i l d e r 
h e c t i c 
o d i o u s 
_ _ _ _ _ _ _ _ 
_ _ _ _ 

After
++++++
n+++++
rg++++
er++++
lrr+++
siic++

t e a p o t 
m i l d e r 
h e c t i c 
o d i o u s 
_ _ _ _ _ _ _ _ 
_ _ _ _ 

0
Before
n+++++
rg++++
er++++
lro+++
cirdu+
siios+

t e a p o t 
m i l d e r 
h e c t i c 
_ _ _ _ _ _ 
_ _ _ _ _ _ _ _ 
_ _ _ _ 

After
n+++++
rg++++
er++++
lro+++
cirdu+
siios+

t e a p o t 
m i l d e r 
h e c t i c 
_ _ _ _ _ _ 
_ _ _ _ _ _ _ _ 
_ _ _ _ 

5
Before
++++++
++++++
ng++++
rr++++
cio+++
siidu+

t e a p o t 
m i l d e r 
h e c t i c 
s o r r e l 
_ _ _ _ _ _ _ _ 
_ _ _ _ 

After
++++++
++++++
ng++++
rr++++
cio+++
siidu+

t e a p o t 
m i l d e r 
h e c t i c 
s o r r e l 
_ _ _ _ _ _ _ _ 
_ _ _ _ 

0
Before
n+++++
rg++++
er++++
lr++++
ci++++
sir+++

t e a p o t 
m i l d e r 
h e c t i c 
o d i o u s 
_ _ _ _ _ _ _ _ 
_ _ _ _ 

After
n+++++
rg++++
er++++
lr++++
ci++++
sir+++

t e a p o t 
m i l d e r 
h e c t i c 
o d i o u s 
_ _ _ _ _ _ _ _ 
_ _ _ _ 

0
Before
++++++
++++++
++++++
+go+++
nrrdu+
riios+

t e a p o t 
m i l d e r 
h e c t i c 
r e l i c s 
_ _ _ _ _ _ _ _ 
_ _ _ _ 

After
++++++
++++++
++++++
+go+++
nrrdu+
riios+

t e a p o t 
m i l d e r 
h e c t i c 
r e l i c s 
_ _ _ _ _ _ _ _ 
_ _ _ _ 

0
Before
++++++
++++++
++++++
+go+++
nrrdu+
riios+

t e a p o t 
m i l d e r 
h e c t i c 
r e l i c s 
_ _ _ _ _ _ _ _ 
_ _ _ _ 

After
++++++
++++++
++++++
+go+++
nrrdu+
riios+

t e a p o t 
m i l d e r 
h e c t i c 
r e l i c s 
_ _ _ _ _ _ _ _ 
_ _ _ _ 

0
Before
++++++
++++++
+g++++
+ro+++
+rrdu+
niios+

t e a p o t 
m i l d e r 
h e c t i c 
r e l i c s 
_ _ _ _ _ _ _ _ 
_ _ _ _ 

After
++++++
++++++
+g++++
+ro+++
+rrdu+
niios+

t e a p o t 
m i l d e r 
h e c t i c 
r e l i c s 
_ _ _ _ _ _ _ _ 
_ _ _ _ 

0
Before
++++++
n+++++
rgo+++
errd++
lricu+
siios+

t e a p o t 
m i l d e r 
h e c t i c 
_ _ _ _ _ _ 
_ _ _ _ _ _ _ _ 
_ _ _ _ 

After
++++++
n+++++
rgo+++
errd++
lricu+
siios+

t e a p o t 
m i l d e r 
h e c t i c 
_ _ _ _ _ _ 
_ _ _ _ _ _ _ _ 
_ _ _ _ 

1
Before
++++++
n+++++
rg++++
er++++
lrr+++
siic++

t e a p o t 
m i l d e r 
h e c t i c 
o d i o u s 
_ _ _ _ _ _ _ _ 
_ _ _ _ 

After
++++++
n+++++
rg++++
er++++
lrr+++
siic++

t e a p o t 
m i l d e r 
h e c t i c 
o d i o u s 
_ _ _ _ _ _ _ _ 
_ _ _ _ 

0
Before
ng++++
rr++++
err+++
lii+++
cti+++
sicoh+

t e a p o t 
m i l d e r 
e s c u d o 
_ _ _ _ _ _ 
_ _ _ _ _ _ _ _ 
_ _ _ _ 

After
ng++++
rr++++
err+++
lii+++
cti+++
sicoh+

t e a p o t 
m i l d e r 
e s c u d o 
_ _ _ _ _ _ 
_ _ _ _ _ _ _ _ 
_ _ _ _ 

5
Before
++++++
+g++++
+r++++
nr++++
rir+++
stioh+

t e a p o t 
m i l d e r 
e s c u d o 
i c i c l e 
_ _ _ _ _ _ _ _ 
_ _ _ _ 

After
++++++
+g++++
+r++++
nr++++
rir+++
stioh+

t e a p o t 
m i l d e r 
e s c u d o 
i c i c l e 
_ _ _ _ _ _ _ _ 
_ _ _ _ 

0
Before
++++++
++++++
+gr+++
+ri+++
nti+++
ricoh+

t e a p o t 
m i l d e r 
e s c u d o 
r e l i c s 
_ _ _ _ _ _ _ _ 
_ _ _ _ 

After
++++++
++++++
+gr+++
+ri+++
nti+++
ricoh+

t e a p o t 
m i l d e r 
e s c u d o 
r e l i c s 
_ _ _ _ _ _ _ _ 
_ _ _ _ 

0
Before
++++++
++++++
++r+++
ngi+++
rri+++
srcoh+

t e a p o t 
m i l d e r 
e s c u d o 
e l i c i t 
_ _ _ _ _ _ _ _ 
_ _ _ _ 

After
++++++
++++++
++r+++
ngi+++
rri+++
srcoh+

t e a p o t 
m i l d e r 
e s c u d o 
e l i c i t 
_ _ _ _ _ _ _ _ 
_ _ _ _ 

0
Before
++++++
++++++
+gr+++
+ri+++
nti+++
ricoh+

t e a p o t 
m i l d e r 
e s c u d o 
r e l i c s 
_ _ _ _ _ _ _ _ 
_ _ _ _ 

After
++++++
++++++
+gr+++
+ri+++
nti+++
ricoh+

t e a p o t 
m i l d e r 
e s c u d o 
r e l i c s 
_ _ _ _ _ _ _ _ 
_ _ _ _ 

0
Before
++++++
+g++++
+rr+++
+ri+++
+ti+++
nicoh+

t e a p o t 
m i l d e r 
e s c u d o 
r e l i c s 
_ _ _ _ _ _ _ _ 
_ _ _ _ 

After
++++++
+g++++
+rr+++
+ri+++
+ti+++
nicoh+

t e a p o t 
m i l d e r 
e s c u d o 
r e l i c s 
_ _ _ _ _ _ _ _ 
_ _ _ _ 

0
Before
n+++++
r+++++
eg++++
lrod++
crrcu+
siioh+

t e a p o t 
m i l d e r 
c i t i e s 
_ _ _ _ _ _ 
_ _ _ _ _ _ _ _ 
_ _ _ _ 

After
n+++++
r+++++
eg++++
lrod++
crrcu+
siioh+

t e a p o t 
m i l d e r 
c i t i e s 
_ _ _ _ _ _ 
_ _ _ _ _ _ _ _ 
_ _ _ _ 

5
Before
n+++++
r+++++
e+++++
l+++++
cg+d++
siicu+

t e a p o t 
m i l d e r 
c i t i e s 
h o r r o r 
_ _ _ _ _ _ _ _ 
_ _ _ _ 

After
n+++++
r+++++
e+++++
l+++++
cg+d++
siicu+

t e a p o t 
m i l d e r 
c i t i e s 
h o r r o r 
_ _ _ _ _ _ _ _ 
_ _ _ _ 

0
Before
n+++++
r+++++
e+++++
l+++++
cg+d++
siicu+

t e a p o t 
m i l d e r 
c i t i e s 
h o r r o r 
_ _ _ _ _ _ _ _ 
_ _ _ _ 

After
n+++++
r+++++
e+++++
l+++++
cg+d++
siicu+

t e a p o t 
m i l d e r 
c i t i e s 
h o r r o r 
_ _ _ _ _ _ _ _ 
_ _ _ _ 

0
Before
++++++
++++++
++++++
ng++++
rrodu+
siroh+

t e a p o t 
m i l d e r 
c i t i e s 
c i r c l e 
_ _ _ _ _ _ _ _ 
_ _ _ _ 

After
++++++
++++++
++++++
ng++++
rrodu+
siroh+

t e a p o t 
m i l d e r 
c i t i e s 
c i r c l e 
_ _ _ _ _ _ _ _ 
_ _ _ _ 

0
Before
++++++
n+++++
r+++++
eg++++
lro+++
cirdu+

t e a p o t 
m i l d e r 
c i t i e s 
c h o i r s 
_ _ _ _ _ _ _ _ 
_ _ _ _ 

After
++++++
n+++++
r+++++
eg++++
lro+++
cirdu+

t e a p o t 
m i l d e r 
c i t i e s 
c h o i r s 
_ _ _ _ _ _ _ _ 
_ _ _ _ 

0
Before
++++++
++++++
n+++++
r++d++
lg+cu+
ciioh+

t e a p o t 
m i l d e r 
c i t i e s 
e r r o r s 
_ _ _ _ _ _ _ _ 
_ _ _ _ 

After
++++++
++++++
n+++++
r++d++
lg+cu+
ciioh+

t e a p o t 
m i l d e r 
c i t i e s 
e r r o r s 
_ _ _ _ _ _ _ _ 
_ _ _ _ 

0
Before
++++++
+g++++
+r+d++
nrocu+
riros+
stieh+

t e a p o t 
m i l d e r 
i c i c l e 
_ _ _ _ _ _ 
_ _ _ _ _ _ _ _ 
_ _ _ _ 

After
++++++
+g++++
+r+d++
nrocu+
riros+
stieh+

t e a p o t 
m i l d e r 
i c i c l e 
_ _ _ _ _ _ 
_ _ _ _ _ _ _ _ 
_ _ _ _ 

8
Before
++++++
++++++
++++++
ng+d++
ri+cu+
sties+

t e a p o t 
m i l d e r 
i c i c l e 
h o r r o r 
_ _ _ _ _ _ _ _ 
_ _ _ _ 

After
++++++
++++++
++++++
ng+d++
ri+cu+
sties+

t e a p o t 
m i l d e r 
i c i c l e 
h o r r o r 
_ _ _ _ _ _ _ _ 
_ _ _ _ 

0
Before
++++++
++++++
+g++++
+r+d++
rr+cu+
stios+

t e a p o t 
m i l d e r 
i c i c l e 
h e r o i n 
_ _ _ _ _ _ _ _ 
_ _ _ _ 

After
++++++
++++++
+g++++
+r+d++
rr+cu+
stios+

t e a p o t 
m i l d e r 
i c i c l e 
h e r o i n 
_ _ _ _ _ _ _ _ 
_ _ _ _ 

0
Before
++++++
++++++
+g++++
nr++++
rr+du+
siioh+

t e a p o t 
m i l d e r 
i c i c l e 
e s c o r t 
_ _ _ _ _ _ _ _ 
_ _ _ _ 

After
++++++
++++++
+g++++
nr++++
rr+du+
siioh+

t e a p o t 
m i l d e r 
i c i c l e 
e s c o r t 
_ _ _ _ _ _ _ _ 
_ _ _ _ 

0
Before
++++++
+g++++
+r++++
nr++++
rir+++
stioh+

t e a p o t 
m i l d e r 
i c i c l e 
e s c u d o 
_ _ _ _ _ _ _ _ 
_ _ _ _ 

After
++++++
+g++++
+r++++
nr++++
rir+++
stioh+

t e a p o t 
m i l d e r 
i c i c l e 
e s c u d o 
_ _ _ _ _ _ _ _ 
_ _ _ _ 

0
Before
++++++
++++++
+g++++
nr++++
rro+u+
siidh+

t e a p o t 
m i l d e r 
i c i c l e 
e s c o r t 
_ _ _ _ _ _ _ _ 
_ _ _ _ 

After
++++++
++++++
+g++++
nr++++
rro+u+
siidh+

t e a p o t 
m i l d e r 
i c i c l e 
e s c o r t 
_ _ _ _ _ _ _ _ 
_ _ _ _ 

0
Before
++++++
++++++
+g++++
nr++++
rr+du+
sioch+

t e a p o t 
m i l d e r 
i c i c l e 
s o r t i e 
_ _ _ _ _ _ _ _ 
_ _ _ _ 

After
++++++
++++++
+g++++
nr++++
rr+du+
sioch+

t e a p o t 
m i l d e r 
i c i c l e 
s o r t i e 
_ _ _ _ _ _ _ _ 
_ _ _ _ 

0
Before
++++++
++++++
+g++++
+r+d++
nroc++
riieu+

t e a p o t 
m i l d e r 
i c i c l e 
s h o r t s 
_ _ _ _ _ _ _ _ 
_ _ _ _ 

After
++++++
++++++
+g++++
+r+d++
nroc++
riieu+

t e a p o t 
m i l d e r 
i c i c l e 
s h o r t s 
_ _ _ _ _ _ _ _ 
_ _ _ _ 

0
Before
++++++
+g++++
+r++++
nr++++
ri++u+
stods+

t e a p o t 
m i l d e r 
i c i c l e 
c o h e i r 
_ _ _ _ _ _ _ _ 
_ _ _ _ 

After
++++++
+g++++
+r++++
nr++++
ri++u+
stods+

t e a p o t 
m i l d e r 
i c i c l e 
c o h e i r 
_ _ _ _ _ _ _ _ 
_ _ _ _ 

0
Before
++++++
ng++++
rro+++
erid++
ltio++
siceh+

t e a p o t 
m i l d e r 
c i r c u s 
_ _ _ _ _ _ 
_ _ _ _ _ _ _ _ 
_ _ _ _ 

After
++++++
ng++++
rro+++
erid++
ltio++
siceh+

t e a p o t 
m i l d e r 
c i r c u s 
_ _ _ _ _ _ 
_ _ _ _ _ _ _ _ 
_ _ _ _ 

11
Before
++++++
n+++++
rg++++
er++++
lto+++
siid++

t e a p o t 
m i l d e r 
c i r c u s 
c o h e i r 
_ _ _ _ _ _ _ _ 
_ _ _ _ 

After
++++++
n+++++
rg++++
er++++
lto+++
siid++

t e a p o t 
m i l d e r 
c i r c u s 
c o h e i r 
_ _ _ _ _ _ _ _ 
_ _ _ _ 

0
Before
++++++
++++++
++++++
n+id++
lgio++
siceh+

t e a p o t 
m i l d e r 
c i r c u s 
t e r r o r 
_ _ _ _ _ _ _ _ 
_ _ _ _ 

After
++++++
++++++
++++++
n+id++
lgio++
siceh+

t e a p o t 
m i l d e r 
c i r c u s 
t e r r o r 
_ _ _ _ _ _ _ _ 
_ _ _ _ 

0
Before
++++++
++++++
++++++
n+id++
lgio++
siceh+

t e a p o t 
m i l d e r 
c i r c u s 
t e r r o r 
_ _ _ _ _ _ _ _ 
_ _ _ _ 

After
++++++
++++++
++++++
n+id++
lgio++
siceh+

t e a p o t 
m i l d e r 
c i r c u s 
t e r r o r 
_ _ _ _ _ _ _ _ 
_ _ _ _ 

0
Before
++++++
++++++
++o+++
++id++
ngio++
rrceh+

t e a p o t 
m i l d e r 
c i r c u s 
l i s t e r 
_ _ _ _ _ _ _ _ 
_ _ _ _ 

After
++++++
++++++
++o+++
++id++
ngio++
rrceh+

t e a p o t 
m i l d e r 
c i r c u s 
l i s t e r 
_ _ _ _ _ _ _ _ 
_ _ _ _ 

0
Before
++++++
++++++
++o+++
+gid++
+rio++
nrceh+

t e a p o t 
m i l d e r 
c i r c u s 
l i s t e r 
_ _ _ _ _ _ _ _ 
_ _ _ _ 

After
++++++
++++++
++o+++
+gid++
+rio++
nrceh+

t e a p o t 
m i l d e r 
c i r c u s 
l i s t e r 
_ _ _ _ _ _ _ _ 
_ _ _ _ 

0
Before
++++++
++++++
++o+++
++id++
ngio++
rrceh+

t e a p o t 
m i l d e r 
c i r c u s 
l i s t e r 
_ _ _ _ _ _ _ _ 
_ _ _ _ 

After
++++++
++++++
++o+++
++id++
ngio++
rrceh+

t e a p o t 
m i l d e r 
c i r c u s 
l i s t e r 
_ _ _ _ _ _ _ _ 
_ _ _ _ 

0
Before
++++++
++++++
+g++++
nro+++
rri+++
stieh+

t e a p o t 
m i l d e r 
c i r c u s 
d o c i l e 
_ _ _ _ _ _ _ _ 
_ _ _ _ 

After
++++++
++++++
+g++++
nro+++
rri+++
stieh+

t e a p o t 
m i l d e r 
c i r c u s 
d o c i l e 
_ _ _ _ _ _ _ _ 
_ _ _ _ 

0
Before
++++++
++++++
++++++
ng+d++
rroo++
srieh+

t e a p o t 
m i l d e r 
c i r c u s 
e l i c i t 
_ _ _ _ _ _ _ _ 
_ _ _ _ 

After
++++++
++++++
++++++
ng+d++
rroo++
srieh+

t e a p o t 
m i l d e r 
c i r c u s 
e l i c i t 
_ _ _ _ _ _ _ _ 
_ _ _ _ 

0
Before
++++++
++++++
n+++++
r++d++
lrio++
siceh+

t e a p o t 
m i l d e r 
c i r c u s 
g o i t e r 
_ _ _ _ _ _ _ _ 
_ _ _ _ 

After
++++++
++++++
n+++++
r++d++
lrio++
siceh+

t e a p o t 
m i l d e r 
c i r c u s 
g o i t e r 
_ _ _ _ _ _ _ _ 
_ _ _ _ 

0
Before
++++++
++++++
++++++
nr+d++
lrio++
siceh+

t e a p o t 
m i l d e r 
c i r c u s 
g o i t e r 
_ _ _ _ _ _ _ _ 
_ _ _ _ 

After
++++++
++++++
++++++
nr+d++
lrio++
siceh+

t e a p o t 
m i l d e r 
c i r c u s 
g o i t e r 
_ _ _ _ _ _ _ _ 
_ _ _ _ 

0
Before
++++++
++++++
n+++++
r++d++
lrio++
siceh+

t e a p o t 
m i l d e r 
c i r c u s 
g o i t e r 
_ _ _ _ _ _ _ _ 
_ _ _ _ 

After
++++++
++++++
n+++++
r++d++
lrio++
siceh+

t e a p o t 
m i l d e r 
c i r c u s 
g o i t e r 
_ _ _ _ _ _ _ _ 
_ _ _ _ 

0
Before
++++++
n+++++
rgo+++
errd++
lricu+
sicoh+

t e a p o t 
m i l d e r 
c i t i e s 
_ _ _ _ _ _ 
_ _ _ _ _ _ _ _ 
_ _ _ _ 

After
++++++
n+++++
rgo+++
errd++
lricu+
sicoh+

t e a p o t 
m i l d e r 
c i t i e s 
_ _ _ _ _ _ 
_ _ _ _ _ _ _ _ 
_ _ _ _ 

1
Before
++++++
++++++
n+++++
rgo+++
err+++
licdu+

t e a p o t 
m i l d e r 
c i t i e s 
c h o i r s 
_ _ _ _ _ _ _ _ 
_ _ _ _ 

After
++++++
++++++
n+++++
rgo+++
err+++
licdu+

t e a p o t 
m i l d e r 
c i t i e s 
c h o i r s 
_ _ _ _ _ _ _ _ 
_ _ _ _ 

0
Before
++++++
+g++++
+ro+++
nirdu+
rtios+
siceh+

t e a p o t 
m i l d e r 
c l e r i c 
_ _ _ _ _ _ 
_ _ _ _ _ _ _ _ 
_ _ _ _ 

After
++++++
+g++++
+ro+++
nirdu+
rtios+
siceh+

t e a p o t 
m i l d e r 
c l e r i c 
_ _ _ _ _ _ 
_ _ _ _ _ _ _ _ 
_ _ _ _ 

7
Before
++++++
+g++++
+r++++
ni++++
rt++u+
siods+

t e a p o t 
m i l d e r 
c l e r i c 
c o h e i r 
_ _ _ _ _ _ _ _ 
_ _ _ _ 

After
++++++
+g++++
+r++++
ni++++
rt++u+
siods+

t e a p o t 
m i l d e r 
c l e r i c 
c o h e i r 
_ _ _ _ _ _ _ _ 
_ _ _ _ 

0
Before
++++++
++++++
++++++
ng++++
rrodu+
siroh+

t e a p o t 
m i l d e r 
c l e r i c 
c i t i e s 
_ _ _ _ _ _ _ _ 
_ _ _ _ 

After
++++++
++++++
++++++
ng++++
rrodu+
siroh+

t e a p o t 
m i l d e r 
c l e r i c 
c i t i e s 
_ _ _ _ _ _ _ _ 
_ _ _ _ 

0
Before
++++++
++++++
+g++++
nr++++
rio+u+
sicdh+

t e a p o t 
m i l d e r 
c l e r i c 
s o r t i e 
_ _ _ _ _ _ _ _ 
_ _ _ _ 

After
++++++
++++++
+g++++
nr++++
rio+u+
sicdh+

t e a p o t 
m i l d e r 
c l e r i c 
s o r t i e 
_ _ _ _ _ _ _ _ 
_ _ _ _ 

0
Before
++++++
++++++
+g++++
+ro+++
niid++
riceu+

t e a p o t 
m i l d e r 
c l e r i c 
s h o r t s 
_ _ _ _ _ _ _ _ 
_ _ _ _ 

After
++++++
++++++
+g++++
+ro+++
niid++
riceu+

t e a p o t 
m i l d e r 
c l e r i c 
s h o r t s 
_ _ _ _ _ _ _ _ 
_ _ _ _ 

0
Before
++++++
++++++
++++++
+g+du+
rr+os+
sioeh+

t e a p o t 
m i l d e r 
c l e r i c 
n i t r i c 
_ _ _ _ _ _ _ _ 
_ _ _ _ 

After
++++++
++++++
++++++
+g+du+
rr+os+
sioeh+

t e a p o t 
m i l d e r 
c l e r i c 
n i t r i c 
_ _ _ _ _ _ _ _ 
_ _ _ _ 

0
Before
++++++
++++++
++++++
++odu+
+gros+
srieh+

t e a p o t 
m i l d e r 
c l e r i c 
n i t r i c 
_ _ _ _ _ _ _ _ 
_ _ _ _ 

After
++++++
++++++
++++++
++odu+
+gros+
srieh+

t e a p o t 
m i l d e r 
c l e r i c 
n i t r i c 
_ _ _ _ _ _ _ _ 
_ _ _ _ 

1
Before
++++++
++++++
++++++
++++++
+++d++
s++eh+

t e a p o t 
m i l d e r 
c l e r i c 
n i t r i c 
r i g o r o u s 
_ _ _ _ 

After
++++++
++++++
++++++
++++++
+++d++
s++eh+

t e a p o t 
m i l d e r 
c l e r i c 
n i t r i c 
r i g o r o u s 
_ _ _ _ 

0
Before
++++++
+g++++
+r++++
ni++++
rtr+++
siceh+

t e a p o t 
m i l d e r 
c l e r i c 
o d i o u s 
_ _ _ _ _ _ _ _ 
_ _ _ _ 

After
++++++
+g++++
+r++++
ni++++
rtr+++
siceh+

t e a p o t 
m i l d e r 
c l e r i c 
o d i o u s 
_ _ _ _ _ _ _ _ 
_ _ _ _ 

0
Before
++++++
n+++++
rgo+++
errd++
lricu+
sicoh+

t e a p o t 
m i l d e r 
c i t i e s 
_ _ _ _ _ _ 
_ _ _ _ _ _ _ _ 
_ _ _ _ 

After
++++++
n+++++
rgo+++
errd++
lricu+
sicoh+

t e a p o t 
m i l d e r 
c i t i e s 
_ _ _ _ _ _ 
_ _ _ _ _ _ _ _ 
_ _ _ _ 

1
Before
++++++
++++++
n+++++
rgo+++
err+++
licdu+

t e a p o t 
m i l d e r 
c i t i e s 
c h o i r s 
_ _ _ _ _ _ _ _ 
_ _ _ _ 

After
++++++
++++++
n+++++
rgo+++
err+++
licdu+

t e a p o t 
m i l d e r 
c i t i e s 
c h o i r s 
_ _ _ _ _ _ _ _ 
_ _ _ _ 

0
Before
n+++++
r+++++
eg++++
lr+du+
croos+
siieh+

t e a p o t 
m i l d e r 
c r i t i c 
_ _ _ _ _ _ 
_ _ _ _ _ _ _ _ 
_ _ _ _ 

After
n+++++
r+++++
eg++++
lr+du+
croos+
siieh+

t e a p o t 
m i l d e r 
c r i t i c 
_ _ _ _ _ _ 
_ _ _ _ _ _ _ _ 
_ _ _ _ 

0
Before
++++++
n+++++
r+o+++
egidu+
lrios+
srceh+

t e a p o t 
m i l d e r 
c r i t i c 
_ _ _ _ _ _ 
_ _ _ _ _ _ _ _ 
_ _ _ _ 

After
++++++
n+++++
r+o+++
egidu+
lrios+
srceh+

t e a p o t 
m i l d e r 
c r i t i c 
_ _ _ _ _ _ 
_ _ _ _ _ _ _ _ 
_ _ _ _ 

4
Before
++++++
n+++++
r+++++
e+++++
lgo+u+
srids+

t e a p o t 
m i l d e r 
c r i t i c 
c o h e i r 
_ _ _ _ _ _ _ _ 
_ _ _ _ 

After
++++++
n+++++
r+++++
e+++++
lgo+u+
srids+

t e a p o t 
m i l d e r 
c r i t i c 
c o h e i r 
_ _ _ _ _ _ _ _ 
_ _ _ _ 

0
Before
++++++
n+++++
r+++++
e+++++
lgo+u+
srids+

t e a p o t 
m i l d e r 
c r i t i c 
c o h e i r 
_ _ _ _ _ _ _ _ 
_ _ _ _ 

After
++++++
n+++++
r+++++
e+++++
lgo+u+
srids+

t e a p o t 
m i l d e r 
c r i t i c 
c o h e i r 
_ _ _ _ _ _ _ _ 
_ _ _ _ 

0
Before
++++++
n+++++
r+++++
eg++++
lri+++
srceh+

t e a p o t 
m i l d e r 
c r i t i c 
o d i o u s 
_ _ _ _ _ _ _ _ 
_ _ _ _ 

After
++++++
n+++++
r+++++
eg++++
lri+++
srceh+

t e a p o t 
m i l d e r 
c r i t i c 
o d i o u s 
_ _ _ _ _ _ _ _ 
_ _ _ _ 

0
Before
++++++
n+++++
r+++++
eg++++
lri+++
srceh+

t e a p o t 
m i l d e r 
c r i t i c 
o d i o u s 
_ _ _ _ _ _ _ _ 
_ _ _ _ 

After
++++++
n+++++
r+++++
eg++++
lri+++
srceh+

t e a p o t 
m i l d e r 
c r i t i c 
o d i o u s 
_ _ _ _ _ _ _ _ 
_ _ _ _ 

0
Before
n+++++
r+++++
e+++++
lgodu+
crios+
srieh+

t e a p o t 
m i l d e r 
c r i t i c 
_ _ _ _ _ _ 
_ _ _ _ _ _ _ _ 
_ _ _ _ 

After
n+++++
r+++++
e+++++
lgodu+
crios+
srieh+

t e a p o t 
m i l d e r 
c r i t i c 
_ _ _ _ _ _ 
_ _ _ _ _ _ _ _ 
_ _ _ _ 

4
Before
++++++
n+++++
r+++++
e++du+
l++os+
c+ieh+

t e a p o t 
m i l d e r 
c r i t i c 
r i g o r s 
_ _ _ _ _ _ _ _ 
_ _ _ _ 

After
++++++
n+++++
r+++++
e++du+
l++os+
c+ieh+

t e a p o t 
m i l d e r 
c r i t i c 
r i g o r s 
_ _ _ _ _ _ _ _ 
_ _ _ _ 

0
Before
n+++++
r+++++
e+++++
l+++++
c++du+
srioh+

t e a p o t 
m i l d e r 
c r i t i c 
o r g i e s 
_ _ _ _ _ _ _ _ 
_ _ _ _ 

After
n+++++
r+++++
e+++++
l+++++
c++du+
srioh+

t e a p o t 
m i l d e r 
c r i t i c 
o r g i e s 
_ _ _ _ _ _ _ _ 
_ _ _ _ 

0
Before
n+++++
r+++++
e+++++
lg++++
cr++++
srieh+

t e a p o t 
m i l d e r 
c r i t i c 
o d i o u s 
_ _ _ _ _ _ _ _ 
_ _ _ _ 

After
n+++++
r+++++
e+++++
lg++++
cr++++
srieh+

t e a p o t 
m i l d e r 
c r i t i c 
o d i o u s 
_ _ _ _ _ _ _ _ 
_ _ _ _ 

0
Before
n+++++
r+++++
e+++++
l+++u+
cr++s+
sri+h+

t e a p o t 
m i l d e r 
c r i t i c 
g o o d i e 
_ _ _ _ _ _ _ _ 
_ _ _ _ 

After
n+++++
r+++++
e+++++
l+++u+
cr++s+
sri+h+

t e a p o t 
m i l d e r 
c r i t i c 
g o o d i e 
_ _ _ _ _ _ _ _ 
_ _ _ _ 

0
Before
++++++
n+++++
rg++++
erodu+
lrios+
siceh+

t e a p o t 
m i l d e r 
c r i t i c 
_ _ _ _ _ _ 
_ _ _ _ _ _ _ _ 
_ _ _ _ 

After
++++++
n+++++
rg++++
erodu+
lrios+
siceh+

t e a p o t 
m i l d e r 
c r i t i c 
_ _ _ _ _ _ 
_ _ _ _ _ _ _ _ 
_ _ _ _ 

7
Before
++++++
n+++++
r+++++
eg++++
lr++u+
siods+

t e a p o t 
m i l d e r 
c r i t i c 
c o h e i r 
_ _ _ _ _ _ _ _ 
_ _ _ _ 

After
++++++
n+++++
r+++++
eg++++
lr++u+
siods+

t e a p o t 
m i l d e r 
c r i t i c 
c o h e i r 
_ _ _ _ _ _ _ _ 
_ _ _ _ 

0
Before
++++++
n+++++
r+++++
eg++++
lr++u+
siods+

t e a p o t 
m i l d e r 
c r i t i c 
c o h e i r 
_ _ _ _ _ _ _ _ 
_ _ _ _ 

After
++++++
n+++++
r+++++
eg++++
lr++u+
siods+

t e a p o t 
m i l d e r 
c r i t i c 
c o h e i r 
_ _ _ _ _ _ _ _ 
_ _ _ _ 

0
Before
++++++
++++++
++++++
ng++++
rrodu+
erioh+

t e a p o t 
m i l d e r 
c r i t i c 
s l i c e s 
_ _ _ _ _ _ _ _ 
_ _ _ _ 

After
++++++
++++++
++++++
ng++++
rrodu+
erioh+

t e a p o t 
m i l d e r 
c r i t i c 
s l i c e s 
_ _ _ _ _ _ _ _ 
_ _ _ _ 

0
Before
++++++
++++++
++++++
ng++u+
rro+s+
srieh+

t e a p o t 
m i l d e r 
c r i t i c 
d o c i l e 
_ _ _ _ _ _ _ _ 
_ _ _ _ 

After
++++++
++++++
++++++
ng++u+
rro+s+
srieh+

t e a p o t 
m i l d e r 
c r i t i c 
d o c i l e 
_ _ _ _ _ _ _ _ 
_ _ _ _ 

0
Before
++++++
n+++++
rg++++
er++++
lr++++
siceh+

t e a p o t 
m i l d e r 
c r i t i c 
o d i o u s 
_ _ _ _ _ _ _ _ 
_ _ _ _ 

After
++++++
n+++++
rg++++
er++++
lr++++
siceh+

t e a p o t 
m i l d e r 
c r i t i c 
o d i o u s 
_ _ _ _ _ _ _ _ 
_ _ _ _ 

0
Before
++++++
++++++
++++++
+++du+
ngios+
liceh+

t e a p o t 
m i l d e r 
c r i t i c 
e r r o r s 
_ _ _ _ _ _ _ _ 
_ _ _ _ 

After
++++++
++++++
++++++
+++du+
ngios+
liceh+

t e a p o t 
m i l d e r 
c r i t i c 
e r r o r s 
_ _ _ _ _ _ _ _ 
_ _ _ _ 

0
Before
++++++
n+++++
r+++++
er++u+
lr++s+
sic+h+

t e a p o t 
m i l d e r 
c r i t i c 
g o o d i e 
_ _ _ _ _ _ _ _ 
_ _ _ _ 

After
++++++
n+++++
r+++++
er++u+
lr++s+
sic+h+

t e a p o t 
m i l d e r 
c r i t i c 
g o o d i e 
_ _ _ _ _ _ _ _ 
_ _ _ _ 

0
Before
n+++++
rg++++
er++++
lr+du+
ci+os+
sioeh+

t e a p o t 
m i l d e r 
c r i t i c 
_ _ _ _ _ _ 
_ _ _ _ _ _ _ _ 
_ _ _ _ 

After
n+++++
rg++++
er++++
lr+du+
ci+os+
sioeh+

t e a p o t 
m i l d e r 
c r i t i c 
_ _ _ _ _ _ 
_ _ _ _ _ _ _ _ 
_ _ _ _ 

3
Before
++++++
++++++
++++++
+g+du+
nr+os+
rioeh+

t e a p o t 
m i l d e r 
c r i t i c 
r e l i c s 
_ _ _ _ _ _ _ _ 
_ _ _ _ 

After
++++++
++++++
++++++
+g+du+
nr+os+
rioeh+

t e a p o t 
m i l d e r 
c r i t i c 
r e l i c s 
_ _ _ _ _ _ _ _ 
_ _ _ _ 

0
Before
++++++
++++++
++++++
+g+du+
nr+os+
rioeh+

t e a p o t 
m i l d e r 
c r i t i c 
r e l i c s 
_ _ _ _ _ _ _ _ 
_ _ _ _ 

After
++++++
++++++
++++++
+g+du+
nr+os+
rioeh+

t e a p o t 
m i l d e r 
c r i t i c 
r e l i c s 
_ _ _ _ _ _ _ _ 
_ _ _ _ 

0
Before
++++++
++++++
+g++++
+r+du+
+r+os+
nioeh+

t e a p o t 
m i l d e r 
c r i t i c 
r e l i c s 
_ _ _ _ _ _ _ _ 
_ _ _ _ 

After
++++++
++++++
+g++++
+r+du+
+r+os+
nioeh+

t e a p o t 
m i l d e r 
c r i t i c 
r e l i c s 
_ _ _ _ _ _ _ _ 
_ _ _ _ 

0
Before
++++++
n+++++
rg++++
erodu+
lrios+
siceh+

t e a p o t 
m i l d e r 
c r i t i c 
_ _ _ _ _ _ 
_ _ _ _ _ _ _ _ 
_ _ _ _ 

After
++++++
n+++++
rg++++
erodu+
lrios+
siceh+

t e a p o t 
m i l d e r 
c r i t i c 
_ _ _ _ _ _ 
_ _ _ _ _ _ _ _ 
_ _ _ _ 

7
Before
++++++
n+++++
r+++++
eg++++
lr++u+
siods+

t e a p o t 
m i l d e r 
c r i t i c 
c o h e i r 
_ _ _ _ _ _ _ _ 
_ _ _ _ 

After
++++++
n+++++
r+++++
eg++++
lr++u+
siods+

t e a p o t 
m i l d e r 
c r i t i c 
c o h e i r 
_ _ _ _ _ _ _ _ 
_ _ _ _ 

0
Before
++++++
n+++++
r+++++
eg++++
lr++u+
siods+

t e a p o t 
m i l d e r 
c r i t i c 
c o h e i r 
_ _ _ _ _ _ _ _ 
_ _ _ _ 

After
++++++
n+++++
r+++++
eg++++
lr++u+
siods+

t e a p o t 
m i l d e r 
c r i t i c 
c o h e i r 
_ _ _ _ _ _ _ _ 
_ _ _ _ 

0
Before
++++++
++++++
++++++
ng++++
rrodu+
erioh+

t e a p o t 
m i l d e r 
c r i t i c 
s l i c e s 
_ _ _ _ _ _ _ _ 
_ _ _ _ 

After
++++++
++++++
++++++
ng++++
rrodu+
erioh+

t e a p o t 
m i l d e r 
c r i t i c 
s l i c e s 
_ _ _ _ _ _ _ _ 
_ _ _ _ 

0
Before
++++++
++++++
++++++
ng++u+
rro+s+
srieh+

t e a p o t 
m i l d e r 
c r i t i c 
d o c i l e 
_ _ _ _ _ _ _ _ 
_ _ _ _ 

After
++++++
++++++
++++++
ng++u+
rro+s+
srieh+

t e a p o t 
m i l d e r 
c r i t i c 
d o c i l e 
_ _ _ _ _ _ _ _ 
_ _ _ _ 

0
Before
++++++
n+++++
rg++++
er++++
lr++++
siceh+

t e a p o t 
m i l d e r 
c r i t i c 
o d i o u s 
_ _ _ _ _ _ _ _ 
_ _ _ _ 

After
++++++
n+++++
rg++++
er++++
lr++++
siceh+

t e a p o t 
m i l d e r 
c r i t i c 
o d i o u s 
_ _ _ _ _ _ _ _ 
_ _ _ _ 

0
Before
++++++
++++++
++++++
+++du+
ngios+
liceh+

t e a p o t 
m i l d e r 
c r i t i c 
e r r o r s 
_ _ _ _ _ _ _ _ 
_ _ _ _ 

After
++++++
++++++
++++++
+++du+
ngios+
liceh+

t e a p o t 
m i l d e r 
c r i t i c 
e r r o r s 
_ _ _ _ _ _ _ _ 
_ _ _ _ 

0
Before
++++++
n+++++
r+++++
er++u+
lr++s+
sic+h+

t e a p o t 
m i l d e r 
c r i t i c 
g o o d i e 
_ _ _ _ _ _ _ _ 
_ _ _ _ 

After
++++++
n+++++
r+++++
er++u+
lr++s+
sic+h+

t e a p o t 
m i l d e r 
c r i t i c 
g o o d i e 
_ _ _ _ _ _ _ _ 
_ _ _ _ 

0
Before
n+++++
r+++++
eg++++
lr+du+
croos+
siieh+

t e a p o t 
m i l d e r 
c r i t i c 
_ _ _ _ _ _ 
_ _ _ _ _ _ _ _ 
_ _ _ _ 

After
n+++++
r+++++
eg++++
lr+du+
croos+
siieh+

t e a p o t 
m i l d e r 
c r i t i c 
_ _ _ _ _ _ 
_ _ _ _ _ _ _ _ 
_ _ _ _ 

0
Before
n+++++
rg++++
er++++
lro+++
cirdu+
sicoh+

t e a p o t 
m i l d e r 
c i t i e s 
_ _ _ _ _ _ 
_ _ _ _ _ _ _ _ 
_ _ _ _ 

After
n+++++
rg++++
er++++
lro+++
cirdu+
sicoh+

t e a p o t 
m i l d e r 
c i t i e s 
_ _ _ _ _ _ 
_ _ _ _ _ _ _ _ 
_ _ _ _ 

9
Before
n+++++
r+++++
e+++++
lg++++
ci++++
sicdu+

t e a p o t 
m i l d e r 
c i t i e s 
h o r r o r 
_ _ _ _ _ _ _ _ 
_ _ _ _ 

After
n+++++
r+++++
e+++++
lg++++
ci++++
sicdu+

t e a p o t 
m i l d e r 
c i t i e s 
h o r r o r 
_ _ _ _ _ _ _ _ 
_ _ _ _ 

0
Before
++++++
++++++
++++++
ng++++
rrodu+
siroh+

t e a p o t 
m i l d e r 
c i t i e s 
c i r c l e 
_ _ _ _ _ _ _ _ 
_ _ _ _ 

After
++++++
++++++
++++++
ng++++
rrodu+
siroh+

t e a p o t 
m i l d e r 
c i t i e s 
c i r c l e 
_ _ _ _ _ _ _ _ 
_ _ _ _ 

0
Before
++++++
++++++
++++++
ng++++
rrodu+
srroh+

t e a p o t 
m i l d e r 
c i t i e s 
i c i c l e 
_ _ _ _ _ _ _ _ 
_ _ _ _ 

After
++++++
++++++
++++++
ng++++
rrodu+
srroh+

t e a p o t 
m i l d e r 
c i t i e s 
i c i c l e 
_ _ _ _ _ _ _ _ 
_ _ _ _ 

0
Before
++++++
++++++
ng++++
rr++++
cro+u+
sir+h+

t e a p o t 
m i l d e r 
c i t i e s 
d o c i l e 
_ _ _ _ _ _ _ _ 
_ _ _ _ 

After
++++++
++++++
ng++++
rr++++
cro+u+
sir+h+

t e a p o t 
m i l d e r 
c i t i e s 
d o c i l e 
_ _ _ _ _ _ _ _ 
_ _ _ _ 

0
Before
++++++
++++++
++++++
ng++++
rrodu+
srroh+

t e a p o t 
m i l d e r 
c i t i e s 
i c i c l e 
_ _ _ _ _ _ _ _ 
_ _ _ _ 

After
++++++
++++++
++++++
ng++++
rrodu+
srroh+

t e a p o t 
m i l d e r 
c i t i e s 
i c i c l e 
_ _ _ _ _ _ _ _ 
_ _ _ _ 

0
Before
++++++
++++++
++++++
ng++++
rrodu+
siroh+

t e a p o t 
m i l d e r 
c i t i e s 
c l e r i c 
_ _ _ _ _ _ _ _ 
_ _ _ _ 

After
++++++
++++++
++++++
ng++++
rrodu+
siroh+

t e a p o t 
m i l d e r 
c i t i e s 
c l e r i c 
_ _ _ _ _ _ _ _ 
_ _ _ _ 

0
Before
++++++
++++++
++++++
+go+++
nrrdu+
ricoh+

t e a p o t 
m i l d e r 
c i t i e s 
r e l i c s 
_ _ _ _ _ _ _ _ 
_ _ _ _ 

After
++++++
++++++
++++++
+go+++
nrrdu+
ricoh+

t e a p o t 
m i l d e r 
c i t i e s 
r e l i c s 
_ _ _ _ _ _ _ _ 
_ _ _ _ 

0
Before
++++++
++++++
++++++
+go+++
nrrdu+
ricoh+

t e a p o t 
m i l d e r 
c i t i e s 
r e l i c s 
_ _ _ _ _ _ _ _ 
_ _ _ _ 

After
++++++
++++++
++++++
+go+++
nrrdu+
ricoh+

t e a p o t 
m i l d e r 
c i t i e s 
r e l i c s 
_ _ _ _ _ _ _ _ 
_ _ _ _ 

0
Before
++++++
++++++
+g++++
+ro+++
+rrdu+
nicoh+

t e a p o t 
m i l d e r 
c i t i e s 
r e l i c s 
_ _ _ _ _ _ _ _ 
_ _ _ _ 

After
++++++
++++++
+g++++
+ro+++
+rrdu+
nicoh+

t e a p o t 
m i l d e r 
c i t i e s 
r e l i c s 
_ _ _ _ _ _ _ _ 
_ _ _ _ 

0
Before
++++++
++o+++
+grd++
+ricu+
ntios+
riceh+

t e a p o t 
m i l d e r 
r e l i c s 
_ _ _ _ _ _ 
_ _ _ _ _ _ _ _ 
_ _ _ _ 

After
++++++
++o+++
+grd++
+ricu+
ntios+
riceh+

t e a p o t 
m i l d e r 
r e l i c s 
_ _ _ _ _ _ 
_ _ _ _ _ _ _ _ 
_ _ _ _ 

19
Before
++++++
++++++
++++++
+go+++
nrrdu+
riios+

t e a p o t 
m i l d e r 
r e l i c s 
h e c t i c 
_ _ _ _ _ _ _ _ 
_ _ _ _ 

After
++++++
++++++
++++++
+go+++
nrrdu+
riios+

t e a p o t 
m i l d e r 
r e l i c s 
h e c t i c 
_ _ _ _ _ _ _ _ 
_ _ _ _ 

0
Before
++++++
++++++
++++++
+go+++
nrrdu+
riios+

t e a p o t 
m i l d e r 
r e l i c s 
h e c t i c 
_ _ _ _ _ _ _ _ 
_ _ _ _ 

After
++++++
++++++
++++++
+go+++
nrrdu+
riios+

t e a p o t 
m i l d e r 
r e l i c s 
h e c t i c 
_ _ _ _ _ _ _ _ 
_ _ _ _ 

0
Before
++++++
++++++
+gr+++
+ri+++
nti+++
ricoh+

t e a p o t 
m i l d e r 
r e l i c s 
e s c u d o 
_ _ _ _ _ _ _ _ 
_ _ _ _ 

After
++++++
++++++
+gr+++
+ri+++
nti+++
ricoh+

t e a p o t 
m i l d e r 
r e l i c s 
e s c u d o 
_ _ _ _ _ _ _ _ 
_ _ _ _ 

0
Before
++++++
++++++
++++++
+go+++
ntrdu+
riics+

t e a p o t 
m i l d e r 
r e l i c s 
c o h e i r 
_ _ _ _ _ _ _ _ 
_ _ _ _ 

After
++++++
++++++
++++++
+go+++
ntrdu+
riics+

t e a p o t 
m i l d e r 
r e l i c s 
c o h e i r 
_ _ _ _ _ _ _ _ 
_ _ _ _ 

0
Before
++++++
++++++
++++++
++odu+
n+ros+
rgieh+

t e a p o t 
m i l d e r 
r e l i c s 
c i t r i c 
_ _ _ _ _ _ _ _ 
_ _ _ _ 

After
++++++
++++++
++++++
++odu+
n+ros+
rgieh+

t e a p o t 
m i l d e r 
r e l i c s 
c i t r i c 
_ _ _ _ _ _ _ _ 
_ _ _ _ 

0
Before
++++++
++++++
++++++
++odu+
n+ros+
rgieh+

t e a p o t 
m i l d e r 
r e l i c s 
c i t r i c 
_ _ _ _ _ _ _ _ 
_ _ _ _ 

After
++++++
++++++
++++++
++odu+
n+ros+
rgieh+

t e a p o t 
m i l d e r 
r e l i c s 
c i t r i c 
_ _ _ _ _ _ _ _ 
_ _ _ _ 

0
Before
++++++
++++++
++++++
++od++
ngrcu+
rrioh+

t e a p o t 
m i l d e r 
r e l i c s 
c i t i e s 
_ _ _ _ _ _ _ _ 
_ _ _ _ 

After
++++++
++++++
++++++
++od++
ngrcu+
rrioh+

t e a p o t 
m i l d e r 
r e l i c s 
c i t i e s 
_ _ _ _ _ _ _ _ 
_ _ _ _ 

0
Before
++++++
++++++
++++++
+++du+
ngoos+
rireh+

t e a p o t 
m i l d e r 
r e l i c s 
c i t r i c 
_ _ _ _ _ _ _ _ 
_ _ _ _ 

After
++++++
++++++
++++++
+++du+
ngoos+
rireh+

t e a p o t 
m i l d e r 
r e l i c s 
c i t r i c 
_ _ _ _ _ _ _ _ 
_ _ _ _ 

2
Before
++++++
++++++
++++++
++++++
+++d++
n++eh+

t e a p o t 
m i l d e r 
r e l i c s 
c i t r i c 
r i g o r o u s 
_ _ _ _ 

After
++++++
++++++
++++++
++++++
+++d++
n++eh+

t e a p o t 
m i l d e r 
r e l i c s 
c i t r i c 
r i g o r o u s 
_ _ _ _ 

0
Before
++++++
++++++
++++++
++++++
+++d++
r+oo++

t e a p o t 
m i l d e r 
r e l i c s 
c i t r i c 
u s h e r i n g 
_ _ _ _ 

After
++++++
++++++
++++++
++++++
+++d++
r+oo++

t e a p o t 
m i l d e r 
r e l i c s 
c i t r i c 
u s h e r i n g 
_ _ _ _ 

0
Before
++++++
++++++
++o+++
++rdu+
++ios+
rgceh+

t e a p o t 
m i l d e r 
r e l i c s 
n i t r i c 
_ _ _ _ _ _ _ _ 
_ _ _ _ 

After
++++++
++++++
++o+++
++rdu+
++ios+
rgceh+

t e a p o t 
m i l d e r 
r e l i c s 
n i t r i c 
_ _ _ _ _ _ _ _ 
_ _ _ _ 

0
Before
++++++
++++++
+++d++
++ocu+
++ros+
rgieh+

t e a p o t 
m i l d e r 
r e l i c s 
n i t r i c 
_ _ _ _ _ _ _ _ 
_ _ _ _ 

After
++++++
++++++
+++d++
++ocu+
++ros+
rgieh+

t e a p o t 
m i l d e r 
r e l i c s 
n i t r i c 
_ _ _ _ _ _ _ _ 
_ _ _ _ 

0
Before
++++++
++++++
++o+++
++rdu+
++ios+
rgceh+

t e a p o t 
m i l d e r 
r e l i c s 
n i t r i c 
_ _ _ _ _ _ _ _ 
_ _ _ _ 

After
++++++
++++++
++o+++
++rdu+
++ios+
rgceh+

t e a p o t 
m i l d e r 
r e l i c s 
n i t r i c 
_ _ _ _ _ _ _ _ 
_ _ _ _ 

0
Before
++++++
++++++
++++++
++odu+
+gros+
nrieh+

t e a p o t 
m i l d e r 
r e l i c s 
c i t r i c 
_ _ _ _ _ _ _ _ 
_ _ _ _ 

After
++++++
++++++
++++++
++odu+
+gros+
nrieh+

t e a p o t 
m i l d e r 
r e l i c s 
c i t r i c 
_ _ _ _ _ _ _ _ 
_ _ _ _ 

1
Before
++++++
++++++
++++++
++++++
+++d++
n++eh+

t e a p o t 
m i l d e r 
r e l i c s 
c i t r i c 
r i g o r o u s 
_ _ _ _ 

After
++++++
++++++
++++++
++++++
+++d++
n++eh+

t e a p o t 
m i l d e r 
r e l i c s 
c i t r i c 
r i g o r o u s 
_ _ _ _ 

0
Before
++++++
++++++
++++++
+g+du+
nr+os+
rioeh+

t e a p o t 
m i l d e r 
r e l i c s 
c r i t i c 
_ _ _ _ _ _ _ _ 
_ _ _ _ 

After
++++++
++++++
++++++
+g+du+
nr+os+
rioeh+

t e a p o t 
m i l d e r 
r e l i c s 
c r i t i c 
_ _ _ _ _ _ _ _ 
_ _ _ _ 

0
Before
++++++
++++++
++++++
+++du+
ngoos+
rrieh+

t e a p o t 
m i l d e r 
r e l i c s 
c r i t i c 
_ _ _ _ _ _ _ _ 
_ _ _ _ 

After
++++++
++++++
++++++
+++du+
ngoos+
rrieh+

t e a p o t 
m i l d e r 
r e l i c s 
c r i t i c 
_ _ _ _ _ _ _ _ 
_ _ _ _ 

0
Before
++++++
++++++
++++++
++odu+
+gros+
nrieh+

t e a p o t 
m i l d e r 
r e l i c s 
c i t r i c 
_ _ _ _ _ _ _ _ 
_ _ _ _ 

After
++++++
++++++
++++++
++odu+
+gros+
nrieh+

t e a p o t 
m i l d e r 
r e l i c s 
c i t r i c 
_ _ _ _ _ _ _ _ 
_ _ _ _ 

1
Before
++++++
++++++
++++++
++++++
+++d++
n++eh+

t e a p o t 
m i l d e r 
r e l i c s 
c i t r i c 
r i g o r o u s 
_ _ _ _ 

After
++++++
++++++
++++++
++++++
+++d++
n++eh+

t e a p o t 
m i l d e r 
r e l i c s 
c i t r i c 
r i g o r o u s 
_ _ _ _ 

0
Before
++++++
++++++
++++++
+++du+
ngoos+
rireh+

t e a p o t 
m i l d e r 
r e l i c s 
c i t r i c 
_ _ _ _ _ _ _ _ 
_ _ _ _ 

After
++++++
++++++
++++++
+++du+
ngoos+
rireh+

t e a p o t 
m i l d e r 
r e l i c s 
c i t r i c 
_ _ _ _ _ _ _ _ 
_ _ _ _ 

2
Before
++++++
++++++
++++++
++++++
+++d++
n++eh+

t e a p o t 
m i l d e r 
r e l i c s 
c i t r i c 
r i g o r o u s 
_ _ _ _ 

After
++++++
++++++
++++++
++++++
+++d++
n++eh+

t e a p o t 
m i l d e r 
r e l i c s 
c i t r i c 
r i g o r o u s 
_ _ _ _ 

0
Before
++++++
++++++
++++++
++++++
+++d++
r+oo++

t e a p o t 
m i l d e r 
r e l i c s 
c i t r i c 
u s h e r i n g 
_ _ _ _ 

After
++++++
++++++
++++++
++++++
+++d++
r+oo++

t e a p o t 
m i l d e r 
r e l i c s 
c i t r i c 
u s h e r i n g 
_ _ _ _ 

0
Before
++++++
++++++
++++++
+go+++
nrrdu+
ricoh+

t e a p o t 
m i l d e r 
r e l i c s 
c i t i e s 
_ _ _ _ _ _ _ _ 
_ _ _ _ 

After
++++++
++++++
++++++
+go+++
nrrdu+
ricoh+

t e a p o t 
m i l d e r 
r e l i c s 
c i t i e s 
_ _ _ _ _ _ _ _ 
_ _ _ _ 

0
Before
++++++
++++++
++o+++
+gr+++
nti+u+
ricds+

t e a p o t 
m i l d e r 
r e l i c s 
c o h e i r 
_ _ _ _ _ _ _ _ 
_ _ _ _ 

After
++++++
++++++
++o+++
+gr+++
nti+u+
ricds+

t e a p o t 
m i l d e r 
r e l i c s 
c o h e i r 
_ _ _ _ _ _ _ _ 
_ _ _ _ 

0
Before
++++++
++++++
+g++++
+rr+++
ntic++
riceh+

t e a p o t 
m i l d e r 
r e l i c s 
o d i o u s 
_ _ _ _ _ _ _ _ 
_ _ _ _ 

After
++++++
++++++
+g++++
+rr+++
ntic++
riceh+

t e a p o t 
m i l d e r 
r e l i c s 
o d i o u s 
_ _ _ _ _ _ _ _ 
_ _ _ _ 

0
Before
++++++
++o+++
++rd++
ngicu+
rrios+
srceh+

t e a p o t 
m i l d e r 
e l i c i t 
_ _ _ _ _ _ 
_ _ _ _ _ _ _ _ 
_ _ _ _ 

After
++++++
++o+++
++rd++
ngicu+
rrios+
srceh+

t e a p o t 
m i l d e r 
e l i c i t 
_ _ _ _ _ _ 
_ _ _ _ _ _ _ _ 
_ _ _ _ 

7
Before
++++++
++++++
++r+++
ngi+++
rri+++
srcoh+

t e a p o t 
m i l d e r 
e l i c i t 
e s c u d o 
_ _ _ _ _ _ _ _ 
_ _ _ _ 

After
++++++
++++++
++r+++
ngi+++
rri+++
srcoh+

t e a p o t 
m i l d e r 
e l i c i t 
e s c u d o 
_ _ _ _ _ _ _ _ 
_ _ _ _ 

0
Before
++++++
++++++
++++++
n+o+++
rgrdu+
srics+

t e a p o t 
m i l d e r 
e l i c i t 
c o h e i r 
_ _ _ _ _ _ _ _ 
_ _ _ _ 

After
++++++
++++++
++++++
n+o+++
rgrdu+
srics+

t e a p o t 
m i l d e r 
e l i c i t 
c o h e i r 
_ _ _ _ _ _ _ _ 
_ _ _ _ 

0
Before
++++++
++++++
++++++
n+o+++
rgrdu+
srics+

t e a p o t 
m i l d e r 
e l i c i t 
c o h e i r 
_ _ _ _ _ _ _ _ 
_ _ _ _ 

After
++++++
++++++
++++++
n+o+++
rgrdu+
srics+

t e a p o t 
m i l d e r 
e l i c i t 
c o h e i r 
_ _ _ _ _ _ _ _ 
_ _ _ _ 

0
Before
++++++
++++++
++o+++
n+r+++
rgi+u+
srcds+

t e a p o t 
m i l d e r 
e l i c i t 
c o h e i r 
_ _ _ _ _ _ _ _ 
_ _ _ _ 

After
++++++
++++++
++o+++
n+r+++
rgi+u+
srcds+

t e a p o t 
m i l d e r 
e l i c i t 
c o h e i r 
_ _ _ _ _ _ _ _ 
_ _ _ _ 

0
Before
++++++
++++++
++o+++
n+r+++
rgi+u+
srcds+

t e a p o t 
m i l d e r 
e l i c i t 
c o h e i r 
_ _ _ _ _ _ _ _ 
_ _ _ _ 

After
++++++
++++++
++o+++
n+r+++
rgi+u+
srcds+

t e a p o t 
m i l d e r 
e l i c i t 
c o h e i r 
_ _ _ _ _ _ _ _ 
_ _ _ _ 

0
Before
++++++
++++++
++++++
ngr+++
rric++
srceh+

t e a p o t 
m i l d e r 
e l i c i t 
o d i o u s 
_ _ _ _ _ _ _ _ 
_ _ _ _ 

After
++++++
++++++
++++++
ngr+++
rric++
srceh+

t e a p o t 
m i l d e r 
e l i c i t 
o d i o u s 
_ _ _ _ _ _ _ _ 
_ _ _ _ 

0
Before
++++++
++++++
++++++
n++d++
rricu+
srcoh+

t e a p o t 
m i l d e r 
e l i c i t 
o r g i e s 
_ _ _ _ _ _ _ _ 
_ _ _ _ 

After
++++++
++++++
++++++
n++d++
rricu+
srcoh+

t e a p o t 
m i l d e r 
e l i c i t 
o r g i e s 
_ _ _ _ _ _ _ _ 
_ _ _ _ 

0
Before
ng++++
rr++++
er++++
lir+++
ctic++
siceh+

t e a p o t 
m i l d e r 
o d i o u s 
_ _ _ _ _ _ 
_ _ _ _ _ _ _ _ 
_ _ _ _ 

After
ng++++
rr++++
er++++
lir+++
ctic++
siceh+

t e a p o t 
m i l d e r 
o d i o u s 
_ _ _ _ _ _ 
_ _ _ _ _ _ _ _ 
_ _ _ _ 

22
Before
++++++
n+++++
rg++++
er++++
lrr+++
siic++

t e a p o t 
m i l d e r 
o d i o u s 
h e c t i c 
_ _ _ _ _ _ _ _ 
_ _ _ _ 

After
++++++
n+++++
rg++++
er++++
lrr+++
siic++

t e a p o t 
m i l d e r 
o d i o u s 
h e c t i c 
_ _ _ _ _ _ _ _ 
_ _ _ _ 

0
Before
n+++++
rg++++
er++++
lr++++
ci++++
sir+++

t e a p o t 
m i l d e r 
o d i o u s 
h e c t i c 
_ _ _ _ _ _ _ _ 
_ _ _ _ 

After
n+++++
rg++++
er++++
lr++++
ci++++
sir+++

t e a p o t 
m i l d e r 
o d i o u s 
h e c t i c 
_ _ _ _ _ _ _ _ 
_ _ _ _ 

0
Before
++++++
n+++++
rg++++
er++++
lrr+++
siic++

t e a p o t 
m i l d e r 
o d i o u s 
h e c t i c 
_ _ _ _ _ _ _ _ 
_ _ _ _ 

After
++++++
n+++++
rg++++
er++++
lrr+++
siic++

t e a p o t 
m i l d e r 
o d i o u s 
h e c t i c 
_ _ _ _ _ _ _ _ 
_ _ _ _ 

0
Before
++++++
n+++++
r+++++
eg++++
lr+c++
srieh+

t e a p o t 
m i l d e r 
o d i o u s 
c i t r i c 
_ _ _ _ _ _ _ _ 
_ _ _ _ 

After
++++++
n+++++
r+++++
eg++++
lr+c++
srieh+

t e a p o t 
m i l d e r 
o d i o u s 
c i t r i c 
_ _ _ _ _ _ _ _ 
_ _ _ _ 

0
Before
n+++++
r+++++
eg++++
lr++++
cr++++
si+eh+

t e a p o t 
m i l d e r 
o d i o u s 
c i t r i c 
_ _ _ _ _ _ _ _ 
_ _ _ _ 

After
n+++++
r+++++
eg++++
lr++++
cr++++
si+eh+

t e a p o t 
m i l d e r 
o d i o u s 
c i t r i c 
_ _ _ _ _ _ _ _ 
_ _ _ _ 

0
Before
++++++
n+++++
rg++++
er++++
lr+c++
si+eh+

t e a p o t 
m i l d e r 
o d i o u s 
c i t r i c 
_ _ _ _ _ _ _ _ 
_ _ _ _ 

After
++++++
n+++++
rg++++
er++++
lr+c++
si+eh+

t e a p o t 
m i l d e r 
o d i o u s 
c i t r i c 
_ _ _ _ _ _ _ _ 
_ _ _ _ 

0
Before
n+++++
r+++++
eg++++
lr++++
cr++++
si+eh+

t e a p o t 
m i l d e r 
o d i o u s 
c r i t i c 
_ _ _ _ _ _ _ _ 
_ _ _ _ 

After
n+++++
r+++++
eg++++
lr++++
cr++++
si+eh+

t e a p o t 
m i l d e r 
o d i o u s 
c r i t i c 
_ _ _ _ _ _ _ _ 
_ _ _ _ 

0
Before
++++++
n+++++
r+++++
eg++++
lri+++
srceh+

t e a p o t 
m i l d e r 
o d i o u s 
c r i t i c 
_ _ _ _ _ _ _ _ 
_ _ _ _ 

After
++++++
n+++++
r+++++
eg++++
lri+++
srceh+

t e a p o t 
m i l d e r 
o d i o u s 
c r i t i c 
_ _ _ _ _ _ _ _ 
_ _ _ _ 

0
Before
n+++++
r+++++
e+++++
lg++++
cr++++
srieh+

t e a p o t 
m i l d e r 
o d i o u s 
c r i t i c 
_ _ _ _ _ _ _ _ 
_ _ _ _ 

After
n+++++
r+++++
e+++++
lg++++
cr++++
srieh+

t e a p o t 
m i l d e r 
o d i o u s 
c r i t i c 
_ _ _ _ _ _ _ _ 
_ _ _ _ 

0
Before
++++++
n+++++
rg++++
er++++
lr++++
siceh+

t e a p o t 
m i l d e r 
o d i o u s 
c r i t i c 
_ _ _ _ _ _ _ _ 
_ _ _ _ 

After
++++++
n+++++
rg++++
er++++
lr++++
siceh+

t e a p o t 
m i l d e r 
o d i o u s 
c r i t i c 
_ _ _ _ _ _ _ _ 
_ _ _ _ 

0
Before
++++++
n+++++
rg++++
er++++
lr++++
siceh+

t e a p o t 
m i l d e r 
o d i o u s 
c r i t i c 
_ _ _ _ _ _ _ _ 
_ _ _ _ 

After
++++++
n+++++
rg++++
er++++
lr++++
siceh+

t e a p o t 
m i l d e r 
o d i o u s 
c r i t i c 
_ _ _ _ _ _ _ _ 
_ _ _ _ 

0
Before
n+++++
r+++++
eg++++
lr++++
cr++++
si+eh+

t e a p o t 
m i l d e r 
o d i o u s 
c r i t i c 
_ _ _ _ _ _ _ _ 
_ _ _ _ 

After
n+++++
r+++++
eg++++
lr++++
cr++++
si+eh+

t e a p o t 
m i l d e r 
o d i o u s 
c r i t i c 
_ _ _ _ _ _ _ _ 
_ _ _ _ 

0
Before
++++++
n+++++
rg++++
er++++
lr++++
siceh+

t e a p o t 
m i l d e r 
o d i o u s 
c i t r i c 
_ _ _ _ _ _ _ _ 
_ _ _ _ 

After
++++++
n+++++
rg++++
er++++
lr++++
siceh+

t e a p o t 
m i l d e r 
o d i o u s 
c i t r i c 
_ _ _ _ _ _ _ _ 
_ _ _ _ 

0
Before
++++++
+g++++
+r++++
nr++++
ri+c++
streh+

t e a p o t 
m i l d e r 
o d i o u s 
i c i c l e 
_ _ _ _ _ _ _ _ 
_ _ _ _ 

After
++++++
+g++++
+r++++
nr++++
ri+c++
streh+

t e a p o t 
m i l d e r 
o d i o u s 
i c i c l e 
_ _ _ _ _ _ _ _ 
_ _ _ _ 

0
Before
++++++
n+++++
rg++++
er++++
lr++++
siceh+

t e a p o t 
m i l d e r 
o d i o u s 
c i t r i c 
_ _ _ _ _ _ _ _ 
_ _ _ _ 

After
++++++
n+++++
rg++++
er++++
lr++++
siceh+

t e a p o t 
m i l d e r 
o d i o u s 
c i t r i c 
_ _ _ _ _ _ _ _ 
_ _ _ _ 

0
Before
++++++
n+++++
rg++++
er++++
lr+c++
si+eh+

t e a p o t 
m i l d e r 
o d i o u s 
c i t r i c 
_ _ _ _ _ _ _ _ 
_ _ _ _ 

After
++++++
n+++++
rg++++
er++++
lr+c++
si+eh+

t e a p o t 
m i l d e r 
o d i o u s 
c i t r i c 
_ _ _ _ _ _ _ _ 
_ _ _ _ 

0
Before
++++++
n+++++
rg++++
er++++
lr++++
siceh+

t e a p o t 
m i l d e r 
o d i o u s 
c i t r i c 
_ _ _ _ _ _ _ _ 
_ _ _ _ 

After
++++++
n+++++
rg++++
er++++
lr++++
siceh+

t e a p o t 
m i l d e r 
o d i o u s 
c i t r i c 
_ _ _ _ _ _ _ _ 
_ _ _ _ 

0
Before
++++++
n+++++
rg++++
er++++
lr+c++
si+eh+

t e a p o t 
m i l d e r 
o d i o u s 
c i t r i c 
_ _ _ _ _ _ _ _ 
_ _ _ _ 

After
++++++
n+++++
rg++++
er++++
lr+c++
si+eh+

t e a p o t 
m i l d e r 
o d i o u s 
c i t r i c 
_ _ _ _ _ _ _ _ 
_ _ _ _ 

0
Before
++++++
++++++
+g++++
+rr+++
ntic++
riceh+

t e a p o t 
m i l d e r 
o d i o u s 
r e l i c s 
_ _ _ _ _ _ _ _ 
_ _ _ _ 

After
++++++
++++++
+g++++
+rr+++
ntic++
riceh+

t e a p o t 
m i l d e r 
o d i o u s 
r e l i c s 
_ _ _ _ _ _ _ _ 
_ _ _ _ 

0
Before
++++++
++++++
++++++
ngr+++
rric++
srceh+

t e a p o t 
m i l d e r 
o d i o u s 
e l i c i t 
_ _ _ _ _ _ _ _ 
_ _ _ _ 

After
++++++
++++++
++++++
ngr+++
rric++
srceh+

t e a p o t 
m i l d e r 
o d i o u s 
e l i c i t 
_ _ _ _ _ _ _ _ 
_ _ _ _ 

0
Before
++++++
++++++
+g++++
+rr+++
ntic++
riceh+

t e a p o t 
m i l d e r 
o d i o u s 
r e l i c s 
_ _ _ _ _ _ _ _ 
_ _ _ _ 

After
++++++
++++++
+g++++
+rr+++
ntic++
riceh+

t e a p o t 
m i l d e r 
o d i o u s 
r e l i c s 
_ _ _ _ _ _ _ _ 
_ _ _ _ 

0
Before
++++++
+g++++
+r++++
+rr+++
+tic++
niceh+

t e a p o t 
m i l d e r 
o d i o u s 
r e l i c s 
_ _ _ _ _ _ _ _ 
_ _ _ _ 

After
++++++
+g++++
+r++++
+rr+++
+tic++
niceh+

t e a p o t 
m i l d e r 
o d i o u s 
r e l i c s 
_ _ _ _ _ _ _ _ 
_ _ _ _ 

0
Before
++++++
++o+++
+grd++
+ricu+
ntios+
riceh+

t e a p o t 
m i l d e r 
r e l i c s 
_ _ _ _ _ _ 
_ _ _ _ _ _ _ _ 
_ _ _ _ 

After
++++++
++o+++
+grd++
+ricu+
ntios+
riceh+

t e a p o t 
m i l d e r 
r e l i c s 
_ _ _ _ _ _ 
_ _ _ _ _ _ _ _ 
_ _ _ _ 

19
Before
++++++
++++++
++++++
+go+++
nrrdu+
riios+

t e a p o t 
m i l d e r 
r e l i c s 
h e c t i c 
_ _ _ _ _ _ _ _ 
_ _ _ _ 

After
++++++
++++++
++++++
+go+++
nrrdu+
riios+

t e a p o t 
m i l d e r 
r e l i c s 
h e c t i c 
_ _ _ _ _ _ _ _ 
_ _ _ _ 

0
Before
++++++
++++++
++++++
+go+++
nrrdu+
riios+

t e a p o t 
m i l d e r 
r e l i c s 
h e c t i c 
_ _ _ _ _ _ _ _ 
_ _ _ _ 

After
++++++
++++++
++++++
+go+++
nrrdu+
riios+

t e a p o t 
m i l d e r 
r e l i c s 
h e c t i c 
_ _ _ _ _ _ _ _ 
_ _ _ _ 

0
Before
++++++
++++++
+gr+++
+ri+++
nti+++
ricoh+

t e a p o t 
m i l d e r 
r e l i c s 
e s c u d o 
_ _ _ _ _ _ _ _ 
_ _ _ _ 

After
++++++
++++++
+gr+++
+ri+++
nti+++
ricoh+

t e a p o t 
m i l d e r 
r e l i c s 
e s c u d o 
_ _ _ _ _ _ _ _ 
_ _ _ _ 

0
Before
++++++
++++++
++++++
+go+++
ntrdu+
riics+

t e a p o t 
m i l d e r 
r e l i c s 
c o h e i r 
_ _ _ _ _ _ _ _ 
_ _ _ _ 

After
++++++
++++++
++++++
+go+++
ntrdu+
riics+

t e a p o t 
m i l d e r 
r e l i c s 
c o h e i r 
_ _ _ _ _ _ _ _ 
_ _ _ _ 

0
Before
++++++
++++++
++++++
++odu+
n+ros+
rgieh+

t e a p o t 
m i l d e r 
r e l i c s 
c i t r i c 
_ _ _ _ _ _ _ _ 
_ _ _ _ 

After
++++++
++++++
++++++
++odu+
n+ros+
rgieh+

t e a p o t 
m i l d e r 
r e l i c s 
c i t r i c 
_ _ _ _ _ _ _ _ 
_ _ _ _ 

0
Before
++++++
++++++
++++++
++odu+
n+ros+
rgieh+

t e a p o t 
m i l d e r 
r e l i c s 
c i t r i c 
_ _ _ _ _ _ _ _ 
_ _ _ _ 

After
++++++
++++++
++++++
++odu+
n+ros+
rgieh+

t e a p o t 
m i l d e r 
r e l i c s 
c i t r i c 
_ _ _ _ _ _ _ _ 
_ _ _ _ 

0
Before
++++++
++++++
++++++
++od++
ngrcu+
rrioh+

t e a p o t 
m i l d e r 
r e l i c s 
c i t i e s 
_ _ _ _ _ _ _ _ 
_ _ _ _ 

After
++++++
++++++
++++++
++od++
ngrcu+
rrioh+

t e a p o t 
m i l d e r 
r e l i c s 
c i t i e s 
_ _ _ _ _ _ _ _ 
_ _ _ _ 

0
Before
++++++
++++++
++++++
+++du+
ngoos+
rireh+

t e a p o t 
m i l d e r 
r e l i c s 
c i t r i c 
_ _ _ _ _ _ _ _ 
_ _ _ _ 

After
++++++
++++++
++++++
+++du+
ngoos+
rireh+

t e a p o t 
m i l d e r 
r e l i c s 
c i t r i c 
_ _ _ _ _ _ _ _ 
_ _ _ _ 

2
Before
++++++
++++++
++++++
++++++
+++d++
n++eh+

t e a p o t 
m i l d e r 
r e l i c s 
c i t r i c 
r i g o r o u s 
_ _ _ _ 

After
++++++
++++++
++++++
++++++
+++d++
n++eh+

t e a p o t 
m i l d e r 
r e l i c s 
c i t r i c 
r i g o r o u s 
_ _ _ _ 

0
Before
++++++
++++++
++++++
++++++
+++d++
r+oo++

t e a p o t 
m i l d e r 
r e l i c s 
c i t r i c 
u s h e r i n g 
_ _ _ _ 

After
++++++
++++++
++++++
++++++
+++d++
r+oo++

t e a p o t 
m i l d e r 
r e l i c s 
c i t r i c 
u s h e r i n g 
_ _ _ _ 

0
Before
++++++
++++++
++o+++
++rdu+
++ios+
rgceh+

t e a p o t 
m i l d e r 
r e l i c s 
n i t r i c 
_ _ _ _ _ _ _ _ 
_ _ _ _ 

After
++++++
++++++
++o+++
++rdu+
++ios+
rgceh+

t e a p o t 
m i l d e r 
r e l i c s 
n i t r i c 
_ _ _ _ _ _ _ _ 
_ _ _ _ 

0
Before
++++++
++++++
+++d++
++ocu+
++ros+
rgieh+

t e a p o t 
m i l d e r 
r e l i c s 
n i t r i c 
_ _ _ _ _ _ _ _ 
_ _ _ _ 

After
++++++
++++++
+++d++
++ocu+
++ros+
rgieh+

t e a p o t 
m i l d e r 
r e l i c s 
n i t r i c 
_ _ _ _ _ _ _ _ 
_ _ _ _ 

0
Before
++++++
++++++
++o+++
++rdu+
++ios+
rgceh+

t e a p o t 
m i l d e r 
r e l i c s 
n i t r i c 
_ _ _ _ _ _ _ _ 
_ _ _ _ 

After
++++++
++++++
++o+++
++rdu+
++ios+
rgceh+

t e a p o t 
m i l d e r 
r e l i c s 
n i t r i c 
_ _ _ _ _ _ _ _ 
_ _ _ _ 

0
Before
++++++
++++++
++++++
++odu+
+gros+
nrieh+

t e a p o t 
m i l d e r 
r e l i c s 
c i t r i c 
_ _ _ _ _ _ _ _ 
_ _ _ _ 

After
++++++
++++++
++++++
++odu+
+gros+
nrieh+

t e a p o t 
m i l d e r 
r e l i c s 
c i t r i c 
_ _ _ _ _ _ _ _ 
_ _ _ _ 

1
Before
++++++
++++++
++++++
++++++
+++d++
n++eh+

t e a p o t 
m i l d e r 
r e l i c s 
c i t r i c 
r i g o r o u s 
_ _ _ _ 

After
++++++
++++++
++++++
++++++
+++d++
n++eh+

t e a p o t 
m i l d e r 
r e l i c s 
c i t r i c 
r i g o r o u s 
_ _ _ _ 

0
Before
++++++
++++++
++++++
+g+du+
nr+os+
rioeh+

t e a p o t 
m i l d e r 
r e l i c s 
c r i t i c 
_ _ _ _ _ _ _ _ 
_ _ _ _ 

After
++++++
++++++
++++++
+g+du+
nr+os+
rioeh+

t e a p o t 
m i l d e r 
r e l i c s 
c r i t i c 
_ _ _ _ _ _ _ _ 
_ _ _ _ 

0
Before
++++++
++++++
++++++
+++du+
ngoos+
rrieh+

t e a p o t 
m i l d e r 
r e l i c s 
c r i t i c 
_ _ _ _ _ _ _ _ 
_ _ _ _ 

After
++++++
++++++
++++++
+++du+
ngoos+
rrieh+

t e a p o t 
m i l d e r 
r e l i c s 
c r i t i c 
_ _ _ _ _ _ _ _ 
_ _ _ _ 

0
Before
++++++
++++++
++++++
++odu+
+gros+
nrieh+

t e a p o t 
m i l d e r 
r e l i c s 
c i t r i c 
_ _ _ _ _ _ _ _ 
_ _ _ _ 

After
++++++
++++++
++++++
++odu+
+gros+
nrieh+

t e a p o t 
m i l d e r 
r e l i c s 
c i t r i c 
_ _ _ _ _ _ _ _ 
_ _ _ _ 

1
Before
++++++
++++++
++++++
++++++
+++d++
n++eh+

t e a p o t 
m i l d e r 
r e l i c s 
c i t r i c 
r i g o r o u s 
_ _ _ _ 

After
++++++
++++++
++++++
++++++
+++d++
n++eh+

t e a p o t 
m i l d e r 
r e l i c s 
c i t r i c 
r i g o r o u s 
_ _ _ _ 

0
Before
++++++
++++++
++++++
+++du+
ngoos+
rireh+

t e a p o t 
m i l d e r 
r e l i c s 
c i t r i c 
_ _ _ _ _ _ _ _ 
_ _ _ _ 

After
++++++
++++++
++++++
+++du+
ngoos+
rireh+

t e a p o t 
m i l d e r 
r e l i c s 
c i t r i c 
_ _ _ _ _ _ _ _ 
_ _ _ _ 

2
Before
++++++
++++++
++++++
++++++
+++d++
n++eh+

t e a p o t 
m i l d e r 
r e l i c s 
c i t r i c 
r i g o r o u s 
_ _ _ _ 

After
++++++
++++++
++++++
++++++
+++d++
n++eh+

t e a p o t 
m i l d e r 
r e l i c s 
c i t r i c 
r i g o r o u s 
_ _ _ _ 

0
Before
++++++
++++++
++++++
++++++
+++d++
r+oo++

t e a p o t 
m i l d e r 
r e l i c s 
c i t r i c 
u s h e r i n g 
_ _ _ _ 

After
++++++
++++++
++++++
++++++
+++d++
r+oo++

t e a p o t 
m i l d e r 
r e l i c s 
c i t r i c 
u s h e r i n g 
_ _ _ _ 

0
Before
++++++
++++++
++++++
+go+++
nrrdu+
ricoh+

t e a p o t 
m i l d e r 
r e l i c s 
c i t i e s 
_ _ _ _ _ _ _ _ 
_ _ _ _ 

After
++++++
++++++
++++++
+go+++
nrrdu+
ricoh+

t e a p o t 
m i l d e r 
r e l i c s 
c i t i e s 
_ _ _ _ _ _ _ _ 
_ _ _ _ 

0
Before
++++++
++++++
++o+++
+gr+++
nti+u+
ricds+

t e a p o t 
m i l d e r 
r e l i c s 
c o h e i r 
_ _ _ _ _ _ _ _ 
_ _ _ _ 

After
++++++
++++++
++o+++
+gr+++
nti+u+
ricds+

t e a p o t 
m i l d e r 
r e l i c s 
c o h e i r 
_ _ _ _ _ _ _ _ 
_ _ _ _ 

0
Before
++++++
++++++
+g++++
+rr+++
ntic++
riceh+

t e a p o t 
m i l d e r 
r e l i c s 
o d i o u s 
_ _ _ _ _ _ _ _ 
_ _ _ _ 

After
++++++
++++++
+g++++
+rr+++
ntic++
riceh+

t e a p o t 
m i l d e r 
r e l i c s 
o d i o u s 
_ _ _ _ _ _ _ _ 
_ _ _ _ 

0
Before
++++++
+go+++
+rrd++
+ricu+
+tios+
niceh+

t e a p o t 
m i l d e r 
r e l i c s 
_ _ _ _ _ _ 
_ _ _ _ _ _ _ _ 
_ _ _ _ 

After
++++++
+go+++
+rrd++
+ricu+
+tios+
niceh+

t e a p o t 
m i l d e r 
r e l i c s 
_ _ _ _ _ _ 
_ _ _ _ _ _ _ _ 
_ _ _ _ 

17
Before
++++++
++++++
+g++++
+ro+++
+rrdu+
niios+

t e a p o t 
m i l d e r 
r e l i c s 
h e c t i c 
_ _ _ _ _ _ _ _ 
_ _ _ _ 

After
++++++
++++++
+g++++
+ro+++
+rrdu+
niios+

t e a p o t 
m i l d e r 
r e l i c s 
h e c t i c 
_ _ _ _ _ _ _ _ 
_ _ _ _ 

0
Before
++++++
++++++
+g++++
+ro+++
+rrdu+
niios+

t e a p o t 
m i l d e r 
r e l i c s 
h e c t i c 
_ _ _ _ _ _ _ _ 
_ _ _ _ 

After
++++++
++++++
+g++++
+ro+++
+rrdu+
niios+

t e a p o t 
m i l d e r 
r e l i c s 
h e c t i c 
_ _ _ _ _ _ _ _ 
_ _ _ _ 

0
Before
++++++
+g++++
+rr+++
+ri+++
+ti+++
nicoh+

t e a p o t 
m i l d e r 
r e l i c s 
e s c u d o 
_ _ _ _ _ _ _ _ 
_ _ _ _ 

After
++++++
+g++++
+rr+++
+ri+++
+ti+++
nicoh+

t e a p o t 
m i l d e r 
r e l i c s 
e s c u d o 
_ _ _ _ _ _ _ _ 
_ _ _ _ 

0
Before
++++++
++++++
+g++++
+ro+++
+trdu+
niics+

t e a p o t 
m i l d e r 
r e l i c s 
c o h e i r 
_ _ _ _ _ _ _ _ 
_ _ _ _ 

After
++++++
++++++
+g++++
+ro+++
+trdu+
niics+

t e a p o t 
m i l d e r 
r e l i c s 
c o h e i r 
_ _ _ _ _ _ _ _ 
_ _ _ _ 

0
Before
++++++
++++++
++++++
++odu+
+gros+
nrieh+

t e a p o t 
m i l d e r 
r e l i c s 
c i t r i c 
_ _ _ _ _ _ _ _ 
_ _ _ _ 

After
++++++
++++++
++++++
++odu+
+gros+
nrieh+

t e a p o t 
m i l d e r 
r e l i c s 
c i t r i c 
_ _ _ _ _ _ _ _ 
_ _ _ _ 

1
Before
++++++
++++++
++++++
++++++
+++d++
n++eh+

t e a p o t 
m i l d e r 
r e l i c s 
c i t r i c 
r i g o r o u s 
_ _ _ _ 

After
++++++
++++++
++++++
++++++
+++d++
n++eh+

t e a p o t 
m i l d e r 
r e l i c s 
c i t r i c 
r i g o r o u s 
_ _ _ _ 

0
Before
++++++
++++++
++++++
++odu+
+gros+
nrieh+

t e a p o t 
m i l d e r 
r e l i c s 
c i t r i c 
_ _ _ _ _ _ _ _ 
_ _ _ _ 

After
++++++
++++++
++++++
++odu+
+gros+
nrieh+

t e a p o t 
m i l d e r 
r e l i c s 
c i t r i c 
_ _ _ _ _ _ _ _ 
_ _ _ _ 

1
Before
++++++
++++++
++++++
++++++
+++d++
n++eh+

t e a p o t 
m i l d e r 
r e l i c s 
c i t r i c 
r i g o r o u s 
_ _ _ _ 

After
++++++
++++++
++++++
++++++
+++d++
n++eh+

t e a p o t 
m i l d e r 
r e l i c s 
c i t r i c 
r i g o r o u s 
_ _ _ _ 

0
Before
++++++
++++++
++++++
+god++
+rrcu+
nrioh+

t e a p o t 
m i l d e r 
r e l i c s 
c i t i e s 
_ _ _ _ _ _ _ _ 
_ _ _ _ 

After
++++++
++++++
++++++
+god++
+rrcu+
nrioh+

t e a p o t 
m i l d e r 
r e l i c s 
c i t i e s 
_ _ _ _ _ _ _ _ 
_ _ _ _ 

0
Before
++++++
++++++
++++++
+g+du+
+roos+
nireh+

t e a p o t 
m i l d e r 
r e l i c s 
c i t r i c 
_ _ _ _ _ _ _ _ 
_ _ _ _ 

After
++++++
++++++
++++++
+g+du+
+roos+
nireh+

t e a p o t 
m i l d e r 
r e l i c s 
c i t r i c 
_ _ _ _ _ _ _ _ 
_ _ _ _ 

0
Before
++++++
++++++
++o+++
++rdu+
+gios+
+rceh+

t e a p o t 
m i l d e r 
r e l i c s 
n i t r i c 
_ _ _ _ _ _ _ _ 
_ _ _ _ 

After
++++++
++++++
++o+++
++rdu+
+gios+
+rceh+

t e a p o t 
m i l d e r 
r e l i c s 
n i t r i c 
_ _ _ _ _ _ _ _ 
_ _ _ _ 

0
Before
++++++
++++++
+++d++
++ocu+
+gros+
+rieh+

t e a p o t 
m i l d e r 
r e l i c s 
n i t r i c 
_ _ _ _ _ _ _ _ 
_ _ _ _ 

After
++++++
++++++
+++d++
++ocu+
+gros+
+rieh+

t e a p o t 
m i l d e r 
r e l i c s 
n i t r i c 
_ _ _ _ _ _ _ _ 
_ _ _ _ 

1
Before
++++++
++++++
++++++
+++d++
+++c++
+++eh+

t e a p o t 
m i l d e r 
r e l i c s 
n i t r i c 
r i g o r o u s 
_ _ _ _ 

After
++++++
++++++
++++++
+++d++
+++c++
+++eh+

t e a p o t 
m i l d e r 
r e l i c s 
n i t r i c 
r i g o r o u s 
_ _ _ _ 

0
Before
++++++
++++++
++o+++
++rdu+
+gios+
+rceh+

t e a p o t 
m i l d e r 
r e l i c s 
n i t r i c 
_ _ _ _ _ _ _ _ 
_ _ _ _ 

After
++++++
++++++
++o+++
++rdu+
+gios+
+rceh+

t e a p o t 
m i l d e r 
r e l i c s 
n i t r i c 
_ _ _ _ _ _ _ _ 
_ _ _ _ 

0
Before
++++++
++++++
+g++++
+r+du+
+r+os+
nioeh+

t e a p o t 
m i l d e r 
r e l i c s 
c r i t i c 
_ _ _ _ _ _ _ _ 
_ _ _ _ 

After
++++++
++++++
+g++++
+r+du+
+r+os+
nioeh+

t e a p o t 
m i l d e r 
r e l i c s 
c r i t i c 
_ _ _ _ _ _ _ _ 
_ _ _ _ 

0
Before
++++++
++++++
++++++
+g+du+
+roos+
nrieh+

t e a p o t 
m i l d e r 
r e l i c s 
c r i t i c 
_ _ _ _ _ _ _ _ 
_ _ _ _ 

After
++++++
++++++
++++++
+g+du+
+roos+
nrieh+

t e a p o t 
m i l d e r 
r e l i c s 
c r i t i c 
_ _ _ _ _ _ _ _ 
_ _ _ _ 

0
Before
++++++
++++++
++++++
+g+du+
+roos+
nireh+

t e a p o t 
m i l d e r 
r e l i c s 
c i t r i c 
_ _ _ _ _ _ _ _ 
_ _ _ _ 

After
++++++
++++++
++++++
+g+du+
+roos+
nireh+

t e a p o t 
m i l d e r 
r e l i c s 
c i t r i c 
_ _ _ _ _ _ _ _ 
_ _ _ _ 

0
Before
++++++
++++++
+g++++
+ro+++
+rrdu+
nicoh+

t e a p o t 
m i l d e r 
r e l i c s 
c i t i e s 
_ _ _ _ _ _ _ _ 
_ _ _ _ 

After
++++++
++++++
+g++++
+ro+++
+rrdu+
nicoh+

t e a p o t 
m i l d e r 
r e l i c s 
c i t i e s 
_ _ _ _ _ _ _ _ 
_ _ _ _ 

0
Before
++++++
++++++
+go+++
+rr+++
+ti+u+
nicds+

t e a p o t 
m i l d e r 
r e l i c s 
c o h e i r 
_ _ _ _ _ _ _ _ 
_ _ _ _ 

After
++++++
++++++
+go+++
+rr+++
+ti+u+
nicds+

t e a p o t 
m i l d e r 
r e l i c s 
c o h e i r 
_ _ _ _ _ _ _ _ 
_ _ _ _ 

0
Before
++++++
+g++++
+r++++
+rr+++
+tic++
niceh+

t e a p o t 
m i l d e r 
r e l i c s 
o d i o u s 
_ _ _ _ _ _ _ _ 
_ _ _ _ 

After
++++++
+g++++
+r++++
+rr+++
+tic++
niceh+

t e a p o t 
m i l d e r 
r e l i c s 
o d i o u s 
_ _ _ _ _ _ _ _ 
_ _ _ _ 

0
Before
n++de+
r++dr+
e++il+
lgicu+
ctios+
siceh+

t e a p o t 
m i r r o r 
_ _ _ _ _ _ 
_ _ _ _ _ _ 
_ _ _ _ _ _ _ _ 
_ _ _ _ 

After
n++de+
r++dr+
e++il+
lgicu+
ctios+
siceh+

t e a p o t 
m i r r o r 
_ _ _ _ _ _ 
_ _ _ _ _ _ 
_ _ _ _ _ _ _ _ 
_ _ _ _ 

8
Before
n+++++
r+++e+
e++dr+
l++dl+
cg+iu+
siios+

t e a p o t 
m i r r o r 
h e c t i c 
_ _ _ _ _ _ 
_ _ _ _ _ _ _ _ 
_ _ _ _ 

After
n+++++
r+++e+
e++dr+
l++dl+
cg+iu+
siios+

t e a p o t 
m i r r o r 
h e c t i c 
_ _ _ _ _ _ 
_ _ _ _ _ _ _ _ 
_ _ _ _ 

0
Before
n+++++
r+++e+
e++dr+
l++dl+
cg+iu+
siios+

t e a p o t 
m i r r o r 
h e c t i c 
_ _ _ _ _ _ 
_ _ _ _ _ _ _ _ 
_ _ _ _ 

After
n+++++
r+++e+
e++dr+
l++dl+
cg+iu+
siios+

t e a p o t 
m i r r o r 
h e c t i c 
_ _ _ _ _ _ 
_ _ _ _ _ _ _ _ 
_ _ _ _ 

0
Before
++++++
n++de+
r++dr+
e++il+
l+icu+
sgios+

t e a p o t 
m i r r o r 
h e c t i c 
_ _ _ _ _ _ 
_ _ _ _ _ _ _ _ 
_ _ _ _ 

After
++++++
n++de+
r++dr+
e++il+
l+icu+
sgios+

t e a p o t 
m i r r o r 
h e c t i c 
_ _ _ _ _ _ 
_ _ _ _ _ _ _ _ 
_ _ _ _ 

0
Before
n+++++
r++de+
e++dr+
l++il+
c++cu+
sgioh+

t e a p o t 
m i r r o r 
c i t i e s 
_ _ _ _ _ _ 
_ _ _ _ _ _ _ _ 
_ _ _ _ 

After
n+++++
r++de+
e++dr+
l++il+
c++cu+
sgioh+

t e a p o t 
m i r r o r 
c i t i e s 
_ _ _ _ _ _ 
_ _ _ _ _ _ _ _ 
_ _ _ _ 

0
Before
n+++++
r+++++
e++d++
lgii++
ctice+
sicer+

t e a p o t 
m i r r o r 
s h o u l d 
_ _ _ _ _ _ 
_ _ _ _ _ _ _ _ 
_ _ _ _ 

After
n+++++
r+++++
e++d++
lgii++
ctice+
sicer+

t e a p o t 
m i r r o r 
s h o u l d 
_ _ _ _ _ _ 
_ _ _ _ _ _ _ _ 
_ _ _ _ 

7
Before
++++++
n+++++
r+++++
e++d++
lgii++
ciic++

t e a p o t 
m i r r o r 
s h o u l d 
e r e c t s 
_ _ _ _ _ _ _ _ 
_ _ _ _ 

After
++++++
n+++++
r+++++
e++d++
lgii++
ciic++

t e a p o t 
m i r r o r 
s h o u l d 
e r e c t s 
_ _ _ _ _ _ _ _ 
_ _ _ _ 

0
Before
++++++
++++++
+++d++
n++i++
rg+ce+
stier+

t e a p o t 
m i r r o r 
s h o u l d 
i c i c l e 
_ _ _ _ _ _ _ _ 
_ _ _ _ 

After
++++++
++++++
+++d++
n++i++
rg+ce+
stier+

t e a p o t 
m i r r o r 
s h o u l d 
i c i c l e 
_ _ _ _ _ _ _ _ 
_ _ _ _ 

0
Before
n+++++
r+++++
e+++++
l+++++
cgic++
sice++

t e a p o t 
m i r r o r 
s h o u l d 
t i d i e r 
_ _ _ _ _ _ _ _ 
_ _ _ _ 

After
n+++++
r+++++
e+++++
l+++++
cgic++
sice++

t e a p o t 
m i r r o r 
s h o u l d 
t i d i e r 
_ _ _ _ _ _ _ _ 
_ _ _ _ 

0
Before
++++++
n+++++
r+++++
e++i++
l++ce+
cicer+

t e a p o t 
m i r r o r 
s h o u l d 
d i g i t s 
_ _ _ _ _ _ _ _ 
_ _ _ _ 

After
++++++
n+++++
r+++++
e++i++
l++ce+
cicer+

t e a p o t 
m i r r o r 
s h o u l d 
d i g i t s 
_ _ _ _ _ _ _ _ 
_ _ _ _ 

0
Before
n+++++
r+++++
e+++++
lg++++
ct++++
sicie+

t e a p o t 
m i r r o r 
s h o u l d 
d i c i e r 
_ _ _ _ _ _ _ _ 
_ _ _ _ 

After
n+++++
r+++++
e+++++
lg++++
ct++++
sicie+

t e a p o t 
m i r r o r 
s h o u l d 
d i c i e r 
_ _ _ _ _ _ _ _ 
_ _ _ _ 

0
Before
n+++++
r+++++
e+++++
lg++++
cti+++
sice++

t e a p o t 
m i r r o r 
s h o u l d 
d i c i e r 
_ _ _ _ _ _ _ _ 
_ _ _ _ 

After
n+++++
r+++++
e+++++
lg++++
cti+++
sice++

t e a p o t 
m i r r o r 
s h o u l d 
d i c i e r 
_ _ _ _ _ _ _ _ 
_ _ _ _ 

0
Before
n+++++
r+++++
e+++++
lg++++
cti+++
sic+e+

t e a p o t 
m i r r o r 
s h o u l d 
d i c i e r 
_ _ _ _ _ _ _ _ 
_ _ _ _ 

After
n+++++
r+++++
e+++++
lg++++
cti+++
sic+e+

t e a p o t 
m i r r o r 
s h o u l d 
d i c i e r 
_ _ _ _ _ _ _ _ 
_ _ _ _ 

0
Before
+++de+
+++dr+
+++il+
n++cu+
rg+os+
stieh+

t e a p o t 
m i r r o r 
i c i c l e 
_ _ _ _ _ _ 
_ _ _ _ _ _ _ _ 
_ _ _ _ 

After
+++de+
+++dr+
+++il+
n++cu+
rg+os+
stieh+

t e a p o t 
m i r r o r 
i c i c l e 
_ _ _ _ _ _ 
_ _ _ _ _ _ _ _ 
_ _ _ _ 

1
Before
++++++
++++++
+++d++
n++i++
rg+ce+
stier+

t e a p o t 
m i r r o r 
i c i c l e 
s h o u l d 
_ _ _ _ _ _ _ _ 
_ _ _ _ 

After
++++++
++++++
+++d++
n++i++
rg+ce+
stier+

t e a p o t 
m i r r o r 
i c i c l e 
s h o u l d 
_ _ _ _ _ _ _ _ 
_ _ _ _ 

0
Before
++++++
n++de+
r++dr+
e++il+
l+icu+
sgcoh+

t e a p o t 
m i r r o r 
c i t i e s 
_ _ _ _ _ _ 
_ _ _ _ _ _ _ _ 
_ _ _ _ 

After
++++++
n++de+
r++dr+
e++il+
l+icu+
sgcoh+

t e a p o t 
m i r r o r 
c i t i e s 
_ _ _ _ _ _ 
_ _ _ _ _ _ _ _ 
_ _ _ _ 

0
Before
n+++++
r+++e+
e++dr+
l++dl+
cg+iu+
sicoh+

t e a p o t 
m i r r o r 
c i t i e s 
_ _ _ _ _ _ 
_ _ _ _ _ _ _ _ 
_ _ _ _ 

After
n+++++
r+++e+
e++dr+
l++dl+
cg+iu+
sicoh+

t e a p o t 
m i r r o r 
c i t i e s 
_ _ _ _ _ _ 
_ _ _ _ _ _ _ _ 
_ _ _ _ 

1
Before
++++++
++++e+
++++r+
n++dl+
r++du+
sg+oh+

t e a p o t 
m i r r o r 
c i t i e s 
i c i c l e 
_ _ _ _ _ _ _ _ 
_ _ _ _ 

After
++++++
++++e+
++++r+
n++dl+
r++du+
sg+oh+

t e a p o t 
m i r r o r 
c i t i e s 
i c i c l e 
_ _ _ _ _ _ _ _ 
_ _ _ _ 

0
Before
n++de+
r++dr+
e++il+
lgicu+
ctios+
siceh+

t e a p o t 
m i r r o r 
_ _ _ _ _ _ 
_ _ _ _ _ _ 
_ _ _ _ _ _ _ _ 
_ _ _ _ 

After
n++de+
r++dr+
e++il+
lgicu+
ctios+
siceh+

t e a p o t 
m i r r o r 
_ _ _ _ _ _ 
_ _ _ _ _ _ 
_ _ _ _ _ _ _ _ 
_ _ _ _ 

8
Before
n+++++
r+++e+
e++dr+
l++dl+
cg+iu+
siios+

t e a p o t 
m i r r o r 
h e c t i c 
_ _ _ _ _ _ 
_ _ _ _ _ _ _ _ 
_ _ _ _ 

After
n+++++
r+++e+
e++dr+
l++dl+
cg+iu+
siios+

t e a p o t 
m i r r o r 
h e c t i c 
_ _ _ _ _ _ 
_ _ _ _ _ _ _ _ 
_ _ _ _ 

0
Before
n+++++
r+++e+
e++dr+
l++dl+
cg+iu+
siios+

t e a p o t 
m i r r o r 
h e c t i c 
_ _ _ _ _ _ 
_ _ _ _ _ _ _ _ 
_ _ _ _ 

After
n+++++
r+++e+
e++dr+
l++dl+
cg+iu+
siios+

t e a p o t 
m i r r o r 
h e c t i c 
_ _ _ _ _ _ 
_ _ _ _ _ _ _ _ 
_ _ _ _ 

0
Before
++++++
n++de+
r++dr+
e++il+
l+icu+
sgios+

t e a p o t 
m i r r o r 
h e c t i c 
_ _ _ _ _ _ 
_ _ _ _ _ _ _ _ 
_ _ _ _ 

After
++++++
n++de+
r++dr+
e++il+
l+icu+
sgios+

t e a p o t 
m i r r o r 
h e c t i c 
_ _ _ _ _ _ 
_ _ _ _ _ _ _ _ 
_ _ _ _ 

0
Before
n+++++
r++de+
e++dr+
l++il+
c++cu+
sgioh+

t e a p o t 
m i r r o r 
c i t i e s 
_ _ _ _ _ _ 
_ _ _ _ _ _ _ _ 
_ _ _ _ 

After
n+++++
r++de+
e++dr+
l++il+
c++cu+
sgioh+

t e a p o t 
m i r r o r 
c i t i e s 
_ _ _ _ _ _ 
_ _ _ _ _ _ _ _ 
_ _ _ _ 

0
Before
n+++++
r+++++
e++d++
lgii++
ctice+
sicer+

t e a p o t 
m i r r o r 
s h o u l d 
_ _ _ _ _ _ 
_ _ _ _ _ _ _ _ 
_ _ _ _ 

After
n+++++
r+++++
e++d++
lgii++
ctice+
sicer+

t e a p o t 
m i r r o r 
s h o u l d 
_ _ _ _ _ _ 
_ _ _ _ _ _ _ _ 
_ _ _ _ 

7
Before
++++++
n+++++
r+++++
e++d++
lgii++
ciic++

t e a p o t 
m i r r o r 
s h o u l d 
e r e c t s 
_ _ _ _ _ _ _ _ 
_ _ _ _ 

After
++++++
n+++++
r+++++
e++d++
lgii++
ciic++

t e a p o t 
m i r r o r 
s h o u l d 
e r e c t s 
_ _ _ _ _ _ _ _ 
_ _ _ _ 

0
Before
++++++
++++++
+++d++
n++i++
rg+ce+
stier+

t e a p o t 
m i r r o r 
s h o u l d 
i c i c l e 
_ _ _ _ _ _ _ _ 
_ _ _ _ 

After
++++++
++++++
+++d++
n++i++
rg+ce+
stier+

t e a p o t 
m i r r o r 
s h o u l d 
i c i c l e 
_ _ _ _ _ _ _ _ 
_ _ _ _ 

0
Before
n+++++
r+++++
e+++++
l+++++
cgic++
sice++

t e a p o t 
m i r r o r 
s h o u l d 
t i d i e r 
_ _ _ _ _ _ _ _ 
_ _ _ _ 

After
n+++++
r+++++
e+++++
l+++++
cgic++
sice++

t e a p o t 
m i r r o r 
s h o u l d 
t i d i e r 
_ _ _ _ _ _ _ _ 
_ _ _ _ 

0
Before
++++++
n+++++
r+++++
e++i++
l++ce+
cicer+

t e a p o t 
m i r r o r 
s h o u l d 
d i g i t s 
_ _ _ _ _ _ _ _ 
_ _ _ _ 

After
++++++
n+++++
r+++++
e++i++
l++ce+
cicer+

t e a p o t 
m i r r o r 
s h o u l d 
d i g i t s 
_ _ _ _ _ _ _ _ 
_ _ _ _ 

0
Before
n+++++
r+++++
e+++++
lg++++
ct++++
sicie+

t e a p o t 
m i r r o r 
s h o u l d 
d i c i e r 
_ _ _ _ _ _ _ _ 
_ _ _ _ 

After
n+++++
r+++++
e+++++
lg++++
ct++++
sicie+

t e a p o t 
m i r r o r 
s h o u l d 
d i c i e r 
_ _ _ _ _ _ _ _ 
_ _ _ _ 

0
Before
n+++++
r+++++
e+++++
lg++++
cti+++
sice++

t e a p o t 
m i r r o r 
s h o u l d 
d i c i e r 
_ _ _ _ _ _ _ _ 
_ _ _ _ 

After
n+++++
r+++++
e+++++
lg++++
cti+++
sice++

t e a p o t 
m i r r o r 
s h o u l d 
d i c i e r 
_ _ _ _ _ _ _ _ 
_ _ _ _ 

0
Before
n+++++
r+++++
e+++++
lg++++
cti+++
sic+e+

t e a p o t 
m i r r o r 
s h o u l d 
d i c i e r 
_ _ _ _ _ _ _ _ 
_ _ _ _ 

After
n+++++
r+++++
e+++++
lg++++
cti+++
sic+e+

t e a p o t 
m i r r o r 
s h o u l d 
d i c i e r 
_ _ _ _ _ _ _ _ 
_ _ _ _ 

0
Before
+++de+
+++dr+
+++il+
n++cu+
rg+os+
stieh+

t e a p o t 
m i r r o r 
i c i c l e 
_ _ _ _ _ _ 
_ _ _ _ _ _ _ _ 
_ _ _ _ 

After
+++de+
+++dr+
+++il+
n++cu+
rg+os+
stieh+

t e a p o t 
m i r r o r 
i c i c l e 
_ _ _ _ _ _ 
_ _ _ _ _ _ _ _ 
_ _ _ _ 

1
Before
++++++
++++++
+++d++
n++i++
rg+ce+
stier+

t e a p o t 
m i r r o r 
i c i c l e 
s h o u l d 
_ _ _ _ _ _ _ _ 
_ _ _ _ 

After
++++++
++++++
+++d++
n++i++
rg+ce+
stier+

t e a p o t 
m i r r o r 
i c i c l e 
s h o u l d 
_ _ _ _ _ _ _ _ 
_ _ _ _ 

0
Before
++++++
n++de+
r++dr+
e++il+
l+icu+
sgcoh+

t e a p o t 
m i r r o r 
c i t i e s 
_ _ _ _ _ _ 
_ _ _ _ _ _ _ _ 
_ _ _ _ 

After
++++++
n++de+
r++dr+
e++il+
l+icu+
sgcoh+

t e a p o t 
m i r r o r 
c i t i e s 
_ _ _ _ _ _ 
_ _ _ _ _ _ _ _ 
_ _ _ _ 

0
Before
n+++++
r+++e+
e++dr+
l++dl+
cg+iu+
sicoh+

t e a p o t 
m i r r o r 
c i t i e s 
_ _ _ _ _ _ 
_ _ _ _ _ _ _ _ 
_ _ _ _ 

After
n+++++
r+++e+
e++dr+
l++dl+
cg+iu+
sicoh+

t e a p o t 
m i r r o r 
c i t i e s 
_ _ _ _ _ _ 
_ _ _ _ _ _ _ _ 
_ _ _ _ 

1
Before
++++++
++++e+
++++r+
n++dl+
r++du+
sg+oh+

t e a p o t 
m i r r o r 
c i t i e s 
i c i c l e 
_ _ _ _ _ _ _ _ 
_ _ _ _ 

After
++++++
++++e+
++++r+
n++dl+
r++du+
sg+oh+

t e a p o t 
m i r r o r 
c i t i e s 
i c i c l e 
_ _ _ _ _ _ _ _ 
_ _ _ _ 

0
Before
n++de+
r++dr+
eg+il+
li+cu+
ctios+
siceh+

t e a p o t 
m i r r o r 
_ _ _ _ _ _ 
_ _ _ _ _ _ 
_ _ _ _ _ _ _ _ 
_ _ _ _ 

After
n++de+
r++dr+
eg+il+
li+cu+
ctios+
siceh+

t e a p o t 
m i r r o r 
_ _ _ _ _ _ 
_ _ _ _ _ _ 
_ _ _ _ _ _ _ _ 
_ _ _ _ 

10
Before
++++++
n++de+
r++dr+
e++il+
lg+cu+
siios+

t e a p o t 
m i r r o r 
h e c t i c 
_ _ _ _ _ _ 
_ _ _ _ _ _ _ _ 
_ _ _ _ 

After
++++++
n++de+
r++dr+
e++il+
lg+cu+
siios+

t e a p o t 
m i r r o r 
h e c t i c 
_ _ _ _ _ _ 
_ _ _ _ _ _ _ _ 
_ _ _ _ 

0
Before
n+++++
r+++e+
e++dr+
lg+dl+
ci+iu+
si+os+

t e a p o t 
m i r r o r 
h e c t i c 
_ _ _ _ _ _ 
_ _ _ _ _ _ _ _ 
_ _ _ _ 

After
n+++++
r+++e+
e++dr+
lg+dl+
ci+iu+
si+os+

t e a p o t 
m i r r o r 
h e c t i c 
_ _ _ _ _ _ 
_ _ _ _ _ _ _ _ 
_ _ _ _ 

1
Before
++++++
++++e+
+++dr+
+++dl+
+g+iu+
ni+os+

t e a p o t 
m i r r o r 
h e c t i c 
r e l i c s 
_ _ _ _ _ _ _ _ 
_ _ _ _ 

After
++++++
++++e+
+++dr+
+++dl+
+g+iu+
ni+os+

t e a p o t 
m i r r o r 
h e c t i c 
r e l i c s 
_ _ _ _ _ _ _ _ 
_ _ _ _ 

0
Before
++++++
n++de+
r++dr+
e++il+
lg+cu+
siios+

t e a p o t 
m i r r o r 
h e c t i c 
_ _ _ _ _ _ 
_ _ _ _ _ _ _ _ 
_ _ _ _ 

After
++++++
n++de+
r++dr+
e++il+
lg+cu+
siios+

t e a p o t 
m i r r o r 
h e c t i c 
_ _ _ _ _ _ 
_ _ _ _ _ _ _ _ 
_ _ _ _ 

0
Before
n+++++
r++de+
e++dr+
l++il+
cg+cu+
si+oh+

t e a p o t 
m i r r o r 
c i t i e s 
_ _ _ _ _ _ 
_ _ _ _ _ _ _ _ 
_ _ _ _ 

After
n+++++
r++de+
e++dr+
l++il+
cg+cu+
si+oh+

t e a p o t 
m i r r o r 
c i t i e s 
_ _ _ _ _ _ 
_ _ _ _ _ _ _ _ 
_ _ _ _ 

0
Before
n+++++
r+++++
eg+d++
li+i++
ctice+
sicer+

t e a p o t 
m i r r o r 
s h o u l d 
_ _ _ _ _ _ 
_ _ _ _ _ _ _ _ 
_ _ _ _ 

After
n+++++
r+++++
eg+d++
li+i++
ctice+
sicer+

t e a p o t 
m i r r o r 
s h o u l d 
_ _ _ _ _ _ 
_ _ _ _ _ _ _ _ 
_ _ _ _ 

5
Before
++++++
n+++++
r+++++
eg+d++
li+i++
ciic++

t e a p o t 
m i r r o r 
s h o u l d 
e r e c t s 
_ _ _ _ _ _ _ _ 
_ _ _ _ 

After
++++++
n+++++
r+++++
eg+d++
li+i++
ciic++

t e a p o t 
m i r r o r 
s h o u l d 
e r e c t s 
_ _ _ _ _ _ _ _ 
_ _ _ _ 

0
Before
++++++
++++++
+++d++
ng+i++
ri+ce+
st+er+

t e a p o t 
m i r r o r 
s h o u l d 
i c i c l e 
_ _ _ _ _ _ _ _ 
_ _ _ _ 

After
++++++
++++++
+++d++
ng+i++
ri+ce+
st+er+

t e a p o t 
m i r r o r 
s h o u l d 
i c i c l e 
_ _ _ _ _ _ _ _ 
_ _ _ _ 

0
Before
n+++++
r+++++
eg++++
li++++
ct++++
sic+e+

t e a p o t 
m i r r o r 
s h o u l d 
d i c i e r 
_ _ _ _ _ _ _ _ 
_ _ _ _ 

After
n+++++
r+++++
eg++++
li++++
ct++++
sic+e+

t e a p o t 
m i r r o r 
s h o u l d 
d i c i e r 
_ _ _ _ _ _ _ _ 
_ _ _ _ 

0
Before
++++++
++++++
+++d++
n++i++
r+ice+
sgcer+

t e a p o t 
m i r r o r 
s h o u l d 
e l i c i t 
_ _ _ _ _ _ _ _ 
_ _ _ _ 

After
++++++
++++++
+++d++
n++i++
r+ice+
sgcer+

t e a p o t 
m i r r o r 
s h o u l d 
e l i c i t 
_ _ _ _ _ _ _ _ 
_ _ _ _ 

0
Before
++++++
++++++
+++d++
+g+i++
+tice+
nicer+

t e a p o t 
m i r r o r 
s h o u l d 
r e l i c s 
_ _ _ _ _ _ _ _ 
_ _ _ _ 

After
++++++
++++++
+++d++
+g+i++
+tice+
nicer+

t e a p o t 
m i r r o r 
s h o u l d 
r e l i c s 
_ _ _ _ _ _ _ _ 
_ _ _ _ 

0
Before
+++de+
+++dr+
+++il+
ng+cu+
ri+os+
st+eh+

t e a p o t 
m i r r o r 
i c i c l e 
_ _ _ _ _ _ 
_ _ _ _ _ _ _ _ 
_ _ _ _ 

After
+++de+
+++dr+
+++il+
ng+cu+
ri+os+
st+eh+

t e a p o t 
m i r r o r 
i c i c l e 
_ _ _ _ _ _ 
_ _ _ _ _ _ _ _ 
_ _ _ _ 

2
Before
+++de+
+++dr+
+++il+
+++cu+
+++os+
+++eh+

t e a p o t 
m i r r o r 
i c i c l e 
s t r i n g 
_ _ _ _ _ _ _ _ 
_ _ _ _ 

After
+++de+
+++dr+
+++il+
+++cu+
+++os+
+++eh+

t e a p o t 
m i r r o r 
i c i c l e 
s t r i n g 
_ _ _ _ _ _ _ _ 
_ _ _ _ 

1
Before
++++++
++++++
+++d++
+++i++
+++c++
+++e++

t e a p o t 
m i r r o r 
i c i c l e 
s t r i n g 
s h o u l d e r 
_ _ _ _ 

After
++++++
++++++
+++d++
+++i++
+++c++
+++e++

t e a p o t 
m i r r o r 
i c i c l e 
s t r i n g 
s h o u l d e r 
_ _ _ _ 

1
Before
++++++
++++++
+++d++
ng+i++
ri+ce+
st+er+

t e a p o t 
m i r r o r 
i c i c l e 
s h o u l d 
_ _ _ _ _ _ _ _ 
_ _ _ _ 

After
++++++
++++++
+++d++
ng+i++
ri+ce+
st+er+

t e a p o t 
m i r r o r 
i c i c l e 
s h o u l d 
_ _ _ _ _ _ _ _ 
_ _ _ _ 

0
Before
++++++
n++de+
r++dr+
e++il+
lg+cu+
sicoh+

t e a p o t 
m i r r o r 
c i t i e s 
_ _ _ _ _ _ 
_ _ _ _ _ _ _ _ 
_ _ _ _ 

After
++++++
n++de+
r++dr+
e++il+
lg+cu+
sicoh+

t e a p o t 
m i r r o r 
c i t i e s 
_ _ _ _ _ _ 
_ _ _ _ _ _ _ _ 
_ _ _ _ 

0
Before
++++++
n++de+
r++dr+
e++il+
lg+cu+
sicoh+

t e a p o t 
m i r r o r 
c i t i e s 
_ _ _ _ _ _ 
_ _ _ _ _ _ _ _ 
_ _ _ _ 

After
++++++
n++de+
r++dr+
e++il+
lg+cu+
sicoh+

t e a p o t 
m i r r o r 
c i t i e s 
_ _ _ _ _ _ 
_ _ _ _ _ _ _ _ 
_ _ _ _ 

0
Before
+++de+
+++dr+
+++il+
n++cu+
r+ios+
sgceh+

t e a p o t 
m i r r o r 
e l i c i t 
_ _ _ _ _ _ 
_ _ _ _ _ _ _ _ 
_ _ _ _ 

After
+++de+
+++dr+
+++il+
n++cu+
r+ios+
sgceh+

t e a p o t 
m i r r o r 
e l i c i t 
_ _ _ _ _ _ 
_ _ _ _ _ _ _ _ 
_ _ _ _ 

1
Before
++++++
++++++
+++d++
n++i++
r+ice+
sgcer+

t e a p o t 
m i r r o r 
e l i c i t 
s h o u l d 
_ _ _ _ _ _ _ _ 
_ _ _ _ 

After
++++++
++++++
+++d++
n++i++
r+ice+
sgcer+

t e a p o t 
m i r r o r 
e l i c i t 
s h o u l d 
_ _ _ _ _ _ _ _ 
_ _ _ _ 

0
Before
+++de+
+++dr+
+++il+
+g+cu+
+tios+
niceh+

t e a p o t 
m i r r o r 
r e l i c s 
_ _ _ _ _ _ 
_ _ _ _ _ _ _ _ 
_ _ _ _ 

After
+++de+
+++dr+
+++il+
+g+cu+
+tios+
niceh+

t e a p o t 
m i r r o r 
r e l i c s 
_ _ _ _ _ _ 
_ _ _ _ _ _ _ _ 
_ _ _ _ 

3
Before
++++++
++++e+
+++dr+
+++dl+
+g+iu+
ni+os+

t e a p o t 
m i r r o r 
r e l i c s 
h e c t i c 
_ _ _ _ _ _ _ _ 
_ _ _ _ 

After
++++++
++++e+
+++dr+
+++dl+
+g+iu+
ni+os+

t e a p o t 
m i r r o r 
r e l i c s 
h e c t i c 
_ _ _ _ _ _ _ _ 
_ _ _ _ 

0
Before
++++++
+++de+
+++dr+
+++il+
+++cu+
ng+oh+

t e a p o t 
m i r r o r 
r e l i c s 
c i t i e s 
_ _ _ _ _ _ _ _ 
_ _ _ _ 

After
++++++
+++de+
+++dr+
+++il+
+++cu+
ng+oh+

t e a p o t 
m i r r o r 
r e l i c s 
c i t i e s 
_ _ _ _ _ _ _ _ 
_ _ _ _ 

0
Before
++++++
++++++
+++d++
+g+i++
+tice+
nicer+

t e a p o t 
m i r r o r 
r e l i c s 
s h o u l d 
_ _ _ _ _ _ _ _ 
_ _ _ _ 

After
++++++
++++++
+++d++
+g+i++
+tice+
nicer+

t e a p o t 
m i r r o r 
r e l i c s 
s h o u l d 
_ _ _ _ _ _ _ _ 
_ _ _ _ 

0
Before
n++de+
r++dr+
eg+il+
li+cu+
ctios+
siceh+

t e a p o t 
m i r r o r 
_ _ _ _ _ _ 
_ _ _ _ _ _ 
_ _ _ _ _ _ _ _ 
_ _ _ _ 

After
n++de+
r++dr+
eg+il+
li+cu+
ctios+
siceh+

t e a p o t 
m i r r o r 
_ _ _ _ _ _ 
_ _ _ _ _ _ 
_ _ _ _ _ _ _ _ 
_ _ _ _ 

10
Before
++++++
n++de+
r++dr+
e++il+
lg+cu+
siios+

t e a p o t 
m i r r o r 
h e c t i c 
_ _ _ _ _ _ 
_ _ _ _ _ _ _ _ 
_ _ _ _ 

After
++++++
n++de+
r++dr+
e++il+
lg+cu+
siios+

t e a p o t 
m i r r o r 
h e c t i c 
_ _ _ _ _ _ 
_ _ _ _ _ _ _ _ 
_ _ _ _ 

0
Before
n+++++
r+++e+
e++dr+
lg+dl+
ci+iu+
si+os+

t e a p o t 
m i r r o r 
h e c t i c 
_ _ _ _ _ _ 
_ _ _ _ _ _ _ _ 
_ _ _ _ 

After
n+++++
r+++e+
e++dr+
lg+dl+
ci+iu+
si+os+

t e a p o t 
m i r r o r 
h e c t i c 
_ _ _ _ _ _ 
_ _ _ _ _ _ _ _ 
_ _ _ _ 

1
Before
++++++
++++e+
+++dr+
+++dl+
+g+iu+
ni+os+

t e a p o t 
m i r r o r 
h e c t i c 
r e l i c s 
_ _ _ _ _ _ _ _ 
_ _ _ _ 

After
++++++
++++e+
+++dr+
+++dl+
+g+iu+
ni+os+

t e a p o t 
m i r r o r 
h e c t i c 
r e l i c s 
_ _ _ _ _ _ _ _ 
_ _ _ _ 

0
Before
++++++
n++de+
r++dr+
e++il+
lg+cu+
siios+

t e a p o t 
m i r r o r 
h e c t i c 
_ _ _ _ _ _ 
_ _ _ _ _ _ _ _ 
_ _ _ _ 

After
++++++
n++de+
r++dr+
e++il+
lg+cu+
siios+

t e a p o t 
m i r r o r 
h e c t i c 
_ _ _ _ _ _ 
_ _ _ _ _ _ _ _ 
_ _ _ _ 

0
Before
n+++++
r++de+
e++dr+
l++il+
cg+cu+
si+oh+

t e a p o t 
m i r r o r 
c i t i e s 
_ _ _ _ _ _ 
_ _ _ _ _ _ _ _ 
_ _ _ _ 

After
n+++++
r++de+
e++dr+
l++il+
cg+cu+
si+oh+

t e a p o t 
m i r r o r 
c i t i e s 
_ _ _ _ _ _ 
_ _ _ _ _ _ _ _ 
_ _ _ _ 

0
Before
n+++++
r+++++
eg+d++
li+i++
ctice+
sicer+

t e a p o t 
m i r r o r 
s h o u l d 
_ _ _ _ _ _ 
_ _ _ _ _ _ _ _ 
_ _ _ _ 

After
n+++++
r+++++
eg+d++
li+i++
ctice+
sicer+

t e a p o t 
m i r r o r 
s h o u l d 
_ _ _ _ _ _ 
_ _ _ _ _ _ _ _ 
_ _ _ _ 

5
Before
++++++
n+++++
r+++++
eg+d++
li+i++
ciic++

t e a p o t 
m i r r o r 
s h o u l d 
e r e c t s 
_ _ _ _ _ _ _ _ 
_ _ _ _ 

After
++++++
n+++++
r+++++
eg+d++
li+i++
ciic++

t e a p o t 
m i r r o r 
s h o u l d 
e r e c t s 
_ _ _ _ _ _ _ _ 
_ _ _ _ 

0
Before
++++++
++++++
+++d++
ng+i++
ri+ce+
st+er+

t e a p o t 
m i r r o r 
s h o u l d 
i c i c l e 
_ _ _ _ _ _ _ _ 
_ _ _ _ 

After
++++++
++++++
+++d++
ng+i++
ri+ce+
st+er+

t e a p o t 
m i r r o r 
s h o u l d 
i c i c l e 
_ _ _ _ _ _ _ _ 
_ _ _ _ 

0
Before
n+++++
r+++++
eg++++
li++++
ct++++
sic+e+

t e a p o t 
m i r r o r 
s h o u l d 
d i c i e r 
_ _ _ _ _ _ _ _ 
_ _ _ _ 

After
n+++++
r+++++
eg++++
li++++
ct++++
sic+e+

t e a p o t 
m i r r o r 
s h o u l d 
d i c i e r 
_ _ _ _ _ _ _ _ 
_ _ _ _ 

0
Before
++++++
++++++
+++d++
n++i++
r+ice+
sgcer+

t e a p o t 
m i r r o r 
s h o u l d 
e l i c i t 
_ _ _ _ _ _ _ _ 
_ _ _ _ 

After
++++++
++++++
+++d++
n++i++
r+ice+
sgcer+

t e a p o t 
m i r r o r 
s h o u l d 
e l i c i t 
_ _ _ _ _ _ _ _ 
_ _ _ _ 

0
Before
++++++
++++++
+++d++
+g+i++
+tice+
nicer+

t e a p o t 
m i r r o r 
s h o u l d 
r e l i c s 
_ _ _ _ _ _ _ _ 
_ _ _ _ 

After
++++++
++++++
+++d++
+g+i++
+tice+
nicer+

t e a p o t 
m i r r o r 
s h o u l d 
r e l i c s 
_ _ _ _ _ _ _ _ 
_ _ _ _ 

0
Before
+++de+
+++dr+
+++il+
ng+cu+
ri+os+
st+eh+

t e a p o t 
m i r r o r 
i c i c l e 
_ _ _ _ _ _ 
_ _ _ _ _ _ _ _ 
_ _ _ _ 

After
+++de+
+++dr+
+++il+
ng+cu+
ri+os+
st+eh+

t e a p o t 
m i r r o r 
i c i c l e 
_ _ _ _ _ _ 
_ _ _ _ _ _ _ _ 
_ _ _ _ 

2
Before
+++de+
+++dr+
+++il+
+++cu+
+++os+
+++eh+

t e a p o t 
m i r r o r 
i c i c l e 
s t r i n g 
_ _ _ _ _ _ _ _ 
_ _ _ _ 

After
+++de+
+++dr+
+++il+
+++cu+
+++os+
+++eh+

t e a p o t 
m i r r o r 
i c i c l e 
s t r i n g 
_ _ _ _ _ _ _ _ 
_ _ _ _ 

1
Before
++++++
++++++
+++d++
+++i++
+++c++
+++e++

t e a p o t 
m i r r o r 
i c i c l e 
s t r i n g 
s h o u l d e r 
_ _ _ _ 

After
++++++
++++++
+++d++
+++i++
+++c++
+++e++

t e a p o t 
m i r r o r 
i c i c l e 
s t r i n g 
s h o u l d e r 
_ _ _ _ 

1
Before
++++++
++++++
+++d++
ng+i++
ri+ce+
st+er+

t e a p o t 
m i r r o r 
i c i c l e 
s h o u l d 
_ _ _ _ _ _ _ _ 
_ _ _ _ 

After
++++++
++++++
+++d++
ng+i++
ri+ce+
st+er+

t e a p o t 
m i r r o r 
i c i c l e 
s h o u l d 
_ _ _ _ _ _ _ _ 
_ _ _ _ 

0
Before
++++++
n++de+
r++dr+
e++il+
lg+cu+
sicoh+

t e a p o t 
m i r r o r 
c i t i e s 
_ _ _ _ _ _ 
_ _ _ _ _ _ _ _ 
_ _ _ _ 

After
++++++
n++de+
r++dr+
e++il+
lg+cu+
sicoh+

t e a p o t 
m i r r o r 
c i t i e s 
_ _ _ _ _ _ 
_ _ _ _ _ _ _ _ 
_ _ _ _ 

0
Before
++++++
n++de+
r++dr+
e++il+
lg+cu+
sicoh+

t e a p o t 
m i r r o r 
c i t i e s 
_ _ _ _ _ _ 
_ _ _ _ _ _ _ _ 
_ _ _ _ 

After
++++++
n++de+
r++dr+
e++il+
lg+cu+
sicoh+

t e a p o t 
m i r r o r 
c i t i e s 
_ _ _ _ _ _ 
_ _ _ _ _ _ _ _ 
_ _ _ _ 

0
Before
+++de+
+++dr+
+++il+
n++cu+
r+ios+
sgceh+

t e a p o t 
m i r r o r 
e l i c i t 
_ _ _ _ _ _ 
_ _ _ _ _ _ _ _ 
_ _ _ _ 

After
+++de+
+++dr+
+++il+
n++cu+
r+ios+
sgceh+

t e a p o t 
m i r r o r 
e l i c i t 
_ _ _ _ _ _ 
_ _ _ _ _ _ _ _ 
_ _ _ _ 

1
Before
++++++
++++++
+++d++
n++i++
r+ice+
sgcer+

t e a p o t 
m i r r o r 
e l i c i t 
s h o u l d 
_ _ _ _ _ _ _ _ 
_ _ _ _ 

After
++++++
++++++
+++d++
n++i++
r+ice+
sgcer+

t e a p o t 
m i r r o r 
e l i c i t 
s h o u l d 
_ _ _ _ _ _ _ _ 
_ _ _ _ 

0
Before
+++de+
+++dr+
+++il+
+g+cu+
+tios+
niceh+

t e a p o t 
m i r r o r 
r e l i c s 
_ _ _ _ _ _ 
_ _ _ _ _ _ _ _ 
_ _ _ _ 

After
+++de+
+++dr+
+++il+
+g+cu+
+tios+
niceh+

t e a p o t 
m i r r o r 
r e l i c s 
_ _ _ _ _ _ 
_ _ _ _ _ _ _ _ 
_ _ _ _ 

3
Before
++++++
++++e+
+++dr+
+++dl+
+g+iu+
ni+os+

t e a p o t 
m i r r o r 
r e l i c s 
h e c t i c 
_ _ _ _ _ _ _ _ 
_ _ _ _ 

After
++++++
++++e+
+++dr+
+++dl+
+g+iu+
ni+os+

t e a p o t 
m i r r o r 
r e l i c s 
h e c t i c 
_ _ _ _ _ _ _ _ 
_ _ _ _ 

0
Before
++++++
+++de+
+++dr+
+++il+
+++cu+
ng+oh+

t e a p o t 
m i r r o r 
r e l i c s 
c i t i e s 
_ _ _ _ _ _ _ _ 
_ _ _ _ 

After
++++++
+++de+
+++dr+
+++il+
+++cu+
ng+oh+

t e a p o t 
m i r r o r 
r e l i c s 
c i t i e s 
_ _ _ _ _ _ _ _ 
_ _ _ _ 

0
Before
++++++
++++++
+++d++
+g+i++
+tice+
nicer+

t e a p o t 
m i r r o r 
r e l i c s 
s h o u l d 
_ _ _ _ _ _ _ _ 
_ _ _ _ 

After
++++++
++++++
+++d++
+g+i++
+tice+
nicer+

t e a p o t 
m i r r o r 
r e l i c s 
s h o u l d 
_ _ _ _ _ _ _ _ 
_ _ _ _ 

0
Before
+++de+
+++dr+
ngoil+
rrrcu+
erios+
ciceh+

t e a p o t 
l i m i t s 
_ _ _ _ _ _ 
_ _ _ _ _ _ 
_ _ _ _ _ _ _ _ 
_ _ _ _ 

After
+++de+
+++dr+
ngoil+
rrrcu+
erios+
ciceh+

t e a p o t 
l i m i t s 
_ _ _ _ _ _ 
_ _ _ _ _ _ 
_ _ _ _ _ _ _ _ 
_ _ _ _ 

12
Before
++++++
++++e+
n++dr+
rg+dl+
eroiu+
circs+

t e a p o t 
l i m i t s 
c o h e i r 
_ _ _ _ _ _ 
_ _ _ _ _ _ _ _ 
_ _ _ _ 

After
++++++
++++e+
n++dr+
rg+dl+
eroiu+
circs+

t e a p o t 
l i m i t s 
c o h e i r 
_ _ _ _ _ _ 
_ _ _ _ _ _ _ _ 
_ _ _ _ 

3
Before
++++++
++++++
++++e+
+++dr+
ng+dl+
ciriu+

t e a p o t 
l i m i t s 
c o h e i r 
s c o r e r 
_ _ _ _ _ _ _ _ 
_ _ _ _ 

After
++++++
++++++
++++e+
+++dr+
ng+dl+
ciriu+

t e a p o t 
l i m i t s 
c o h e i r 
s c o r e r 
_ _ _ _ _ _ _ _ 
_ _ _ _ 

0
Before
++++++
++++++
++++++
n++de+
rg+dr+
eiril+

t e a p o t 
l i m i t s 
c o h e i r 
c r o c u s 
_ _ _ _ _ _ _ _ 
_ _ _ _ 

After
++++++
++++++
++++++
n++de+
rg+dr+
eiril+

t e a p o t 
l i m i t s 
c o h e i r 
c r o c u s 
_ _ _ _ _ _ _ _ 
_ _ _ _ 

0
Before
++++++
++++++
++++++
n++de+
rg+dr+
eroil+

t e a p o t 
l i m i t s 
c o h e i r 
c i r c u s 
_ _ _ _ _ _ _ _ 
_ _ _ _ 

After
++++++
++++++
++++++
n++de+
rg+dr+
eroil+

t e a p o t 
l i m i t s 
c o h e i r 
c i r c u s 
_ _ _ _ _ _ _ _ 
_ _ _ _ 

0
Before
++++++
++++e+
n++dr+
rg+dl+
eroiu+
circs+

t e a p o t 
l i m i t s 
c o h e i r 
_ _ _ _ _ _ 
_ _ _ _ _ _ _ _ 
_ _ _ _ 

After
++++++
++++e+
n++dr+
rg+dl+
eroiu+
circs+

t e a p o t 
l i m i t s 
c o h e i r 
_ _ _ _ _ _ 
_ _ _ _ _ _ _ _ 
_ _ _ _ 

3
Before
++++++
++++++
++++e+
+++dr+
ng+dl+
ciriu+

t e a p o t 
l i m i t s 
c o h e i r 
s c o r e r 
_ _ _ _ _ _ _ _ 
_ _ _ _ 

After
++++++
++++++
++++e+
+++dr+
ng+dl+
ciriu+

t e a p o t 
l i m i t s 
c o h e i r 
s c o r e r 
_ _ _ _ _ _ _ _ 
_ _ _ _ 

0
Before
++++++
++++++
++++++
n++de+
rg+dr+
eiril+

t e a p o t 
l i m i t s 
c o h e i r 
c r o c u s 
_ _ _ _ _ _ _ _ 
_ _ _ _ 

After
++++++
++++++
++++++
n++de+
rg+dr+
eiril+

t e a p o t 
l i m i t s 
c o h e i r 
c r o c u s 
_ _ _ _ _ _ _ _ 
_ _ _ _ 

0
Before
++++++
++++++
++++++
n++de+
rg+dr+
eroil+

t e a p o t 
l i m i t s 
c o h e i r 
c i r c u s 
_ _ _ _ _ _ _ _ 
_ _ _ _ 

After
++++++
++++++
++++++
n++de+
rg+dr+
eroil+

t e a p o t 
l i m i t s 
c o h e i r 
c i r c u s 
_ _ _ _ _ _ _ _ 
_ _ _ _ 

0
Before
++++++
++++e+
ng+dr+
rr+dl+
er+iu+
ciocs+

t e a p o t 
l i m i t s 
c o h e i r 
_ _ _ _ _ _ 
_ _ _ _ _ _ _ _ 
_ _ _ _ 

After
++++++
++++e+
ng+dr+
rr+dl+
er+iu+
ciocs+

t e a p o t 
l i m i t s 
c o h e i r 
_ _ _ _ _ _ 
_ _ _ _ _ _ _ _ 
_ _ _ _ 

3
Before
++++++
++++++
++++e+
n++dr+
rg+dl+
ci+iu+

t e a p o t 
l i m i t s 
c o h e i r 
s c o r e r 
_ _ _ _ _ _ _ _ 
_ _ _ _ 

After
++++++
++++++
++++e+
n++dr+
rg+dl+
ci+iu+

t e a p o t 
l i m i t s 
c o h e i r 
s c o r e r 
_ _ _ _ _ _ _ _ 
_ _ _ _ 

0
Before
++++++
++++++
++++e+
+g+dr+
nr+dl+
ci+iu+

t e a p o t 
l i m i t s 
c o h e i r 
s c o r e r 
_ _ _ _ _ _ _ _ 
_ _ _ _ 

After
++++++
++++++
++++e+
+g+dr+
nr+dl+
ci+iu+

t e a p o t 
l i m i t s 
c o h e i r 
s c o r e r 
_ _ _ _ _ _ _ _ 
_ _ _ _ 

0
Before
++++++
++++++
++++++
ng+de+
rr+dr+
ei+il+

t e a p o t 
l i m i t s 
c o h e i r 
c r o c u s 
_ _ _ _ _ _ _ _ 
_ _ _ _ 

After
++++++
++++++
++++++
ng+de+
rr+dr+
ei+il+

t e a p o t 
l i m i t s 
c o h e i r 
c r o c u s 
_ _ _ _ _ _ _ _ 
_ _ _ _ 

0
Before
++++++
+++d++
ng+de+
rr+ir+
er+ol+
cioeh+

t e a p o t 
l i m i t s 
c i r c u s 
_ _ _ _ _ _ 
_ _ _ _ _ _ _ _ 
_ _ _ _ 

After
++++++
+++d++
ng+de+
rr+ir+
er+ol+
cioeh+

t e a p o t 
l i m i t s 
c i r c u s 
_ _ _ _ _ _ 
_ _ _ _ _ _ _ _ 
_ _ _ _ 

2
Before
++++++
++++++
ng++++
rr+d++
er+d++
cioe++

t e a p o t 
l i m i t s 
c i r c u s 
h o l i e r 
_ _ _ _ _ _ _ _ 
_ _ _ _ 

After
++++++
++++++
ng++++
rr+d++
er+d++
cioe++

t e a p o t 
l i m i t s 
c i r c u s 
h o l i e r 
_ _ _ _ _ _ _ _ 
_ _ _ _ 

0
Before
++++++
++++++
ng++++
rr++++
er+i++
cioeh+

t e a p o t 
l i m i t s 
c i r c u s 
l o r d e d 
_ _ _ _ _ _ _ _ 
_ _ _ _ 

After
++++++
++++++
ng++++
rr++++
er+i++
cioeh+

t e a p o t 
l i m i t s 
c i r c u s 
l o r d e d 
_ _ _ _ _ _ _ _ 
_ _ _ _ 

0
Before
++++++
+++de+
+++dr+
+gril+
nriou+
ciceh+

t e a p o t 
l i m i t s 
s c o r e r 
_ _ _ _ _ _ 
_ _ _ _ _ _ _ _ 
_ _ _ _ 

After
++++++
+++de+
+++dr+
+gril+
nriou+
ciceh+

t e a p o t 
l i m i t s 
s c o r e r 
_ _ _ _ _ _ 
_ _ _ _ _ _ _ _ 
_ _ _ _ 

9
Before
++++++
++++++
++++++
+grd++
nrii++
ciceu+

t e a p o t 
l i m i t s 
s c o r e r 
h o l d e r 
_ _ _ _ _ _ _ _ 
_ _ _ _ 

After
++++++
++++++
++++++
+grd++
nrii++
ciceu+

t e a p o t 
l i m i t s 
s c o r e r 
h o l d e r 
_ _ _ _ _ _ _ _ 
_ _ _ _ 

0
Before
++++++
++++++
++++++
+g+d++
nrriu+
ciieh+

t e a p o t 
l i m i t s 
s c o r e r 
c o l d e r 
_ _ _ _ _ _ _ _ 
_ _ _ _ 

After
++++++
++++++
++++++
+g+d++
nrriu+
ciieh+

t e a p o t 
l i m i t s 
s c o r e r 
c o l d e r 
_ _ _ _ _ _ _ _ 
_ _ _ _ 

0
Before
++++++
++++++
++++r+
+g++l+
nr+iu+
ciieh+

t e a p o t 
l i m i t s 
s c o r e r 
c o r d e d 
_ _ _ _ _ _ _ _ 
_ _ _ _ 

After
++++++
++++++
++++r+
+g++l+
nr+iu+
ciieh+

t e a p o t 
l i m i t s 
s c o r e r 
c o r d e d 
_ _ _ _ _ _ _ _ 
_ _ _ _ 

0
Before
++++++
++++++
++++e+
+++dr+
ng+dl+
ciriu+

t e a p o t 
l i m i t s 
s c o r e r 
c o h e i r 
_ _ _ _ _ _ _ _ 
_ _ _ _ 

After
++++++
++++++
++++e+
+++dr+
ng+dl+
ciriu+

t e a p o t 
l i m i t s 
s c o r e r 
c o h e i r 
_ _ _ _ _ _ _ _ 
_ _ _ _ 

0
Before
++++++
++++++
++++e+
+g+dr+
nr+dl+
ci+iu+

t e a p o t 
l i m i t s 
s c o r e r 
c o h e i r 
_ _ _ _ _ _ _ _ 
_ _ _ _ 

After
++++++
++++++
++++e+
+g+dr+
nr+dl+
ci+iu+

t e a p o t 
l i m i t s 
s c o r e r 
c o h e i r 
_ _ _ _ _ _ _ _ 
_ _ _ _ 

0
Before
++++++
++++e+
++++r+
+++dl+
++iou+
crceh+

t e a p o t 
l i m i t s 
s c o r e r 
i n g r i d 
_ _ _ _ _ _ _ _ 
_ _ _ _ 

After
++++++
++++e+
++++r+
+++dl+
++iou+
crceh+

t e a p o t 
l i m i t s 
s c o r e r 
i n g r i d 
_ _ _ _ _ _ _ _ 
_ _ _ _ 

0
Before
++++++
++++++
++++++
+g++r+
nriiu+
ciceh+

t e a p o t 
l i m i t s 
s c o r e r 
l o r d e d 
_ _ _ _ _ _ _ _ 
_ _ _ _ 

After
++++++
++++++
++++++
+g++r+
nriiu+
ciceh+

t e a p o t 
l i m i t s 
s c o r e r 
l o r d e d 
_ _ _ _ _ _ _ _ 
_ _ _ _ 

0
Before
++++++
++++++
++++r+
+++il+
nr+ou+
ciceh+

t e a p o t 
l i m i t s 
s c o r e r 
g i r d e d 
_ _ _ _ _ _ _ _ 
_ _ _ _ 

After
++++++
++++++
++++r+
+++il+
nr+ou+
ciceh+

t e a p o t 
l i m i t s 
s c o r e r 
g i r d e d 
_ _ _ _ _ _ _ _ 
_ _ _ _ 

0
Before
++++++
++++++
+++d++
+++il+
nr+ou+
ciceh+

t e a p o t 
l i m i t s 
s c o r e r 
g i r d e r 
_ _ _ _ _ _ _ _ 
_ _ _ _ 

After
++++++
++++++
+++d++
+++il+
nr+ou+
ciceh+

t e a p o t 
l i m i t s 
s c o r e r 
g i r d e r 
_ _ _ _ _ _ _ _ 
_ _ _ _ 

0
Before
++++++
+++de+
+++dr+
n+ril+
rgiou+
ciceh+

t e a p o t 
l i m i t s 
s c o r e r 
_ _ _ _ _ _ 
_ _ _ _ _ _ _ _ 
_ _ _ _ 

After
++++++
+++de+
+++dr+
n+ril+
rgiou+
ciceh+

t e a p o t 
l i m i t s 
s c o r e r 
_ _ _ _ _ _ 
_ _ _ _ _ _ _ _ 
_ _ _ _ 

7
Before
++++++
++++++
++++++
n+rd++
rgii++
ciceu+

t e a p o t 
l i m i t s 
s c o r e r 
h o l d e r 
_ _ _ _ _ _ _ _ 
_ _ _ _ 

After
++++++
++++++
++++++
n+rd++
rgii++
ciceu+

t e a p o t 
l i m i t s 
s c o r e r 
h o l d e r 
_ _ _ _ _ _ _ _ 
_ _ _ _ 

0
Before
++++++
++++++
++++++
n++d++
rgriu+
ciieh+

t e a p o t 
l i m i t s 
s c o r e r 
c o l d e r 
_ _ _ _ _ _ _ _ 
_ _ _ _ 

After
++++++
++++++
++++++
n++d++
rgriu+
ciieh+

t e a p o t 
l i m i t s 
s c o r e r 
c o l d e r 
_ _ _ _ _ _ _ _ 
_ _ _ _ 

0
Before
++++++
++++++
++++r+
n+++l+
rg+iu+
ciieh+

t e a p o t 
l i m i t s 
s c o r e r 
c o r d e d 
_ _ _ _ _ _ _ _ 
_ _ _ _ 

After
++++++
++++++
++++r+
n+++l+
rg+iu+
ciieh+

t e a p o t 
l i m i t s 
s c o r e r 
c o r d e d 
_ _ _ _ _ _ _ _ 
_ _ _ _ 

0
Before
++++++
++++++
++++e+
n++dr+
rg+dl+
ci+iu+

t e a p o t 
l i m i t s 
s c o r e r 
c o h e i r 
_ _ _ _ _ _ _ _ 
_ _ _ _ 

After
++++++
++++++
++++e+
n++dr+
rg+dl+
ci+iu+

t e a p o t 
l i m i t s 
s c o r e r 
c o h e i r 
_ _ _ _ _ _ _ _ 
_ _ _ _ 

0
Before
++++++
++++++
++++r+
n++il+
r++ou+
ciceh+

t e a p o t 
l i m i t s 
s c o r e r 
g i r d e d 
_ _ _ _ _ _ _ _ 
_ _ _ _ 

After
++++++
++++++
++++r+
n++il+
r++ou+
ciceh+

t e a p o t 
l i m i t s 
s c o r e r 
g i r d e d 
_ _ _ _ _ _ _ _ 
_ _ _ _ 

0
Before
++++++
++++++
+++d++
n++il+
r++ou+
ciceh+

t e a p o t 
l i m i t s 
s c o r e r 
g i r d e r 
_ _ _ _ _ _ _ _ 
_ _ _ _ 

After
++++++
++++++
+++d++
n++il+
r++ou+
ciceh+

t e a p o t 
l i m i t s 
s c o r e r 
g i r d e r 
_ _ _ _ _ _ _ _ 
_ _ _ _ 

0
Before
++++++
++++++
++++++
n+++r+
rgiiu+
ciceh+

t e a p o t 
l i m i t s 
s c o r e r 
l o r d e d 
_ _ _ _ _ _ _ _ 
_ _ _ _ 

After
++++++
++++++
++++++
n+++r+
rgiiu+
ciceh+

t e a p o t 
l i m i t s 
s c o r e r 
l o r d e d 
_ _ _ _ _ _ _ _ 
_ _ _ _ 

0
Before
++++++
++++++
ngod++
rrri++
erice+
cicer+

t e a p o t 
l i m i t s 
s h o u l d 
_ _ _ _ _ _ 
_ _ _ _ _ _ _ _ 
_ _ _ _ 

After
++++++
++++++
ngod++
rrri++
erice+
cicer+

t e a p o t 
l i m i t s 
s h o u l d 
_ _ _ _ _ _ 
_ _ _ _ _ _ _ _ 
_ _ _ _ 

1
Before
++++++
++++++
ng++++
rro+++
err+++
cic+e+

t e a p o t 
l i m i t s 
s h o u l d 
d i c i e r 
_ _ _ _ _ _ _ _ 
_ _ _ _ 

After
++++++
++++++
ng++++
rro+++
err+++
cic+e+

t e a p o t 
l i m i t s 
s h o u l d 
d i c i e r 
_ _ _ _ _ _ _ _ 
_ _ _ _ 

0
Before
++++++
++++r+
+++il+
ngrcu+
rrios+
ciceh+

t e a p o t 
l i m i t s 
e r o d e d 
_ _ _ _ _ _ 
_ _ _ _ _ _ _ _ 
_ _ _ _ 

After
++++++
++++r+
+++il+
ngrcu+
rrios+
ciceh+

t e a p o t 
l i m i t s 
e r o d e d 
_ _ _ _ _ _ 
_ _ _ _ _ _ _ _ 
_ _ _ _ 

7
Before
++++++
++++++
++++r+
n+++l+
rg+iu+
circs+

t e a p o t 
l i m i t s 
e r o d e d 
c o h e i r 
_ _ _ _ _ _ _ _ 
_ _ _ _ 

After
++++++
++++++
++++r+
n+++l+
rg+iu+
circs+

t e a p o t 
l i m i t s 
e r o d e d 
c o h e i r 
_ _ _ _ _ _ _ _ 
_ _ _ _ 

0
Before
++++++
++++++
++++r+
ng++l+
rr+iu+
ci+cs+

t e a p o t 
l i m i t s 
e r o d e d 
c o h e i r 
_ _ _ _ _ _ _ _ 
_ _ _ _ 

After
++++++
++++++
++++r+
ng++l+
rr+iu+
ci+cs+

t e a p o t 
l i m i t s 
e r o d e d 
c o h e i r 
_ _ _ _ _ _ _ _ 
_ _ _ _ 

0
Before
++++++
++++++
++++++
ng+ir+
rr+ol+
ci+eh+

t e a p o t 
l i m i t s 
e r o d e d 
c i r c u s 
_ _ _ _ _ _ _ _ 
_ _ _ _ 

After
++++++
++++++
++++++
ng+ir+
rr+ol+
ci+eh+

t e a p o t 
l i m i t s 
e r o d e d 
c i r c u s 
_ _ _ _ _ _ _ _ 
_ _ _ _ 

0
Before
++++++
++++++
++++r+
n+++l+
rr+iu+
cicch+

t e a p o t 
l i m i t s 
e r o d e d 
o r g i e s 
_ _ _ _ _ _ _ _ 
_ _ _ _ 

After
++++++
++++++
++++r+
n+++l+
rr+iu+
cicch+

t e a p o t 
l i m i t s 
e r o d e d 
o r g i e s 
_ _ _ _ _ _ _ _ 
_ _ _ _ 

0
Before
++++++
++++++
++++r+
n+++l+
rgr+u+
cicis+

t e a p o t 
l i m i t s 
e r o d e d 
c o h e i r 
_ _ _ _ _ _ _ _ 
_ _ _ _ 

After
++++++
++++++
++++r+
n+++l+
rgr+u+
cicis+

t e a p o t 
l i m i t s 
e r o d e d 
c o h e i r 
_ _ _ _ _ _ _ _ 
_ _ _ _ 

0
Before
++++++
++++++
++++r+
ng++l+
rr++u+
cicis+

t e a p o t 
l i m i t s 
e r o d e d 
c o h e i r 
_ _ _ _ _ _ _ _ 
_ _ _ _ 

After
++++++
++++++
++++r+
ng++l+
rr++u+
cicis+

t e a p o t 
l i m i t s 
e r o d e d 
c o h e i r 
_ _ _ _ _ _ _ _ 
_ _ _ _ 

0
Before
++++++
++++++
++++++
n+++r+
rriil+
cicch+

t e a p o t 
l i m i t s 
e r o d e d 
g r o u s e 
_ _ _ _ _ _ _ _ 
_ _ _ _ 

After
++++++
++++++
++++++
n+++r+
rriil+
cicch+

t e a p o t 
l i m i t s 
e r o d e d 
g r o u s e 
_ _ _ _ _ _ _ _ 
_ _ _ _ 

0
Before
++++++
++++e+
n+++r+
rgodl+
errdu+
cicis+

t e a p o t 
l i m i t s 
c o h e i r 
_ _ _ _ _ _ 
_ _ _ _ _ _ _ _ 
_ _ _ _ 

After
++++++
++++e+
n+++r+
rgodl+
errdu+
cicis+

t e a p o t 
l i m i t s 
c o h e i r 
_ _ _ _ _ _ 
_ _ _ _ _ _ _ _ 
_ _ _ _ 

2
Before
++++++
++++e+
++++r+
++++l+
ngo+u+
crrds+

t e a p o t 
l i m i t s 
c o h e i r 
d i c i e r 
_ _ _ _ _ _ _ _ 
_ _ _ _ 

After
++++++
++++e+
++++r+
++++l+
ngo+u+
crrds+

t e a p o t 
l i m i t s 
c o h e i r 
d i c i e r 
_ _ _ _ _ _ _ _ 
_ _ _ _ 

0
Before
++++++
++++e+
++++r+
n+++l+
r+o+u+
cgrds+

t e a p o t 
l i m i t s 
c o h e i r 
d i c i e r 
_ _ _ _ _ _ _ _ 
_ _ _ _ 

After
++++++
++++e+
++++r+
n+++l+
r+o+u+
cgrds+

t e a p o t 
l i m i t s 
c o h e i r 
d i c i e r 
_ _ _ _ _ _ _ _ 
_ _ _ _ 

0
Before
++++++
++++e+
n+++r+
rgodl+
errdu+
cicis+

t e a p o t 
l i m i t s 
c o h e i r 
_ _ _ _ _ _ 
_ _ _ _ _ _ _ _ 
_ _ _ _ 

After
++++++
++++e+
n+++r+
rgodl+
errdu+
cicis+

t e a p o t 
l i m i t s 
c o h e i r 
_ _ _ _ _ _ 
_ _ _ _ _ _ _ _ 
_ _ _ _ 

2
Before
++++++
++++e+
++++r+
++++l+
ngo+u+
crrds+

t e a p o t 
l i m i t s 
c o h e i r 
d i c i e r 
_ _ _ _ _ _ _ _ 
_ _ _ _ 

After
++++++
++++e+
++++r+
++++l+
ngo+u+
crrds+

t e a p o t 
l i m i t s 
c o h e i r 
d i c i e r 
_ _ _ _ _ _ _ _ 
_ _ _ _ 

0
Before
++++++
++++e+
++++r+
n+++l+
r+o+u+
cgrds+

t e a p o t 
l i m i t s 
c o h e i r 
d i c i e r 
_ _ _ _ _ _ _ _ 
_ _ _ _ 

After
++++++
++++e+
++++r+
n+++l+
r+o+u+
cgrds+

t e a p o t 
l i m i t s 
c o h e i r 
d i c i e r 
_ _ _ _ _ _ _ _ 
_ _ _ _ 

0
Before
++++++
++++e+
ng++r+
rr+dl+
erodu+
cicis+

t e a p o t 
l i m i t s 
c o h e i r 
_ _ _ _ _ _ 
_ _ _ _ _ _ _ _ 
_ _ _ _ 

After
++++++
++++e+
ng++r+
rr+dl+
erodu+
cicis+

t e a p o t 
l i m i t s 
c o h e i r 
_ _ _ _ _ _ 
_ _ _ _ _ _ _ _ 
_ _ _ _ 

3
Before
++++++
++++e+
++++r+
n+++l+
rg++u+
crods+

t e a p o t 
l i m i t s 
c o h e i r 
d i c i e r 
_ _ _ _ _ _ _ _ 
_ _ _ _ 

After
++++++
++++e+
++++r+
n+++l+
rg++u+
crods+

t e a p o t 
l i m i t s 
c o h e i r 
d i c i e r 
_ _ _ _ _ _ _ _ 
_ _ _ _ 

0
Before
++++++
++++e+
++++r+
+g++l+
nr++u+
crods+

t e a p o t 
l i m i t s 
c o h e i r 
d i c i e r 
_ _ _ _ _ _ _ _ 
_ _ _ _ 

After
++++++
++++e+
++++r+
+g++l+
nr++u+
crods+

t e a p o t 
l i m i t s 
c o h e i r 
d i c i e r 
_ _ _ _ _ _ _ _ 
_ _ _ _ 

0
Before
++++++
++++e+
++++r+
n+++l+
rg++u+
crods+

t e a p o t 
l i m i t s 
c o h e i r 
d i c i e r 
_ _ _ _ _ _ _ _ 
_ _ _ _ 

After
++++++
++++e+
++++r+
n+++l+
rg++u+
crods+

t e a p o t 
l i m i t s 
c o h e i r 
d i c i e r 
_ _ _ _ _ _ _ _ 
_ _ _ _ 

0
Before
++++++
++++++
n++de+
rrodr+
eriil+
cicch+

t e a p o t 
l i m i t s 
g r o u s e 
_ _ _ _ _ _ 
_ _ _ _ _ _ _ _ 
_ _ _ _ 

After
++++++
++++++
n++de+
rrodr+
eriil+
cicch+

t e a p o t 
l i m i t s 
g r o u s e 
_ _ _ _ _ _ 
_ _ _ _ _ _ _ _ 
_ _ _ _ 

11
Before
++++++
++++++
n+++++
rro+++
eri+r+
cic+l+

t e a p o t 
l i m i t s 
g r o u s e 
c h i d e d 
_ _ _ _ _ _ _ _ 
_ _ _ _ 

After
++++++
++++++
n+++++
rro+++
eri+r+
cic+l+

t e a p o t 
l i m i t s 
g r o u s e 
c h i d e d 
_ _ _ _ _ _ _ _ 
_ _ _ _ 

0
Before
++++++
++++++
++++++
n+++r+
rriil+
cicch+

t e a p o t 
l i m i t s 
g r o u s e 
e r o d e d 
_ _ _ _ _ _ _ _ 
_ _ _ _ 

After
++++++
++++++
++++++
n+++r+
rriil+
cicch+

t e a p o t 
l i m i t s 
g r o u s e 
e r o d e d 
_ _ _ _ _ _ _ _ 
_ _ _ _ 

0
Before
++++++
++++++
++++++
n+++r+
rriil+
cicch+

t e a p o t 
l i m i t s 
g r o u s e 
e r o d e d 
_ _ _ _ _ _ _ _ 
_ _ _ _ 

After
++++++
++++++
++++++
n+++r+
rriil+
cicch+

t e a p o t 
l i m i t s 
g r o u s e 
e r o d e d 
_ _ _ _ _ _ _ _ 
_ _ _ _ 

0
Before
++++++
++++++
++++++
n+++r+
rriil+
cicch+

t e a p o t 
l i m i t s 
g r o u s e 
e r o d e d 
_ _ _ _ _ _ _ _ 
_ _ _ _ 

After
++++++
++++++
++++++
n+++r+
rriil+
cicch+

t e a p o t 
l i m i t s 
g r o u s e 
e r o d e d 
_ _ _ _ _ _ _ _ 
_ _ _ _ 

0
Before
++++++
++++++
++++++
n+++r+
rriil+
cicch+

t e a p o t 
l i m i t s 
g r o u s e 
e r o d e d 
_ _ _ _ _ _ _ _ 
_ _ _ _ 

After
++++++
++++++
++++++
n+++r+
rriil+
cicch+

t e a p o t 
l i m i t s 
g r o u s e 
e r o d e d 
_ _ _ _ _ _ _ _ 
_ _ _ _ 

0
Before
++++++
++++++
++++e+
n++dr+
r++il+
croch+

t e a p o t 
l i m i t s 
g r o u s e 
d i c i e r 
_ _ _ _ _ _ _ _ 
_ _ _ _ 

After
++++++
++++++
++++e+
n++dr+
r++il+
croch+

t e a p o t 
l i m i t s 
g r o u s e 
d i c i e r 
_ _ _ _ _ _ _ _ 
_ _ _ _ 

0
Before
++++++
++++++
++++e+
+++dr+
nr+il+
croch+

t e a p o t 
l i m i t s 
g r o u s e 
d i c i e r 
_ _ _ _ _ _ _ _ 
_ _ _ _ 

After
++++++
++++++
++++e+
+++dr+
nr+il+
croch+

t e a p o t 
l i m i t s 
g r o u s e 
d i c i e r 
_ _ _ _ _ _ _ _ 
_ _ _ _ 

0
Before
++++++
++++++
++++e+
n++dr+
r++il+
croch+

t e a p o t 
l i m i t s 
g r o u s e 
d i c i e r 
_ _ _ _ _ _ _ _ 
_ _ _ _ 

After
++++++
++++++
++++e+
n++dr+
r++il+
croch+

t e a p o t 
l i m i t s 
g r o u s e 
d i c i e r 
_ _ _ _ _ _ _ _ 
_ _ _ _ 

0
Before
++++++
++++++
++++e+
n+++r+
r+odl+
crich+

t e a p o t 
l i m i t s 
g r o u s e 
d i c i e r 
_ _ _ _ _ _ _ _ 
_ _ _ _ 

After
++++++
++++++
++++e+
n+++r+
r+odl+
crich+

t e a p o t 
l i m i t s 
g r o u s e 
d i c i e r 
_ _ _ _ _ _ _ _ 
_ _ _ _ 

0
Before
++++++
++++++
++++e+
++++r+
nrodl+
crich+

t e a p o t 
l i m i t s 
g r o u s e 
d i c i e r 
_ _ _ _ _ _ _ _ 
_ _ _ _ 

After
++++++
++++++
++++e+
++++r+
nrodl+
crich+

t e a p o t 
l i m i t s 
g r o u s e 
d i c i e r 
_ _ _ _ _ _ _ _ 
_ _ _ _ 

0
Before
++++++
++++++
++++e+
n+++r+
r+odl+
crich+

t e a p o t 
l i m i t s 
g r o u s e 
d i c i e r 
_ _ _ _ _ _ _ _ 
_ _ _ _ 

After
++++++
++++++
++++e+
n+++r+
r+odl+
crich+

t e a p o t 
l i m i t s 
g r o u s e 
d i c i e r 
_ _ _ _ _ _ _ _ 
_ _ _ _ 

0
Before
++++++
n+ode+
rgrdr+
ericu+
lrios+
ciceh+

t e a p o t 
l i m i t s 
_ _ _ _ _ _ 
_ _ _ _ _ _ 
_ _ _ _ _ _ _ _ 
_ _ _ _ 

After
++++++
n+ode+
rgrdr+
ericu+
lrios+
ciceh+

t e a p o t 
l i m i t s 
_ _ _ _ _ _ 
_ _ _ _ _ _ 
_ _ _ _ _ _ _ _ 
_ _ _ _ 

26
Before
++++++
n+++++
rgr+++
eri+e+
lridr+
cicoh+

t e a p o t 
l i m i t s 
e s c u d o 
_ _ _ _ _ _ 
_ _ _ _ _ _ _ _ 
_ _ _ _ 

After
++++++
n+++++
rgr+++
eri+e+
lridr+
cicoh+

t e a p o t 
l i m i t s 
e s c u d o 
_ _ _ _ _ _ 
_ _ _ _ _ _ _ _ 
_ _ _ _ 

7
Before
++++++
++++++
++++++
++r+e+
ngidr+
rrioh+

t e a p o t 
l i m i t s 
e s c u d o 
c i r c l e 
_ _ _ _ _ _ _ _ 
_ _ _ _ 

After
++++++
++++++
++++++
++r+e+
ngidr+
rrioh+

t e a p o t 
l i m i t s 
e s c u d o 
c i r c l e 
_ _ _ _ _ _ _ _ 
_ _ _ _ 

0
Before
++++++
++++++
++++++
+g++e+
nrrdr+
riioh+

t e a p o t 
l i m i t s 
e s c u d o 
c i r c l e 
_ _ _ _ _ _ _ _ 
_ _ _ _ 

After
++++++
++++++
++++++
+g++e+
nrrdr+
riioh+

t e a p o t 
l i m i t s 
e s c u d o 
c i r c l e 
_ _ _ _ _ _ _ _ 
_ _ _ _ 

0
Before
++++++
++++++
++++++
+g++e+
nrrdr+
riioh+

t e a p o t 
l i m i t s 
e s c u d o 
c l e r i c 
_ _ _ _ _ _ _ _ 
_ _ _ _ 

After
++++++
++++++
++++++
+g++e+
nrrdr+
riioh+

t e a p o t 
l i m i t s 
e s c u d o 
c l e r i c 
_ _ _ _ _ _ _ _ 
_ _ _ _ 

0
Before
++++++
++++++
++++++
++r+e+
ngidr+
rrioh+

t e a p o t 
l i m i t s 
e s c u d o 
c l e r i c 
_ _ _ _ _ _ _ _ 
_ _ _ _ 

After
++++++
++++++
++++++
++r+e+
ngidr+
rrioh+

t e a p o t 
l i m i t s 
e s c u d o 
c l e r i c 
_ _ _ _ _ _ _ _ 
_ _ _ _ 

0
Before
++++++
++++++
++++++
+g++e+
nrrdr+
riioh+

t e a p o t 
l i m i t s 
e s c u d o 
c l e r i c 
_ _ _ _ _ _ _ _ 
_ _ _ _ 

After
++++++
++++++
++++++
+g++e+
nrrdr+
riioh+

t e a p o t 
l i m i t s 
e s c u d o 
c l e r i c 
_ _ _ _ _ _ _ _ 
_ _ _ _ 

0
Before
++++++
++++++
++++++
ngr+e+
rri+r+
cri+h+

t e a p o t 
l i m i t s 
e s c u d o 
d o c i l e 
_ _ _ _ _ _ _ _ 
_ _ _ _ 

After
++++++
++++++
++++++
ngr+e+
rri+r+
cri+h+

t e a p o t 
l i m i t s 
e s c u d o 
d o c i l e 
_ _ _ _ _ _ _ _ 
_ _ _ _ 

0
Before
++++++
++++++
++++++
+g++e+
nrrdr+
rrioh+

t e a p o t 
l i m i t s 
e s c u d o 
i c i c l e 
_ _ _ _ _ _ _ _ 
_ _ _ _ 

After
++++++
++++++
++++++
+g++e+
nrrdr+
rrioh+

t e a p o t 
l i m i t s 
e s c u d o 
i c i c l e 
_ _ _ _ _ _ _ _ 
_ _ _ _ 

0
Before
++++++
n+++++
r+++e+
egodr+
lrrdu+
ciics+

t e a p o t 
l i m i t s 
c o h e i r 
_ _ _ _ _ _ 
_ _ _ _ _ _ _ _ 
_ _ _ _ 

After
++++++
n+++++
r+++e+
egodr+
lrrdu+
ciics+

t e a p o t 
l i m i t s 
c o h e i r 
_ _ _ _ _ _ 
_ _ _ _ _ _ _ _ 
_ _ _ _ 

5
Before
++++++
++++++
++++e+
++++r+
ngodu+
rirds+

t e a p o t 
l i m i t s 
c o h e i r 
c i r c l e 
_ _ _ _ _ _ _ _ 
_ _ _ _ 

After
++++++
++++++
++++e+
++++r+
ngodu+
rirds+

t e a p o t 
l i m i t s 
c o h e i r 
c i r c l e 
_ _ _ _ _ _ _ _ 
_ _ _ _ 

0
Before
++++++
++++++
++++e+
++++r+
ngodu+
rirds+

t e a p o t 
l i m i t s 
c o h e i r 
c l e r i c 
_ _ _ _ _ _ _ _ 
_ _ _ _ 

After
++++++
++++++
++++e+
++++r+
ngodu+
rirds+

t e a p o t 
l i m i t s 
c o h e i r 
c l e r i c 
_ _ _ _ _ _ _ _ 
_ _ _ _ 

0
Before
++++++
++++++
n+++++
r+++++
egode+
lridr+

t e a p o t 
l i m i t s 
c o h e i r 
c i r c u s 
_ _ _ _ _ _ _ _ 
_ _ _ _ 

After
++++++
++++++
n+++++
r+++++
egode+
lridr+

t e a p o t 
l i m i t s 
c o h e i r 
c i r c u s 
_ _ _ _ _ _ _ _ 
_ _ _ _ 

0
Before
++++++
n+++++
r+++++
eg++++
lr+d++
ciics+

t e a p o t 
l i m i t s 
c o h e i r 
o r d u r e 
_ _ _ _ _ _ _ _ 
_ _ _ _ 

After
++++++
n+++++
r+++++
eg++++
lr+d++
ciics+

t e a p o t 
l i m i t s 
c o h e i r 
o r d u r e 
_ _ _ _ _ _ _ _ 
_ _ _ _ 

0
Before
++++++
n+++++
r+++++
eg++++
lr+d++
ciics+

t e a p o t 
l i m i t s 
c o h e i r 
o r d u r e 
_ _ _ _ _ _ _ _ 
_ _ _ _ 

After
++++++
n+++++
r+++++
eg++++
lr+d++
ciics+

t e a p o t 
l i m i t s 
c o h e i r 
o r d u r e 
_ _ _ _ _ _ _ _ 
_ _ _ _ 

0
Before
++++++
n+++++
r+++e+
egodr+
lrrdu+
ciics+

t e a p o t 
l i m i t s 
c o h e i r 
_ _ _ _ _ _ 
_ _ _ _ _ _ _ _ 
_ _ _ _ 

After
++++++
n+++++
r+++e+
egodr+
lrrdu+
ciics+

t e a p o t 
l i m i t s 
c o h e i r 
_ _ _ _ _ _ 
_ _ _ _ _ _ _ _ 
_ _ _ _ 

5
Before
++++++
++++++
++++e+
++++r+
ngodu+
rirds+

t e a p o t 
l i m i t s 
c o h e i r 
c i r c l e 
_ _ _ _ _ _ _ _ 
_ _ _ _ 

After
++++++
++++++
++++e+
++++r+
ngodu+
rirds+

t e a p o t 
l i m i t s 
c o h e i r 
c i r c l e 
_ _ _ _ _ _ _ _ 
_ _ _ _ 

0
Before
++++++
++++++
++++e+
++++r+
ngodu+
rirds+

t e a p o t 
l i m i t s 
c o h e i r 
c l e r i c 
_ _ _ _ _ _ _ _ 
_ _ _ _ 

After
++++++
++++++
++++e+
++++r+
ngodu+
rirds+

t e a p o t 
l i m i t s 
c o h e i r 
c l e r i c 
_ _ _ _ _ _ _ _ 
_ _ _ _ 

0
Before
++++++
++++++
n+++++
r+++++
egode+
lridr+

t e a p o t 
l i m i t s 
c o h e i r 
c i r c u s 
_ _ _ _ _ _ _ _ 
_ _ _ _ 

After
++++++
++++++
n+++++
r+++++
egode+
lridr+

t e a p o t 
l i m i t s 
c o h e i r 
c i r c u s 
_ _ _ _ _ _ _ _ 
_ _ _ _ 

0
Before
++++++
n+++++
r+++++
eg++++
lr+d++
ciics+

t e a p o t 
l i m i t s 
c o h e i r 
o r d u r e 
_ _ _ _ _ _ _ _ 
_ _ _ _ 

After
++++++
n+++++
r+++++
eg++++
lr+d++
ciics+

t e a p o t 
l i m i t s 
c o h e i r 
o r d u r e 
_ _ _ _ _ _ _ _ 
_ _ _ _ 

0
Before
++++++
n+++++
r+++++
eg++++
lr+d++
ciics+

t e a p o t 
l i m i t s 
c o h e i r 
o r d u r e 
_ _ _ _ _ _ _ _ 
_ _ _ _ 

After
++++++
n+++++
r+++++
eg++++
lr+d++
ciics+

t e a p o t 
l i m i t s 
c o h e i r 
o r d u r e 
_ _ _ _ _ _ _ _ 
_ _ _ _ 

0
Before
++++++
+++de+
++odr+
++rcu+
ngios+
rrieh+

t e a p o t 
l i m i t s 
c i r c l e 
_ _ _ _ _ _ 
_ _ _ _ _ _ _ _ 
_ _ _ _ 

After
++++++
+++de+
++odr+
++rcu+
ngios+
rrieh+

t e a p o t 
l i m i t s 
c i r c l e 
_ _ _ _ _ _ 
_ _ _ _ _ _ _ _ 
_ _ _ _ 

18
Before
++++++
++++++
++++++
++r+e+
ngidr+
rrioh+

t e a p o t 
l i m i t s 
c i r c l e 
e s c u d o 
_ _ _ _ _ _ _ _ 
_ _ _ _ 

After
++++++
++++++
++++++
++r+e+
ngidr+
rrioh+

t e a p o t 
l i m i t s 
c i r c l e 
e s c u d o 
_ _ _ _ _ _ _ _ 
_ _ _ _ 

0
Before
++++++
++++++
++o+++
++rd++
ngic++
rrieh+

t e a p o t 
l i m i t s 
c i r c l e 
s o u r e d 
_ _ _ _ _ _ _ _ 
_ _ _ _ 

After
++++++
++++++
++o+++
++rd++
ngic++
rrieh+

t e a p o t 
l i m i t s 
c i r c l e 
s o u r e d 
_ _ _ _ _ _ _ _ 
_ _ _ _ 

0
Before
++++++
++++++
++o+++
++rd++
ngic++
rrieh+

t e a p o t 
l i m i t s 
c i r c l e 
s o u r e d 
_ _ _ _ _ _ _ _ 
_ _ _ _ 

After
++++++
++++++
++o+++
++rd++
ngic++
rrieh+

t e a p o t 
l i m i t s 
c i r c l e 
s o u r e d 
_ _ _ _ _ _ _ _ 
_ _ _ _ 

0
Before
++++++
++++++
++++++
++od++
ngics+
rrieh+

t e a p o t 
l i m i t s 
c i r c l e 
o r d u r e 
_ _ _ _ _ _ _ _ 
_ _ _ _ 

After
++++++
++++++
++++++
++od++
ngics+
rrieh+

t e a p o t 
l i m i t s 
c i r c l e 
o r d u r e 
_ _ _ _ _ _ _ _ 
_ _ _ _ 

0
Before
++++++
++++++
++++e+
+++dr+
n+odu+
rrich+

t e a p o t 
l i m i t s 
c i r c l e 
o r g i e s 
_ _ _ _ _ _ _ _ 
_ _ _ _ 

After
++++++
++++++
++++e+
+++dr+
n+odu+
rrich+

t e a p o t 
l i m i t s 
c i r c l e 
o r g i e s 
_ _ _ _ _ _ _ _ 
_ _ _ _ 

0
Before
++++++
++++++
++++e+
+++dr+
n+odu+
rrich+

t e a p o t 
l i m i t s 
c i r c l e 
o r g i e s 
_ _ _ _ _ _ _ _ 
_ _ _ _ 

After
++++++
++++++
++++e+
+++dr+
n+odu+
rrich+

t e a p o t 
l i m i t s 
c i r c l e 
o r g i e s 
_ _ _ _ _ _ _ _ 
_ _ _ _ 

0
Before
++++++
++++++
++++++
++ode+
n+idr+
rrich+

t e a p o t 
l i m i t s 
c i r c l e 
g r o u s e 
_ _ _ _ _ _ _ _ 
_ _ _ _ 

After
++++++
++++++
++++++
++ode+
n+idr+
rrich+

t e a p o t 
l i m i t s 
c i r c l e 
g r o u s e 
_ _ _ _ _ _ _ _ 
_ _ _ _ 

0
Before
++++++
++++++
++++r+
+++cu+
n+oos+
rrieh+

t e a p o t 
l i m i t s 
c i r c l e 
g i r d e d 
_ _ _ _ _ _ _ _ 
_ _ _ _ 

After
++++++
++++++
++++r+
+++cu+
n+oos+
rrieh+

t e a p o t 
l i m i t s 
c i r c l e 
g i r d e d 
_ _ _ _ _ _ _ _ 
_ _ _ _ 

0
Before
++++++
++++++
+++d++
+++cu+
n+oos+
rrieh+

t e a p o t 
l i m i t s 
c i r c l e 
g i r d e r 
_ _ _ _ _ _ _ _ 
_ _ _ _ 

After
++++++
++++++
+++d++
+++cu+
n+oos+
rrieh+

t e a p o t 
l i m i t s 
c i r c l e 
g i r d e r 
_ _ _ _ _ _ _ _ 
_ _ _ _ 

0
Before
++++++
++++++
++o+++
++r+++
ngide+
rridh+

t e a p o t 
l i m i t s 
c i r c l e 
c r u s o e 
_ _ _ _ _ _ _ _ 
_ _ _ _ 

After
++++++
++++++
++o+++
++r+++
ngide+
rridh+

t e a p o t 
l i m i t s 
c i r c l e 
c r u s o e 
_ _ _ _ _ _ _ _ 
_ _ _ _ 

0
Before
++++++
++++++
++++r+
++++u+
ngios+
rrieh+

t e a p o t 
l i m i t s 
c i r c l e 
c o r d e d 
_ _ _ _ _ _ _ _ 
_ _ _ _ 

After
++++++
++++++
++++r+
++++u+
ngios+
rrieh+

t e a p o t 
l i m i t s 
c i r c l e 
c o r d e d 
_ _ _ _ _ _ _ _ 
_ _ _ _ 

0
Before
++++++
++++++
++++r+
++o+u+
ngi+s+
rrieh+

t e a p o t 
l i m i t s 
c i r c l e 
c o r d e d 
_ _ _ _ _ _ _ _ 
_ _ _ _ 

After
++++++
++++++
++++r+
++o+u+
ngi+s+
rrieh+

t e a p o t 
l i m i t s 
c i r c l e 
c o r d e d 
_ _ _ _ _ _ _ _ 
_ _ _ _ 

0
Before
++++++
++++++
++++e+
++o+r+
n+rdu+
rgids+

t e a p o t 
l i m i t s 
c i r c l e 
c o h e i r 
_ _ _ _ _ _ _ _ 
_ _ _ _ 

After
++++++
++++++
++++e+
++o+r+
n+rdu+
rgids+

t e a p o t 
l i m i t s 
c i r c l e 
c o h e i r 
_ _ _ _ _ _ _ _ 
_ _ _ _ 

0
Before
++++++
++++++
++++e+
++++r+
ngodu+
rrids+

t e a p o t 
l i m i t s 
c i r c l e 
c o h e i r 
_ _ _ _ _ _ _ _ 
_ _ _ _ 

After
++++++
++++++
++++e+
++++r+
ngodu+
rrids+

t e a p o t 
l i m i t s 
c i r c l e 
c o h e i r 
_ _ _ _ _ _ _ _ 
_ _ _ _ 

0
Before
++++++
++++++
++++e+
++o+r+
n+rdu+
rgids+

t e a p o t 
l i m i t s 
c i r c l e 
c o h e i r 
_ _ _ _ _ _ _ _ 
_ _ _ _ 

After
++++++
++++++
++++e+
++o+r+
n+rdu+
rgids+

t e a p o t 
l i m i t s 
c i r c l e 
c o h e i r 
_ _ _ _ _ _ _ _ 
_ _ _ _ 

0
Before
++++++
++++++
+++d++
+++c++
ngios+
rrieh+

t e a p o t 
l i m i t s 
c i r c l e 
o r d u r e 
_ _ _ _ _ _ _ _ 
_ _ _ _ 

After
++++++
++++++
+++d++
+++c++
ngios+
rrieh+

t e a p o t 
l i m i t s 
c i r c l e 
o r d u r e 
_ _ _ _ _ _ _ _ 
_ _ _ _ 

0
Before
++++++
++++++
+++de+
+++dr+
n++cu+
rrioh+

t e a p o t 
l i m i t s 
c i r c l e 
o r g i e s 
_ _ _ _ _ _ _ _ 
_ _ _ _ 

After
++++++
++++++
+++de+
+++dr+
n++cu+
rrioh+

t e a p o t 
l i m i t s 
c i r c l e 
o r g i e s 
_ _ _ _ _ _ _ _ 
_ _ _ _ 

0
Before
++++++
++++++
+++de+
+++dr+
n++cu+
rrioh+

t e a p o t 
l i m i t s 
c i r c l e 
o r g i e s 
_ _ _ _ _ _ _ _ 
_ _ _ _ 

After
++++++
++++++
+++de+
+++dr+
n++cu+
rrioh+

t e a p o t 
l i m i t s 
c i r c l e 
o r g i e s 
_ _ _ _ _ _ _ _ 
_ _ _ _ 

0
Before
++++++
+++de+
+++dr+
+gocu+
nrros+
riieh+

t e a p o t 
l i m i t s 
c i r c l e 
_ _ _ _ _ _ 
_ _ _ _ _ _ _ _ 
_ _ _ _ 

After
++++++
+++de+
+++dr+
+gocu+
nrros+
riieh+

t e a p o t 
l i m i t s 
c i r c l e 
_ _ _ _ _ _ 
_ _ _ _ _ _ _ _ 
_ _ _ _ 

14
Before
++++++
++++++
++++++
+g++r+
nrrcu+
riies+

t e a p o t 
l i m i t s 
c i r c l e 
h o o d e d 
_ _ _ _ _ _ _ _ 
_ _ _ _ 

After
++++++
++++++
++++++
+g++r+
nrrcu+
riies+

t e a p o t 
l i m i t s 
c i r c l e 
h o o d e d 
_ _ _ _ _ _ _ _ 
_ _ _ _ 

0
Before
++++++
++++++
++++++
+g++e+
nrrdr+
riioh+

t e a p o t 
l i m i t s 
c i r c l e 
e s c u d o 
_ _ _ _ _ _ _ _ 
_ _ _ _ 

After
++++++
++++++
++++++
+g++e+
nrrdr+
riioh+

t e a p o t 
l i m i t s 
c i r c l e 
e s c u d o 
_ _ _ _ _ _ _ _ 
_ _ _ _ 

0
Before
++++++
++++e+
+++dr+
+++du+
++ocs+
r+ioh+

t e a p o t 
l i m i t s 
c i r c l e 
e r r i n g 
_ _ _ _ _ _ _ _ 
_ _ _ _ 

After
++++++
++++e+
+++dr+
+++du+
++ocs+
r+ioh+

t e a p o t 
l i m i t s 
c i r c l e 
e r r i n g 
_ _ _ _ _ _ _ _ 
_ _ _ _ 

0
Before
++++++
++++++
++++r+
+g++u+
nr+cs+
riioh+

t e a p o t 
l i m i t s 
c i r c l e 
e r o d e d 
_ _ _ _ _ _ _ _ 
_ _ _ _ 

After
++++++
++++++
++++r+
+g++u+
nr+cs+
riioh+

t e a p o t 
l i m i t s 
c i r c l e 
e r o d e d 
_ _ _ _ _ _ _ _ 
_ _ _ _ 

0
Before
++++++
++++++
++++++
+god++
nrrc++
riieh+

t e a p o t 
l i m i t s 
c i r c l e 
s o u r e d 
_ _ _ _ _ _ _ _ 
_ _ _ _ 

After
++++++
++++++
++++++
+god++
nrrc++
riieh+

t e a p o t 
l i m i t s 
c i r c l e 
s o u r e d 
_ _ _ _ _ _ _ _ 
_ _ _ _ 

0
Before
++++++
++++++
++++++
+god++
nrrc++
riieh+

t e a p o t 
l i m i t s 
c i r c l e 
s o u r e d 
_ _ _ _ _ _ _ _ 
_ _ _ _ 

After
++++++
++++++
++++++
+god++
nrrc++
riieh+

t e a p o t 
l i m i t s 
c i r c l e 
s o u r e d 
_ _ _ _ _ _ _ _ 
_ _ _ _ 

0
Before
++++++
++++++
++++++
+go+++
nrrde+
riidh+

t e a p o t 
l i m i t s 
c i r c l e 
c r u s o e 
_ _ _ _ _ _ _ _ 
_ _ _ _ 

After
++++++
++++++
++++++
+go+++
nrrde+
riidh+

t e a p o t 
l i m i t s 
c i r c l e 
c r u s o e 
_ _ _ _ _ _ _ _ 
_ _ _ _ 

0
Before
++++++
++++e+
+++dr+
+++du+
++ros+
r+ieh+

t e a p o t 
l i m i t s 
c i r c l e 
c o r i n g 
_ _ _ _ _ _ _ _ 
_ _ _ _ 

After
++++++
++++e+
+++dr+
+++du+
++ros+
r+ieh+

t e a p o t 
l i m i t s 
c i r c l e 
c o r i n g 
_ _ _ _ _ _ _ _ 
_ _ _ _ 

0
Before
++++++
++++e+
+++dr+
+++du+
+++os+
rrieh+

t e a p o t 
l i m i t s 
c i r c l e 
c o r i n g 
_ _ _ _ _ _ _ _ 
_ _ _ _ 

After
++++++
++++e+
+++dr+
+++du+
+++os+
rrieh+

t e a p o t 
l i m i t s 
c i r c l e 
c o r i n g 
_ _ _ _ _ _ _ _ 
_ _ _ _ 

0
Before
++++++
++++e+
++++r+
+++du+
++ods+
rrieh+

t e a p o t 
l i m i t s 
c i r c l e 
c o r i n g 
_ _ _ _ _ _ _ _ 
_ _ _ _ 

After
++++++
++++e+
++++r+
+++du+
++ods+
rrieh+

t e a p o t 
l i m i t s 
c i r c l e 
c o r i n g 
_ _ _ _ _ _ _ _ 
_ _ _ _ 

0
Before
++++++
++++++
++++e+
++++r+
ngodu+
rirds+

t e a p o t 
l i m i t s 
c i r c l e 
c o h e i r 
_ _ _ _ _ _ _ _ 
_ _ _ _ 

After
++++++
++++++
++++e+
++++r+
ngodu+
rirds+

t e a p o t 
l i m i t s 
c i r c l e 
c o h e i r 
_ _ _ _ _ _ _ _ 
_ _ _ _ 

0
Before
++++++
++++++
++++e+
+g++r+
nr+du+
riods+

t e a p o t 
l i m i t s 
c i r c l e 
c o h e i r 
_ _ _ _ _ _ _ _ 
_ _ _ _ 

After
++++++
++++++
++++e+
+g++r+
nr+du+
riods+

t e a p o t 
l i m i t s 
c i r c l e 
c o h e i r 
_ _ _ _ _ _ _ _ 
_ _ _ _ 

0
Before
++++++
++++++
++++++
+++de+
nrodr+
riich+

t e a p o t 
l i m i t s 
c i r c l e 
g r o u s e 
_ _ _ _ _ _ _ _ 
_ _ _ _ 

After
++++++
++++++
++++++
+++de+
nrodr+
riich+

t e a p o t 
l i m i t s 
c i r c l e 
g r o u s e 
_ _ _ _ _ _ _ _ 
_ _ _ _ 

0
Before
++++++
++++++
+++d++
+g+d++
nroc++
riioe+

t e a p o t 
l i m i t s 
c i r c l e 
r u s h e r 
_ _ _ _ _ _ _ _ 
_ _ _ _ 

After
++++++
++++++
+++d++
+g+d++
nroc++
riioe+

t e a p o t 
l i m i t s 
c i r c l e 
r u s h e r 
_ _ _ _ _ _ _ _ 
_ _ _ _ 

0
Before
++++++
++++e+
++odr+
+grdu+
nrios+
riceh+

t e a p o t 
l i m i t s 
c l e r i c 
_ _ _ _ _ _ 
_ _ _ _ _ _ _ _ 
_ _ _ _ 

After
++++++
++++e+
++odr+
+grdu+
nrios+
riceh+

t e a p o t 
l i m i t s 
c l e r i c 
_ _ _ _ _ _ 
_ _ _ _ _ _ _ _ 
_ _ _ _ 

17
Before
++++++
++++++
++++e+
++++r+
ngodu+
rices+

t e a p o t 
l i m i t s 
c l e r i c 
h o r r i d 
_ _ _ _ _ _ _ _ 
_ _ _ _ 

After
++++++
++++++
++++e+
++++r+
ngodu+
rices+

t e a p o t 
l i m i t s 
c l e r i c 
h o r r i d 
_ _ _ _ _ _ _ _ 
_ _ _ _ 

0
Before
++++++
++++++
++++e+
++++r+
ngodu+
rirds+

t e a p o t 
l i m i t s 
c l e r i c 
c o h e i r 
_ _ _ _ _ _ _ _ 
_ _ _ _ 

After
++++++
++++++
++++e+
++++r+
ngodu+
rirds+

t e a p o t 
l i m i t s 
c l e r i c 
c o h e i r 
_ _ _ _ _ _ _ _ 
_ _ _ _ 

0
Before
++++++
++++++
++++e+
+g++r+
nr+du+
riods+

t e a p o t 
l i m i t s 
c l e r i c 
c o h e i r 
_ _ _ _ _ _ _ _ 
_ _ _ _ 

After
++++++
++++++
++++e+
+g++r+
nr+du+
riods+

t e a p o t 
l i m i t s 
c l e r i c 
c o h e i r 
_ _ _ _ _ _ _ _ 
_ _ _ _ 

0
Before
++++++
++++e+
++++r+
+++du+
++oos+
rrceh+

t e a p o t 
l i m i t s 
c l e r i c 
i n g r i d 
_ _ _ _ _ _ _ _ 
_ _ _ _ 

After
++++++
++++e+
++++r+
+++du+
++oos+
rrceh+

t e a p o t 
l i m i t s 
c l e r i c 
i n g r i d 
_ _ _ _ _ _ _ _ 
_ _ _ _ 

0
Before
++++++
++++e+
++++r+
++odu+
++ros+
r+ceh+

t e a p o t 
l i m i t s 
c l e r i c 
i n g r i d 
_ _ _ _ _ _ _ _ 
_ _ _ _ 

After
++++++
++++e+
++++r+
++odu+
++ros+
r+ceh+

t e a p o t 
l i m i t s 
c l e r i c 
i n g r i d 
_ _ _ _ _ _ _ _ 
_ _ _ _ 

0
Before
++++++
++++++
++o+++
+gr+++
nrid++
riceh+

t e a p o t 
l i m i t s 
c l e r i c 
s o u r e d 
_ _ _ _ _ _ _ _ 
_ _ _ _ 

After
++++++
++++++
++o+++
+gr+++
nrid++
riceh+

t e a p o t 
l i m i t s 
c l e r i c 
s o u r e d 
_ _ _ _ _ _ _ _ 
_ _ _ _ 

0
Before
++++++
++++++
++++++
+go+++
nrids+
riceh+

t e a p o t 
l i m i t s 
c l e r i c 
o r d u r e 
_ _ _ _ _ _ _ _ 
_ _ _ _ 

After
++++++
++++++
++++++
+go+++
nrids+
riceh+

t e a p o t 
l i m i t s 
c l e r i c 
o r d u r e 
_ _ _ _ _ _ _ _ 
_ _ _ _ 

0
Before
++++++
++++++
++++e+
++++r+
nrodu+
ricdh+

t e a p o t 
l i m i t s 
c l e r i c 
o r g i e s 
_ _ _ _ _ _ _ _ 
_ _ _ _ 

After
++++++
++++++
++++e+
++++r+
nrodu+
ricdh+

t e a p o t 
l i m i t s 
c l e r i c 
o r g i e s 
_ _ _ _ _ _ _ _ 
_ _ _ _ 

0
Before
++++++
++++++
++++++
+go+++
nrids+
riceh+

t e a p o t 
l i m i t s 
c l e r i c 
o r d u r e 
_ _ _ _ _ _ _ _ 
_ _ _ _ 

After
++++++
++++++
++++++
+go+++
nrids+
riceh+

t e a p o t 
l i m i t s 
c l e r i c 
o r d u r e 
_ _ _ _ _ _ _ _ 
_ _ _ _ 

0
Before
++++++
++++e+
++++r+
+++du+
++oos+
rrreh+

t e a p o t 
l i m i t s 
c l e r i c 
d i c i n g 
_ _ _ _ _ _ _ _ 
_ _ _ _ 

After
++++++
++++e+
++++r+
+++du+
++oos+
rrreh+

t e a p o t 
l i m i t s 
c l e r i c 
d i c i n g 
_ _ _ _ _ _ _ _ 
_ _ _ _ 

0
Before
++++++
++++++
++++++
+++du+
nroos+
riceh+

t e a p o t 
l i m i t s 
c l e r i c 
g i r d e r 
_ _ _ _ _ _ _ _ 
_ _ _ _ 

After
++++++
++++++
++++++
+++du+
nroos+
riceh+

t e a p o t 
l i m i t s 
c l e r i c 
g i r d e r 
_ _ _ _ _ _ _ _ 
_ _ _ _ 

0
Before
++++++
++++++
++++++
++o+e+
nridr+
ricdh+

t e a p o t 
l i m i t s 
c l e r i c 
g r o u s e 
_ _ _ _ _ _ _ _ 
_ _ _ _ 

After
++++++
++++++
++++++
++o+e+
nridr+
ricdh+

t e a p o t 
l i m i t s 
c l e r i c 
g r o u s e 
_ _ _ _ _ _ _ _ 
_ _ _ _ 

0
Before
++++++
++++++
++++++
+g++e+
nrrdr+
riceh+

t e a p o t 
l i m i t s 
c l e r i c 
o d i o u s 
_ _ _ _ _ _ _ _ 
_ _ _ _ 

After
++++++
++++++
++++++
+g++e+
nrrdr+
riceh+

t e a p o t 
l i m i t s 
c l e r i c 
o d i o u s 
_ _ _ _ _ _ _ _ 
_ _ _ _ 

0
Before
++++++
++++++
++++++
+g+d++
nrios+
riceh+

t e a p o t 
l i m i t s 
c l e r i c 
o r d u r e 
_ _ _ _ _ _ _ _ 
_ _ _ _ 

After
++++++
++++++
++++++
+g+d++
nrios+
riceh+

t e a p o t 
l i m i t s 
c l e r i c 
o r d u r e 
_ _ _ _ _ _ _ _ 
_ _ _ _ 

0
Before
++++++
++++++
++++e+
+++dr+
nr+du+
ricoh+

t e a p o t 
l i m i t s 
c l e r i c 
o r g i e s 
_ _ _ _ _ _ _ _ 
_ _ _ _ 

After
++++++
++++++
++++e+
+++dr+
nr+du+
ricoh+

t e a p o t 
l i m i t s 
c l e r i c 
o r g i e s 
_ _ _ _ _ _ _ _ 
_ _ _ _ 

0
Before
++++++
++++++
++++++
+g+d++
nrios+
riceh+

t e a p o t 
l i m i t s 
c l e r i c 
o r d u r e 
_ _ _ _ _ _ _ _ 
_ _ _ _ 

After
++++++
++++++
++++++
+g+d++
nrios+
riceh+

t e a p o t 
l i m i t s 
c l e r i c 
o r d u r e 
_ _ _ _ _ _ _ _ 
_ _ _ _ 

0
Before
++++++
++++++
++++++
+go+r+
nrr+u+
ricoh+

t e a p o t 
l i m i t s 
c l e r i c 
e d d i e s 
_ _ _ _ _ _ _ _ 
_ _ _ _ 

After
++++++
++++++
++++++
+go+r+
nrr+u+
ricoh+

t e a p o t 
l i m i t s 
c l e r i c 
e d d i e s 
_ _ _ _ _ _ _ _ 
_ _ _ _ 

0
Before
++++++
++++e+
++odr+
+grdu+
nrios+
riceh+

t e a p o t 
l i m i t s 
c l e r i c 
_ _ _ _ _ _ 
_ _ _ _ _ _ _ _ 
_ _ _ _ 

After
++++++
++++e+
++odr+
+grdu+
nrios+
riceh+

t e a p o t 
l i m i t s 
c l e r i c 
_ _ _ _ _ _ 
_ _ _ _ _ _ _ _ 
_ _ _ _ 

17
Before
++++++
++++++
++++e+
++++r+
ngodu+
rices+

t e a p o t 
l i m i t s 
c l e r i c 
h o r r i d 
_ _ _ _ _ _ _ _ 
_ _ _ _ 

After
++++++
++++++
++++e+
++++r+
ngodu+
rices+

t e a p o t 
l i m i t s 
c l e r i c 
h o r r i d 
_ _ _ _ _ _ _ _ 
_ _ _ _ 

0
Before
++++++
++++++
++++e+
++++r+
ngodu+
rirds+

t e a p o t 
l i m i t s 
c l e r i c 
c o h e i r 
_ _ _ _ _ _ _ _ 
_ _ _ _ 

After
++++++
++++++
++++e+
++++r+
ngodu+
rirds+

t e a p o t 
l i m i t s 
c l e r i c 
c o h e i r 
_ _ _ _ _ _ _ _ 
_ _ _ _ 

0
Before
++++++
++++++
++++e+
+g++r+
nr+du+
riods+

t e a p o t 
l i m i t s 
c l e r i c 
c o h e i r 
_ _ _ _ _ _ _ _ 
_ _ _ _ 

After
++++++
++++++
++++e+
+g++r+
nr+du+
riods+

t e a p o t 
l i m i t s 
c l e r i c 
c o h e i r 
_ _ _ _ _ _ _ _ 
_ _ _ _ 

0
Before
++++++
++++e+
++++r+
+++du+
++oos+
rrceh+

t e a p o t 
l i m i t s 
c l e r i c 
i n g r i d 
_ _ _ _ _ _ _ _ 
_ _ _ _ 

After
++++++
++++e+
++++r+
+++du+
++oos+
rrceh+

t e a p o t 
l i m i t s 
c l e r i c 
i n g r i d 
_ _ _ _ _ _ _ _ 
_ _ _ _ 

0
Before
++++++
++++e+
++++r+
++odu+
++ros+
r+ceh+

t e a p o t 
l i m i t s 
c l e r i c 
i n g r i d 
_ _ _ _ _ _ _ _ 
_ _ _ _ 

After
++++++
++++e+
++++r+
++odu+
++ros+
r+ceh+

t e a p o t 
l i m i t s 
c l e r i c 
i n g r i d 
_ _ _ _ _ _ _ _ 
_ _ _ _ 

0
Before
++++++
++++++
++o+++
+gr+++
nrid++
riceh+

t e a p o t 
l i m i t s 
c l e r i c 
s o u r e d 
_ _ _ _ _ _ _ _ 
_ _ _ _ 

After
++++++
++++++
++o+++
+gr+++
nrid++
riceh+

t e a p o t 
l i m i t s 
c l e r i c 
s o u r e d 
_ _ _ _ _ _ _ _ 
_ _ _ _ 

0
Before
++++++
++++++
++++++
+go+++
nrids+
riceh+

t e a p o t 
l i m i t s 
c l e r i c 
o r d u r e 
_ _ _ _ _ _ _ _ 
_ _ _ _ 

After
++++++
++++++
++++++
+go+++
nrids+
riceh+

t e a p o t 
l i m i t s 
c l e r i c 
o r d u r e 
_ _ _ _ _ _ _ _ 
_ _ _ _ 

0
Before
++++++
++++++
++++e+
++++r+
nrodu+
ricdh+

t e a p o t 
l i m i t s 
c l e r i c 
o r g i e s 
_ _ _ _ _ _ _ _ 
_ _ _ _ 

After
++++++
++++++
++++e+
++++r+
nrodu+
ricdh+

t e a p o t 
l i m i t s 
c l e r i c 
o r g i e s 
_ _ _ _ _ _ _ _ 
_ _ _ _ 

0
Before
++++++
++++++
++++++
+go+++
nrids+
riceh+

t e a p o t 
l i m i t s 
c l e r i c 
o r d u r e 
_ _ _ _ _ _ _ _ 
_ _ _ _ 

After
++++++
++++++
++++++
+go+++
nrids+
riceh+

t e a p o t 
l i m i t s 
c l e r i c 
o r d u r e 
_ _ _ _ _ _ _ _ 
_ _ _ _ 

0
Before
++++++
++++e+
++++r+
+++du+
++oos+
rrreh+

t e a p o t 
l i m i t s 
c l e r i c 
d i c i n g 
_ _ _ _ _ _ _ _ 
_ _ _ _ 

After
++++++
++++e+
++++r+
+++du+
++oos+
rrreh+

t e a p o t 
l i m i t s 
c l e r i c 
d i c i n g 
_ _ _ _ _ _ _ _ 
_ _ _ _ 

0
Before
++++++
++++++
++++++
+++du+
nroos+
riceh+

t e a p o t 
l i m i t s 
c l e r i c 
g i r d e r 
_ _ _ _ _ _ _ _ 
_ _ _ _ 

After
++++++
++++++
++++++
+++du+
nroos+
riceh+

t e a p o t 
l i m i t s 
c l e r i c 
g i r d e r 
_ _ _ _ _ _ _ _ 
_ _ _ _ 

0
Before
++++++
++++++
++++++
++o+e+
nridr+
ricdh+

t e a p o t 
l i m i t s 
c l e r i c 
g r o u s e 
_ _ _ _ _ _ _ _ 
_ _ _ _ 

After
++++++
++++++
++++++
++o+e+
nridr+
ricdh+

t e a p o t 
l i m i t s 
c l e r i c 
g r o u s e 
_ _ _ _ _ _ _ _ 
_ _ _ _ 

0
Before
++++++
++++++
++++++
+g++e+
nrrdr+
riceh+

t e a p o t 
l i m i t s 
c l e r i c 
o d i o u s 
_ _ _ _ _ _ _ _ 
_ _ _ _ 

After
++++++
++++++
++++++
+g++e+
nrrdr+
riceh+

t e a p o t 
l i m i t s 
c l e r i c 
o d i o u s 
_ _ _ _ _ _ _ _ 
_ _ _ _ 

0
Before
++++++
++++++
++++++
+g+d++
nrios+
riceh+

t e a p o t 
l i m i t s 
c l e r i c 
o r d u r e 
_ _ _ _ _ _ _ _ 
_ _ _ _ 

After
++++++
++++++
++++++
+g+d++
nrios+
riceh+

t e a p o t 
l i m i t s 
c l e r i c 
o r d u r e 
_ _ _ _ _ _ _ _ 
_ _ _ _ 

0
Before
++++++
++++++
++++e+
+++dr+
nr+du+
ricoh+

t e a p o t 
l i m i t s 
c l e r i c 
o r g i e s 
_ _ _ _ _ _ _ _ 
_ _ _ _ 

After
++++++
++++++
++++e+
+++dr+
nr+du+
ricoh+

t e a p o t 
l i m i t s 
c l e r i c 
o r g i e s 
_ _ _ _ _ _ _ _ 
_ _ _ _ 

0
Before
++++++
++++++
++++++
+g+d++
nrios+
riceh+

t e a p o t 
l i m i t s 
c l e r i c 
o r d u r e 
_ _ _ _ _ _ _ _ 
_ _ _ _ 

After
++++++
++++++
++++++
+g+d++
nrios+
riceh+

t e a p o t 
l i m i t s 
c l e r i c 
o r d u r e 
_ _ _ _ _ _ _ _ 
_ _ _ _ 

0
Before
++++++
++++++
++++++
+go+r+
nrr+u+
ricoh+

t e a p o t 
l i m i t s 
c l e r i c 
e d d i e s 
_ _ _ _ _ _ _ _ 
_ _ _ _ 

After
++++++
++++++
++++++
+go+r+
nrr+u+
ricoh+

t e a p o t 
l i m i t s 
c l e r i c 
e d d i e s 
_ _ _ _ _ _ _ _ 
_ _ _ _ 

0
Before
++++++
+++de+
+++dr+
+gocu+
nrros+
riieh+

t e a p o t 
l i m i t s 
c l e r i c 
_ _ _ _ _ _ 
_ _ _ _ _ _ _ _ 
_ _ _ _ 

After
++++++
+++de+
+++dr+
+gocu+
nrros+
riieh+

t e a p o t 
l i m i t s 
c l e r i c 
_ _ _ _ _ _ 
_ _ _ _ _ _ _ _ 
_ _ _ _ 

14
Before
++++++
++++++
++++++
+g++r+
nrrcu+
riies+

t e a p o t 
l i m i t s 
c l e r i c 
h o o d e d 
_ _ _ _ _ _ _ _ 
_ _ _ _ 

After
++++++
++++++
++++++
+g++r+
nrrcu+
riies+

t e a p o t 
l i m i t s 
c l e r i c 
h o o d e d 
_ _ _ _ _ _ _ _ 
_ _ _ _ 

0
Before
++++++
++++++
++++++
+g++e+
nrrdr+
riioh+

t e a p o t 
l i m i t s 
c l e r i c 
e s c u d o 
_ _ _ _ _ _ _ _ 
_ _ _ _ 

After
++++++
++++++
++++++
+g++e+
nrrdr+
riioh+

t e a p o t 
l i m i t s 
c l e r i c 
e s c u d o 
_ _ _ _ _ _ _ _ 
_ _ _ _ 

0
Before
++++++
++++e+
+++dr+
+++du+
++ocs+
r+ioh+

t e a p o t 
l i m i t s 
c l e r i c 
e r r i n g 
_ _ _ _ _ _ _ _ 
_ _ _ _ 

After
++++++
++++e+
+++dr+
+++du+
++ocs+
r+ioh+

t e a p o t 
l i m i t s 
c l e r i c 
e r r i n g 
_ _ _ _ _ _ _ _ 
_ _ _ _ 

0
Before
++++++
++++++
++++r+
+g++u+
nr+cs+
riioh+

t e a p o t 
l i m i t s 
c l e r i c 
e r o d e d 
_ _ _ _ _ _ _ _ 
_ _ _ _ 

After
++++++
++++++
++++r+
+g++u+
nr+cs+
riioh+

t e a p o t 
l i m i t s 
c l e r i c 
e r o d e d 
_ _ _ _ _ _ _ _ 
_ _ _ _ 

0
Before
++++++
++++++
++++++
+god++
nrrc++
riieh+

t e a p o t 
l i m i t s 
c l e r i c 
s o u r e d 
_ _ _ _ _ _ _ _ 
_ _ _ _ 

After
++++++
++++++
++++++
+god++
nrrc++
riieh+

t e a p o t 
l i m i t s 
c l e r i c 
s o u r e d 
_ _ _ _ _ _ _ _ 
_ _ _ _ 

0
Before
++++++
++++++
++++++
+god++
nrrc++
riieh+

t e a p o t 
l i m i t s 
c l e r i c 
s o u r e d 
_ _ _ _ _ _ _ _ 
_ _ _ _ 

After
++++++
++++++
++++++
+god++
nrrc++
riieh+

t e a p o t 
l i m i t s 
c l e r i c 
s o u r e d 
_ _ _ _ _ _ _ _ 
_ _ _ _ 

0
Before
++++++
++++++
++++++
+go+++
nrrde+
riidh+

t e a p o t 
l i m i t s 
c l e r i c 
c r u s o e 
_ _ _ _ _ _ _ _ 
_ _ _ _ 

After
++++++
++++++
++++++
+go+++
nrrde+
riidh+

t e a p o t 
l i m i t s 
c l e r i c 
c r u s o e 
_ _ _ _ _ _ _ _ 
_ _ _ _ 

0
Before
++++++
++++e+
+++dr+
+++du+
++ros+
r+ieh+

t e a p o t 
l i m i t s 
c l e r i c 
c o r i n g 
_ _ _ _ _ _ _ _ 
_ _ _ _ 

After
++++++
++++e+
+++dr+
+++du+
++ros+
r+ieh+

t e a p o t 
l i m i t s 
c l e r i c 
c o r i n g 
_ _ _ _ _ _ _ _ 
_ _ _ _ 

0
Before
++++++
++++e+
+++dr+
+++du+
+++os+
rrieh+

t e a p o t 
l i m i t s 
c l e r i c 
c o r i n g 
_ _ _ _ _ _ _ _ 
_ _ _ _ 

After
++++++
++++e+
+++dr+
+++du+
+++os+
rrieh+

t e a p o t 
l i m i t s 
c l e r i c 
c o r i n g 
_ _ _ _ _ _ _ _ 
_ _ _ _ 

0
Before
++++++
++++e+
++++r+
+++du+
++ods+
rrieh+

t e a p o t 
l i m i t s 
c l e r i c 
c o r i n g 
_ _ _ _ _ _ _ _ 
_ _ _ _ 

After
++++++
++++e+
++++r+
+++du+
++ods+
rrieh+

t e a p o t 
l i m i t s 
c l e r i c 
c o r i n g 
_ _ _ _ _ _ _ _ 
_ _ _ _ 

0
Before
++++++
++++++
++++e+
++++r+
ngodu+
rirds+

t e a p o t 
l i m i t s 
c l e r i c 
c o h e i r 
_ _ _ _ _ _ _ _ 
_ _ _ _ 

After
++++++
++++++
++++e+
++++r+
ngodu+
rirds+

t e a p o t 
l i m i t s 
c l e r i c 
c o h e i r 
_ _ _ _ _ _ _ _ 
_ _ _ _ 

0
Before
++++++
++++++
++++e+
+g++r+
nr+du+
riods+

t e a p o t 
l i m i t s 
c l e r i c 
c o h e i r 
_ _ _ _ _ _ _ _ 
_ _ _ _ 

After
++++++
++++++
++++e+
+g++r+
nr+du+
riods+

t e a p o t 
l i m i t s 
c l e r i c 
c o h e i r 
_ _ _ _ _ _ _ _ 
_ _ _ _ 

0
Before
++++++
++++++
++++++
+++de+
nrodr+
riich+

t e a p o t 
l i m i t s 
c l e r i c 
g r o u s e 
_ _ _ _ _ _ _ _ 
_ _ _ _ 

After
++++++
++++++
++++++
+++de+
nrodr+
riich+

t e a p o t 
l i m i t s 
c l e r i c 
g r o u s e 
_ _ _ _ _ _ _ _ 
_ _ _ _ 

0
Before
++++++
++++++
+++d++
+g+d++
nroc++
riioe+

t e a p o t 
l i m i t s 
c l e r i c 
r u s h e r 
_ _ _ _ _ _ _ _ 
_ _ _ _ 

After
++++++
++++++
+++d++
+g+d++
nroc++
riioe+

t e a p o t 
l i m i t s 
c l e r i c 
r u s h e r 
_ _ _ _ _ _ _ _ 
_ _ _ _ 

0
Before
++++++
+++de+
++odr+
++rcu+
ngios+
rrieh+

t e a p o t 
l i m i t s 
c l e r i c 
_ _ _ _ _ _ 
_ _ _ _ _ _ _ _ 
_ _ _ _ 

After
++++++
+++de+
++odr+
++rcu+
ngios+
rrieh+

t e a p o t 
l i m i t s 
c l e r i c 
_ _ _ _ _ _ 
_ _ _ _ _ _ _ _ 
_ _ _ _ 

18
Before
++++++
++++++
++++++
++r+e+
ngidr+
rrioh+

t e a p o t 
l i m i t s 
c l e r i c 
e s c u d o 
_ _ _ _ _ _ _ _ 
_ _ _ _ 

After
++++++
++++++
++++++
++r+e+
ngidr+
rrioh+

t e a p o t 
l i m i t s 
c l e r i c 
e s c u d o 
_ _ _ _ _ _ _ _ 
_ _ _ _ 

0
Before
++++++
++++++
++o+++
++rd++
ngic++
rrieh+

t e a p o t 
l i m i t s 
c l e r i c 
s o u r e d 
_ _ _ _ _ _ _ _ 
_ _ _ _ 

After
++++++
++++++
++o+++
++rd++
ngic++
rrieh+

t e a p o t 
l i m i t s 
c l e r i c 
s o u r e d 
_ _ _ _ _ _ _ _ 
_ _ _ _ 

0
Before
++++++
++++++
++o+++
++rd++
ngic++
rrieh+

t e a p o t 
l i m i t s 
c l e r i c 
s o u r e d 
_ _ _ _ _ _ _ _ 
_ _ _ _ 

After
++++++
++++++
++o+++
++rd++
ngic++
rrieh+

t e a p o t 
l i m i t s 
c l e r i c 
s o u r e d 
_ _ _ _ _ _ _ _ 
_ _ _ _ 

0
Before
++++++
++++++
++++++
++od++
ngics+
rrieh+

t e a p o t 
l i m i t s 
c l e r i c 
o r d u r e 
_ _ _ _ _ _ _ _ 
_ _ _ _ 

After
++++++
++++++
++++++
++od++
ngics+
rrieh+

t e a p o t 
l i m i t s 
c l e r i c 
o r d u r e 
_ _ _ _ _ _ _ _ 
_ _ _ _ 

0
Before
++++++
++++++
++++e+
+++dr+
n+odu+
rrich+

t e a p o t 
l i m i t s 
c l e r i c 
o r g i e s 
_ _ _ _ _ _ _ _ 
_ _ _ _ 

After
++++++
++++++
++++e+
+++dr+
n+odu+
rrich+

t e a p o t 
l i m i t s 
c l e r i c 
o r g i e s 
_ _ _ _ _ _ _ _ 
_ _ _ _ 

0
Before
++++++
++++++
++++e+
+++dr+
n+odu+
rrich+

t e a p o t 
l i m i t s 
c l e r i c 
o r g i e s 
_ _ _ _ _ _ _ _ 
_ _ _ _ 

After
++++++
++++++
++++e+
+++dr+
n+odu+
rrich+

t e a p o t 
l i m i t s 
c l e r i c 
o r g i e s 
_ _ _ _ _ _ _ _ 
_ _ _ _ 

0
Before
++++++
++++++
++++++
++ode+
n+idr+
rrich+

t e a p o t 
l i m i t s 
c l e r i c 
g r o u s e 
_ _ _ _ _ _ _ _ 
_ _ _ _ 

After
++++++
++++++
++++++
++ode+
n+idr+
rrich+

t e a p o t 
l i m i t s 
c l e r i c 
g r o u s e 
_ _ _ _ _ _ _ _ 
_ _ _ _ 

0
Before
++++++
++++++
++++r+
+++cu+
n+oos+
rrieh+

t e a p o t 
l i m i t s 
c l e r i c 
g i r d e d 
_ _ _ _ _ _ _ _ 
_ _ _ _ 

After
++++++
++++++
++++r+
+++cu+
n+oos+
rrieh+

t e a p o t 
l i m i t s 
c l e r i c 
g i r d e d 
_ _ _ _ _ _ _ _ 
_ _ _ _ 

0
Before
++++++
++++++
+++d++
+++cu+
n+oos+
rrieh+

t e a p o t 
l i m i t s 
c l e r i c 
g i r d e r 
_ _ _ _ _ _ _ _ 
_ _ _ _ 

After
++++++
++++++
+++d++
+++cu+
n+oos+
rrieh+

t e a p o t 
l i m i t s 
c l e r i c 
g i r d e r 
_ _ _ _ _ _ _ _ 
_ _ _ _ 

0
Before
++++++
++++++
++o+++
++r+++
ngide+
rridh+

t e a p o t 
l i m i t s 
c l e r i c 
c r u s o e 
_ _ _ _ _ _ _ _ 
_ _ _ _ 

After
++++++
++++++
++o+++
++r+++
ngide+
rridh+

t e a p o t 
l i m i t s 
c l e r i c 
c r u s o e 
_ _ _ _ _ _ _ _ 
_ _ _ _ 

0
Before
++++++
++++++
++++r+
++++u+
ngios+
rrieh+

t e a p o t 
l i m i t s 
c l e r i c 
c o r d e d 
_ _ _ _ _ _ _ _ 
_ _ _ _ 

After
++++++
++++++
++++r+
++++u+
ngios+
rrieh+

t e a p o t 
l i m i t s 
c l e r i c 
c o r d e d 
_ _ _ _ _ _ _ _ 
_ _ _ _ 

0
Before
++++++
++++++
++++r+
++o+u+
ngi+s+
rrieh+

t e a p o t 
l i m i t s 
c l e r i c 
c o r d e d 
_ _ _ _ _ _ _ _ 
_ _ _ _ 

After
++++++
++++++
++++r+
++o+u+
ngi+s+
rrieh+

t e a p o t 
l i m i t s 
c l e r i c 
c o r d e d 
_ _ _ _ _ _ _ _ 
_ _ _ _ 

0
Before
++++++
++++++
++++e+
++o+r+
n+rdu+
rgids+

t e a p o t 
l i m i t s 
c l e r i c 
c o h e i r 
_ _ _ _ _ _ _ _ 
_ _ _ _ 

After
++++++
++++++
++++e+
++o+r+
n+rdu+
rgids+

t e a p o t 
l i m i t s 
c l e r i c 
c o h e i r 
_ _ _ _ _ _ _ _ 
_ _ _ _ 

0
Before
++++++
++++++
++++e+
++++r+
ngodu+
rrids+

t e a p o t 
l i m i t s 
c l e r i c 
c o h e i r 
_ _ _ _ _ _ _ _ 
_ _ _ _ 

After
++++++
++++++
++++e+
++++r+
ngodu+
rrids+

t e a p o t 
l i m i t s 
c l e r i c 
c o h e i r 
_ _ _ _ _ _ _ _ 
_ _ _ _ 

0
Before
++++++
++++++
++++e+
++o+r+
n+rdu+
rgids+

t e a p o t 
l i m i t s 
c l e r i c 
c o h e i r 
_ _ _ _ _ _ _ _ 
_ _ _ _ 

After
++++++
++++++
++++e+
++o+r+
n+rdu+
rgids+

t e a p o t 
l i m i t s 
c l e r i c 
c o h e i r 
_ _ _ _ _ _ _ _ 
_ _ _ _ 

0
Before
++++++
++++++
+++d++
+++c++
ngios+
rrieh+

t e a p o t 
l i m i t s 
c l e r i c 
o r d u r e 
_ _ _ _ _ _ _ _ 
_ _ _ _ 

After
++++++
++++++
+++d++
+++c++
ngios+
rrieh+

t e a p o t 
l i m i t s 
c l e r i c 
o r d u r e 
_ _ _ _ _ _ _ _ 
_ _ _ _ 

0
Before
++++++
++++++
+++de+
+++dr+
n++cu+
rrioh+

t e a p o t 
l i m i t s 
c l e r i c 
o r g i e s 
_ _ _ _ _ _ _ _ 
_ _ _ _ 

After
++++++
++++++
+++de+
+++dr+
n++cu+
rrioh+

t e a p o t 
l i m i t s 
c l e r i c 
o r g i e s 
_ _ _ _ _ _ _ _ 
_ _ _ _ 

0
Before
++++++
++++++
+++de+
+++dr+
n++cu+
rrioh+

t e a p o t 
l i m i t s 
c l e r i c 
o r g i e s 
_ _ _ _ _ _ _ _ 
_ _ _ _ 

After
++++++
++++++
+++de+
+++dr+
n++cu+
rrioh+

t e a p o t 
l i m i t s 
c l e r i c 
o r g i e s 
_ _ _ _ _ _ _ _ 
_ _ _ _ 

0
Before
++++++
++++e+
++odr+
+grdu+
nrios+
riceh+

t e a p o t 
l i m i t s 
c l e r i c 
_ _ _ _ _ _ 
_ _ _ _ _ _ _ _ 
_ _ _ _ 

After
++++++
++++e+
++odr+
+grdu+
nrios+
riceh+

t e a p o t 
l i m i t s 
c l e r i c 
_ _ _ _ _ _ 
_ _ _ _ _ _ _ _ 
_ _ _ _ 

17
Before
++++++
++++++
++++e+
++++r+
ngodu+
rices+

t e a p o t 
l i m i t s 
c l e r i c 
h o r r i d 
_ _ _ _ _ _ _ _ 
_ _ _ _ 

After
++++++
++++++
++++e+
++++r+
ngodu+
rices+

t e a p o t 
l i m i t s 
c l e r i c 
h o r r i d 
_ _ _ _ _ _ _ _ 
_ _ _ _ 

0
Before
++++++
++++++
++++e+
++++r+
ngodu+
rirds+

t e a p o t 
l i m i t s 
c l e r i c 
c o h e i r 
_ _ _ _ _ _ _ _ 
_ _ _ _ 

After
++++++
++++++
++++e+
++++r+
ngodu+
rirds+

t e a p o t 
l i m i t s 
c l e r i c 
c o h e i r 
_ _ _ _ _ _ _ _ 
_ _ _ _ 

0
Before
++++++
++++++
++++e+
+g++r+
nr+du+
riods+

t e a p o t 
l i m i t s 
c l e r i c 
c o h e i r 
_ _ _ _ _ _ _ _ 
_ _ _ _ 

After
++++++
++++++
++++e+
+g++r+
nr+du+
riods+

t e a p o t 
l i m i t s 
c l e r i c 
c o h e i r 
_ _ _ _ _ _ _ _ 
_ _ _ _ 

0
Before
++++++
++++e+
++++r+
+++du+
++oos+
rrceh+

t e a p o t 
l i m i t s 
c l e r i c 
i n g r i d 
_ _ _ _ _ _ _ _ 
_ _ _ _ 

After
++++++
++++e+
++++r+
+++du+
++oos+
rrceh+

t e a p o t 
l i m i t s 
c l e r i c 
i n g r i d 
_ _ _ _ _ _ _ _ 
_ _ _ _ 

0
Before
++++++
++++e+
++++r+
++odu+
++ros+
r+ceh+

t e a p o t 
l i m i t s 
c l e r i c 
i n g r i d 
_ _ _ _ _ _ _ _ 
_ _ _ _ 

After
++++++
++++e+
++++r+
++odu+
++ros+
r+ceh+

t e a p o t 
l i m i t s 
c l e r i c 
i n g r i d 
_ _ _ _ _ _ _ _ 
_ _ _ _ 

0
Before
++++++
++++++
++o+++
+gr+++
nrid++
riceh+

t e a p o t 
l i m i t s 
c l e r i c 
s o u r e d 
_ _ _ _ _ _ _ _ 
_ _ _ _ 

After
++++++
++++++
++o+++
+gr+++
nrid++
riceh+

t e a p o t 
l i m i t s 
c l e r i c 
s o u r e d 
_ _ _ _ _ _ _ _ 
_ _ _ _ 

0
Before
++++++
++++++
++++++
+go+++
nrids+
riceh+

t e a p o t 
l i m i t s 
c l e r i c 
o r d u r e 
_ _ _ _ _ _ _ _ 
_ _ _ _ 

After
++++++
++++++
++++++
+go+++
nrids+
riceh+

t e a p o t 
l i m i t s 
c l e r i c 
o r d u r e 
_ _ _ _ _ _ _ _ 
_ _ _ _ 

0
Before
++++++
++++++
++++e+
++++r+
nrodu+
ricdh+

t e a p o t 
l i m i t s 
c l e r i c 
o r g i e s 
_ _ _ _ _ _ _ _ 
_ _ _ _ 

After
++++++
++++++
++++e+
++++r+
nrodu+
ricdh+

t e a p o t 
l i m i t s 
c l e r i c 
o r g i e s 
_ _ _ _ _ _ _ _ 
_ _ _ _ 

0
Before
++++++
++++++
++++++
+go+++
nrids+
riceh+

t e a p o t 
l i m i t s 
c l e r i c 
o r d u r e 
_ _ _ _ _ _ _ _ 
_ _ _ _ 

After
++++++
++++++
++++++
+go+++
nrids+
riceh+

t e a p o t 
l i m i t s 
c l e r i c 
o r d u r e 
_ _ _ _ _ _ _ _ 
_ _ _ _ 

0
Before
++++++
++++e+
++++r+
+++du+
++oos+
rrreh+

t e a p o t 
l i m i t s 
c l e r i c 
d i c i n g 
_ _ _ _ _ _ _ _ 
_ _ _ _ 

After
++++++
++++e+
++++r+
+++du+
++oos+
rrreh+

t e a p o t 
l i m i t s 
c l e r i c 
d i c i n g 
_ _ _ _ _ _ _ _ 
_ _ _ _ 

0
Before
++++++
++++++
++++++
+++du+
nroos+
riceh+

t e a p o t 
l i m i t s 
c l e r i c 
g i r d e r 
_ _ _ _ _ _ _ _ 
_ _ _ _ 

After
++++++
++++++
++++++
+++du+
nroos+
riceh+

t e a p o t 
l i m i t s 
c l e r i c 
g i r d e r 
_ _ _ _ _ _ _ _ 
_ _ _ _ 

0
Before
++++++
++++++
++++++
++o+e+
nridr+
ricdh+

t e a p o t 
l i m i t s 
c l e r i c 
g r o u s e 
_ _ _ _ _ _ _ _ 
_ _ _ _ 

After
++++++
++++++
++++++
++o+e+
nridr+
ricdh+

t e a p o t 
l i m i t s 
c l e r i c 
g r o u s e 
_ _ _ _ _ _ _ _ 
_ _ _ _ 

0
Before
++++++
++++++
++++++
+g++e+
nrrdr+
riceh+

t e a p o t 
l i m i t s 
c l e r i c 
o d i o u s 
_ _ _ _ _ _ _ _ 
_ _ _ _ 

After
++++++
++++++
++++++
+g++e+
nrrdr+
riceh+

t e a p o t 
l i m i t s 
c l e r i c 
o d i o u s 
_ _ _ _ _ _ _ _ 
_ _ _ _ 

0
Before
++++++
++++++
++++++
+g+d++
nrios+
riceh+

t e a p o t 
l i m i t s 
c l e r i c 
o r d u r e 
_ _ _ _ _ _ _ _ 
_ _ _ _ 

After
++++++
++++++
++++++
+g+d++
nrios+
riceh+

t e a p o t 
l i m i t s 
c l e r i c 
o r d u r e 
_ _ _ _ _ _ _ _ 
_ _ _ _ 

0
Before
++++++
++++++
++++e+
+++dr+
nr+du+
ricoh+

t e a p o t 
l i m i t s 
c l e r i c 
o r g i e s 
_ _ _ _ _ _ _ _ 
_ _ _ _ 

After
++++++
++++++
++++e+
+++dr+
nr+du+
ricoh+

t e a p o t 
l i m i t s 
c l e r i c 
o r g i e s 
_ _ _ _ _ _ _ _ 
_ _ _ _ 

0
Before
++++++
++++++
++++++
+g+d++
nrios+
riceh+

t e a p o t 
l i m i t s 
c l e r i c 
o r d u r e 
_ _ _ _ _ _ _ _ 
_ _ _ _ 

After
++++++
++++++
++++++
+g+d++
nrios+
riceh+

t e a p o t 
l i m i t s 
c l e r i c 
o r d u r e 
_ _ _ _ _ _ _ _ 
_ _ _ _ 

0
Before
++++++
++++++
++++++
+go+r+
nrr+u+
ricoh+

t e a p o t 
l i m i t s 
c l e r i c 
e d d i e s 
_ _ _ _ _ _ _ _ 
_ _ _ _ 

After
++++++
++++++
++++++
+go+r+
nrr+u+
ricoh+

t e a p o t 
l i m i t s 
c l e r i c 
e d d i e s 
_ _ _ _ _ _ _ _ 
_ _ _ _ 

0
Before
++++++
+++de+
+++dr+
+gocu+
nrros+
riieh+

t e a p o t 
l i m i t s 
c l e r i c 
_ _ _ _ _ _ 
_ _ _ _ _ _ _ _ 
_ _ _ _ 

After
++++++
+++de+
+++dr+
+gocu+
nrros+
riieh+

t e a p o t 
l i m i t s 
c l e r i c 
_ _ _ _ _ _ 
_ _ _ _ _ _ _ _ 
_ _ _ _ 

14
Before
++++++
++++++
++++++
+g++r+
nrrcu+
riies+

t e a p o t 
l i m i t s 
c l e r i c 
h o o d e d 
_ _ _ _ _ _ _ _ 
_ _ _ _ 

After
++++++
++++++
++++++
+g++r+
nrrcu+
riies+

t e a p o t 
l i m i t s 
c l e r i c 
h o o d e d 
_ _ _ _ _ _ _ _ 
_ _ _ _ 

0
Before
++++++
++++++
++++++
+g++e+
nrrdr+
riioh+

t e a p o t 
l i m i t s 
c l e r i c 
e s c u d o 
_ _ _ _ _ _ _ _ 
_ _ _ _ 

After
++++++
++++++
++++++
+g++e+
nrrdr+
riioh+

t e a p o t 
l i m i t s 
c l e r i c 
e s c u d o 
_ _ _ _ _ _ _ _ 
_ _ _ _ 

0
Before
++++++
++++e+
+++dr+
+++du+
++ocs+
r+ioh+

t e a p o t 
l i m i t s 
c l e r i c 
e r r i n g 
_ _ _ _ _ _ _ _ 
_ _ _ _ 

After
++++++
++++e+
+++dr+
+++du+
++ocs+
r+ioh+

t e a p o t 
l i m i t s 
c l e r i c 
e r r i n g 
_ _ _ _ _ _ _ _ 
_ _ _ _ 

0
Before
++++++
++++++
++++r+
+g++u+
nr+cs+
riioh+

t e a p o t 
l i m i t s 
c l e r i c 
e r o d e d 
_ _ _ _ _ _ _ _ 
_ _ _ _ 

After
++++++
++++++
++++r+
+g++u+
nr+cs+
riioh+

t e a p o t 
l i m i t s 
c l e r i c 
e r o d e d 
_ _ _ _ _ _ _ _ 
_ _ _ _ 

0
Before
++++++
++++++
++++++
+god++
nrrc++
riieh+

t e a p o t 
l i m i t s 
c l e r i c 
s o u r e d 
_ _ _ _ _ _ _ _ 
_ _ _ _ 

After
++++++
++++++
++++++
+god++
nrrc++
riieh+

t e a p o t 
l i m i t s 
c l e r i c 
s o u r e d 
_ _ _ _ _ _ _ _ 
_ _ _ _ 

0
Before
++++++
++++++
++++++
+god++
nrrc++
riieh+

t e a p o t 
l i m i t s 
c l e r i c 
s o u r e d 
_ _ _ _ _ _ _ _ 
_ _ _ _ 

After
++++++
++++++
++++++
+god++
nrrc++
riieh+

t e a p o t 
l i m i t s 
c l e r i c 
s o u r e d 
_ _ _ _ _ _ _ _ 
_ _ _ _ 

0
Before
++++++
++++++
++++++
+go+++
nrrde+
riidh+

t e a p o t 
l i m i t s 
c l e r i c 
c r u s o e 
_ _ _ _ _ _ _ _ 
_ _ _ _ 

After
++++++
++++++
++++++
+go+++
nrrde+
riidh+

t e a p o t 
l i m i t s 
c l e r i c 
c r u s o e 
_ _ _ _ _ _ _ _ 
_ _ _ _ 

0
Before
++++++
++++e+
+++dr+
+++du+
++ros+
r+ieh+

t e a p o t 
l i m i t s 
c l e r i c 
c o r i n g 
_ _ _ _ _ _ _ _ 
_ _ _ _ 

After
++++++
++++e+
+++dr+
+++du+
++ros+
r+ieh+

t e a p o t 
l i m i t s 
c l e r i c 
c o r i n g 
_ _ _ _ _ _ _ _ 
_ _ _ _ 

0
Before
++++++
++++e+
+++dr+
+++du+
+++os+
rrieh+

t e a p o t 
l i m i t s 
c l e r i c 
c o r i n g 
_ _ _ _ _ _ _ _ 
_ _ _ _ 

After
++++++
++++e+
+++dr+
+++du+
+++os+
rrieh+

t e a p o t 
l i m i t s 
c l e r i c 
c o r i n g 
_ _ _ _ _ _ _ _ 
_ _ _ _ 

0
Before
++++++
++++e+
++++r+
+++du+
++ods+
rrieh+

t e a p o t 
l i m i t s 
c l e r i c 
c o r i n g 
_ _ _ _ _ _ _ _ 
_ _ _ _ 

After
++++++
++++e+
++++r+
+++du+
++ods+
rrieh+

t e a p o t 
l i m i t s 
c l e r i c 
c o r i n g 
_ _ _ _ _ _ _ _ 
_ _ _ _ 

0
Before
++++++
++++++
++++e+
++++r+
ngodu+
rirds+

t e a p o t 
l i m i t s 
c l e r i c 
c o h e i r 
_ _ _ _ _ _ _ _ 
_ _ _ _ 

After
++++++
++++++
++++e+
++++r+
ngodu+
rirds+

t e a p o t 
l i m i t s 
c l e r i c 
c o h e i r 
_ _ _ _ _ _ _ _ 
_ _ _ _ 

0
Before
++++++
++++++
++++e+
+g++r+
nr+du+
riods+

t e a p o t 
l i m i t s 
c l e r i c 
c o h e i r 
_ _ _ _ _ _ _ _ 
_ _ _ _ 

After
++++++
++++++
++++e+
+g++r+
nr+du+
riods+

t e a p o t 
l i m i t s 
c l e r i c 
c o h e i r 
_ _ _ _ _ _ _ _ 
_ _ _ _ 

0
Before
++++++
++++++
++++++
+++de+
nrodr+
riich+

t e a p o t 
l i m i t s 
c l e r i c 
g r o u s e 
_ _ _ _ _ _ _ _ 
_ _ _ _ 

After
++++++
++++++
++++++
+++de+
nrodr+
riich+

t e a p o t 
l i m i t s 
c l e r i c 
g r o u s e 
_ _ _ _ _ _ _ _ 
_ _ _ _ 

0
Before
++++++
++++++
+++d++
+g+d++
nroc++
riioe+

t e a p o t 
l i m i t s 
c l e r i c 
r u s h e r 
_ _ _ _ _ _ _ _ 
_ _ _ _ 

After
++++++
++++++
+++d++
+g+d++
nroc++
riioe+

t e a p o t 
l i m i t s 
c l e r i c 
r u s h e r 
_ _ _ _ _ _ _ _ 
_ _ _ _ 

0
Before
++++++
++++e+
++odr+
+grdu+
nrios+
riceh+

t e a p o t 
l i m i t s 
c l e r i c 
_ _ _ _ _ _ 
_ _ _ _ _ _ _ _ 
_ _ _ _ 

After
++++++
++++e+
++odr+
+grdu+
nrios+
riceh+

t e a p o t 
l i m i t s 
c l e r i c 
_ _ _ _ _ _ 
_ _ _ _ _ _ _ _ 
_ _ _ _ 

17
Before
++++++
++++++
++++e+
++++r+
ngodu+
rices+

t e a p o t 
l i m i t s 
c l e r i c 
h o r r i d 
_ _ _ _ _ _ _ _ 
_ _ _ _ 

After
++++++
++++++
++++e+
++++r+
ngodu+
rices+

t e a p o t 
l i m i t s 
c l e r i c 
h o r r i d 
_ _ _ _ _ _ _ _ 
_ _ _ _ 

0
Before
++++++
++++++
++++e+
++++r+
ngodu+
rirds+

t e a p o t 
l i m i t s 
c l e r i c 
c o h e i r 
_ _ _ _ _ _ _ _ 
_ _ _ _ 

After
++++++
++++++
++++e+
++++r+
ngodu+
rirds+

t e a p o t 
l i m i t s 
c l e r i c 
c o h e i r 
_ _ _ _ _ _ _ _ 
_ _ _ _ 

0
Before
++++++
++++++
++++e+
+g++r+
nr+du+
riods+

t e a p o t 
l i m i t s 
c l e r i c 
c o h e i r 
_ _ _ _ _ _ _ _ 
_ _ _ _ 

After
++++++
++++++
++++e+
+g++r+
nr+du+
riods+

t e a p o t 
l i m i t s 
c l e r i c 
c o h e i r 
_ _ _ _ _ _ _ _ 
_ _ _ _ 

0
Before
++++++
++++e+
++++r+
+++du+
++oos+
rrceh+

t e a p o t 
l i m i t s 
c l e r i c 
i n g r i d 
_ _ _ _ _ _ _ _ 
_ _ _ _ 

After
++++++
++++e+
++++r+
+++du+
++oos+
rrceh+

t e a p o t 
l i m i t s 
c l e r i c 
i n g r i d 
_ _ _ _ _ _ _ _ 
_ _ _ _ 

0
Before
++++++
++++e+
++++r+
++odu+
++ros+
r+ceh+

t e a p o t 
l i m i t s 
c l e r i c 
i n g r i d 
_ _ _ _ _ _ _ _ 
_ _ _ _ 

After
++++++
++++e+
++++r+
++odu+
++ros+
r+ceh+

t e a p o t 
l i m i t s 
c l e r i c 
i n g r i d 
_ _ _ _ _ _ _ _ 
_ _ _ _ 

0
Before
++++++
++++++
++o+++
+gr+++
nrid++
riceh+

t e a p o t 
l i m i t s 
c l e r i c 
s o u r e d 
_ _ _ _ _ _ _ _ 
_ _ _ _ 

After
++++++
++++++
++o+++
+gr+++
nrid++
riceh+

t e a p o t 
l i m i t s 
c l e r i c 
s o u r e d 
_ _ _ _ _ _ _ _ 
_ _ _ _ 

0
Before
++++++
++++++
++++++
+go+++
nrids+
riceh+

t e a p o t 
l i m i t s 
c l e r i c 
o r d u r e 
_ _ _ _ _ _ _ _ 
_ _ _ _ 

After
++++++
++++++
++++++
+go+++
nrids+
riceh+

t e a p o t 
l i m i t s 
c l e r i c 
o r d u r e 
_ _ _ _ _ _ _ _ 
_ _ _ _ 

0
Before
++++++
++++++
++++e+
++++r+
nrodu+
ricdh+

t e a p o t 
l i m i t s 
c l e r i c 
o r g i e s 
_ _ _ _ _ _ _ _ 
_ _ _ _ 

After
++++++
++++++
++++e+
++++r+
nrodu+
ricdh+

t e a p o t 
l i m i t s 
c l e r i c 
o r g i e s 
_ _ _ _ _ _ _ _ 
_ _ _ _ 

0
Before
++++++
++++++
++++++
+go+++
nrids+
riceh+

t e a p o t 
l i m i t s 
c l e r i c 
o r d u r e 
_ _ _ _ _ _ _ _ 
_ _ _ _ 

After
++++++
++++++
++++++
+go+++
nrids+
riceh+

t e a p o t 
l i m i t s 
c l e r i c 
o r d u r e 
_ _ _ _ _ _ _ _ 
_ _ _ _ 

0
Before
++++++
++++e+
++++r+
+++du+
++oos+
rrreh+

t e a p o t 
l i m i t s 
c l e r i c 
d i c i n g 
_ _ _ _ _ _ _ _ 
_ _ _ _ 

After
++++++
++++e+
++++r+
+++du+
++oos+
rrreh+

t e a p o t 
l i m i t s 
c l e r i c 
d i c i n g 
_ _ _ _ _ _ _ _ 
_ _ _ _ 

0
Before
++++++
++++++
++++++
+++du+
nroos+
riceh+

t e a p o t 
l i m i t s 
c l e r i c 
g i r d e r 
_ _ _ _ _ _ _ _ 
_ _ _ _ 

After
++++++
++++++
++++++
+++du+
nroos+
riceh+

t e a p o t 
l i m i t s 
c l e r i c 
g i r d e r 
_ _ _ _ _ _ _ _ 
_ _ _ _ 

0
Before
++++++
++++++
++++++
++o+e+
nridr+
ricdh+

t e a p o t 
l i m i t s 
c l e r i c 
g r o u s e 
_ _ _ _ _ _ _ _ 
_ _ _ _ 

After
++++++
++++++
++++++
++o+e+
nridr+
ricdh+

t e a p o t 
l i m i t s 
c l e r i c 
g r o u s e 
_ _ _ _ _ _ _ _ 
_ _ _ _ 

0
Before
++++++
++++++
++++++
+g++e+
nrrdr+
riceh+

t e a p o t 
l i m i t s 
c l e r i c 
o d i o u s 
_ _ _ _ _ _ _ _ 
_ _ _ _ 

After
++++++
++++++
++++++
+g++e+
nrrdr+
riceh+

t e a p o t 
l i m i t s 
c l e r i c 
o d i o u s 
_ _ _ _ _ _ _ _ 
_ _ _ _ 

0
Before
++++++
++++++
++++++
+g+d++
nrios+
riceh+

t e a p o t 
l i m i t s 
c l e r i c 
o r d u r e 
_ _ _ _ _ _ _ _ 
_ _ _ _ 

After
++++++
++++++
++++++
+g+d++
nrios+
riceh+

t e a p o t 
l i m i t s 
c l e r i c 
o r d u r e 
_ _ _ _ _ _ _ _ 
_ _ _ _ 

0
Before
++++++
++++++
++++e+
+++dr+
nr+du+
ricoh+

t e a p o t 
l i m i t s 
c l e r i c 
o r g i e s 
_ _ _ _ _ _ _ _ 
_ _ _ _ 

After
++++++
++++++
++++e+
+++dr+
nr+du+
ricoh+

t e a p o t 
l i m i t s 
c l e r i c 
o r g i e s 
_ _ _ _ _ _ _ _ 
_ _ _ _ 

0
Before
++++++
++++++
++++++
+g+d++
nrios+
riceh+

t e a p o t 
l i m i t s 
c l e r i c 
o r d u r e 
_ _ _ _ _ _ _ _ 
_ _ _ _ 

After
++++++
++++++
++++++
+g+d++
nrios+
riceh+

t e a p o t 
l i m i t s 
c l e r i c 
o r d u r e 
_ _ _ _ _ _ _ _ 
_ _ _ _ 

0
Before
++++++
++++++
++++++
+go+r+
nrr+u+
ricoh+

t e a p o t 
l i m i t s 
c l e r i c 
e d d i e s 
_ _ _ _ _ _ _ _ 
_ _ _ _ 

After
++++++
++++++
++++++
+go+r+
nrr+u+
ricoh+

t e a p o t 
l i m i t s 
c l e r i c 
e d d i e s 
_ _ _ _ _ _ _ _ 
_ _ _ _ 

0
Before
++++++
n+o+++
rgr+++
erid++
lric++
ciceh+

t e a p o t 
l i m i t s 
s o u r e d 
_ _ _ _ _ _ 
_ _ _ _ _ _ _ _ 
_ _ _ _ 

After
++++++
n+o+++
rgr+++
erid++
lric++
ciceh+

t e a p o t 
l i m i t s 
s o u r e d 
_ _ _ _ _ _ 
_ _ _ _ _ _ _ _ 
_ _ _ _ 

13
Before
++++++
++++++
++o+++
++rd++
ngic++
rrieh+

t e a p o t 
l i m i t s 
s o u r e d 
c i r c l e 
_ _ _ _ _ _ _ _ 
_ _ _ _ 

After
++++++
++++++
++o+++
++rd++
ngic++
rrieh+

t e a p o t 
l i m i t s 
s o u r e d 
c i r c l e 
_ _ _ _ _ _ _ _ 
_ _ _ _ 

0
Before
++++++
++++++
++++++
+god++
nrrc++
riieh+

t e a p o t 
l i m i t s 
s o u r e d 
c i r c l e 
_ _ _ _ _ _ _ _ 
_ _ _ _ 

After
++++++
++++++
++++++
+god++
nrrc++
riieh+

t e a p o t 
l i m i t s 
s o u r e d 
c i r c l e 
_ _ _ _ _ _ _ _ 
_ _ _ _ 

0
Before
++++++
++++++
++o+++
+gr+++
nrid++
riceh+

t e a p o t 
l i m i t s 
s o u r e d 
c l e r i c 
_ _ _ _ _ _ _ _ 
_ _ _ _ 

After
++++++
++++++
++o+++
+gr+++
nrid++
riceh+

t e a p o t 
l i m i t s 
s o u r e d 
c l e r i c 
_ _ _ _ _ _ _ _ 
_ _ _ _ 

0
Before
++++++
++++++
++o+++
+gr+++
nrid++
riceh+

t e a p o t 
l i m i t s 
s o u r e d 
c l e r i c 
_ _ _ _ _ _ _ _ 
_ _ _ _ 

After
++++++
++++++
++o+++
+gr+++
nrid++
riceh+

t e a p o t 
l i m i t s 
s o u r e d 
c l e r i c 
_ _ _ _ _ _ _ _ 
_ _ _ _ 

0
Before
++++++
++++++
++++++
+god++
nrrc++
riieh+

t e a p o t 
l i m i t s 
s o u r e d 
c l e r i c 
_ _ _ _ _ _ _ _ 
_ _ _ _ 

After
++++++
++++++
++++++
+god++
nrrc++
riieh+

t e a p o t 
l i m i t s 
s o u r e d 
c l e r i c 
_ _ _ _ _ _ _ _ 
_ _ _ _ 

0
Before
++++++
++++++
++o+++
++rd++
ngic++
rrieh+

t e a p o t 
l i m i t s 
s o u r e d 
c l e r i c 
_ _ _ _ _ _ _ _ 
_ _ _ _ 

After
++++++
++++++
++o+++
++rd++
ngic++
rrieh+

t e a p o t 
l i m i t s 
s o u r e d 
c l e r i c 
_ _ _ _ _ _ _ _ 
_ _ _ _ 

0
Before
++++++
++++++
++o+++
+gr+++
nrid++
riceh+

t e a p o t 
l i m i t s 
s o u r e d 
c l e r i c 
_ _ _ _ _ _ _ _ 
_ _ _ _ 

After
++++++
++++++
++o+++
+gr+++
nrid++
riceh+

t e a p o t 
l i m i t s 
s o u r e d 
c l e r i c 
_ _ _ _ _ _ _ _ 
_ _ _ _ 

0
Before
++++++
++++++
++++++
+god++
nrrc++
riieh+

t e a p o t 
l i m i t s 
s o u r e d 
c l e r i c 
_ _ _ _ _ _ _ _ 
_ _ _ _ 

After
++++++
++++++
++++++
+god++
nrrc++
riieh+

t e a p o t 
l i m i t s 
s o u r e d 
c l e r i c 
_ _ _ _ _ _ _ _ 
_ _ _ _ 

0
Before
++++++
++++++
++o+++
+gr+++
nrid++
riceh+

t e a p o t 
l i m i t s 
s o u r e d 
c l e r i c 
_ _ _ _ _ _ _ _ 
_ _ _ _ 

After
++++++
++++++
++o+++
+gr+++
nrid++
riceh+

t e a p o t 
l i m i t s 
s o u r e d 
c l e r i c 
_ _ _ _ _ _ _ _ 
_ _ _ _ 

0
Before
++++++
++++++
++o+++
+gr+++
nrid++
riceh+

t e a p o t 
l i m i t s 
s o u r e d 
c i r c l e 
_ _ _ _ _ _ _ _ 
_ _ _ _ 

After
++++++
++++++
++o+++
+gr+++
nrid++
riceh+

t e a p o t 
l i m i t s 
s o u r e d 
c i r c l e 
_ _ _ _ _ _ _ _ 
_ _ _ _ 

0
Before
++++++
++++++
++o+++
+gr+++
nrid++
riceh+

t e a p o t 
l i m i t s 
s o u r e d 
c i r c l e 
_ _ _ _ _ _ _ _ 
_ _ _ _ 

After
++++++
++++++
++o+++
+gr+++
nrid++
riceh+

t e a p o t 
l i m i t s 
s o u r e d 
c i r c l e 
_ _ _ _ _ _ _ _ 
_ _ _ _ 

0
Before
++++++
++++++
++o+++
ngr+++
rri+++
cridh+

t e a p o t 
l i m i t s 
s o u r e d 
c e c i l e 
_ _ _ _ _ _ _ _ 
_ _ _ _ 

After
++++++
++++++
++o+++
ngr+++
rri+++
cridh+

t e a p o t 
l i m i t s 
s o u r e d 
c e c i l e 
_ _ _ _ _ _ _ _ 
_ _ _ _ 

0
Before
++++++
++++++
++++++
+god++
nrrc++
rrieh+

t e a p o t 
l i m i t s 
s o u r e d 
i c i c l e 
_ _ _ _ _ _ _ _ 
_ _ _ _ 

After
++++++
++++++
++++++
+god++
nrrc++
rrieh+

t e a p o t 
l i m i t s 
s o u r e d 
i c i c l e 
_ _ _ _ _ _ _ _ 
_ _ _ _ 

0
Before
++++++
n+o+++
rgr+++
erid++
lric++
ciceh+

t e a p o t 
l i m i t s 
s o u r e d 
_ _ _ _ _ _ 
_ _ _ _ _ _ _ _ 
_ _ _ _ 

After
++++++
n+o+++
rgr+++
erid++
lric++
ciceh+

t e a p o t 
l i m i t s 
s o u r e d 
_ _ _ _ _ _ 
_ _ _ _ _ _ _ _ 
_ _ _ _ 

13
Before
++++++
++++++
++o+++
++rd++
ngic++
rrieh+

t e a p o t 
l i m i t s 
s o u r e d 
c i r c l e 
_ _ _ _ _ _ _ _ 
_ _ _ _ 

After
++++++
++++++
++o+++
++rd++
ngic++
rrieh+

t e a p o t 
l i m i t s 
s o u r e d 
c i r c l e 
_ _ _ _ _ _ _ _ 
_ _ _ _ 

0
Before
++++++
++++++
++++++
+god++
nrrc++
riieh+

t e a p o t 
l i m i t s 
s o u r e d 
c i r c l e 
_ _ _ _ _ _ _ _ 
_ _ _ _ 

After
++++++
++++++
++++++
+god++
nrrc++
riieh+

t e a p o t 
l i m i t s 
s o u r e d 
c i r c l e 
_ _ _ _ _ _ _ _ 
_ _ _ _ 

0
Before
++++++
++++++
++o+++
+gr+++
nrid++
riceh+

t e a p o t 
l i m i t s 
s o u r e d 
c l e r i c 
_ _ _ _ _ _ _ _ 
_ _ _ _ 

After
++++++
++++++
++o+++
+gr+++
nrid++
riceh+

t e a p o t 
l i m i t s 
s o u r e d 
c l e r i c 
_ _ _ _ _ _ _ _ 
_ _ _ _ 

0
Before
++++++
++++++
++o+++
+gr+++
nrid++
riceh+

t e a p o t 
l i m i t s 
s o u r e d 
c l e r i c 
_ _ _ _ _ _ _ _ 
_ _ _ _ 

After
++++++
++++++
++o+++
+gr+++
nrid++
riceh+

t e a p o t 
l i m i t s 
s o u r e d 
c l e r i c 
_ _ _ _ _ _ _ _ 
_ _ _ _ 

0
Before
++++++
++++++
++++++
+god++
nrrc++
riieh+

t e a p o t 
l i m i t s 
s o u r e d 
c l e r i c 
_ _ _ _ _ _ _ _ 
_ _ _ _ 

After
++++++
++++++
++++++
+god++
nrrc++
riieh+

t e a p o t 
l i m i t s 
s o u r e d 
c l e r i c 
_ _ _ _ _ _ _ _ 
_ _ _ _ 

0
Before
++++++
++++++
++o+++
++rd++
ngic++
rrieh+

t e a p o t 
l i m i t s 
s o u r e d 
c l e r i c 
_ _ _ _ _ _ _ _ 
_ _ _ _ 

After
++++++
++++++
++o+++
++rd++
ngic++
rrieh+

t e a p o t 
l i m i t s 
s o u r e d 
c l e r i c 
_ _ _ _ _ _ _ _ 
_ _ _ _ 

0
Before
++++++
++++++
++o+++
+gr+++
nrid++
riceh+

t e a p o t 
l i m i t s 
s o u r e d 
c l e r i c 
_ _ _ _ _ _ _ _ 
_ _ _ _ 

After
++++++
++++++
++o+++
+gr+++
nrid++
riceh+

t e a p o t 
l i m i t s 
s o u r e d 
c l e r i c 
_ _ _ _ _ _ _ _ 
_ _ _ _ 

0
Before
++++++
++++++
++++++
+god++
nrrc++
riieh+

t e a p o t 
l i m i t s 
s o u r e d 
c l e r i c 
_ _ _ _ _ _ _ _ 
_ _ _ _ 

After
++++++
++++++
++++++
+god++
nrrc++
riieh+

t e a p o t 
l i m i t s 
s o u r e d 
c l e r i c 
_ _ _ _ _ _ _ _ 
_ _ _ _ 

0
Before
++++++
++++++
++o+++
+gr+++
nrid++
riceh+

t e a p o t 
l i m i t s 
s o u r e d 
c l e r i c 
_ _ _ _ _ _ _ _ 
_ _ _ _ 

After
++++++
++++++
++o+++
+gr+++
nrid++
riceh+

t e a p o t 
l i m i t s 
s o u r e d 
c l e r i c 
_ _ _ _ _ _ _ _ 
_ _ _ _ 

0
Before
++++++
++++++
++o+++
+gr+++
nrid++
riceh+

t e a p o t 
l i m i t s 
s o u r e d 
c i r c l e 
_ _ _ _ _ _ _ _ 
_ _ _ _ 

After
++++++
++++++
++o+++
+gr+++
nrid++
riceh+

t e a p o t 
l i m i t s 
s o u r e d 
c i r c l e 
_ _ _ _ _ _ _ _ 
_ _ _ _ 

0
Before
++++++
++++++
++o+++
+gr+++
nrid++
riceh+

t e a p o t 
l i m i t s 
s o u r e d 
c i r c l e 
_ _ _ _ _ _ _ _ 
_ _ _ _ 

After
++++++
++++++
++o+++
+gr+++
nrid++
riceh+

t e a p o t 
l i m i t s 
s o u r e d 
c i r c l e 
_ _ _ _ _ _ _ _ 
_ _ _ _ 

0
Before
++++++
++++++
++o+++
ngr+++
rri+++
cridh+

t e a p o t 
l i m i t s 
s o u r e d 
c e c i l e 
_ _ _ _ _ _ _ _ 
_ _ _ _ 

After
++++++
++++++
++o+++
ngr+++
rri+++
cridh+

t e a p o t 
l i m i t s 
s o u r e d 
c e c i l e 
_ _ _ _ _ _ _ _ 
_ _ _ _ 

0
Before
++++++
++++++
++++++
+god++
nrrc++
rrieh+

t e a p o t 
l i m i t s 
s o u r e d 
i c i c l e 
_ _ _ _ _ _ _ _ 
_ _ _ _ 

After
++++++
++++++
++++++
+god++
nrrc++
rrieh+

t e a p o t 
l i m i t s 
s o u r e d 
i c i c l e 
_ _ _ _ _ _ _ _ 
_ _ _ _ 

0
Before
++++++
+++de+
+++dr+
+gocu+
nrros+
rrieh+

t e a p o t 
l i m i t s 
i c i c l e 
_ _ _ _ _ _ 
_ _ _ _ _ _ _ _ 
_ _ _ _ 

After
++++++
+++de+
+++dr+
+gocu+
nrros+
rrieh+

t e a p o t 
l i m i t s 
i c i c l e 
_ _ _ _ _ _ 
_ _ _ _ _ _ _ _ 
_ _ _ _ 

11
Before
++++++
++++++
++++++
+g++r+
nrrcu+
rries+

t e a p o t 
l i m i t s 
i c i c l e 
h o o d e d 
_ _ _ _ _ _ _ _ 
_ _ _ _ 

After
++++++
++++++
++++++
+g++r+
nrrcu+
rries+

t e a p o t 
l i m i t s 
i c i c l e 
h o o d e d 
_ _ _ _ _ _ _ _ 
_ _ _ _ 

0
Before
++++++
++++++
++++++
+g++e+
nrrdr+
rrioh+

t e a p o t 
l i m i t s 
i c i c l e 
e s c u d o 
_ _ _ _ _ _ _ _ 
_ _ _ _ 

After
++++++
++++++
++++++
+g++e+
nrrdr+
rrioh+

t e a p o t 
l i m i t s 
i c i c l e 
e s c u d o 
_ _ _ _ _ _ _ _ 
_ _ _ _ 

0
Before
++++++
++++++
++++r+
+g++u+
nr+cs+
rrioh+

t e a p o t 
l i m i t s 
i c i c l e 
e r o d e d 
_ _ _ _ _ _ _ _ 
_ _ _ _ 

After
++++++
++++++
++++r+
+g++u+
nr+cs+
rrioh+

t e a p o t 
l i m i t s 
i c i c l e 
e r o d e d 
_ _ _ _ _ _ _ _ 
_ _ _ _ 

0
Before
++++++
++++++
++++++
+god++
nrrc++
rrieh+

t e a p o t 
l i m i t s 
i c i c l e 
s o u r e d 
_ _ _ _ _ _ _ _ 
_ _ _ _ 

After
++++++
++++++
++++++
+god++
nrrc++
rrieh+

t e a p o t 
l i m i t s 
i c i c l e 
s o u r e d 
_ _ _ _ _ _ _ _ 
_ _ _ _ 

0
Before
++++++
++++++
++++++
+god++
nrrc++
rrieh+

t e a p o t 
l i m i t s 
i c i c l e 
s o u r e d 
_ _ _ _ _ _ _ _ 
_ _ _ _ 

After
++++++
++++++
++++++
+god++
nrrc++
rrieh+

t e a p o t 
l i m i t s 
i c i c l e 
s o u r e d 
_ _ _ _ _ _ _ _ 
_ _ _ _ 

0
Before
++++++
++++++
++++++
+go+++
nrrde+
rridh+

t e a p o t 
l i m i t s 
i c i c l e 
c r u s o e 
_ _ _ _ _ _ _ _ 
_ _ _ _ 

After
++++++
++++++
++++++
+go+++
nrrde+
rridh+

t e a p o t 
l i m i t s 
i c i c l e 
c r u s o e 
_ _ _ _ _ _ _ _ 
_ _ _ _ 

0
Before
++++++
++++++
++++e+
++++r+
ngodu+
rrrds+

t e a p o t 
l i m i t s 
i c i c l e 
c o h e i r 
_ _ _ _ _ _ _ _ 
_ _ _ _ 

After
++++++
++++++
++++e+
++++r+
ngodu+
rrrds+

t e a p o t 
l i m i t s 
i c i c l e 
c o h e i r 
_ _ _ _ _ _ _ _ 
_ _ _ _ 

0
Before
++++++
++++++
++++e+
++++r+
ngodu+
rrrds+

t e a p o t 
l i m i t s 
i c i c l e 
c o h e i r 
_ _ _ _ _ _ _ _ 
_ _ _ _ 

After
++++++
++++++
++++e+
++++r+
ngodu+
rrrds+

t e a p o t 
l i m i t s 
i c i c l e 
c o h e i r 
_ _ _ _ _ _ _ _ 
_ _ _ _ 

0
Before
++++++
++++++
++++e+
+g++r+
nr+du+
rrods+

t e a p o t 
l i m i t s 
i c i c l e 
c o h e i r 
_ _ _ _ _ _ _ _ 
_ _ _ _ 

After
++++++
++++++
++++e+
+g++r+
nr+du+
rrods+

t e a p o t 
l i m i t s 
i c i c l e 
c o h e i r 
_ _ _ _ _ _ _ _ 
_ _ _ _ 

0
Before
++++++
++++++
++++++
+++de+
nrodr+
rrich+

t e a p o t 
l i m i t s 
i c i c l e 
g r o u s e 
_ _ _ _ _ _ _ _ 
_ _ _ _ 

After
++++++
++++++
++++++
+++de+
nrodr+
rrich+

t e a p o t 
l i m i t s 
i c i c l e 
g r o u s e 
_ _ _ _ _ _ _ _ 
_ _ _ _ 

0
Before
++++++
++++++
+++d++
+g+d++
nroc++
rrioe+

t e a p o t 
l i m i t s 
i c i c l e 
r u s h e r 
_ _ _ _ _ _ _ _ 
_ _ _ _ 

After
++++++
++++++
+++d++
+g+d++
nroc++
rrioe+

t e a p o t 
l i m i t s 
i c i c l e 
r u s h e r 
_ _ _ _ _ _ _ _ 
_ _ _ _ 

0
Before
++++++
n+o+++
rgr+++
eri+++
lride+
cicdh+

t e a p o t 
l i m i t s 
c r u s o e 
_ _ _ _ _ _ 
_ _ _ _ _ _ _ _ 
_ _ _ _ 

After
++++++
n+o+++
rgr+++
eri+++
lride+
cicdh+

t e a p o t 
l i m i t s 
c r u s o e 
_ _ _ _ _ _ 
_ _ _ _ _ _ _ _ 
_ _ _ _ 

6
Before
++++++
++++++
++o+++
++r+++
ngide+
rridh+

t e a p o t 
l i m i t s 
c r u s o e 
c i r c l e 
_ _ _ _ _ _ _ _ 
_ _ _ _ 

After
++++++
++++++
++o+++
++r+++
ngide+
rridh+

t e a p o t 
l i m i t s 
c r u s o e 
c i r c l e 
_ _ _ _ _ _ _ _ 
_ _ _ _ 

0
Before
++++++
++++++
++++++
+go+++
nrrde+
riidh+

t e a p o t 
l i m i t s 
c r u s o e 
c i r c l e 
_ _ _ _ _ _ _ _ 
_ _ _ _ 

After
++++++
++++++
++++++
+go+++
nrrde+
riidh+

t e a p o t 
l i m i t s 
c r u s o e 
c i r c l e 
_ _ _ _ _ _ _ _ 
_ _ _ _ 

0
Before
++++++
++++++
++++++
+go+++
nrrde+
riidh+

t e a p o t 
l i m i t s 
c r u s o e 
c l e r i c 
_ _ _ _ _ _ _ _ 
_ _ _ _ 

After
++++++
++++++
++++++
+go+++
nrrde+
riidh+

t e a p o t 
l i m i t s 
c r u s o e 
c l e r i c 
_ _ _ _ _ _ _ _ 
_ _ _ _ 

0
Before
++++++
++++++
++o+++
++r+++
ngide+
rridh+

t e a p o t 
l i m i t s 
c r u s o e 
c l e r i c 
_ _ _ _ _ _ _ _ 
_ _ _ _ 

After
++++++
++++++
++o+++
++r+++
ngide+
rridh+

t e a p o t 
l i m i t s 
c r u s o e 
c l e r i c 
_ _ _ _ _ _ _ _ 
_ _ _ _ 

0
Before
++++++
++++++
++++++
+go+++
nrrde+
riidh+

t e a p o t 
l i m i t s 
c r u s o e 
c l e r i c 
_ _ _ _ _ _ _ _ 
_ _ _ _ 

After
++++++
++++++
++++++
+go+++
nrrde+
riidh+

t e a p o t 
l i m i t s 
c r u s o e 
c l e r i c 
_ _ _ _ _ _ _ _ 
_ _ _ _ 

0
Before
++++++
++++++
++++++
+go+++
nrrde+
rridh+

t e a p o t 
l i m i t s 
c r u s o e 
i c i c l e 
_ _ _ _ _ _ _ _ 
_ _ _ _ 

After
++++++
++++++
++++++
+go+++
nrrde+
rridh+

t e a p o t 
l i m i t s 
c r u s o e 
i c i c l e 
_ _ _ _ _ _ _ _ 
_ _ _ _ 

0
Before
++++++
++++e+
++odr+
+grdu+
nrios+
riceh+

t e a p o t 
l i m i t s 
c i r c l e 
_ _ _ _ _ _ 
_ _ _ _ _ _ _ _ 
_ _ _ _ 

After
++++++
++++e+
++odr+
+grdu+
nrios+
riceh+

t e a p o t 
l i m i t s 
c i r c l e 
_ _ _ _ _ _ 
_ _ _ _ _ _ _ _ 
_ _ _ _ 

17
Before
++++++
++++++
++++e+
++++r+
ngodu+
rices+

t e a p o t 
l i m i t s 
c i r c l e 
h o r r i d 
_ _ _ _ _ _ _ _ 
_ _ _ _ 

After
++++++
++++++
++++e+
++++r+
ngodu+
rices+

t e a p o t 
l i m i t s 
c i r c l e 
h o r r i d 
_ _ _ _ _ _ _ _ 
_ _ _ _ 

0
Before
++++++
++++++
++++e+
++++r+
ngodu+
rirds+

t e a p o t 
l i m i t s 
c i r c l e 
c o h e i r 
_ _ _ _ _ _ _ _ 
_ _ _ _ 

After
++++++
++++++
++++e+
++++r+
ngodu+
rirds+

t e a p o t 
l i m i t s 
c i r c l e 
c o h e i r 
_ _ _ _ _ _ _ _ 
_ _ _ _ 

0
Before
++++++
++++++
++++e+
+g++r+
nr+du+
riods+

t e a p o t 
l i m i t s 
c i r c l e 
c o h e i r 
_ _ _ _ _ _ _ _ 
_ _ _ _ 

After
++++++
++++++
++++e+
+g++r+
nr+du+
riods+

t e a p o t 
l i m i t s 
c i r c l e 
c o h e i r 
_ _ _ _ _ _ _ _ 
_ _ _ _ 

0
Before
++++++
++++e+
++++r+
+++du+
++oos+
rrceh+

t e a p o t 
l i m i t s 
c i r c l e 
i n g r i d 
_ _ _ _ _ _ _ _ 
_ _ _ _ 

After
++++++
++++e+
++++r+
+++du+
++oos+
rrceh+

t e a p o t 
l i m i t s 
c i r c l e 
i n g r i d 
_ _ _ _ _ _ _ _ 
_ _ _ _ 

0
Before
++++++
++++e+
++++r+
++odu+
++ros+
r+ceh+

t e a p o t 
l i m i t s 
c i r c l e 
i n g r i d 
_ _ _ _ _ _ _ _ 
_ _ _ _ 

After
++++++
++++e+
++++r+
++odu+
++ros+
r+ceh+

t e a p o t 
l i m i t s 
c i r c l e 
i n g r i d 
_ _ _ _ _ _ _ _ 
_ _ _ _ 

0
Before
++++++
++++++
++o+++
+gr+++
nrid++
riceh+

t e a p o t 
l i m i t s 
c i r c l e 
s o u r e d 
_ _ _ _ _ _ _ _ 
_ _ _ _ 

After
++++++
++++++
++o+++
+gr+++
nrid++
riceh+

t e a p o t 
l i m i t s 
c i r c l e 
s o u r e d 
_ _ _ _ _ _ _ _ 
_ _ _ _ 

0
Before
++++++
++++++
++++++
+go+++
nrids+
riceh+

t e a p o t 
l i m i t s 
c i r c l e 
o r d u r e 
_ _ _ _ _ _ _ _ 
_ _ _ _ 

After
++++++
++++++
++++++
+go+++
nrids+
riceh+

t e a p o t 
l i m i t s 
c i r c l e 
o r d u r e 
_ _ _ _ _ _ _ _ 
_ _ _ _ 

0
Before
++++++
++++++
++++e+
++++r+
nrodu+
ricdh+

t e a p o t 
l i m i t s 
c i r c l e 
o r g i e s 
_ _ _ _ _ _ _ _ 
_ _ _ _ 

After
++++++
++++++
++++e+
++++r+
nrodu+
ricdh+

t e a p o t 
l i m i t s 
c i r c l e 
o r g i e s 
_ _ _ _ _ _ _ _ 
_ _ _ _ 

0
Before
++++++
++++++
++++++
+go+++
nrids+
riceh+

t e a p o t 
l i m i t s 
c i r c l e 
o r d u r e 
_ _ _ _ _ _ _ _ 
_ _ _ _ 

After
++++++
++++++
++++++
+go+++
nrids+
riceh+

t e a p o t 
l i m i t s 
c i r c l e 
o r d u r e 
_ _ _ _ _ _ _ _ 
_ _ _ _ 

0
Before
++++++
++++e+
++++r+
+++du+
++oos+
rrreh+

t e a p o t 
l i m i t s 
c i r c l e 
d i c i n g 
_ _ _ _ _ _ _ _ 
_ _ _ _ 

After
++++++
++++e+
++++r+
+++du+
++oos+
rrreh+

t e a p o t 
l i m i t s 
c i r c l e 
d i c i n g 
_ _ _ _ _ _ _ _ 
_ _ _ _ 

0
Before
++++++
++++++
++++++
+++du+
nroos+
riceh+

t e a p o t 
l i m i t s 
c i r c l e 
g i r d e r 
_ _ _ _ _ _ _ _ 
_ _ _ _ 

After
++++++
++++++
++++++
+++du+
nroos+
riceh+

t e a p o t 
l i m i t s 
c i r c l e 
g i r d e r 
_ _ _ _ _ _ _ _ 
_ _ _ _ 

0
Before
++++++
++++++
++++++
++o+e+
nridr+
ricdh+

t e a p o t 
l i m i t s 
c i r c l e 
g r o u s e 
_ _ _ _ _ _ _ _ 
_ _ _ _ 

After
++++++
++++++
++++++
++o+e+
nridr+
ricdh+

t e a p o t 
l i m i t s 
c i r c l e 
g r o u s e 
_ _ _ _ _ _ _ _ 
_ _ _ _ 

0
Before
++++++
++++++
++++++
+g++e+
nrrdr+
riceh+

t e a p o t 
l i m i t s 
c i r c l e 
o d i o u s 
_ _ _ _ _ _ _ _ 
_ _ _ _ 

After
++++++
++++++
++++++
+g++e+
nrrdr+
riceh+

t e a p o t 
l i m i t s 
c i r c l e 
o d i o u s 
_ _ _ _ _ _ _ _ 
_ _ _ _ 

0
Before
++++++
++++++
++++++
+g+d++
nrios+
riceh+

t e a p o t 
l i m i t s 
c i r c l e 
o r d u r e 
_ _ _ _ _ _ _ _ 
_ _ _ _ 

After
++++++
++++++
++++++
+g+d++
nrios+
riceh+

t e a p o t 
l i m i t s 
c i r c l e 
o r d u r e 
_ _ _ _ _ _ _ _ 
_ _ _ _ 

0
Before
++++++
++++++
++++e+
+++dr+
nr+du+
ricoh+

t e a p o t 
l i m i t s 
c i r c l e 
o r g i e s 
_ _ _ _ _ _ _ _ 
_ _ _ _ 

After
++++++
++++++
++++e+
+++dr+
nr+du+
ricoh+

t e a p o t 
l i m i t s 
c i r c l e 
o r g i e s 
_ _ _ _ _ _ _ _ 
_ _ _ _ 

0
Before
++++++
++++++
++++++
+g+d++
nrios+
riceh+

t e a p o t 
l i m i t s 
c i r c l e 
o r d u r e 
_ _ _ _ _ _ _ _ 
_ _ _ _ 

After
++++++
++++++
++++++
+g+d++
nrios+
riceh+

t e a p o t 
l i m i t s 
c i r c l e 
o r d u r e 
_ _ _ _ _ _ _ _ 
_ _ _ _ 

0
Before
++++++
++++++
++++++
+go+r+
nrr+u+
ricoh+

t e a p o t 
l i m i t s 
c i r c l e 
e d d i e s 
_ _ _ _ _ _ _ _ 
_ _ _ _ 

After
++++++
++++++
++++++
+go+r+
nrr+u+
ricoh+

t e a p o t 
l i m i t s 
c i r c l e 
e d d i e s 
_ _ _ _ _ _ _ _ 
_ _ _ _ 

0
Before
++++++
++++e+
++odr+
+grdu+
nrios+
riceh+

t e a p o t 
l i m i t s 
c i r c l e 
_ _ _ _ _ _ 
_ _ _ _ _ _ _ _ 
_ _ _ _ 

After
++++++
++++e+
++odr+
+grdu+
nrios+
riceh+

t e a p o t 
l i m i t s 
c i r c l e 
_ _ _ _ _ _ 
_ _ _ _ _ _ _ _ 
_ _ _ _ 

17
Before
++++++
++++++
++++e+
++++r+
ngodu+
rices+

t e a p o t 
l i m i t s 
c i r c l e 
h o r r i d 
_ _ _ _ _ _ _ _ 
_ _ _ _ 

After
++++++
++++++
++++e+
++++r+
ngodu+
rices+

t e a p o t 
l i m i t s 
c i r c l e 
h o r r i d 
_ _ _ _ _ _ _ _ 
_ _ _ _ 

0
Before
++++++
++++++
++++e+
++++r+
ngodu+
rirds+

t e a p o t 
l i m i t s 
c i r c l e 
c o h e i r 
_ _ _ _ _ _ _ _ 
_ _ _ _ 

After
++++++
++++++
++++e+
++++r+
ngodu+
rirds+

t e a p o t 
l i m i t s 
c i r c l e 
c o h e i r 
_ _ _ _ _ _ _ _ 
_ _ _ _ 

0
Before
++++++
++++++
++++e+
+g++r+
nr+du+
riods+

t e a p o t 
l i m i t s 
c i r c l e 
c o h e i r 
_ _ _ _ _ _ _ _ 
_ _ _ _ 

After
++++++
++++++
++++e+
+g++r+
nr+du+
riods+

t e a p o t 
l i m i t s 
c i r c l e 
c o h e i r 
_ _ _ _ _ _ _ _ 
_ _ _ _ 

0
Before
++++++
++++e+
++++r+
+++du+
++oos+
rrceh+

t e a p o t 
l i m i t s 
c i r c l e 
i n g r i d 
_ _ _ _ _ _ _ _ 
_ _ _ _ 

After
++++++
++++e+
++++r+
+++du+
++oos+
rrceh+

t e a p o t 
l i m i t s 
c i r c l e 
i n g r i d 
_ _ _ _ _ _ _ _ 
_ _ _ _ 

0
Before
++++++
++++e+
++++r+
++odu+
++ros+
r+ceh+

t e a p o t 
l i m i t s 
c i r c l e 
i n g r i d 
_ _ _ _ _ _ _ _ 
_ _ _ _ 

After
++++++
++++e+
++++r+
++odu+
++ros+
r+ceh+

t e a p o t 
l i m i t s 
c i r c l e 
i n g r i d 
_ _ _ _ _ _ _ _ 
_ _ _ _ 

0
Before
++++++
++++++
++o+++
+gr+++
nrid++
riceh+

t e a p o t 
l i m i t s 
c i r c l e 
s o u r e d 
_ _ _ _ _ _ _ _ 
_ _ _ _ 

After
++++++
++++++
++o+++
+gr+++
nrid++
riceh+

t e a p o t 
l i m i t s 
c i r c l e 
s o u r e d 
_ _ _ _ _ _ _ _ 
_ _ _ _ 

0
Before
++++++
++++++
++++++
+go+++
nrids+
riceh+

t e a p o t 
l i m i t s 
c i r c l e 
o r d u r e 
_ _ _ _ _ _ _ _ 
_ _ _ _ 

After
++++++
++++++
++++++
+go+++
nrids+
riceh+

t e a p o t 
l i m i t s 
c i r c l e 
o r d u r e 
_ _ _ _ _ _ _ _ 
_ _ _ _ 

0
Before
++++++
++++++
++++e+
++++r+
nrodu+
ricdh+

t e a p o t 
l i m i t s 
c i r c l e 
o r g i e s 
_ _ _ _ _ _ _ _ 
_ _ _ _ 

After
++++++
++++++
++++e+
++++r+
nrodu+
ricdh+

t e a p o t 
l i m i t s 
c i r c l e 
o r g i e s 
_ _ _ _ _ _ _ _ 
_ _ _ _ 

0
Before
++++++
++++++
++++++
+go+++
nrids+
riceh+

t e a p o t 
l i m i t s 
c i r c l e 
o r d u r e 
_ _ _ _ _ _ _ _ 
_ _ _ _ 

After
++++++
++++++
++++++
+go+++
nrids+
riceh+

t e a p o t 
l i m i t s 
c i r c l e 
o r d u r e 
_ _ _ _ _ _ _ _ 
_ _ _ _ 

0
Before
++++++
++++e+
++++r+
+++du+
++oos+
rrreh+

t e a p o t 
l i m i t s 
c i r c l e 
d i c i n g 
_ _ _ _ _ _ _ _ 
_ _ _ _ 

After
++++++
++++e+
++++r+
+++du+
++oos+
rrreh+

t e a p o t 
l i m i t s 
c i r c l e 
d i c i n g 
_ _ _ _ _ _ _ _ 
_ _ _ _ 

0
Before
++++++
++++++
++++++
+++du+
nroos+
riceh+

t e a p o t 
l i m i t s 
c i r c l e 
g i r d e r 
_ _ _ _ _ _ _ _ 
_ _ _ _ 

After
++++++
++++++
++++++
+++du+
nroos+
riceh+

t e a p o t 
l i m i t s 
c i r c l e 
g i r d e r 
_ _ _ _ _ _ _ _ 
_ _ _ _ 

0
Before
++++++
++++++
++++++
++o+e+
nridr+
ricdh+

t e a p o t 
l i m i t s 
c i r c l e 
g r o u s e 
_ _ _ _ _ _ _ _ 
_ _ _ _ 

After
++++++
++++++
++++++
++o+e+
nridr+
ricdh+

t e a p o t 
l i m i t s 
c i r c l e 
g r o u s e 
_ _ _ _ _ _ _ _ 
_ _ _ _ 

0
Before
++++++
++++++
++++++
+g++e+
nrrdr+
riceh+

t e a p o t 
l i m i t s 
c i r c l e 
o d i o u s 
_ _ _ _ _ _ _ _ 
_ _ _ _ 

After
++++++
++++++
++++++
+g++e+
nrrdr+
riceh+

t e a p o t 
l i m i t s 
c i r c l e 
o d i o u s 
_ _ _ _ _ _ _ _ 
_ _ _ _ 

0
Before
++++++
++++++
++++++
+g+d++
nrios+
riceh+

t e a p o t 
l i m i t s 
c i r c l e 
o r d u r e 
_ _ _ _ _ _ _ _ 
_ _ _ _ 

After
++++++
++++++
++++++
+g+d++
nrios+
riceh+

t e a p o t 
l i m i t s 
c i r c l e 
o r d u r e 
_ _ _ _ _ _ _ _ 
_ _ _ _ 

0
Before
++++++
++++++
++++e+
+++dr+
nr+du+
ricoh+

t e a p o t 
l i m i t s 
c i r c l e 
o r g i e s 
_ _ _ _ _ _ _ _ 
_ _ _ _ 

After
++++++
++++++
++++e+
+++dr+
nr+du+
ricoh+

t e a p o t 
l i m i t s 
c i r c l e 
o r g i e s 
_ _ _ _ _ _ _ _ 
_ _ _ _ 

0
Before
++++++
++++++
++++++
+g+d++
nrios+
riceh+

t e a p o t 
l i m i t s 
c i r c l e 
o r d u r e 
_ _ _ _ _ _ _ _ 
_ _ _ _ 

After
++++++
++++++
++++++
+g+d++
nrios+
riceh+

t e a p o t 
l i m i t s 
c i r c l e 
o r d u r e 
_ _ _ _ _ _ _ _ 
_ _ _ _ 

0
Before
++++++
++++++
++++++
+go+r+
nrr+u+
ricoh+

t e a p o t 
l i m i t s 
c i r c l e 
e d d i e s 
_ _ _ _ _ _ _ _ 
_ _ _ _ 

After
++++++
++++++
++++++
+go+r+
nrr+u+
ricoh+

t e a p o t 
l i m i t s 
c i r c l e 
e d d i e s 
_ _ _ _ _ _ _ _ 
_ _ _ _ 

0
Before
++++++
n+++++
r+o+e+
egr+r+
lridu+
cicds+

t e a p o t 
l i m i t s 
c o h e i r 
_ _ _ _ _ _ 
_ _ _ _ _ _ _ _ 
_ _ _ _ 

After
++++++
n+++++
r+o+e+
egr+r+
lridu+
cicds+

t e a p o t 
l i m i t s 
c o h e i r 
_ _ _ _ _ _ 
_ _ _ _ _ _ _ _ 
_ _ _ _ 

6
Before
++++++
++++++
++++e+
++o+r+
n+rdu+
rgids+

t e a p o t 
l i m i t s 
c o h e i r 
c i r c l e 
_ _ _ _ _ _ _ _ 
_ _ _ _ 

After
++++++
++++++
++++e+
++o+r+
n+rdu+
rgids+

t e a p o t 
l i m i t s 
c o h e i r 
c i r c l e 
_ _ _ _ _ _ _ _ 
_ _ _ _ 

0
Before
++++++
++++++
++++e+
++++r+
ngodu+
rirds+

t e a p o t 
l i m i t s 
c o h e i r 
c i r c l e 
_ _ _ _ _ _ _ _ 
_ _ _ _ 

After
++++++
++++++
++++e+
++++r+
ngodu+
rirds+

t e a p o t 
l i m i t s 
c o h e i r 
c i r c l e 
_ _ _ _ _ _ _ _ 
_ _ _ _ 

0
Before
++++++
++++++
++++e+
++++r+
ngodu+
rirds+

t e a p o t 
l i m i t s 
c o h e i r 
c l e r i c 
_ _ _ _ _ _ _ _ 
_ _ _ _ 

After
++++++
++++++
++++e+
++++r+
ngodu+
rirds+

t e a p o t 
l i m i t s 
c o h e i r 
c l e r i c 
_ _ _ _ _ _ _ _ 
_ _ _ _ 

0
Before
++++++
++++++
++++e+
++o+r+
n+rdu+
rgids+

t e a p o t 
l i m i t s 
c o h e i r 
c l e r i c 
_ _ _ _ _ _ _ _ 
_ _ _ _ 

After
++++++
++++++
++++e+
++o+r+
n+rdu+
rgids+

t e a p o t 
l i m i t s 
c o h e i r 
c l e r i c 
_ _ _ _ _ _ _ _ 
_ _ _ _ 

0
Before
++++++
++++++
++++e+
++++r+
ngodu+
rrrds+

t e a p o t 
l i m i t s 
c o h e i r 
i c i c l e 
_ _ _ _ _ _ _ _ 
_ _ _ _ 

After
++++++
++++++
++++e+
++++r+
ngodu+
rrrds+

t e a p o t 
l i m i t s 
c o h e i r 
i c i c l e 
_ _ _ _ _ _ _ _ 
_ _ _ _ 

0
Before
++++++
n+++++
r+++++
eg++++
lri+++
cicds+

t e a p o t 
l i m i t s 
c o h e i r 
o r d u r e 
_ _ _ _ _ _ _ _ 
_ _ _ _ 

After
++++++
n+++++
r+++++
eg++++
lri+++
cicds+

t e a p o t 
l i m i t s 
c o h e i r 
o r d u r e 
_ _ _ _ _ _ _ _ 
_ _ _ _ 

0
Before
++++++
n+++++
r+o+e+
egr+r+
lridu+
cicds+

t e a p o t 
l i m i t s 
c o h e i r 
_ _ _ _ _ _ 
_ _ _ _ _ _ _ _ 
_ _ _ _ 

After
++++++
n+++++
r+o+e+
egr+r+
lridu+
cicds+

t e a p o t 
l i m i t s 
c o h e i r 
_ _ _ _ _ _ 
_ _ _ _ _ _ _ _ 
_ _ _ _ 

6
Before
++++++
++++++
++++e+
++o+r+
n+rdu+
rgids+

t e a p o t 
l i m i t s 
c o h e i r 
c i r c l e 
_ _ _ _ _ _ _ _ 
_ _ _ _ 

After
++++++
++++++
++++e+
++o+r+
n+rdu+
rgids+

t e a p o t 
l i m i t s 
c o h e i r 
c i r c l e 
_ _ _ _ _ _ _ _ 
_ _ _ _ 

0
Before
++++++
++++++
++++e+
++++r+
ngodu+
rirds+

t e a p o t 
l i m i t s 
c o h e i r 
c i r c l e 
_ _ _ _ _ _ _ _ 
_ _ _ _ 

After
++++++
++++++
++++e+
++++r+
ngodu+
rirds+

t e a p o t 
l i m i t s 
c o h e i r 
c i r c l e 
_ _ _ _ _ _ _ _ 
_ _ _ _ 

0
Before
++++++
++++++
++++e+
++++r+
ngodu+
rirds+

t e a p o t 
l i m i t s 
c o h e i r 
c l e r i c 
_ _ _ _ _ _ _ _ 
_ _ _ _ 

After
++++++
++++++
++++e+
++++r+
ngodu+
rirds+

t e a p o t 
l i m i t s 
c o h e i r 
c l e r i c 
_ _ _ _ _ _ _ _ 
_ _ _ _ 

0
Before
++++++
++++++
++++e+
++o+r+
n+rdu+
rgids+

t e a p o t 
l i m i t s 
c o h e i r 
c l e r i c 
_ _ _ _ _ _ _ _ 
_ _ _ _ 

After
++++++
++++++
++++e+
++o+r+
n+rdu+
rgids+

t e a p o t 
l i m i t s 
c o h e i r 
c l e r i c 
_ _ _ _ _ _ _ _ 
_ _ _ _ 

0
Before
++++++
++++++
++++e+
++++r+
ngodu+
rrrds+

t e a p o t 
l i m i t s 
c o h e i r 
i c i c l e 
_ _ _ _ _ _ _ _ 
_ _ _ _ 

After
++++++
++++++
++++e+
++++r+
ngodu+
rrrds+

t e a p o t 
l i m i t s 
c o h e i r 
i c i c l e 
_ _ _ _ _ _ _ _ 
_ _ _ _ 

0
Before
++++++
n+++++
r+++++
eg++++
lri+++
cicds+

t e a p o t 
l i m i t s 
c o h e i r 
o r d u r e 
_ _ _ _ _ _ _ _ 
_ _ _ _ 

After
++++++
n+++++
r+++++
eg++++
lri+++
cicds+

t e a p o t 
l i m i t s 
c o h e i r 
o r d u r e 
_ _ _ _ _ _ _ _ 
_ _ _ _ 

0
Before
++++++
n+++++
r+++r+
erocu+
lrios+
ciceh+

t e a p o t 
l i m i t s 
g i r d e d 
_ _ _ _ _ _ 
_ _ _ _ _ _ _ _ 
_ _ _ _ 

After
++++++
n+++++
r+++r+
erocu+
lrios+
ciceh+

t e a p o t 
l i m i t s 
g i r d e d 
_ _ _ _ _ _ 
_ _ _ _ _ _ _ _ 
_ _ _ _ 

20
Before
++++++
n+++++
r+++++
e+++r+
lr++u+
ciocs+

t e a p o t 
l i m i t s 
g i r d e d 
c o h e i r 
_ _ _ _ _ _ _ _ 
_ _ _ _ 

After
++++++
n+++++
r+++++
e+++r+
lr++u+
ciocs+

t e a p o t 
l i m i t s 
g i r d e d 
c o h e i r 
_ _ _ _ _ _ _ _ 
_ _ _ _ 

0
Before
++++++
n+++++
r+++++
e+++r+
lr++u+
ciocs+

t e a p o t 
l i m i t s 
g i r d e d 
c o h e i r 
_ _ _ _ _ _ _ _ 
_ _ _ _ 

After
++++++
n+++++
r+++++
e+++r+
lr++u+
ciocs+

t e a p o t 
l i m i t s 
g i r d e d 
c o h e i r 
_ _ _ _ _ _ _ _ 
_ _ _ _ 

0
Before
++++++
n+++++
r+++++
e+++++
lr+or+
ciieh+

t e a p o t 
l i m i t s 
g i r d e d 
c r o c u s 
_ _ _ _ _ _ _ _ 
_ _ _ _ 

After
++++++
n+++++
r+++++
e+++++
lr+or+
ciieh+

t e a p o t 
l i m i t s 
g i r d e d 
c r o c u s 
_ _ _ _ _ _ _ _ 
_ _ _ _ 

0
Before
++++++
++++++
++++r+
+++cu+
n+oos+
rrieh+

t e a p o t 
l i m i t s 
g i r d e d 
c i r c l e 
_ _ _ _ _ _ _ _ 
_ _ _ _ 

After
++++++
++++++
++++r+
+++cu+
n+oos+
rrieh+

t e a p o t 
l i m i t s 
g i r d e d 
c i r c l e 
_ _ _ _ _ _ _ _ 
_ _ _ _ 

0
Before
++++++
++++++
++++r+
+++cu+
nr+os+
rioeh+

t e a p o t 
l i m i t s 
g i r d e d 
c i r c l e 
_ _ _ _ _ _ _ _ 
_ _ _ _ 

After
++++++
++++++
++++r+
+++cu+
nr+os+
rioeh+

t e a p o t 
l i m i t s 
g i r d e d 
c i r c l e 
_ _ _ _ _ _ _ _ 
_ _ _ _ 

0
Before
++++++
++++++
n+++++
r+++++
erior+
liceh+

t e a p o t 
l i m i t s 
g i r d e d 
c r o c u s 
_ _ _ _ _ _ _ _ 
_ _ _ _ 

After
++++++
++++++
n+++++
r+++++
erior+
liceh+

t e a p o t 
l i m i t s 
g i r d e d 
c r o c u s 
_ _ _ _ _ _ _ _ 
_ _ _ _ 

0
Before
++++++
++++++
++++r+
++++u+
nroos+
riceh+

t e a p o t 
l i m i t s 
g i r d e d 
c l e r i c 
_ _ _ _ _ _ _ _ 
_ _ _ _ 

After
++++++
++++++
++++r+
++++u+
nroos+
riceh+

t e a p o t 
l i m i t s 
g i r d e d 
c l e r i c 
_ _ _ _ _ _ _ _ 
_ _ _ _ 

0
Before
++++++
++++++
++++r+
+++cu+
nr+os+
rioeh+

t e a p o t 
l i m i t s 
g i r d e d 
c l e r i c 
_ _ _ _ _ _ _ _ 
_ _ _ _ 

After
++++++
++++++
++++r+
+++cu+
nr+os+
rioeh+

t e a p o t 
l i m i t s 
g i r d e d 
c l e r i c 
_ _ _ _ _ _ _ _ 
_ _ _ _ 

0
Before
++++++
++++++
++++r+
+++cu+
n+oos+
rrieh+

t e a p o t 
l i m i t s 
g i r d e d 
c l e r i c 
_ _ _ _ _ _ _ _ 
_ _ _ _ 

After
++++++
++++++
++++r+
+++cu+
n+oos+
rrieh+

t e a p o t 
l i m i t s 
g i r d e d 
c l e r i c 
_ _ _ _ _ _ _ _ 
_ _ _ _ 

0
Before
++++++
++++++
++++r+
++++u+
nroos+
riceh+

t e a p o t 
l i m i t s 
g i r d e d 
c l e r i c 
_ _ _ _ _ _ _ _ 
_ _ _ _ 

After
++++++
++++++
++++r+
++++u+
nroos+
riceh+

t e a p o t 
l i m i t s 
g i r d e d 
c l e r i c 
_ _ _ _ _ _ _ _ 
_ _ _ _ 

0
Before
++++++
++++++
++++r+
+++cu+
nr+os+
rioeh+

t e a p o t 
l i m i t s 
g i r d e d 
c l e r i c 
_ _ _ _ _ _ _ _ 
_ _ _ _ 

After
++++++
++++++
++++r+
+++cu+
nr+os+
rioeh+

t e a p o t 
l i m i t s 
g i r d e d 
c l e r i c 
_ _ _ _ _ _ _ _ 
_ _ _ _ 

0
Before
++++++
++++++
++++++
n+++r+
lriou+
ciceh+

t e a p o t 
l i m i t s 
g i r d e d 
s c o r e r 
_ _ _ _ _ _ _ _ 
_ _ _ _ 

After
++++++
++++++
++++++
n+++r+
lriou+
ciceh+

t e a p o t 
l i m i t s 
g i r d e d 
s c o r e r 
_ _ _ _ _ _ _ _ 
_ _ _ _ 

0
Before
++++++
++++++
n+++++
r+++r+
l+iou+
ciceh+

t e a p o t 
l i m i t s 
g i r d e d 
s c o r e r 
_ _ _ _ _ _ _ _ 
_ _ _ _ 

After
++++++
++++++
n+++++
r+++r+
l+iou+
ciceh+

t e a p o t 
l i m i t s 
g i r d e d 
s c o r e r 
_ _ _ _ _ _ _ _ 
_ _ _ _ 

0
Before
++++++
++++++
++++++
n+++r+
lriou+
ciceh+

t e a p o t 
l i m i t s 
g i r d e d 
s c o r e r 
_ _ _ _ _ _ _ _ 
_ _ _ _ 

After
++++++
++++++
++++++
n+++r+
lriou+
ciceh+

t e a p o t 
l i m i t s 
g i r d e d 
s c o r e r 
_ _ _ _ _ _ _ _ 
_ _ _ _ 

0
Before
++++++
++++++
n+++++
r+++r+
l+iou+
ciceh+

t e a p o t 
l i m i t s 
g i r d e d 
s c o r e r 
_ _ _ _ _ _ _ _ 
_ _ _ _ 

After
++++++
++++++
n+++++
r+++r+
l+iou+
ciceh+

t e a p o t 
l i m i t s 
g i r d e d 
s c o r e r 
_ _ _ _ _ _ _ _ 
_ _ _ _ 

0
Before
++++++
++++++
++++r+
+++cu+
nr+os+
rroeh+

t e a p o t 
l i m i t s 
g i r d e d 
i c i c l e 
_ _ _ _ _ _ _ _ 
_ _ _ _ 

After
++++++
++++++
++++r+
+++cu+
nr+os+
rroeh+

t e a p o t 
l i m i t s 
g i r d e d 
i c i c l e 
_ _ _ _ _ _ _ _ 
_ _ _ _ 

0
Before
++++++
n+++++
r+++++
ero+++
lri+++
cic+h+

t e a p o t 
l i m i t s 
g i r d e d 
c r u s o e 
_ _ _ _ _ _ _ _ 
_ _ _ _ 

After
++++++
n+++++
r+++++
ero+++
lri+++
cic+h+

t e a p o t 
l i m i t s 
g i r d e d 
c r u s o e 
_ _ _ _ _ _ _ _ 
_ _ _ _ 

0
Before
++++++
++++++
++++r+
++++u+
nroos+
riceh+

t e a p o t 
l i m i t s 
g i r d e d 
c i r c l e 
_ _ _ _ _ _ _ _ 
_ _ _ _ 

After
++++++
++++++
++++r+
++++u+
nroos+
riceh+

t e a p o t 
l i m i t s 
g i r d e d 
c i r c l e 
_ _ _ _ _ _ _ _ 
_ _ _ _ 

0
Before
++++++
n+++++
r+++++
e+++r+
lro+u+
cic+s+

t e a p o t 
l i m i t s 
g i r d e d 
c o h e i r 
_ _ _ _ _ _ _ _ 
_ _ _ _ 

After
++++++
n+++++
r+++++
e+++r+
lro+u+
cic+s+

t e a p o t 
l i m i t s 
g i r d e d 
c o h e i r 
_ _ _ _ _ _ _ _ 
_ _ _ _ 

0
Before
++++++
n+++++
r+++++
e+++r+
lro+u+
cic+s+

t e a p o t 
l i m i t s 
g i r d e d 
c o h e i r 
_ _ _ _ _ _ _ _ 
_ _ _ _ 

After
++++++
n+++++
r+++++
e+++r+
lro+u+
cic+s+

t e a p o t 
l i m i t s 
g i r d e d 
c o h e i r 
_ _ _ _ _ _ _ _ 
_ _ _ _ 

0
Before
++++++
n+++++
r++d++
erocu+
lrios+
ciceh+

t e a p o t 
l i m i t s 
g i r d e r 
_ _ _ _ _ _ 
_ _ _ _ _ _ _ _ 
_ _ _ _ 

After
++++++
n+++++
r++d++
erocu+
lrios+
ciceh+

t e a p o t 
l i m i t s 
g i r d e r 
_ _ _ _ _ _ 
_ _ _ _ _ _ _ _ 
_ _ _ _ 

20
Before
++++++
n+++++
r+++++
er++++
lri+++
cicoh+

t e a p o t 
l i m i t s 
g i r d e r 
e s c u d o 
_ _ _ _ _ _ _ _ 
_ _ _ _ 

After
++++++
n+++++
r+++++
er++++
lri+++
cicoh+

t e a p o t 
l i m i t s 
g i r d e r 
e s c u d o 
_ _ _ _ _ _ _ _ 
_ _ _ _ 

0
Before
++++++
n+++++
r+++++
e+++++
lr+du+
ciocs+

t e a p o t 
l i m i t s 
g i r d e r 
c o h e i r 
_ _ _ _ _ _ _ _ 
_ _ _ _ 

After
++++++
n+++++
r+++++
e+++++
lr+du+
ciocs+

t e a p o t 
l i m i t s 
g i r d e r 
c o h e i r 
_ _ _ _ _ _ _ _ 
_ _ _ _ 

0
Before
++++++
n+++++
r+++++
e+++++
lr+du+
ciocs+

t e a p o t 
l i m i t s 
g i r d e r 
c o h e i r 
_ _ _ _ _ _ _ _ 
_ _ _ _ 

After
++++++
n+++++
r+++++
e+++++
lr+du+
ciocs+

t e a p o t 
l i m i t s 
g i r d e r 
c o h e i r 
_ _ _ _ _ _ _ _ 
_ _ _ _ 

0
Before
++++++
n+++++
r+++++
e++d++
lr+o++
ciieh+

t e a p o t 
l i m i t s 
g i r d e r 
c r o c u s 
_ _ _ _ _ _ _ _ 
_ _ _ _ 

After
++++++
n+++++
r+++++
e++d++
lr+o++
ciieh+

t e a p o t 
l i m i t s 
g i r d e r 
c r o c u s 
_ _ _ _ _ _ _ _ 
_ _ _ _ 

0
Before
++++++
++++++
+++d++
+++cu+
n+oos+
rrieh+

t e a p o t 
l i m i t s 
g i r d e r 
c i r c l e 
_ _ _ _ _ _ _ _ 
_ _ _ _ 

After
++++++
++++++
+++d++
+++cu+
n+oos+
rrieh+

t e a p o t 
l i m i t s 
g i r d e r 
c i r c l e 
_ _ _ _ _ _ _ _ 
_ _ _ _ 

0
Before
++++++
++++++
+++d++
+++cu+
nr+os+
rioeh+

t e a p o t 
l i m i t s 
g i r d e r 
c i r c l e 
_ _ _ _ _ _ _ _ 
_ _ _ _ 

After
++++++
++++++
+++d++
+++cu+
nr+os+
rioeh+

t e a p o t 
l i m i t s 
g i r d e r 
c i r c l e 
_ _ _ _ _ _ _ _ 
_ _ _ _ 

0
Before
++++++
++++++
n+++++
r++d++
erio++
liceh+

t e a p o t 
l i m i t s 
g i r d e r 
c r o c u s 
_ _ _ _ _ _ _ _ 
_ _ _ _ 

After
++++++
++++++
n+++++
r++d++
erio++
liceh+

t e a p o t 
l i m i t s 
g i r d e r 
c r o c u s 
_ _ _ _ _ _ _ _ 
_ _ _ _ 

0
Before
++++++
++++++
++++++
+++du+
nroos+
riceh+

t e a p o t 
l i m i t s 
g i r d e r 
c l e r i c 
_ _ _ _ _ _ _ _ 
_ _ _ _ 

After
++++++
++++++
++++++
+++du+
nroos+
riceh+

t e a p o t 
l i m i t s 
g i r d e r 
c l e r i c 
_ _ _ _ _ _ _ _ 
_ _ _ _ 

0
Before
++++++
++++++
+++d++
+++cu+
nr+os+
rioeh+

t e a p o t 
l i m i t s 
g i r d e r 
c l e r i c 
_ _ _ _ _ _ _ _ 
_ _ _ _ 

After
++++++
++++++
+++d++
+++cu+
nr+os+
rioeh+

t e a p o t 
l i m i t s 
g i r d e r 
c l e r i c 
_ _ _ _ _ _ _ _ 
_ _ _ _ 

0
Before
++++++
++++++
+++d++
+++cu+
n+oos+
rrieh+

t e a p o t 
l i m i t s 
g i r d e r 
c l e r i c 
_ _ _ _ _ _ _ _ 
_ _ _ _ 

After
++++++
++++++
+++d++
+++cu+
n+oos+
rrieh+

t e a p o t 
l i m i t s 
g i r d e r 
c l e r i c 
_ _ _ _ _ _ _ _ 
_ _ _ _ 

0
Before
++++++
++++++
++++++
+++du+
nroos+
riceh+

t e a p o t 
l i m i t s 
g i r d e r 
c l e r i c 
_ _ _ _ _ _ _ _ 
_ _ _ _ 

After
++++++
++++++
++++++
+++du+
nroos+
riceh+

t e a p o t 
l i m i t s 
g i r d e r 
c l e r i c 
_ _ _ _ _ _ _ _ 
_ _ _ _ 

0
Before
++++++
++++++
+++d++
+++cu+
nr+os+
rioeh+

t e a p o t 
l i m i t s 
g i r d e r 
c l e r i c 
_ _ _ _ _ _ _ _ 
_ _ _ _ 

After
++++++
++++++
+++d++
+++cu+
nr+os+
rioeh+

t e a p o t 
l i m i t s 
g i r d e r 
c l e r i c 
_ _ _ _ _ _ _ _ 
_ _ _ _ 

0
Before
++++++
++++++
++++++
n++d++
lriou+
ciceh+

t e a p o t 
l i m i t s 
g i r d e r 
s c o r e r 
_ _ _ _ _ _ _ _ 
_ _ _ _ 

After
++++++
++++++
++++++
n++d++
lriou+
ciceh+

t e a p o t 
l i m i t s 
g i r d e r 
s c o r e r 
_ _ _ _ _ _ _ _ 
_ _ _ _ 

0
Before
++++++
++++++
n+++++
r++d++
l+iou+
ciceh+

t e a p o t 
l i m i t s 
g i r d e r 
s c o r e r 
_ _ _ _ _ _ _ _ 
_ _ _ _ 

After
++++++
++++++
n+++++
r++d++
l+iou+
ciceh+

t e a p o t 
l i m i t s 
g i r d e r 
s c o r e r 
_ _ _ _ _ _ _ _ 
_ _ _ _ 

0
Before
++++++
++++++
++++++
n++d++
lriou+
ciceh+

t e a p o t 
l i m i t s 
g i r d e r 
s c o r e r 
_ _ _ _ _ _ _ _ 
_ _ _ _ 

After
++++++
++++++
++++++
n++d++
lriou+
ciceh+

t e a p o t 
l i m i t s 
g i r d e r 
s c o r e r 
_ _ _ _ _ _ _ _ 
_ _ _ _ 

0
Before
++++++
++++++
n+++++
r++d++
l+iou+
ciceh+

t e a p o t 
l i m i t s 
g i r d e r 
s c o r e r 
_ _ _ _ _ _ _ _ 
_ _ _ _ 

After
++++++
++++++
n+++++
r++d++
l+iou+
ciceh+

t e a p o t 
l i m i t s 
g i r d e r 
s c o r e r 
_ _ _ _ _ _ _ _ 
_ _ _ _ 

0
Before
++++++
++++++
+++d++
+++cu+
nr+os+
rroeh+

t e a p o t 
l i m i t s 
g i r d e r 
i c i c l e 
_ _ _ _ _ _ _ _ 
_ _ _ _ 

After
++++++
++++++
+++d++
+++cu+
nr+os+
rroeh+

t e a p o t 
l i m i t s 
g i r d e r 
i c i c l e 
_ _ _ _ _ _ _ _ 
_ _ _ _ 

0
Before
++++++
++++++
++++++
+++du+
nroos+
riceh+

t e a p o t 
l i m i t s 
g i r d e r 
c i r c l e 
_ _ _ _ _ _ _ _ 
_ _ _ _ 

After
++++++
++++++
++++++
+++du+
nroos+
riceh+

t e a p o t 
l i m i t s 
g i r d e r 
c i r c l e 
_ _ _ _ _ _ _ _ 
_ _ _ _ 

0
Before
++++++
n+++++
r+++++
e+++++
lro+u+
cicds+

t e a p o t 
l i m i t s 
g i r d e r 
c o h e i r 
_ _ _ _ _ _ _ _ 
_ _ _ _ 

After
++++++
n+++++
r+++++
e+++++
lro+u+
cicds+

t e a p o t 
l i m i t s 
g i r d e r 
c o h e i r 
_ _ _ _ _ _ _ _ 
_ _ _ _ 

0
Before
++++++
n+++++
r+++++
e+++++
lro+u+
cicds+

t e a p o t 
l i m i t s 
g i r d e r 
c o h e i r 
_ _ _ _ _ _ _ _ 
_ _ _ _ 

After
++++++
n+++++
r+++++
e+++++
lro+u+
cicds+

t e a p o t 
l i m i t s 
g i r d e r 
c o h e i r 
_ _ _ _ _ _ _ _ 
_ _ _ _ 

0
Before
++++++
n+++++
r+++r+
erocu+
lrios+
ciceh+

t e a p o t 
l i m i t s 
g i r d e d 
_ _ _ _ _ _ 
_ _ _ _ _ _ _ _ 
_ _ _ _ 

After
++++++
n+++++
r+++r+
erocu+
lrios+
ciceh+

t e a p o t 
l i m i t s 
g i r d e d 
_ _ _ _ _ _ 
_ _ _ _ _ _ _ _ 
_ _ _ _ 

20
Before
++++++
n+++++
r+++++
e+++r+
lr++u+
ciocs+

t e a p o t 
l i m i t s 
g i r d e d 
c o h e i r 
_ _ _ _ _ _ _ _ 
_ _ _ _ 

After
++++++
n+++++
r+++++
e+++r+
lr++u+
ciocs+

t e a p o t 
l i m i t s 
g i r d e d 
c o h e i r 
_ _ _ _ _ _ _ _ 
_ _ _ _ 

0
Before
++++++
n+++++
r+++++
e+++r+
lr++u+
ciocs+

t e a p o t 
l i m i t s 
g i r d e d 
c o h e i r 
_ _ _ _ _ _ _ _ 
_ _ _ _ 

After
++++++
n+++++
r+++++
e+++r+
lr++u+
ciocs+

t e a p o t 
l i m i t s 
g i r d e d 
c o h e i r 
_ _ _ _ _ _ _ _ 
_ _ _ _ 

0
Before
++++++
n+++++
r+++++
e+++++
lr+or+
ciieh+

t e a p o t 
l i m i t s 
g i r d e d 
c r o c u s 
_ _ _ _ _ _ _ _ 
_ _ _ _ 

After
++++++
n+++++
r+++++
e+++++
lr+or+
ciieh+

t e a p o t 
l i m i t s 
g i r d e d 
c r o c u s 
_ _ _ _ _ _ _ _ 
_ _ _ _ 

0
Before
++++++
++++++
++++r+
+++cu+
n+oos+
rrieh+

t e a p o t 
l i m i t s 
g i r d e d 
c i r c l e 
_ _ _ _ _ _ _ _ 
_ _ _ _ 

After
++++++
++++++
++++r+
+++cu+
n+oos+
rrieh+

t e a p o t 
l i m i t s 
g i r d e d 
c i r c l e 
_ _ _ _ _ _ _ _ 
_ _ _ _ 

0
Before
++++++
++++++
++++r+
+++cu+
nr+os+
rioeh+

t e a p o t 
l i m i t s 
g i r d e d 
c i r c l e 
_ _ _ _ _ _ _ _ 
_ _ _ _ 

After
++++++
++++++
++++r+
+++cu+
nr+os+
rioeh+

t e a p o t 
l i m i t s 
g i r d e d 
c i r c l e 
_ _ _ _ _ _ _ _ 
_ _ _ _ 

0
Before
++++++
++++++
n+++++
r+++++
erior+
liceh+

t e a p o t 
l i m i t s 
g i r d e d 
c r o c u s 
_ _ _ _ _ _ _ _ 
_ _ _ _ 

After
++++++
++++++
n+++++
r+++++
erior+
liceh+

t e a p o t 
l i m i t s 
g i r d e d 
c r o c u s 
_ _ _ _ _ _ _ _ 
_ _ _ _ 

0
Before
++++++
++++++
++++r+
++++u+
nroos+
riceh+

t e a p o t 
l i m i t s 
g i r d e d 
c l e r i c 
_ _ _ _ _ _ _ _ 
_ _ _ _ 

After
++++++
++++++
++++r+
++++u+
nroos+
riceh+

t e a p o t 
l i m i t s 
g i r d e d 
c l e r i c 
_ _ _ _ _ _ _ _ 
_ _ _ _ 

0
Before
++++++
++++++
++++r+
+++cu+
nr+os+
rioeh+

t e a p o t 
l i m i t s 
g i r d e d 
c l e r i c 
_ _ _ _ _ _ _ _ 
_ _ _ _ 

After
++++++
++++++
++++r+
+++cu+
nr+os+
rioeh+

t e a p o t 
l i m i t s 
g i r d e d 
c l e r i c 
_ _ _ _ _ _ _ _ 
_ _ _ _ 

0
Before
++++++
++++++
++++r+
+++cu+
n+oos+
rrieh+

t e a p o t 
l i m i t s 
g i r d e d 
c l e r i c 
_ _ _ _ _ _ _ _ 
_ _ _ _ 

After
++++++
++++++
++++r+
+++cu+
n+oos+
rrieh+

t e a p o t 
l i m i t s 
g i r d e d 
c l e r i c 
_ _ _ _ _ _ _ _ 
_ _ _ _ 

0
Before
++++++
++++++
++++r+
++++u+
nroos+
riceh+

t e a p o t 
l i m i t s 
g i r d e d 
c l e r i c 
_ _ _ _ _ _ _ _ 
_ _ _ _ 

After
++++++
++++++
++++r+
++++u+
nroos+
riceh+

t e a p o t 
l i m i t s 
g i r d e d 
c l e r i c 
_ _ _ _ _ _ _ _ 
_ _ _ _ 

0
Before
++++++
++++++
++++r+
+++cu+
nr+os+
rioeh+

t e a p o t 
l i m i t s 
g i r d e d 
c l e r i c 
_ _ _ _ _ _ _ _ 
_ _ _ _ 

After
++++++
++++++
++++r+
+++cu+
nr+os+
rioeh+

t e a p o t 
l i m i t s 
g i r d e d 
c l e r i c 
_ _ _ _ _ _ _ _ 
_ _ _ _ 

0
Before
++++++
++++++
++++++
n+++r+
lriou+
ciceh+

t e a p o t 
l i m i t s 
g i r d e d 
s c o r e r 
_ _ _ _ _ _ _ _ 
_ _ _ _ 

After
++++++
++++++
++++++
n+++r+
lriou+
ciceh+

t e a p o t 
l i m i t s 
g i r d e d 
s c o r e r 
_ _ _ _ _ _ _ _ 
_ _ _ _ 

0
Before
++++++
++++++
n+++++
r+++r+
l+iou+
ciceh+

t e a p o t 
l i m i t s 
g i r d e d 
s c o r e r 
_ _ _ _ _ _ _ _ 
_ _ _ _ 

After
++++++
++++++
n+++++
r+++r+
l+iou+
ciceh+

t e a p o t 
l i m i t s 
g i r d e d 
s c o r e r 
_ _ _ _ _ _ _ _ 
_ _ _ _ 

0
Before
++++++
++++++
++++++
n+++r+
lriou+
ciceh+

t e a p o t 
l i m i t s 
g i r d e d 
s c o r e r 
_ _ _ _ _ _ _ _ 
_ _ _ _ 

After
++++++
++++++
++++++
n+++r+
lriou+
ciceh+

t e a p o t 
l i m i t s 
g i r d e d 
s c o r e r 
_ _ _ _ _ _ _ _ 
_ _ _ _ 

0
Before
++++++
++++++
n+++++
r+++r+
l+iou+
ciceh+

t e a p o t 
l i m i t s 
g i r d e d 
s c o r e r 
_ _ _ _ _ _ _ _ 
_ _ _ _ 

After
++++++
++++++
n+++++
r+++r+
l+iou+
ciceh+

t e a p o t 
l i m i t s 
g i r d e d 
s c o r e r 
_ _ _ _ _ _ _ _ 
_ _ _ _ 

0
Before
++++++
++++++
++++r+
+++cu+
nr+os+
rroeh+

t e a p o t 
l i m i t s 
g i r d e d 
i c i c l e 
_ _ _ _ _ _ _ _ 
_ _ _ _ 

After
++++++
++++++
++++r+
+++cu+
nr+os+
rroeh+

t e a p o t 
l i m i t s 
g i r d e d 
i c i c l e 
_ _ _ _ _ _ _ _ 
_ _ _ _ 

0
Before
++++++
n+++++
r+++++
ero+++
lri+++
cic+h+

t e a p o t 
l i m i t s 
g i r d e d 
c r u s o e 
_ _ _ _ _ _ _ _ 
_ _ _ _ 

After
++++++
n+++++
r+++++
ero+++
lri+++
cic+h+

t e a p o t 
l i m i t s 
g i r d e d 
c r u s o e 
_ _ _ _ _ _ _ _ 
_ _ _ _ 

0
Before
++++++
++++++
++++r+
++++u+
nroos+
riceh+

t e a p o t 
l i m i t s 
g i r d e d 
c i r c l e 
_ _ _ _ _ _ _ _ 
_ _ _ _ 

After
++++++
++++++
++++r+
++++u+
nroos+
riceh+

t e a p o t 
l i m i t s 
g i r d e d 
c i r c l e 
_ _ _ _ _ _ _ _ 
_ _ _ _ 

0
Before
++++++
n+++++
r+++++
e+++r+
lro+u+
cic+s+

t e a p o t 
l i m i t s 
g i r d e d 
c o h e i r 
_ _ _ _ _ _ _ _ 
_ _ _ _ 

After
++++++
n+++++
r+++++
e+++r+
lro+u+
cic+s+

t e a p o t 
l i m i t s 
g i r d e d 
c o h e i r 
_ _ _ _ _ _ _ _ 
_ _ _ _ 

0
Before
++++++
n+++++
r+++++
e+++r+
lro+u+
cic+s+

t e a p o t 
l i m i t s 
g i r d e d 
c o h e i r 
_ _ _ _ _ _ _ _ 
_ _ _ _ 

After
++++++
n+++++
r+++++
e+++r+
lro+u+
cic+s+

t e a p o t 
l i m i t s 
g i r d e d 
c o h e i r 
_ _ _ _ _ _ _ _ 
_ _ _ _ 

0
Before
++++++
n+++++
r++d++
erocu+
lrios+
ciceh+

t e a p o t 
l i m i t s 
g i r d e r 
_ _ _ _ _ _ 
_ _ _ _ _ _ _ _ 
_ _ _ _ 

After
++++++
n+++++
r++d++
erocu+
lrios+
ciceh+

t e a p o t 
l i m i t s 
g i r d e r 
_ _ _ _ _ _ 
_ _ _ _ _ _ _ _ 
_ _ _ _ 

20
Before
++++++
n+++++
r+++++
er++++
lri+++
cicoh+

t e a p o t 
l i m i t s 
g i r d e r 
e s c u d o 
_ _ _ _ _ _ _ _ 
_ _ _ _ 

After
++++++
n+++++
r+++++
er++++
lri+++
cicoh+

t e a p o t 
l i m i t s 
g i r d e r 
e s c u d o 
_ _ _ _ _ _ _ _ 
_ _ _ _ 

0
Before
++++++
n+++++
r+++++
e+++++
lr+du+
ciocs+

t e a p o t 
l i m i t s 
g i r d e r 
c o h e i r 
_ _ _ _ _ _ _ _ 
_ _ _ _ 

After
++++++
n+++++
r+++++
e+++++
lr+du+
ciocs+

t e a p o t 
l i m i t s 
g i r d e r 
c o h e i r 
_ _ _ _ _ _ _ _ 
_ _ _ _ 

0
Before
++++++
n+++++
r+++++
e+++++
lr+du+
ciocs+

t e a p o t 
l i m i t s 
g i r d e r 
c o h e i r 
_ _ _ _ _ _ _ _ 
_ _ _ _ 

After
++++++
n+++++
r+++++
e+++++
lr+du+
ciocs+

t e a p o t 
l i m i t s 
g i r d e r 
c o h e i r 
_ _ _ _ _ _ _ _ 
_ _ _ _ 

0
Before
++++++
n+++++
r+++++
e++d++
lr+o++
ciieh+

t e a p o t 
l i m i t s 
g i r d e r 
c r o c u s 
_ _ _ _ _ _ _ _ 
_ _ _ _ 

After
++++++
n+++++
r+++++
e++d++
lr+o++
ciieh+

t e a p o t 
l i m i t s 
g i r d e r 
c r o c u s 
_ _ _ _ _ _ _ _ 
_ _ _ _ 

0
Before
++++++
++++++
+++d++
+++cu+
n+oos+
rrieh+

t e a p o t 
l i m i t s 
g i r d e r 
c i r c l e 
_ _ _ _ _ _ _ _ 
_ _ _ _ 

After
++++++
++++++
+++d++
+++cu+
n+oos+
rrieh+

t e a p o t 
l i m i t s 
g i r d e r 
c i r c l e 
_ _ _ _ _ _ _ _ 
_ _ _ _ 

0
Before
++++++
++++++
+++d++
+++cu+
nr+os+
rioeh+

t e a p o t 
l i m i t s 
g i r d e r 
c i r c l e 
_ _ _ _ _ _ _ _ 
_ _ _ _ 

After
++++++
++++++
+++d++
+++cu+
nr+os+
rioeh+

t e a p o t 
l i m i t s 
g i r d e r 
c i r c l e 
_ _ _ _ _ _ _ _ 
_ _ _ _ 

0
Before
++++++
++++++
n+++++
r++d++
erio++
liceh+

t e a p o t 
l i m i t s 
g i r d e r 
c r o c u s 
_ _ _ _ _ _ _ _ 
_ _ _ _ 

After
++++++
++++++
n+++++
r++d++
erio++
liceh+

t e a p o t 
l i m i t s 
g i r d e r 
c r o c u s 
_ _ _ _ _ _ _ _ 
_ _ _ _ 

0
Before
++++++
++++++
++++++
+++du+
nroos+
riceh+

t e a p o t 
l i m i t s 
g i r d e r 
c l e r i c 
_ _ _ _ _ _ _ _ 
_ _ _ _ 

After
++++++
++++++
++++++
+++du+
nroos+
riceh+

t e a p o t 
l i m i t s 
g i r d e r 
c l e r i c 
_ _ _ _ _ _ _ _ 
_ _ _ _ 

0
Before
++++++
++++++
+++d++
+++cu+
nr+os+
rioeh+

t e a p o t 
l i m i t s 
g i r d e r 
c l e r i c 
_ _ _ _ _ _ _ _ 
_ _ _ _ 

After
++++++
++++++
+++d++
+++cu+
nr+os+
rioeh+

t e a p o t 
l i m i t s 
g i r d e r 
c l e r i c 
_ _ _ _ _ _ _ _ 
_ _ _ _ 

0
Before
++++++
++++++
+++d++
+++cu+
n+oos+
rrieh+

t e a p o t 
l i m i t s 
g i r d e r 
c l e r i c 
_ _ _ _ _ _ _ _ 
_ _ _ _ 

After
++++++
++++++
+++d++
+++cu+
n+oos+
rrieh+

t e a p o t 
l i m i t s 
g i r d e r 
c l e r i c 
_ _ _ _ _ _ _ _ 
_ _ _ _ 

0
Before
++++++
++++++
++++++
+++du+
nroos+
riceh+

t e a p o t 
l i m i t s 
g i r d e r 
c l e r i c 
_ _ _ _ _ _ _ _ 
_ _ _ _ 

After
++++++
++++++
++++++
+++du+
nroos+
riceh+

t e a p o t 
l i m i t s 
g i r d e r 
c l e r i c 
_ _ _ _ _ _ _ _ 
_ _ _ _ 

0
Before
++++++
++++++
+++d++
+++cu+
nr+os+
rioeh+

t e a p o t 
l i m i t s 
g i r d e r 
c l e r i c 
_ _ _ _ _ _ _ _ 
_ _ _ _ 

After
++++++
++++++
+++d++
+++cu+
nr+os+
rioeh+

t e a p o t 
l i m i t s 
g i r d e r 
c l e r i c 
_ _ _ _ _ _ _ _ 
_ _ _ _ 

0
Before
++++++
++++++
++++++
n++d++
lriou+
ciceh+

t e a p o t 
l i m i t s 
g i r d e r 
s c o r e r 
_ _ _ _ _ _ _ _ 
_ _ _ _ 

After
++++++
++++++
++++++
n++d++
lriou+
ciceh+

t e a p o t 
l i m i t s 
g i r d e r 
s c o r e r 
_ _ _ _ _ _ _ _ 
_ _ _ _ 

0
Before
++++++
++++++
n+++++
r++d++
l+iou+
ciceh+

t e a p o t 
l i m i t s 
g i r d e r 
s c o r e r 
_ _ _ _ _ _ _ _ 
_ _ _ _ 

After
++++++
++++++
n+++++
r++d++
l+iou+
ciceh+

t e a p o t 
l i m i t s 
g i r d e r 
s c o r e r 
_ _ _ _ _ _ _ _ 
_ _ _ _ 

0
Before
++++++
++++++
++++++
n++d++
lriou+
ciceh+

t e a p o t 
l i m i t s 
g i r d e r 
s c o r e r 
_ _ _ _ _ _ _ _ 
_ _ _ _ 

After
++++++
++++++
++++++
n++d++
lriou+
ciceh+

t e a p o t 
l i m i t s 
g i r d e r 
s c o r e r 
_ _ _ _ _ _ _ _ 
_ _ _ _ 

0
Before
++++++
++++++
n+++++
r++d++
l+iou+
ciceh+

t e a p o t 
l i m i t s 
g i r d e r 
s c o r e r 
_ _ _ _ _ _ _ _ 
_ _ _ _ 

After
++++++
++++++
n+++++
r++d++
l+iou+
ciceh+

t e a p o t 
l i m i t s 
g i r d e r 
s c o r e r 
_ _ _ _ _ _ _ _ 
_ _ _ _ 

0
Before
++++++
++++++
+++d++
+++cu+
nr+os+
rroeh+

t e a p o t 
l i m i t s 
g i r d e r 
i c i c l e 
_ _ _ _ _ _ _ _ 
_ _ _ _ 

After
++++++
++++++
+++d++
+++cu+
nr+os+
rroeh+

t e a p o t 
l i m i t s 
g i r d e r 
i c i c l e 
_ _ _ _ _ _ _ _ 
_ _ _ _ 

0
Before
++++++
++++++
++++++
+++du+
nroos+
riceh+

t e a p o t 
l i m i t s 
g i r d e r 
c i r c l e 
_ _ _ _ _ _ _ _ 
_ _ _ _ 

After
++++++
++++++
++++++
+++du+
nroos+
riceh+

t e a p o t 
l i m i t s 
g i r d e r 
c i r c l e 
_ _ _ _ _ _ _ _ 
_ _ _ _ 

0
Before
++++++
n+++++
r+++++
e+++++
lro+u+
cicds+

t e a p o t 
l i m i t s 
g i r d e r 
c o h e i r 
_ _ _ _ _ _ _ _ 
_ _ _ _ 

After
++++++
n+++++
r+++++
e+++++
lro+u+
cicds+

t e a p o t 
l i m i t s 
g i r d e r 
c o h e i r 
_ _ _ _ _ _ _ _ 
_ _ _ _ 

0
Before
++++++
n+++++
r+++++
e+++++
lro+u+
cicds+

t e a p o t 
l i m i t s 
g i r d e r 
c o h e i r 
_ _ _ _ _ _ _ _ 
_ _ _ _ 

After
++++++
n+++++
r+++++
e+++++
lro+u+
cicds+

t e a p o t 
l i m i t s 
g i r d e r 
c o h e i r 
_ _ _ _ _ _ _ _ 
_ _ _ _ 

0
Before
++++++
n+++++
rg++++
errde+
lricr+
ciceh+

t e a p o t 
l i m i t s 
o d i o u s 
_ _ _ _ _ _ 
_ _ _ _ _ _ _ _ 
_ _ _ _ 

After
++++++
n+++++
rg++++
errde+
lricr+
ciceh+

t e a p o t 
l i m i t s 
o d i o u s 
_ _ _ _ _ _ 
_ _ _ _ _ _ _ _ 
_ _ _ _ 

13
Before
++++++
++++++
++++++
+++de+
ngrcr+
rrieh+

t e a p o t 
l i m i t s 
o d i o u s 
c i r c l e 
_ _ _ _ _ _ _ _ 
_ _ _ _ 

After
++++++
++++++
++++++
+++de+
ngrcr+
rrieh+

t e a p o t 
l i m i t s 
o d i o u s 
c i r c l e 
_ _ _ _ _ _ _ _ 
_ _ _ _ 

0
Before
++++++
++++++
++++++
+g+de+
nr+cr+
rireh+

t e a p o t 
l i m i t s 
o d i o u s 
c i r c l e 
_ _ _ _ _ _ _ _ 
_ _ _ _ 

After
++++++
++++++
++++++
+g+de+
nr+cr+
rireh+

t e a p o t 
l i m i t s 
o d i o u s 
c i r c l e 
_ _ _ _ _ _ _ _ 
_ _ _ _ 

0
Before
++++++
++++++
++++++
+g++e+
nrrdr+
riceh+

t e a p o t 
l i m i t s 
o d i o u s 
c l e r i c 
_ _ _ _ _ _ _ _ 
_ _ _ _ 

After
++++++
++++++
++++++
+g++e+
nrrdr+
riceh+

t e a p o t 
l i m i t s 
o d i o u s 
c l e r i c 
_ _ _ _ _ _ _ _ 
_ _ _ _ 

0
Before
++++++
++++++
++++++
+g+de+
nr+cr+
rireh+

t e a p o t 
l i m i t s 
o d i o u s 
c l e r i c 
_ _ _ _ _ _ _ _ 
_ _ _ _ 

After
++++++
++++++
++++++
+g+de+
nr+cr+
rireh+

t e a p o t 
l i m i t s 
o d i o u s 
c l e r i c 
_ _ _ _ _ _ _ _ 
_ _ _ _ 

0
Before
++++++
++++++
++++++
+++de+
ngrcr+
rrieh+

t e a p o t 
l i m i t s 
o d i o u s 
c l e r i c 
_ _ _ _ _ _ _ _ 
_ _ _ _ 

After
++++++
++++++
++++++
+++de+
ngrcr+
rrieh+

t e a p o t 
l i m i t s 
o d i o u s 
c l e r i c 
_ _ _ _ _ _ _ _ 
_ _ _ _ 

0
Before
++++++
++++++
++++++
+g++e+
nrrdr+
riceh+

t e a p o t 
l i m i t s 
o d i o u s 
c l e r i c 
_ _ _ _ _ _ _ _ 
_ _ _ _ 

After
++++++
++++++
++++++
+g++e+
nrrdr+
riceh+

t e a p o t 
l i m i t s 
o d i o u s 
c l e r i c 
_ _ _ _ _ _ _ _ 
_ _ _ _ 

0
Before
++++++
++++++
++++++
+g+de+
nr+cr+
rireh+

t e a p o t 
l i m i t s 
o d i o u s 
c l e r i c 
_ _ _ _ _ _ _ _ 
_ _ _ _ 

After
++++++
++++++
++++++
+g+de+
nr+cr+
rireh+

t e a p o t 
l i m i t s 
o d i o u s 
c l e r i c 
_ _ _ _ _ _ _ _ 
_ _ _ _ 

0
Before
++++++
++++++
++++++
+g++e+
nrrdr+
riceh+

t e a p o t 
l i m i t s 
o d i o u s 
c i r c l e 
_ _ _ _ _ _ _ _ 
_ _ _ _ 

After
++++++
++++++
++++++
+g++e+
nrrdr+
riceh+

t e a p o t 
l i m i t s 
o d i o u s 
c i r c l e 
_ _ _ _ _ _ _ _ 
_ _ _ _ 

0
Before
++++++
++++++
++++++
ng++e+
rrr+r+
cridh+

t e a p o t 
l i m i t s 
o d i o u s 
c e c i l e 
_ _ _ _ _ _ _ _ 
_ _ _ _ 

After
++++++
++++++
++++++
ng++e+
rrr+r+
cridh+

t e a p o t 
l i m i t s 
o d i o u s 
c e c i l e 
_ _ _ _ _ _ _ _ 
_ _ _ _ 

0
Before
++++++
++++++
++++++
+g+de+
nr+cr+
rrreh+

t e a p o t 
l i m i t s 
o d i o u s 
i c i c l e 
_ _ _ _ _ _ _ _ 
_ _ _ _ 

After
++++++
++++++
++++++
+g+de+
nr+cr+
rrreh+

t e a p o t 
l i m i t s 
o d i o u s 
i c i c l e 
_ _ _ _ _ _ _ _ 
_ _ _ _ 

0
Before
++++++
n+++++
r+++++
eg++++
lrr+++
cicde+

t e a p o t 
l i m i t s 
o d i o u s 
r i c h e r 
_ _ _ _ _ _ _ _ 
_ _ _ _ 

After
++++++
n+++++
r+++++
eg++++
lrr+++
cicde+

t e a p o t 
l i m i t s 
o d i o u s 
r i c h e r 
_ _ _ _ _ _ _ _ 
_ _ _ _ 

0
Before
++++++
n+++++
rg++++
er++++
lr++++
cicde+

t e a p o t 
l i m i t s 
o d i o u s 
r i c h e r 
_ _ _ _ _ _ _ _ 
_ _ _ _ 

After
++++++
n+++++
rg++++
er++++
lr++++
cicde+

t e a p o t 
l i m i t s 
o d i o u s 
r i c h e r 
_ _ _ _ _ _ _ _ 
_ _ _ _ 

0
Before
++++++
n+++++
r+++++
eg++++
lrr+++
cicde+

t e a p o t 
l i m i t s 
o d i o u s 
r i c h e r 
_ _ _ _ _ _ _ _ 
_ _ _ _ 

After
++++++
n+++++
r+++++
eg++++
lrr+++
cicde+

t e a p o t 
l i m i t s 
o d i o u s 
r i c h e r 
_ _ _ _ _ _ _ _ 
_ _ _ _ 

0
Before
++++++
n+++++
rg+d++
eric++
lrios+
ciceh+

t e a p o t 
l i m i t s 
o r d u r e 
_ _ _ _ _ _ 
_ _ _ _ _ _ _ _ 
_ _ _ _ 

After
++++++
n+++++
rg+d++
eric++
lrios+
ciceh+

t e a p o t 
l i m i t s 
o r d u r e 
_ _ _ _ _ _ 
_ _ _ _ _ _ _ _ 
_ _ _ _ 

16
Before
++++++
n+++++
r+++++
eg++++
lr+d++
ciics+

t e a p o t 
l i m i t s 
o r d u r e 
c o h e i r 
_ _ _ _ _ _ _ _ 
_ _ _ _ 

After
++++++
n+++++
r+++++
eg++++
lr+d++
ciics+

t e a p o t 
l i m i t s 
o r d u r e 
c o h e i r 
_ _ _ _ _ _ _ _ 
_ _ _ _ 

0
Before
++++++
n+++++
r+++++
eg++++
lr+d++
ciics+

t e a p o t 
l i m i t s 
o r d u r e 
c o h e i r 
_ _ _ _ _ _ _ _ 
_ _ _ _ 

After
++++++
n+++++
r+++++
eg++++
lr+d++
ciics+

t e a p o t 
l i m i t s 
o r d u r e 
c o h e i r 
_ _ _ _ _ _ _ _ 
_ _ _ _ 

0
Before
++++++
++++++
+++d++
+++c++
ngios+
rrieh+

t e a p o t 
l i m i t s 
o r d u r e 
c i r c l e 
_ _ _ _ _ _ _ _ 
_ _ _ _ 

After
++++++
++++++
+++d++
+++c++
ngios+
rrieh+

t e a p o t 
l i m i t s 
o r d u r e 
c i r c l e 
_ _ _ _ _ _ _ _ 
_ _ _ _ 

0
Before
++++++
++++++
+++d++
+g+c++
nr+os+
riieh+

t e a p o t 
l i m i t s 
o r d u r e 
c i r c l e 
_ _ _ _ _ _ _ _ 
_ _ _ _ 

After
++++++
++++++
+++d++
+g+c++
nr+os+
riieh+

t e a p o t 
l i m i t s 
o r d u r e 
c i r c l e 
_ _ _ _ _ _ _ _ 
_ _ _ _ 

0
Before
++++++
++++++
++++++
+g+d++
nrios+
riceh+

t e a p o t 
l i m i t s 
o r d u r e 
c l e r i c 
_ _ _ _ _ _ _ _ 
_ _ _ _ 

After
++++++
++++++
++++++
+g+d++
nrios+
riceh+

t e a p o t 
l i m i t s 
o r d u r e 
c l e r i c 
_ _ _ _ _ _ _ _ 
_ _ _ _ 

0
Before
++++++
++++++
++++++
+g+d++
nrios+
riceh+

t e a p o t 
l i m i t s 
o r d u r e 
c l e r i c 
_ _ _ _ _ _ _ _ 
_ _ _ _ 

After
++++++
++++++
++++++
+g+d++
nrios+
riceh+

t e a p o t 
l i m i t s 
o r d u r e 
c l e r i c 
_ _ _ _ _ _ _ _ 
_ _ _ _ 

0
Before
++++++
++++++
+++d++
+g+c++
nr+os+
riieh+

t e a p o t 
l i m i t s 
o r d u r e 
c l e r i c 
_ _ _ _ _ _ _ _ 
_ _ _ _ 

After
++++++
++++++
+++d++
+g+c++
nr+os+
riieh+

t e a p o t 
l i m i t s 
o r d u r e 
c l e r i c 
_ _ _ _ _ _ _ _ 
_ _ _ _ 

0
Before
++++++
++++++
+++d++
+++c++
ngios+
rrieh+

t e a p o t 
l i m i t s 
o r d u r e 
c l e r i c 
_ _ _ _ _ _ _ _ 
_ _ _ _ 

After
++++++
++++++
+++d++
+++c++
ngios+
rrieh+

t e a p o t 
l i m i t s 
o r d u r e 
c l e r i c 
_ _ _ _ _ _ _ _ 
_ _ _ _ 

0
Before
++++++
++++++
++++++
+g+d++
nrios+
riceh+

t e a p o t 
l i m i t s 
o r d u r e 
c l e r i c 
_ _ _ _ _ _ _ _ 
_ _ _ _ 

After
++++++
++++++
++++++
+g+d++
nrios+
riceh+

t e a p o t 
l i m i t s 
o r d u r e 
c l e r i c 
_ _ _ _ _ _ _ _ 
_ _ _ _ 

0
Before
++++++
++++++
+++d++
+g+c++
nr+os+
riieh+

t e a p o t 
l i m i t s 
o r d u r e 
c l e r i c 
_ _ _ _ _ _ _ _ 
_ _ _ _ 

After
++++++
++++++
+++d++
+g+c++
nr+os+
riieh+

t e a p o t 
l i m i t s 
o r d u r e 
c l e r i c 
_ _ _ _ _ _ _ _ 
_ _ _ _ 

0
Before
++++++
++++++
++++++
+g+d++
nrios+
riceh+

t e a p o t 
l i m i t s 
o r d u r e 
c l e r i c 
_ _ _ _ _ _ _ _ 
_ _ _ _ 

After
++++++
++++++
++++++
+g+d++
nrios+
riceh+

t e a p o t 
l i m i t s 
o r d u r e 
c l e r i c 
_ _ _ _ _ _ _ _ 
_ _ _ _ 

0
Before
++++++
++++++
+++d++
+g+c++
nr+os+
rrieh+

t e a p o t 
l i m i t s 
o r d u r e 
i c i c l e 
_ _ _ _ _ _ _ _ 
_ _ _ _ 

After
++++++
++++++
+++d++
+g+c++
nr+os+
rrieh+

t e a p o t 
l i m i t s 
o r d u r e 
i c i c l e 
_ _ _ _ _ _ _ _ 
_ _ _ _ 

0
Before
++++++
++++++
++++++
+g+d++
nrios+
riceh+

t e a p o t 
l i m i t s 
o r d u r e 
c i r c l e 
_ _ _ _ _ _ _ _ 
_ _ _ _ 

After
++++++
++++++
++++++
+g+d++
nrios+
riceh+

t e a p o t 
l i m i t s 
o r d u r e 
c i r c l e 
_ _ _ _ _ _ _ _ 
_ _ _ _ 

0
Before
++++++
++++++
++++++
+g+d++
nrios+
riceh+

t e a p o t 
l i m i t s 
o r d u r e 
c i r c l e 
_ _ _ _ _ _ _ _ 
_ _ _ _ 

After
++++++
++++++
++++++
+g+d++
nrios+
riceh+

t e a p o t 
l i m i t s 
o r d u r e 
c i r c l e 
_ _ _ _ _ _ _ _ 
_ _ _ _ 

0
Before
++++++
n+++++
r+++++
eg++++
lri+++
cicds+

t e a p o t 
l i m i t s 
o r d u r e 
c o h e i r 
_ _ _ _ _ _ _ _ 
_ _ _ _ 

After
++++++
n+++++
r+++++
eg++++
lri+++
cicds+

t e a p o t 
l i m i t s 
o r d u r e 
c o h e i r 
_ _ _ _ _ _ _ _ 
_ _ _ _ 

0
Before
++++++
n+++++
r+++++
eg++++
lri+++
cicds+

t e a p o t 
l i m i t s 
o r d u r e 
c o h e i r 
_ _ _ _ _ _ _ _ 
_ _ _ _ 

After
++++++
n+++++
r+++++
eg++++
lri+++
cicds+

t e a p o t 
l i m i t s 
o r d u r e 
c o h e i r 
_ _ _ _ _ _ _ _ 
_ _ _ _ 

0
Before
++++++
ng+de+
rrodr+
errcu+
liios+
ciceh+

t e a p o t 
l i m i t s 
_ _ _ _ _ _ 
_ _ _ _ _ _ 
_ _ _ _ _ _ _ _ 
_ _ _ _ 

After
++++++
ng+de+
rrodr+
errcu+
liios+
ciceh+

t e a p o t 
l i m i t s 
_ _ _ _ _ _ 
_ _ _ _ _ _ 
_ _ _ _ _ _ _ _ 
_ _ _ _ 

35
Before
++++++
n+++++
r++de+
eg+dr+
liicu+
cices+

t e a p o t 
l i m i t s 
h o r r o r 
_ _ _ _ _ _ 
_ _ _ _ _ _ _ _ 
_ _ _ _ 

After
++++++
n+++++
r++de+
eg+dr+
liicu+
cices+

t e a p o t 
l i m i t s 
h o r r o r 
_ _ _ _ _ _ 
_ _ _ _ _ _ _ _ 
_ _ _ _ 

12
Before
++++++
n+++++
r+++++
eg++++
liid++
cicd++

t e a p o t 
l i m i t s 
h o r r o r 
s e c u r e 
_ _ _ _ _ _ _ _ 
_ _ _ _ 

After
++++++
n+++++
r+++++
eg++++
liid++
cicd++

t e a p o t 
l i m i t s 
h o r r o r 
s e c u r e 
_ _ _ _ _ _ _ _ 
_ _ _ _ 

0
Before
++++++
++++++
+++de+
+++dr+
n++cu+
rgies+

t e a p o t 
l i m i t s 
h o r r o r 
i c i c l e 
_ _ _ _ _ _ _ _ 
_ _ _ _ 

After
++++++
++++++
+++de+
+++dr+
n++cu+
rgies+

t e a p o t 
l i m i t s 
h o r r o r 
i c i c l e 
_ _ _ _ _ _ _ _ 
_ _ _ _ 

0
Before
++++++
++++++
++++e+
n+++r+
rg+du+
ciids+

t e a p o t 
l i m i t s 
h o r r o r 
c e c i l e 
_ _ _ _ _ _ _ _ 
_ _ _ _ 

After
++++++
++++++
++++e+
n+++r+
rg+du+
ciids+

t e a p o t 
l i m i t s 
h o r r o r 
c e c i l e 
_ _ _ _ _ _ _ _ 
_ _ _ _ 

0
Before
++++++
++++++
++++e+
n+++r+
rg+du+
ciids+

t e a p o t 
l i m i t s 
h o r r o r 
c e c i l e 
_ _ _ _ _ _ _ _ 
_ _ _ _ 

After
++++++
++++++
++++e+
n+++r+
rg+du+
ciids+

t e a p o t 
l i m i t s 
h o r r o r 
c e c i l e 
_ _ _ _ _ _ _ _ 
_ _ _ _ 

0
Before
++++++
++++++
+++de+
+++dr+
ng+cu+
ri+es+

t e a p o t 
l i m i t s 
h o r r o r 
i c i c l e 
_ _ _ _ _ _ _ _ 
_ _ _ _ 

After
++++++
++++++
+++de+
+++dr+
ng+cu+
ri+es+

t e a p o t 
l i m i t s 
h o r r o r 
i c i c l e 
_ _ _ _ _ _ _ _ 
_ _ _ _ 

0
Before
++++++
++++++
+++de+
+++dr+
ng+cu+
ri+es+

t e a p o t 
l i m i t s 
h o r r o r 
i c i c l e 
_ _ _ _ _ _ _ _ 
_ _ _ _ 

After
++++++
++++++
+++de+
+++dr+
ng+cu+
ri+es+

t e a p o t 
l i m i t s 
h o r r o r 
i c i c l e 
_ _ _ _ _ _ _ _ 
_ _ _ _ 

0
Before
++++++
++++++
+++de+
+++dr+
n++cu+
rgies+

t e a p o t 
l i m i t s 
h o r r o r 
i c i c l e 
_ _ _ _ _ _ _ _ 
_ _ _ _ 

After
++++++
++++++
+++de+
+++dr+
n++cu+
rgies+

t e a p o t 
l i m i t s 
h o r r o r 
i c i c l e 
_ _ _ _ _ _ _ _ 
_ _ _ _ 

0
Before
++++++
n+++++
r+++++
eg++++
lii+++
cicds+

t e a p o t 
l i m i t s 
h o r r o r 
r e d u c e 
_ _ _ _ _ _ _ _ 
_ _ _ _ 

After
++++++
n+++++
r+++++
eg++++
lii+++
cicds+

t e a p o t 
l i m i t s 
h o r r o r 
r e d u c e 
_ _ _ _ _ _ _ _ 
_ _ _ _ 

0
Before
++++++
++++++
++++e+
n++dr+
lg+cu+
ci+es+

t e a p o t 
l i m i t s 
h o r r o r 
d i c i e r 
_ _ _ _ _ _ _ _ 
_ _ _ _ 

After
++++++
++++++
++++e+
n++dr+
lg+cu+
ci+es+

t e a p o t 
l i m i t s 
h o r r o r 
d i c i e r 
_ _ _ _ _ _ _ _ 
_ _ _ _ 

0
Before
++++++
n+++++
r+++++
eg++++
lii+++
cicdr+

t e a p o t 
l i m i t s 
h o r r o r 
e d u c e s 
_ _ _ _ _ _ _ _ 
_ _ _ _ 

After
++++++
n+++++
r+++++
eg++++
lii+++
cicdr+

t e a p o t 
l i m i t s 
h o r r o r 
e d u c e s 
_ _ _ _ _ _ _ _ 
_ _ _ _ 

0
Before
++++++
n+++++
r+++++
eg++++
li++r+
ciccu+

t e a p o t 
l i m i t s 
h o r r o r 
e d d i e s 
_ _ _ _ _ _ _ _ 
_ _ _ _ 

After
++++++
n+++++
r+++++
eg++++
li++r+
ciccu+

t e a p o t 
l i m i t s 
h o r r o r 
e d d i e s 
_ _ _ _ _ _ _ _ 
_ _ _ _ 

0
Before
++++++
n+++++
r+++++
eg++++
lii+r+
cic+s+

t e a p o t 
l i m i t s 
h o r r o r 
d e d u c e 
_ _ _ _ _ _ _ _ 
_ _ _ _ 

After
++++++
n+++++
r+++++
eg++++
lii+r+
cic+s+

t e a p o t 
l i m i t s 
h o r r o r 
d e d u c e 
_ _ _ _ _ _ _ _ 
_ _ _ _ 

0
Before
++++++
n+++++
r++de+
eg+dr+
liicu+
cices+

t e a p o t 
l i m i t s 
h o r r o r 
_ _ _ _ _ _ 
_ _ _ _ _ _ _ _ 
_ _ _ _ 

After
++++++
n+++++
r++de+
eg+dr+
liicu+
cices+

t e a p o t 
l i m i t s 
h o r r o r 
_ _ _ _ _ _ 
_ _ _ _ _ _ _ _ 
_ _ _ _ 

12
Before
++++++
n+++++
r+++++
eg++++
liid++
cicd++

t e a p o t 
l i m i t s 
h o r r o r 
s e c u r e 
_ _ _ _ _ _ _ _ 
_ _ _ _ 

After
++++++
n+++++
r+++++
eg++++
liid++
cicd++

t e a p o t 
l i m i t s 
h o r r o r 
s e c u r e 
_ _ _ _ _ _ _ _ 
_ _ _ _ 

0
Before
++++++
++++++
+++de+
+++dr+
n++cu+
rgies+

t e a p o t 
l i m i t s 
h o r r o r 
i c i c l e 
_ _ _ _ _ _ _ _ 
_ _ _ _ 

After
++++++
++++++
+++de+
+++dr+
n++cu+
rgies+

t e a p o t 
l i m i t s 
h o r r o r 
i c i c l e 
_ _ _ _ _ _ _ _ 
_ _ _ _ 

0
Before
++++++
++++++
++++e+
n+++r+
rg+du+
ciids+

t e a p o t 
l i m i t s 
h o r r o r 
c e c i l e 
_ _ _ _ _ _ _ _ 
_ _ _ _ 

After
++++++
++++++
++++e+
n+++r+
rg+du+
ciids+

t e a p o t 
l i m i t s 
h o r r o r 
c e c i l e 
_ _ _ _ _ _ _ _ 
_ _ _ _ 

0
Before
++++++
++++++
++++e+
n+++r+
rg+du+
ciids+

t e a p o t 
l i m i t s 
h o r r o r 
c e c i l e 
_ _ _ _ _ _ _ _ 
_ _ _ _ 

After
++++++
++++++
++++e+
n+++r+
rg+du+
ciids+

t e a p o t 
l i m i t s 
h o r r o r 
c e c i l e 
_ _ _ _ _ _ _ _ 
_ _ _ _ 

0
Before
++++++
++++++
+++de+
+++dr+
ng+cu+
ri+es+

t e a p o t 
l i m i t s 
h o r r o r 
i c i c l e 
_ _ _ _ _ _ _ _ 
_ _ _ _ 

After
++++++
++++++
+++de+
+++dr+
ng+cu+
ri+es+

t e a p o t 
l i m i t s 
h o r r o r 
i c i c l e 
_ _ _ _ _ _ _ _ 
_ _ _ _ 

0
Before
++++++
++++++
+++de+
+++dr+
ng+cu+
ri+es+

t e a p o t 
l i m i t s 
h o r r o r 
i c i c l e 
_ _ _ _ _ _ _ _ 
_ _ _ _ 

After
++++++
++++++
+++de+
+++dr+
ng+cu+
ri+es+

t e a p o t 
l i m i t s 
h o r r o r 
i c i c l e 
_ _ _ _ _ _ _ _ 
_ _ _ _ 

0
Before
++++++
++++++
+++de+
+++dr+
n++cu+
rgies+

t e a p o t 
l i m i t s 
h o r r o r 
i c i c l e 
_ _ _ _ _ _ _ _ 
_ _ _ _ 

After
++++++
++++++
+++de+
+++dr+
n++cu+
rgies+

t e a p o t 
l i m i t s 
h o r r o r 
i c i c l e 
_ _ _ _ _ _ _ _ 
_ _ _ _ 

0
Before
++++++
n+++++
r+++++
eg++++
lii+++
cicds+

t e a p o t 
l i m i t s 
h o r r o r 
r e d u c e 
_ _ _ _ _ _ _ _ 
_ _ _ _ 

After
++++++
n+++++
r+++++
eg++++
lii+++
cicds+

t e a p o t 
l i m i t s 
h o r r o r 
r e d u c e 
_ _ _ _ _ _ _ _ 
_ _ _ _ 

0
Before
++++++
++++++
++++e+
n++dr+
lg+cu+
ci+es+

t e a p o t 
l i m i t s 
h o r r o r 
d i c i e r 
_ _ _ _ _ _ _ _ 
_ _ _ _ 

After
++++++
++++++
++++e+
n++dr+
lg+cu+
ci+es+

t e a p o t 
l i m i t s 
h o r r o r 
d i c i e r 
_ _ _ _ _ _ _ _ 
_ _ _ _ 

0
Before
++++++
n+++++
r+++++
eg++++
lii+++
cicdr+

t e a p o t 
l i m i t s 
h o r r o r 
e d u c e s 
_ _ _ _ _ _ _ _ 
_ _ _ _ 

After
++++++
n+++++
r+++++
eg++++
lii+++
cicdr+

t e a p o t 
l i m i t s 
h o r r o r 
e d u c e s 
_ _ _ _ _ _ _ _ 
_ _ _ _ 

0
Before
++++++
n+++++
r+++++
eg++++
li++r+
ciccu+

t e a p o t 
l i m i t s 
h o r r o r 
e d d i e s 
_ _ _ _ _ _ _ _ 
_ _ _ _ 

After
++++++
n+++++
r+++++
eg++++
li++r+
ciccu+

t e a p o t 
l i m i t s 
h o r r o r 
e d d i e s 
_ _ _ _ _ _ _ _ 
_ _ _ _ 

0
Before
++++++
n+++++
r+++++
eg++++
lii+r+
cic+s+

t e a p o t 
l i m i t s 
h o r r o r 
d e d u c e 
_ _ _ _ _ _ _ _ 
_ _ _ _ 

After
++++++
n+++++
r+++++
eg++++
lii+r+
cic+s+

t e a p o t 
l i m i t s 
h o r r o r 
d e d u c e 
_ _ _ _ _ _ _ _ 
_ _ _ _ 

0
Before
++++++
ng++++
rr++++
err+e+
liidr+
cicoh+

t e a p o t 
l i m i t s 
e s c u d o 
_ _ _ _ _ _ 
_ _ _ _ _ _ _ _ 
_ _ _ _ 

After
++++++
ng++++
rr++++
err+e+
liidr+
cicoh+

t e a p o t 
l i m i t s 
e s c u d o 
_ _ _ _ _ _ 
_ _ _ _ _ _ _ _ 
_ _ _ _ 

11
Before
++++++
++++++
++++++
+g++e+
nrrdr+
rrioh+

t e a p o t 
l i m i t s 
e s c u d o 
i c i c l e 
_ _ _ _ _ _ _ _ 
_ _ _ _ 

After
++++++
++++++
++++++
+g++e+
nrrdr+
rrioh+

t e a p o t 
l i m i t s 
e s c u d o 
i c i c l e 
_ _ _ _ _ _ _ _ 
_ _ _ _ 

0
Before
++++++
++++++
+g++++
+r++e+
ni+dr+
riroh+

t e a p o t 
l i m i t s 
e s c u d o 
c l e r i c 
_ _ _ _ _ _ _ _ 
_ _ _ _ 

After
++++++
++++++
+g++++
+r++e+
ni+dr+
riroh+

t e a p o t 
l i m i t s 
e s c u d o 
c l e r i c 
_ _ _ _ _ _ _ _ 
_ _ _ _ 

0
Before
++++++
++++++
++++++
+g++e+
nrrdr+
riioh+

t e a p o t 
l i m i t s 
e s c u d o 
c l e r i c 
_ _ _ _ _ _ _ _ 
_ _ _ _ 

After
++++++
++++++
++++++
+g++e+
nrrdr+
riioh+

t e a p o t 
l i m i t s 
e s c u d o 
c l e r i c 
_ _ _ _ _ _ _ _ 
_ _ _ _ 

0
Before
++++++
++++++
n+++++
rg++e+
lr++r+
ciroh+

t e a p o t 
l i m i t s 
e s c u d o 
d i c i e r 
_ _ _ _ _ _ _ _ 
_ _ _ _ 

After
++++++
++++++
n+++++
rg++e+
lr++r+
ciroh+

t e a p o t 
l i m i t s 
e s c u d o 
d i c i e r 
_ _ _ _ _ _ _ _ 
_ _ _ _ 

0
Before
++++++
++++++
+g++++
nr++e+
lr++r+
ciroh+

t e a p o t 
l i m i t s 
e s c u d o 
d i c i e r 
_ _ _ _ _ _ _ _ 
_ _ _ _ 

After
++++++
++++++
+g++++
nr++e+
lr++r+
ciroh+

t e a p o t 
l i m i t s 
e s c u d o 
d i c i e r 
_ _ _ _ _ _ _ _ 
_ _ _ _ 

0
Before
++++++
++++++
n+++++
rg++e+
lr++r+
ciroh+

t e a p o t 
l i m i t s 
e s c u d o 
d i c i e r 
_ _ _ _ _ _ _ _ 
_ _ _ _ 

After
++++++
++++++
n+++++
rg++e+
lr++r+
ciroh+

t e a p o t 
l i m i t s 
e s c u d o 
d i c i e r 
_ _ _ _ _ _ _ _ 
_ _ _ _ 

0
Before
++++++
++++++
+g++++
nr++e+
rrr+r+
cii+h+

t e a p o t 
l i m i t s 
e s c u d o 
d o c i l e 
_ _ _ _ _ _ _ _ 
_ _ _ _ 

After
++++++
++++++
+g++++
nr++e+
rrr+r+
cii+h+

t e a p o t 
l i m i t s 
e s c u d o 
d o c i l e 
_ _ _ _ _ _ _ _ 
_ _ _ _ 

0
Before
++++++
++++++
+g++++
nr++e+
rrr+r+
cii+h+

t e a p o t 
l i m i t s 
e s c u d o 
d o c i l e 
_ _ _ _ _ _ _ _ 
_ _ _ _ 

After
++++++
++++++
+g++++
nr++e+
rrr+r+
cii+h+

t e a p o t 
l i m i t s 
e s c u d o 
d o c i l e 
_ _ _ _ _ _ _ _ 
_ _ _ _ 

0
Before
++++++
++++++
+g++++
+r++e+
nr+dr+
riroh+

t e a p o t 
l i m i t s 
e s c u d o 
i c i c l e 
_ _ _ _ _ _ _ _ 
_ _ _ _ 

After
++++++
++++++
+g++++
+r++e+
nr+dr+
riroh+

t e a p o t 
l i m i t s 
e s c u d o 
i c i c l e 
_ _ _ _ _ _ _ _ 
_ _ _ _ 

0
Before
++++++
++++++
+g++++
+r++e+
nr+dr+
riroh+

t e a p o t 
l i m i t s 
e s c u d o 
i c i c l e 
_ _ _ _ _ _ _ _ 
_ _ _ _ 

After
++++++
++++++
+g++++
+r++e+
nr+dr+
riroh+

t e a p o t 
l i m i t s 
e s c u d o 
i c i c l e 
_ _ _ _ _ _ _ _ 
_ _ _ _ 

0
Before
++++++
++++++
++++++
+g++e+
nrrdr+
rrioh+

t e a p o t 
l i m i t s 
e s c u d o 
i c i c l e 
_ _ _ _ _ _ _ _ 
_ _ _ _ 

After
++++++
++++++
++++++
+g++e+
nrrdr+
rrioh+

t e a p o t 
l i m i t s 
e s c u d o 
i c i c l e 
_ _ _ _ _ _ _ _ 
_ _ _ _ 

0
Before
++++++
ng++++
rr++r+
er++u+
liocs+
ciieh+

t e a p o t 
l i m i t s 
c o r d e d 
_ _ _ _ _ _ 
_ _ _ _ _ _ _ _ 
_ _ _ _ 

After
++++++
ng++++
rr++r+
er++u+
liocs+
ciieh+

t e a p o t 
l i m i t s 
c o r d e d 
_ _ _ _ _ _ 
_ _ _ _ _ _ _ _ 
_ _ _ _ 

5
Before
++++++
++++++
n+++++
rg++r+
li++u+
ciieh+

t e a p o t 
l i m i t s 
c o r d e d 
s c o r e r 
_ _ _ _ _ _ _ _ 
_ _ _ _ 

After
++++++
++++++
n+++++
rg++r+
li++u+
ciieh+

t e a p o t 
l i m i t s 
c o r d e d 
s c o r e r 
_ _ _ _ _ _ _ _ 
_ _ _ _ 

0
Before
++++++
++++++
+g++++
nr++r+
li++u+
ciieh+

t e a p o t 
l i m i t s 
c o r d e d 
s c o r e r 
_ _ _ _ _ _ _ _ 
_ _ _ _ 

After
++++++
++++++
+g++++
nr++r+
li++u+
ciieh+

t e a p o t 
l i m i t s 
c o r d e d 
s c o r e r 
_ _ _ _ _ _ _ _ 
_ _ _ _ 

0
Before
++++++
++++++
++++r+
n+++u+
rg+cs+
crieh+

t e a p o t 
l i m i t s 
c o r d e d 
o i l i e r 
_ _ _ _ _ _ _ _ 
_ _ _ _ 

After
++++++
++++++
++++r+
n+++u+
rg+cs+
crieh+

t e a p o t 
l i m i t s 
c o r d e d 
o i l i e r 
_ _ _ _ _ _ _ _ 
_ _ _ _ 

0
Before
++++++
++++++
++++r+
+g++u+
nr+cs+
crieh+

t e a p o t 
l i m i t s 
c o r d e d 
o i l i e r 
_ _ _ _ _ _ _ _ 
_ _ _ _ 

After
++++++
++++++
++++r+
+g++u+
nr+cs+
crieh+

t e a p o t 
l i m i t s 
c o r d e d 
o i l i e r 
_ _ _ _ _ _ _ _ 
_ _ _ _ 

0
Before
++++++
++++++
++++r+
n+++u+
rg+cs+
crieh+

t e a p o t 
l i m i t s 
c o r d e d 
o i l i e r 
_ _ _ _ _ _ _ _ 
_ _ _ _ 

After
++++++
++++++
++++r+
n+++u+
rg+cs+
crieh+

t e a p o t 
l i m i t s 
c o r d e d 
o i l i e r 
_ _ _ _ _ _ _ _ 
_ _ _ _ 

0
Before
++++++
n+++++
rg++e+
er+dr+
liodu+
circs+

t e a p o t 
l i m i t s 
c o h e i r 
_ _ _ _ _ _ 
_ _ _ _ _ _ _ _ 
_ _ _ _ 

After
++++++
n+++++
rg++e+
er+dr+
liodu+
circs+

t e a p o t 
l i m i t s 
c o h e i r 
_ _ _ _ _ _ 
_ _ _ _ _ _ _ _ 
_ _ _ _ 

6
Before
++++++
++++++
++++++
ng++e+
li+dr+
cirdu+

t e a p o t 
l i m i t s 
c o h e i r 
s c o r e r 
_ _ _ _ _ _ _ _ 
_ _ _ _ 

After
++++++
++++++
++++++
ng++e+
li+dr+
cirdu+

t e a p o t 
l i m i t s 
c o h e i r 
s c o r e r 
_ _ _ _ _ _ _ _ 
_ _ _ _ 

0
Before
++++++
++++++
n+++++
rg++++
er+de+
liodr+

t e a p o t 
l i m i t s 
c o h e i r 
c i r c u s 
_ _ _ _ _ _ _ _ 
_ _ _ _ 

After
++++++
++++++
n+++++
rg++++
er+de+
liodr+

t e a p o t 
l i m i t s 
c o h e i r 
c i r c u s 
_ _ _ _ _ _ _ _ 
_ _ _ _ 

0
Before
++++++
++++++
n+++++
rg++++
er+de+
liodr+

t e a p o t 
l i m i t s 
c o h e i r 
c i r c u s 
_ _ _ _ _ _ _ _ 
_ _ _ _ 

After
++++++
++++++
n+++++
rg++++
er+de+
liodr+

t e a p o t 
l i m i t s 
c o h e i r 
c i r c u s 
_ _ _ _ _ _ _ _ 
_ _ _ _ 

0
Before
++++++
++++++
++++e+
+++dr+
ng+du+
crrcs+

t e a p o t 
l i m i t s 
c o h e i r 
o i l i e r 
_ _ _ _ _ _ _ _ 
_ _ _ _ 

After
++++++
++++++
++++e+
+++dr+
ng+du+
crrcs+

t e a p o t 
l i m i t s 
c o h e i r 
o i l i e r 
_ _ _ _ _ _ _ _ 
_ _ _ _ 

0
Before
++++++
++++++
++++e+
n++dr+
r++du+
cgrcs+

t e a p o t 
l i m i t s 
c o h e i r 
o i l i e r 
_ _ _ _ _ _ _ _ 
_ _ _ _ 

After
++++++
++++++
++++e+
n++dr+
r++du+
cgrcs+

t e a p o t 
l i m i t s 
c o h e i r 
o i l i e r 
_ _ _ _ _ _ _ _ 
_ _ _ _ 

0
Before
++++++
n+++++
rg++++
er++++
li+d++
ci+cs+

t e a p o t 
l i m i t s 
c o h e i r 
o r d u r e 
_ _ _ _ _ _ _ _ 
_ _ _ _ 

After
++++++
n+++++
rg++++
er++++
li+d++
ci+cs+

t e a p o t 
l i m i t s 
c o h e i r 
o r d u r e 
_ _ _ _ _ _ _ _ 
_ _ _ _ 

0
Before
++++++
ng++++
rr++e+
er+dr+
li+du+
ciocs+

t e a p o t 
l i m i t s 
c o h e i r 
_ _ _ _ _ _ 
_ _ _ _ _ _ _ _ 
_ _ _ _ 

After
++++++
ng++++
rr++e+
er+dr+
li+du+
ciocs+

t e a p o t 
l i m i t s 
c o h e i r 
_ _ _ _ _ _ 
_ _ _ _ _ _ _ _ 
_ _ _ _ 

3
Before
++++++
++++++
++++e+
n++dr+
rg+du+
cr+cs+

t e a p o t 
l i m i t s 
c o h e i r 
o i l i e r 
_ _ _ _ _ _ _ _ 
_ _ _ _ 

After
++++++
++++++
++++e+
n++dr+
rg+du+
cr+cs+

t e a p o t 
l i m i t s 
c o h e i r 
o i l i e r 
_ _ _ _ _ _ _ _ 
_ _ _ _ 

0
Before
++++++
++++++
++++e+
+g+dr+
nr+du+
cr+cs+

t e a p o t 
l i m i t s 
c o h e i r 
o i l i e r 
_ _ _ _ _ _ _ _ 
_ _ _ _ 

After
++++++
++++++
++++e+
+g+dr+
nr+du+
cr+cs+

t e a p o t 
l i m i t s 
c o h e i r 
o i l i e r 
_ _ _ _ _ _ _ _ 
_ _ _ _ 

0
Before
++++++
++++++
++++e+
n++dr+
rg+du+
cr+cs+

t e a p o t 
l i m i t s 
c o h e i r 
o i l i e r 
_ _ _ _ _ _ _ _ 
_ _ _ _ 

After
++++++
++++++
++++e+
n++dr+
rg+du+
cr+cs+

t e a p o t 
l i m i t s 
c o h e i r 
o i l i e r 
_ _ _ _ _ _ _ _ 
_ _ _ _ 

0
Before
++++++
n+++++
rg+d++
er+de+
lroor+
ciieh+

t e a p o t 
l i m i t s 
c i r c u s 
_ _ _ _ _ _ 
_ _ _ _ _ _ _ _ 
_ _ _ _ 

After
++++++
n+++++
rg+d++
er+de+
lroor+
ciieh+

t e a p o t 
l i m i t s 
c i r c u s 
_ _ _ _ _ _ 
_ _ _ _ _ _ _ _ 
_ _ _ _ 

5
Before
++++++
n+++++
rg++++
er++++
lr++++
ciier+

t e a p o t 
l i m i t s 
c i r c u s 
h o o d e d 
_ _ _ _ _ _ _ _ 
_ _ _ _ 

After
++++++
n+++++
rg++++
er++++
lr++++
ciier+

t e a p o t 
l i m i t s 
c i r c u s 
h o o d e d 
_ _ _ _ _ _ _ _ 
_ _ _ _ 

0
Before
++++++
n+++++
rg++++
er++++
lro+++
ciio++

t e a p o t 
l i m i t s 
c i r c u s 
h e r d e d 
_ _ _ _ _ _ _ _ 
_ _ _ _ 

After
++++++
n+++++
rg++++
er++++
lro+++
ciio++

t e a p o t 
l i m i t s 
c i r c u s 
h e r d e d 
_ _ _ _ _ _ _ _ 
_ _ _ _ 

0
Before
++++++
n+++++
rg++++
er++++
lro+++
cii+h+

t e a p o t 
l i m i t s 
c i r c u s 
e r o d e d 
_ _ _ _ _ _ _ _ 
_ _ _ _ 

After
++++++
n+++++
rg++++
er++++
lro+++
cii+h+

t e a p o t 
l i m i t s 
c i r c u s 
e r o d e d 
_ _ _ _ _ _ _ _ 
_ _ _ _ 

0
Before
++++++
++++++
n+++++
rg++++
lr+or+
ciieh+

t e a p o t 
l i m i t s 
c i r c u s 
e r o d e d 
_ _ _ _ _ _ _ _ 
_ _ _ _ 

After
++++++
++++++
n+++++
rg++++
lr+or+
ciieh+

t e a p o t 
l i m i t s 
c i r c u s 
e r o d e d 
_ _ _ _ _ _ _ _ 
_ _ _ _ 

0
Before
++++++
++++++
n+++++
rg++++
lr+or+
ciieh+

t e a p o t 
l i m i t s 
c i r c u s 
e r o d e d 
_ _ _ _ _ _ _ _ 
_ _ _ _ 

After
++++++
++++++
n+++++
rg++++
lr+or+
ciieh+

t e a p o t 
l i m i t s 
c i r c u s 
e r o d e d 
_ _ _ _ _ _ _ _ 
_ _ _ _ 

0
Before
++++++
ng++++
rr+d++
er+de+
li+or+
cioeh+

t e a p o t 
l i m i t s 
c i r c u s 
_ _ _ _ _ _ 
_ _ _ _ _ _ _ _ 
_ _ _ _ 

After
++++++
ng++++
rr+d++
er+de+
li+or+
cioeh+

t e a p o t 
l i m i t s 
c i r c u s 
_ _ _ _ _ _ 
_ _ _ _ _ _ _ _ 
_ _ _ _ 

5
Before
++++++
ng++++
rr++++
er++++
li++++
cioo++

t e a p o t 
l i m i t s 
c i r c u s 
h e r d e d 
_ _ _ _ _ _ _ _ 
_ _ _ _ 

After
++++++
ng++++
rr++++
er++++
li++++
cioo++

t e a p o t 
l i m i t s 
c i r c u s 
h e r d e d 
_ _ _ _ _ _ _ _ 
_ _ _ _ 

0
Before
++++++
ng++++
rr++++
er++++
li++++
cio+h+

t e a p o t 
l i m i t s 
c i r c u s 
e r o d e d 
_ _ _ _ _ _ _ _ 
_ _ _ _ 

After
++++++
ng++++
rr++++
er++++
li++++
cio+h+

t e a p o t 
l i m i t s 
c i r c u s 
e r o d e d 
_ _ _ _ _ _ _ _ 
_ _ _ _ 

0
Before
++++++
++++++
+++d++
n++de+
rg+or+
cr+eh+

t e a p o t 
l i m i t s 
c i r c u s 
o i l i e r 
_ _ _ _ _ _ _ _ 
_ _ _ _ 

After
++++++
++++++
+++d++
n++de+
rg+or+
cr+eh+

t e a p o t 
l i m i t s 
c i r c u s 
o i l i e r 
_ _ _ _ _ _ _ _ 
_ _ _ _ 

0
Before
++++++
++++++
+++d++
+g+de+
nr+or+
cr+eh+

t e a p o t 
l i m i t s 
c i r c u s 
o i l i e r 
_ _ _ _ _ _ _ _ 
_ _ _ _ 

After
++++++
++++++
+++d++
+g+de+
nr+or+
cr+eh+

t e a p o t 
l i m i t s 
c i r c u s 
o i l i e r 
_ _ _ _ _ _ _ _ 
_ _ _ _ 

0
Before
++++++
++++++
+++d++
n++de+
rg+or+
cr+eh+

t e a p o t 
l i m i t s 
c i r c u s 
o i l i e r 
_ _ _ _ _ _ _ _ 
_ _ _ _ 

After
++++++
++++++
+++d++
n++de+
rg+or+
cr+eh+

t e a p o t 
l i m i t s 
c i r c u s 
o i l i e r 
_ _ _ _ _ _ _ _ 
_ _ _ _ 

0
Before
++++++
+++de+
+++dr+
+gocu+
nrros+
rrieh+

t e a p o t 
l i m i t s 
i c i c l e 
_ _ _ _ _ _ 
_ _ _ _ _ _ _ _ 
_ _ _ _ 

After
++++++
+++de+
+++dr+
+gocu+
nrros+
rrieh+

t e a p o t 
l i m i t s 
i c i c l e 
_ _ _ _ _ _ 
_ _ _ _ _ _ _ _ 
_ _ _ _ 

11
Before
++++++
++++++
++++++
+g++r+
nrrcu+
rries+

t e a p o t 
l i m i t s 
i c i c l e 
h o o d e d 
_ _ _ _ _ _ _ _ 
_ _ _ _ 

After
++++++
++++++
++++++
+g++r+
nrrcu+
rries+

t e a p o t 
l i m i t s 
i c i c l e 
h o o d e d 
_ _ _ _ _ _ _ _ 
_ _ _ _ 

0
Before
++++++
++++++
++++++
+g++e+
nrrdr+
rrioh+

t e a p o t 
l i m i t s 
i c i c l e 
e s c u d o 
_ _ _ _ _ _ _ _ 
_ _ _ _ 

After
++++++
++++++
++++++
+g++e+
nrrdr+
rrioh+

t e a p o t 
l i m i t s 
i c i c l e 
e s c u d o 
_ _ _ _ _ _ _ _ 
_ _ _ _ 

0
Before
++++++
++++++
++++r+
+g++u+
nr+cs+
rrioh+

t e a p o t 
l i m i t s 
i c i c l e 
e r o d e d 
_ _ _ _ _ _ _ _ 
_ _ _ _ 

After
++++++
++++++
++++r+
+g++u+
nr+cs+
rrioh+

t e a p o t 
l i m i t s 
i c i c l e 
e r o d e d 
_ _ _ _ _ _ _ _ 
_ _ _ _ 

0
Before
++++++
++++++
++++++
+god++
nrrc++
rrieh+

t e a p o t 
l i m i t s 
i c i c l e 
s o u r e d 
_ _ _ _ _ _ _ _ 
_ _ _ _ 

After
++++++
++++++
++++++
+god++
nrrc++
rrieh+

t e a p o t 
l i m i t s 
i c i c l e 
s o u r e d 
_ _ _ _ _ _ _ _ 
_ _ _ _ 

0
Before
++++++
++++++
++++++
+god++
nrrc++
rrieh+

t e a p o t 
l i m i t s 
i c i c l e 
s o u r e d 
_ _ _ _ _ _ _ _ 
_ _ _ _ 

After
++++++
++++++
++++++
+god++
nrrc++
rrieh+

t e a p o t 
l i m i t s 
i c i c l e 
s o u r e d 
_ _ _ _ _ _ _ _ 
_ _ _ _ 

0
Before
++++++
++++++
++++++
+go+++
nrrde+
rridh+

t e a p o t 
l i m i t s 
i c i c l e 
c r u s o e 
_ _ _ _ _ _ _ _ 
_ _ _ _ 

After
++++++
++++++
++++++
+go+++
nrrde+
rridh+

t e a p o t 
l i m i t s 
i c i c l e 
c r u s o e 
_ _ _ _ _ _ _ _ 
_ _ _ _ 

0
Before
++++++
++++++
++++e+
++++r+
ngodu+
rrrds+

t e a p o t 
l i m i t s 
i c i c l e 
c o h e i r 
_ _ _ _ _ _ _ _ 
_ _ _ _ 

After
++++++
++++++
++++e+
++++r+
ngodu+
rrrds+

t e a p o t 
l i m i t s 
i c i c l e 
c o h e i r 
_ _ _ _ _ _ _ _ 
_ _ _ _ 

0
Before
++++++
++++++
++++e+
++++r+
ngodu+
rrrds+

t e a p o t 
l i m i t s 
i c i c l e 
c o h e i r 
_ _ _ _ _ _ _ _ 
_ _ _ _ 

After
++++++
++++++
++++e+
++++r+
ngodu+
rrrds+

t e a p o t 
l i m i t s 
i c i c l e 
c o h e i r 
_ _ _ _ _ _ _ _ 
_ _ _ _ 

0
Before
++++++
++++++
++++e+
+g++r+
nr+du+
rrods+

t e a p o t 
l i m i t s 
i c i c l e 
c o h e i r 
_ _ _ _ _ _ _ _ 
_ _ _ _ 

After
++++++
++++++
++++e+
+g++r+
nr+du+
rrods+

t e a p o t 
l i m i t s 
i c i c l e 
c o h e i r 
_ _ _ _ _ _ _ _ 
_ _ _ _ 

0
Before
++++++
++++++
++++++
+++de+
nrodr+
rrich+

t e a p o t 
l i m i t s 
i c i c l e 
g r o u s e 
_ _ _ _ _ _ _ _ 
_ _ _ _ 

After
++++++
++++++
++++++
+++de+
nrodr+
rrich+

t e a p o t 
l i m i t s 
i c i c l e 
g r o u s e 
_ _ _ _ _ _ _ _ 
_ _ _ _ 

0
Before
++++++
++++++
+++d++
+g+d++
nroc++
rrioe+

t e a p o t 
l i m i t s 
i c i c l e 
r u s h e r 
_ _ _ _ _ _ _ _ 
_ _ _ _ 

After
++++++
++++++
+++d++
+g+d++
nroc++
rrioe+

t e a p o t 
l i m i t s 
i c i c l e 
r u s h e r 
_ _ _ _ _ _ _ _ 
_ _ _ _ 

0
Before
++++++
++++++
ng+d++
rrode+
erior+
liceh+

t e a p o t 
l i m i t s 
c i r c u s 
_ _ _ _ _ _ 
_ _ _ _ _ _ _ _ 
_ _ _ _ 

After
++++++
++++++
ng+d++
rrode+
erior+
liceh+

t e a p o t 
l i m i t s 
c i r c u s 
_ _ _ _ _ _ 
_ _ _ _ _ _ _ _ 
_ _ _ _ 

18
Before
++++++
++++++
ng++++
rr++++
eri+++
licer+

t e a p o t 
l i m i t s 
c i r c u s 
h o o d e d 
_ _ _ _ _ _ _ _ 
_ _ _ _ 

After
++++++
++++++
ng++++
rr++++
eri+++
licer+

t e a p o t 
l i m i t s 
c i r c u s 
h o o d e d 
_ _ _ _ _ _ _ _ 
_ _ _ _ 

0
Before
++++++
++++++
ng++++
rr++++
eri+++
licer+

t e a p o t 
l i m i t s 
c i r c u s 
h o o d e d 
_ _ _ _ _ _ _ _ 
_ _ _ _ 

After
++++++
++++++
ng++++
rr++++
eri+++
licer+

t e a p o t 
l i m i t s 
c i r c u s 
h o o d e d 
_ _ _ _ _ _ _ _ 
_ _ _ _ 

0
Before
++++++
++++++
ng++++
rro+++
eri+++
lico++

t e a p o t 
l i m i t s 
c i r c u s 
h e r d e d 
_ _ _ _ _ _ _ _ 
_ _ _ _ 

After
++++++
++++++
ng++++
rro+++
eri+++
lico++

t e a p o t 
l i m i t s 
c i r c u s 
h e r d e d 
_ _ _ _ _ _ _ _ 
_ _ _ _ 

0
Before
++++++
++++++
ng++++
rr++++
er+d++
liode+

t e a p o t 
l i m i t s 
c i r c u s 
h e r o i c 
_ _ _ _ _ _ _ _ 
_ _ _ _ 

After
++++++
++++++
ng++++
rr++++
er+d++
liode+

t e a p o t 
l i m i t s 
c i r c u s 
h e r o i c 
_ _ _ _ _ _ _ _ 
_ _ _ _ 

0
Before
++++++
++++++
ng++++
rro+++
eri+++
lic+h+

t e a p o t 
l i m i t s 
c i r c u s 
e r o d e d 
_ _ _ _ _ _ _ _ 
_ _ _ _ 

After
++++++
++++++
ng++++
rro+++
eri+++
lic+h+

t e a p o t 
l i m i t s 
c i r c u s 
e r o d e d 
_ _ _ _ _ _ _ _ 
_ _ _ _ 

0
Before
++++++
++++++
ng++++
rr++++
erod++
liid++

t e a p o t 
l i m i t s 
c i r c u s 
c o h e r e 
_ _ _ _ _ _ _ _ 
_ _ _ _ 

After
++++++
++++++
ng++++
rr++++
erod++
liid++

t e a p o t 
l i m i t s 
c i r c u s 
c o h e r e 
_ _ _ _ _ _ _ _ 
_ _ _ _ 

0
Before
++++++
++++++
n+++++
rg++++
er+de+
liodr+

t e a p o t 
l i m i t s 
c i r c u s 
c o h e i r 
_ _ _ _ _ _ _ _ 
_ _ _ _ 

After
++++++
++++++
n+++++
rg++++
er+de+
liodr+

t e a p o t 
l i m i t s 
c i r c u s 
c o h e i r 
_ _ _ _ _ _ _ _ 
_ _ _ _ 

0
Before
++++++
++++++
n+++++
rg++++
er+de+
liodr+

t e a p o t 
l i m i t s 
c i r c u s 
c o h e i r 
_ _ _ _ _ _ _ _ 
_ _ _ _ 

After
++++++
++++++
n+++++
rg++++
er+de+
liodr+

t e a p o t 
l i m i t s 
c i r c u s 
c o h e i r 
_ _ _ _ _ _ _ _ 
_ _ _ _ 

0
Before
++++++
++++++
ng++++
rr++++
ero+++
liieh+

t e a p o t 
l i m i t s 
c i r c u s 
c o r d e d 
_ _ _ _ _ _ _ _ 
_ _ _ _ 

After
++++++
++++++
ng++++
rr++++
ero+++
liieh+

t e a p o t 
l i m i t s 
c i r c u s 
c o r d e d 
_ _ _ _ _ _ _ _ 
_ _ _ _ 

0
Before
++++++
++++++
++++++
ng++++
rrior+
liceh+

t e a p o t 
l i m i t s 
c i r c u s 
e r o d e d 
_ _ _ _ _ _ _ _ 
_ _ _ _ 

After
++++++
++++++
++++++
ng++++
rrior+
liceh+

t e a p o t 
l i m i t s 
c i r c u s 
e r o d e d 
_ _ _ _ _ _ _ _ 
_ _ _ _ 

0
Before
++++++
++++++
++++++
ng++++
rrior+
liceh+

t e a p o t 
l i m i t s 
c i r c u s 
e r o d e d 
_ _ _ _ _ _ _ _ 
_ _ _ _ 

After
++++++
++++++
++++++
ng++++
rrior+
liceh+

t e a p o t 
l i m i t s 
c i r c u s 
e r o d e d 
_ _ _ _ _ _ _ _ 
_ _ _ _ 

0
Before
++++++
++++++
++++++
ng++++
rrior+
liceh+

t e a p o t 
l i m i t s 
c i r c u s 
e r o d e d 
_ _ _ _ _ _ _ _ 
_ _ _ _ 

After
++++++
++++++
++++++
ng++++
rrior+
liceh+

t e a p o t 
l i m i t s 
c i r c u s 
e r o d e d 
_ _ _ _ _ _ _ _ 
_ _ _ _ 

0
Before
++++++
++++++
++++++
ng++++
rrior+
liceh+

t e a p o t 
l i m i t s 
c i r c u s 
e r o d e d 
_ _ _ _ _ _ _ _ 
_ _ _ _ 

After
++++++
++++++
++++++
ng++++
rrior+
liceh+

t e a p o t 
l i m i t s 
c i r c u s 
e r o d e d 
_ _ _ _ _ _ _ _ 
_ _ _ _ 

0
Before
++++++
++++++
++++++
n++de+
rg+or+
lroeh+

t e a p o t 
l i m i t s 
c i r c u s 
d i c i e r 
_ _ _ _ _ _ _ _ 
_ _ _ _ 

After
++++++
++++++
++++++
n++de+
rg+or+
lroeh+

t e a p o t 
l i m i t s 
c i r c u s 
d i c i e r 
_ _ _ _ _ _ _ _ 
_ _ _ _ 

0
Before
++++++
++++++
++++++
+g+de+
nr+or+
lroeh+

t e a p o t 
l i m i t s 
c i r c u s 
d i c i e r 
_ _ _ _ _ _ _ _ 
_ _ _ _ 

After
++++++
++++++
++++++
+g+de+
nr+or+
lroeh+

t e a p o t 
l i m i t s 
c i r c u s 
d i c i e r 
_ _ _ _ _ _ _ _ 
_ _ _ _ 

0
Before
++++++
++++++
++++++
n++de+
rg+or+
lroeh+

t e a p o t 
l i m i t s 
c i r c u s 
d i c i e r 
_ _ _ _ _ _ _ _ 
_ _ _ _ 

After
++++++
++++++
++++++
n++de+
rg+or+
lroeh+

t e a p o t 
l i m i t s 
c i r c u s 
d i c i e r 
_ _ _ _ _ _ _ _ 
_ _ _ _ 

0
Before
++++++
++++++
++++++
+g++e+
nrodr+
rrieh+

t e a p o t 
l i m i t s 
c i r c u s 
d o c i l e 
_ _ _ _ _ _ _ _ 
_ _ _ _ 

After
++++++
++++++
++++++
+g++e+
nrodr+
rrieh+

t e a p o t 
l i m i t s 
c i r c u s 
d o c i l e 
_ _ _ _ _ _ _ _ 
_ _ _ _ 

0
Before
++++++
++++++
n+++++
rr++e+
er++r+
licdh+

t e a p o t 
l i m i t s 
c i r c u s 
g o o d i e 
_ _ _ _ _ _ _ _ 
_ _ _ _ 

After
++++++
++++++
n+++++
rr++e+
er++r+
licdh+

t e a p o t 
l i m i t s 
c i r c u s 
g o o d i e 
_ _ _ _ _ _ _ _ 
_ _ _ _ 

0
Before
++++++
++++e+
+g+dr+
+rodu+
niros+
riceh+

t e a p o t 
l i m i t s 
c l e r i c 
_ _ _ _ _ _ 
_ _ _ _ _ _ _ _ 
_ _ _ _ 

After
++++++
++++e+
+g+dr+
+rodu+
niros+
riceh+

t e a p o t 
l i m i t s 
c l e r i c 
_ _ _ _ _ _ 
_ _ _ _ _ _ _ _ 
_ _ _ _ 

6
Before
++++++
++++++
++++e+
+g+dr+
+r+du+
ricos+

t e a p o t 
l i m i t s 
c l e r i c 
h e r o i n 
_ _ _ _ _ _ _ _ 
_ _ _ _ 

After
++++++
++++++
++++e+
+g+dr+
+r+du+
ricos+

t e a p o t 
l i m i t s 
c l e r i c 
h e r o i n 
_ _ _ _ _ _ _ _ 
_ _ _ _ 

0
Before
++++++
++++++
++++e+
+g+dr+
nr+du+
ri+os+

t e a p o t 
l i m i t s 
c l e r i c 
h e r o i c 
_ _ _ _ _ _ _ _ 
_ _ _ _ 

After
++++++
++++++
++++e+
+g+dr+
nr+du+
ri+os+

t e a p o t 
l i m i t s 
c l e r i c 
h e r o i c 
_ _ _ _ _ _ _ _ 
_ _ _ _ 

0
Before
++++++
++++++
+g++++
+ro+++
nird++
riceh+

t e a p o t 
l i m i t s 
c l e r i c 
s o u r e d 
_ _ _ _ _ _ _ _ 
_ _ _ _ 

After
++++++
++++++
+g++++
+ro+++
nird++
riceh+

t e a p o t 
l i m i t s 
c l e r i c 
s o u r e d 
_ _ _ _ _ _ _ _ 
_ _ _ _ 

0
Before
++++++
++++++
+g++++
+r++++
niods+
riceh+

t e a p o t 
l i m i t s 
c l e r i c 
o r d u r e 
_ _ _ _ _ _ _ _ 
_ _ _ _ 

After
++++++
++++++
+g++++
+r++++
niods+
riceh+

t e a p o t 
l i m i t s 
c l e r i c 
o r d u r e 
_ _ _ _ _ _ _ _ 
_ _ _ _ 

0
Before
++++++
++++++
+g++++
+r+d++
ni+os+
riceh+

t e a p o t 
l i m i t s 
c l e r i c 
o r d u r e 
_ _ _ _ _ _ _ _ 
_ _ _ _ 

After
++++++
++++++
+g++++
+r+d++
ni+os+
riceh+

t e a p o t 
l i m i t s 
c l e r i c 
o r d u r e 
_ _ _ _ _ _ _ _ 
_ _ _ _ 

0
Before
++++++
++++++
+g++++
+r+d++
niod++
ricoe+

t e a p o t 
l i m i t s 
c l e r i c 
r u s h e r 
_ _ _ _ _ _ _ _ 
_ _ _ _ 

After
++++++
++++++
+g++++
+r+d++
niod++
ricoe+

t e a p o t 
l i m i t s 
c l e r i c 
r u s h e r 
_ _ _ _ _ _ _ _ 
_ _ _ _ 

0
Before
++++++
+++de+
+g+dr+
+r+cu+
nioos+
rireh+

t e a p o t 
l i m i t s 
c l e r i c 
_ _ _ _ _ _ 
_ _ _ _ _ _ _ _ 
_ _ _ _ 

After
++++++
+++de+
+g+dr+
+r+cu+
nioos+
rireh+

t e a p o t 
l i m i t s 
c l e r i c 
_ _ _ _ _ _ 
_ _ _ _ _ _ _ _ 
_ _ _ _ 

6
Before
++++++
++++++
+++de+
+g+dr+
+r+cu+
ri+os+

t e a p o t 
l i m i t s 
c l e r i c 
h e r o i n 
_ _ _ _ _ _ _ _ 
_ _ _ _ 

After
++++++
++++++
+++de+
+g+dr+
+r+cu+
ri+os+

t e a p o t 
l i m i t s 
c l e r i c 
h e r o i n 
_ _ _ _ _ _ _ _ 
_ _ _ _ 

0
Before
++++++
++++++
+++de+
+g+dr+
+r+cu+
ri+os+

t e a p o t 
l i m i t s 
c l e r i c 
h e r o i n 
_ _ _ _ _ _ _ _ 
_ _ _ _ 

After
++++++
++++++
+++de+
+g+dr+
+r+cu+
ri+os+

t e a p o t 
l i m i t s 
c l e r i c 
h e r o i n 
_ _ _ _ _ _ _ _ 
_ _ _ _ 

0
Before
++++++
++++++
+g++++
+r+d++
nioc++
rireh+

t e a p o t 
l i m i t s 
c l e r i c 
s o u r e d 
_ _ _ _ _ _ _ _ 
_ _ _ _ 

After
++++++
++++++
+g++++
+r+d++
nioc++
rireh+

t e a p o t 
l i m i t s 
c l e r i c 
s o u r e d 
_ _ _ _ _ _ _ _ 
_ _ _ _ 

0
Before
++++++
++++++
+g++++
+r+d++
nioc++
rireh+

t e a p o t 
l i m i t s 
c l e r i c 
s o u r e d 
_ _ _ _ _ _ _ _ 
_ _ _ _ 

After
++++++
++++++
+g++++
+r+d++
nioc++
rireh+

t e a p o t 
l i m i t s 
c l e r i c 
s o u r e d 
_ _ _ _ _ _ _ _ 
_ _ _ _ 

0
Before
++++++
++++++
+g++++
+r++++
niode+
rirdh+

t e a p o t 
l i m i t s 
c l e r i c 
c r u s o e 
_ _ _ _ _ _ _ _ 
_ _ _ _ 

After
++++++
++++++
+g++++
+r++++
niode+
rirdh+

t e a p o t 
l i m i t s 
c l e r i c 
c r u s o e 
_ _ _ _ _ _ _ _ 
_ _ _ _ 

0
Before
++++++
++++++
+g+d++
+r+d++
ni+c++
riooe+

t e a p o t 
l i m i t s 
c l e r i c 
r u s h e r 
_ _ _ _ _ _ _ _ 
_ _ _ _ 

After
++++++
++++++
+g+d++
+r+d++
ni+c++
riooe+

t e a p o t 
l i m i t s 
c l e r i c 
r u s h e r 
_ _ _ _ _ _ _ _ 
_ _ _ _ 

0
Before
++++++
+++de+
+++dr+
+gocu+
nrros+
riieh+

t e a p o t 
l i m i t s 
c l e r i c 
_ _ _ _ _ _ 
_ _ _ _ _ _ _ _ 
_ _ _ _ 

After
++++++
+++de+
+++dr+
+gocu+
nrros+
riieh+

t e a p o t 
l i m i t s 
c l e r i c 
_ _ _ _ _ _ 
_ _ _ _ _ _ _ _ 
_ _ _ _ 

14
Before
++++++
++++++
++++++
+g++r+
nrrcu+
riies+

t e a p o t 
l i m i t s 
c l e r i c 
h o o d e d 
_ _ _ _ _ _ _ _ 
_ _ _ _ 

After
++++++
++++++
++++++
+g++r+
nrrcu+
riies+

t e a p o t 
l i m i t s 
c l e r i c 
h o o d e d 
_ _ _ _ _ _ _ _ 
_ _ _ _ 

0
Before
++++++
++++++
++++++
+g++e+
nrrdr+
riioh+

t e a p o t 
l i m i t s 
c l e r i c 
e s c u d o 
_ _ _ _ _ _ _ _ 
_ _ _ _ 

After
++++++
++++++
++++++
+g++e+
nrrdr+
riioh+

t e a p o t 
l i m i t s 
c l e r i c 
e s c u d o 
_ _ _ _ _ _ _ _ 
_ _ _ _ 

0
Before
++++++
++++e+
+++dr+
+++du+
++ocs+
r+ioh+

t e a p o t 
l i m i t s 
c l e r i c 
e r r i n g 
_ _ _ _ _ _ _ _ 
_ _ _ _ 

After
++++++
++++e+
+++dr+
+++du+
++ocs+
r+ioh+

t e a p o t 
l i m i t s 
c l e r i c 
e r r i n g 
_ _ _ _ _ _ _ _ 
_ _ _ _ 

0
Before
++++++
++++++
++++r+
+g++u+
nr+cs+
riioh+

t e a p o t 
l i m i t s 
c l e r i c 
e r o d e d 
_ _ _ _ _ _ _ _ 
_ _ _ _ 

After
++++++
++++++
++++r+
+g++u+
nr+cs+
riioh+

t e a p o t 
l i m i t s 
c l e r i c 
e r o d e d 
_ _ _ _ _ _ _ _ 
_ _ _ _ 

0
Before
++++++
++++++
++++++
+god++
nrrc++
riieh+

t e a p o t 
l i m i t s 
c l e r i c 
s o u r e d 
_ _ _ _ _ _ _ _ 
_ _ _ _ 

After
++++++
++++++
++++++
+god++
nrrc++
riieh+

t e a p o t 
l i m i t s 
c l e r i c 
s o u r e d 
_ _ _ _ _ _ _ _ 
_ _ _ _ 

0
Before
++++++
++++++
++++++
+god++
nrrc++
riieh+

t e a p o t 
l i m i t s 
c l e r i c 
s o u r e d 
_ _ _ _ _ _ _ _ 
_ _ _ _ 

After
++++++
++++++
++++++
+god++
nrrc++
riieh+

t e a p o t 
l i m i t s 
c l e r i c 
s o u r e d 
_ _ _ _ _ _ _ _ 
_ _ _ _ 

0
Before
++++++
++++++
++++++
+go+++
nrrde+
riidh+

t e a p o t 
l i m i t s 
c l e r i c 
c r u s o e 
_ _ _ _ _ _ _ _ 
_ _ _ _ 

After
++++++
++++++
++++++
+go+++
nrrde+
riidh+

t e a p o t 
l i m i t s 
c l e r i c 
c r u s o e 
_ _ _ _ _ _ _ _ 
_ _ _ _ 

0
Before
++++++
++++e+
+++dr+
+++du+
++ros+
r+ieh+

t e a p o t 
l i m i t s 
c l e r i c 
c o r i n g 
_ _ _ _ _ _ _ _ 
_ _ _ _ 

After
++++++
++++e+
+++dr+
+++du+
++ros+
r+ieh+

t e a p o t 
l i m i t s 
c l e r i c 
c o r i n g 
_ _ _ _ _ _ _ _ 
_ _ _ _ 

0
Before
++++++
++++e+
+++dr+
+++du+
+++os+
rrieh+

t e a p o t 
l i m i t s 
c l e r i c 
c o r i n g 
_ _ _ _ _ _ _ _ 
_ _ _ _ 

After
++++++
++++e+
+++dr+
+++du+
+++os+
rrieh+

t e a p o t 
l i m i t s 
c l e r i c 
c o r i n g 
_ _ _ _ _ _ _ _ 
_ _ _ _ 

0
Before
++++++
++++e+
++++r+
+++du+
++ods+
rrieh+

t e a p o t 
l i m i t s 
c l e r i c 
c o r i n g 
_ _ _ _ _ _ _ _ 
_ _ _ _ 

After
++++++
++++e+
++++r+
+++du+
++ods+
rrieh+

t e a p o t 
l i m i t s 
c l e r i c 
c o r i n g 
_ _ _ _ _ _ _ _ 
_ _ _ _ 

0
Before
++++++
++++++
++++e+
++++r+
ngodu+
rirds+

t e a p o t 
l i m i t s 
c l e r i c 
c o h e i r 
_ _ _ _ _ _ _ _ 
_ _ _ _ 

After
++++++
++++++
++++e+
++++r+
ngodu+
rirds+

t e a p o t 
l i m i t s 
c l e r i c 
c o h e i r 
_ _ _ _ _ _ _ _ 
_ _ _ _ 

0
Before
++++++
++++++
++++e+
+g++r+
nr+du+
riods+

t e a p o t 
l i m i t s 
c l e r i c 
c o h e i r 
_ _ _ _ _ _ _ _ 
_ _ _ _ 

After
++++++
++++++
++++e+
+g++r+
nr+du+
riods+

t e a p o t 
l i m i t s 
c l e r i c 
c o h e i r 
_ _ _ _ _ _ _ _ 
_ _ _ _ 

0
Before
++++++
++++++
++++++
+++de+
nrodr+
riich+

t e a p o t 
l i m i t s 
c l e r i c 
g r o u s e 
_ _ _ _ _ _ _ _ 
_ _ _ _ 

After
++++++
++++++
++++++
+++de+
nrodr+
riich+

t e a p o t 
l i m i t s 
c l e r i c 
g r o u s e 
_ _ _ _ _ _ _ _ 
_ _ _ _ 

0
Before
++++++
++++++
+++d++
+g+d++
nroc++
riioe+

t e a p o t 
l i m i t s 
c l e r i c 
r u s h e r 
_ _ _ _ _ _ _ _ 
_ _ _ _ 

After
++++++
++++++
+++d++
+g+d++
nroc++
riioe+

t e a p o t 
l i m i t s 
c l e r i c 
r u s h e r 
_ _ _ _ _ _ _ _ 
_ _ _ _ 

0
Before
++++++
++++++
n++de+
rgrdr+
liiou+
ciceh+

t e a p o t 
l i m i t s 
s c o r e r 
_ _ _ _ _ _ 
_ _ _ _ _ _ _ _ 
_ _ _ _ 

After
++++++
++++++
n++de+
rgrdr+
liiou+
ciceh+

t e a p o t 
l i m i t s 
s c o r e r 
_ _ _ _ _ _ 
_ _ _ _ _ _ _ _ 
_ _ _ _ 

14
Before
++++++
++++++
n+++++
rg++++
lir+u+
ciieh+

t e a p o t 
l i m i t s 
s c o r e r 
c o r d e d 
_ _ _ _ _ _ _ _ 
_ _ _ _ 

After
++++++
++++++
n+++++
rg++++
lir+u+
ciieh+

t e a p o t 
l i m i t s 
s c o r e r 
c o r d e d 
_ _ _ _ _ _ _ _ 
_ _ _ _ 

0
Before
++++++
++++++
n+++++
rg++++
lir+u+
ciieh+

t e a p o t 
l i m i t s 
s c o r e r 
c o r d e d 
_ _ _ _ _ _ _ _ 
_ _ _ _ 

After
++++++
++++++
n+++++
rg++++
lir+u+
ciieh+

t e a p o t 
l i m i t s 
s c o r e r 
c o r d e d 
_ _ _ _ _ _ _ _ 
_ _ _ _ 

0
Before
++++++
++++++
n+++++
rg++r+
li++u+
ciieh+

t e a p o t 
l i m i t s 
s c o r e r 
c o r d e d 
_ _ _ _ _ _ _ _ 
_ _ _ _ 

After
++++++
++++++
n+++++
rg++r+
li++u+
ciieh+

t e a p o t 
l i m i t s 
s c o r e r 
c o r d e d 
_ _ _ _ _ _ _ _ 
_ _ _ _ 

0
Before
++++++
++++++
n+++++
rg++r+
li++u+
ciieh+

t e a p o t 
l i m i t s 
s c o r e r 
c o r d e d 
_ _ _ _ _ _ _ _ 
_ _ _ _ 

After
++++++
++++++
n+++++
rg++r+
li++u+
ciieh+

t e a p o t 
l i m i t s 
s c o r e r 
c o r d e d 
_ _ _ _ _ _ _ _ 
_ _ _ _ 

0
Before
++++++
++++++
n+++++
rg++e+
li+dr+
ci+du+

t e a p o t 
l i m i t s 
s c o r e r 
c o h e i r 
_ _ _ _ _ _ _ _ 
_ _ _ _ 

After
++++++
++++++
n+++++
rg++e+
li+dr+
ci+du+

t e a p o t 
l i m i t s 
s c o r e r 
c o h e i r 
_ _ _ _ _ _ _ _ 
_ _ _ _ 

0
Before
++++++
++++++
n+++++
rg++++
liid++
ciceh+

t e a p o t 
l i m i t s 
s c o r e r 
o r d u r e 
_ _ _ _ _ _ _ _ 
_ _ _ _ 

After
++++++
++++++
n+++++
rg++++
liid++
ciceh+

t e a p o t 
l i m i t s 
s c o r e r 
o r d u r e 
_ _ _ _ _ _ _ _ 
_ _ _ _ 

0
Before
++++++
++++++
n+++++
r+++r+
li+ou+
ciceh+

t e a p o t 
l i m i t s 
s c o r e r 
g i r d e d 
_ _ _ _ _ _ _ _ 
_ _ _ _ 

After
++++++
++++++
n+++++
r+++r+
li+ou+
ciceh+

t e a p o t 
l i m i t s 
s c o r e r 
g i r d e d 
_ _ _ _ _ _ _ _ 
_ _ _ _ 

0
Before
++++++
++++++
n+++++
r++d++
li+ou+
ciceh+

t e a p o t 
l i m i t s 
s c o r e r 
g i r d e r 
_ _ _ _ _ _ _ _ 
_ _ _ _ 

After
++++++
++++++
n+++++
r++d++
li+ou+
ciceh+

t e a p o t 
l i m i t s 
s c o r e r 
g i r d e r 
_ _ _ _ _ _ _ _ 
_ _ _ _ 

0
Before
++++++
++++++
n+++++
r+++r+
li+ou+
ciceh+

t e a p o t 
l i m i t s 
s c o r e r 
g i r d e d 
_ _ _ _ _ _ _ _ 
_ _ _ _ 

After
++++++
++++++
n+++++
r+++r+
li+ou+
ciceh+

t e a p o t 
l i m i t s 
s c o r e r 
g i r d e d 
_ _ _ _ _ _ _ _ 
_ _ _ _ 

0
Before
++++++
++++++
n+++++
r++d++
li+ou+
ciceh+

t e a p o t 
l i m i t s 
s c o r e r 
g i r d e r 
_ _ _ _ _ _ _ _ 
_ _ _ _ 

After
++++++
++++++
n+++++
r++d++
li+ou+
ciceh+

t e a p o t 
l i m i t s 
s c o r e r 
g i r d e r 
_ _ _ _ _ _ _ _ 
_ _ _ _ 

0
Before
++++++
++++++
n+++++
r+++r+
l+iou+
ciceh+

t e a p o t 
l i m i t s 
s c o r e r 
g i r d e d 
_ _ _ _ _ _ _ _ 
_ _ _ _ 

After
++++++
++++++
n+++++
r+++r+
l+iou+
ciceh+

t e a p o t 
l i m i t s 
s c o r e r 
g i r d e d 
_ _ _ _ _ _ _ _ 
_ _ _ _ 

0
Before
++++++
++++++
n+++++
r++d++
l+iou+
ciceh+

t e a p o t 
l i m i t s 
s c o r e r 
g i r d e r 
_ _ _ _ _ _ _ _ 
_ _ _ _ 

After
++++++
++++++
n+++++
r++d++
l+iou+
ciceh+

t e a p o t 
l i m i t s 
s c o r e r 
g i r d e r 
_ _ _ _ _ _ _ _ 
_ _ _ _ 

0
Before
++++++
++++++
n+++++
r+++r+
l+iou+
ciceh+

t e a p o t 
l i m i t s 
s c o r e r 
g i r d e d 
_ _ _ _ _ _ _ _ 
_ _ _ _ 

After
++++++
++++++
n+++++
r+++r+
l+iou+
ciceh+

t e a p o t 
l i m i t s 
s c o r e r 
g i r d e d 
_ _ _ _ _ _ _ _ 
_ _ _ _ 

0
Before
++++++
++++++
n+++++
r++d++
l+iou+
ciceh+

t e a p o t 
l i m i t s 
s c o r e r 
g i r d e r 
_ _ _ _ _ _ _ _ 
_ _ _ _ 

After
++++++
++++++
n+++++
r++d++
l+iou+
ciceh+

t e a p o t 
l i m i t s 
s c o r e r 
g i r d e r 
_ _ _ _ _ _ _ _ 
_ _ _ _ 

0
Before
++++++
++++++
+g+de+
nrrdr+
liiou+
ciceh+

t e a p o t 
l i m i t s 
s c o r e r 
_ _ _ _ _ _ 
_ _ _ _ _ _ _ _ 
_ _ _ _ 

After
++++++
++++++
+g+de+
nrrdr+
liiou+
ciceh+

t e a p o t 
l i m i t s 
s c o r e r 
_ _ _ _ _ _ 
_ _ _ _ _ _ _ _ 
_ _ _ _ 

12
Before
++++++
++++++
++++++
ng++e+
li+dr+
ciceu+

t e a p o t 
l i m i t s 
s c o r e r 
h o r r i d 
_ _ _ _ _ _ _ _ 
_ _ _ _ 

After
++++++
++++++
++++++
ng++e+
li+dr+
ciceu+

t e a p o t 
l i m i t s 
s c o r e r 
h o r r i d 
_ _ _ _ _ _ _ _ 
_ _ _ _ 

0
Before
++++++
++++++
+g++++
nr++++
lir+u+
ciieh+

t e a p o t 
l i m i t s 
s c o r e r 
c o r d e d 
_ _ _ _ _ _ _ _ 
_ _ _ _ 

After
++++++
++++++
+g++++
nr++++
lir+u+
ciieh+

t e a p o t 
l i m i t s 
s c o r e r 
c o r d e d 
_ _ _ _ _ _ _ _ 
_ _ _ _ 

0
Before
++++++
++++++
+g++++
nr++++
lir+u+
ciieh+

t e a p o t 
l i m i t s 
s c o r e r 
c o r d e d 
_ _ _ _ _ _ _ _ 
_ _ _ _ 

After
++++++
++++++
+g++++
nr++++
lir+u+
ciieh+

t e a p o t 
l i m i t s 
s c o r e r 
c o r d e d 
_ _ _ _ _ _ _ _ 
_ _ _ _ 

0
Before
++++++
++++++
+g++++
nr++r+
li++u+
ciieh+

t e a p o t 
l i m i t s 
s c o r e r 
c o r d e d 
_ _ _ _ _ _ _ _ 
_ _ _ _ 

After
++++++
++++++
+g++++
nr++r+
li++u+
ciieh+

t e a p o t 
l i m i t s 
s c o r e r 
c o r d e d 
_ _ _ _ _ _ _ _ 
_ _ _ _ 

0
Before
++++++
++++++
++++e+
+++dr+
lr+du+
ciieh+

t e a p o t 
l i m i t s 
s c o r e r 
c o r i n g 
_ _ _ _ _ _ _ _ 
_ _ _ _ 

After
++++++
++++++
++++e+
+++dr+
lr+du+
ciieh+

t e a p o t 
l i m i t s 
s c o r e r 
c o r i n g 
_ _ _ _ _ _ _ _ 
_ _ _ _ 

0
Before
++++++
++++++
+g++++
nr++r+
li++u+
ciieh+

t e a p o t 
l i m i t s 
s c o r e r 
c o r d e d 
_ _ _ _ _ _ _ _ 
_ _ _ _ 

After
++++++
++++++
+g++++
nr++r+
li++u+
ciieh+

t e a p o t 
l i m i t s 
s c o r e r 
c o r d e d 
_ _ _ _ _ _ _ _ 
_ _ _ _ 

0
Before
++++++
++++++
++++++
ng++e+
li+dr+
cirdu+

t e a p o t 
l i m i t s 
s c o r e r 
c o h e i r 
_ _ _ _ _ _ _ _ 
_ _ _ _ 

After
++++++
++++++
++++++
ng++e+
li+dr+
cirdu+

t e a p o t 
l i m i t s 
s c o r e r 
c o h e i r 
_ _ _ _ _ _ _ _ 
_ _ _ _ 

0
Before
++++++
++++++
+g++++
nr++e+
li+dr+
ci+du+

t e a p o t 
l i m i t s 
s c o r e r 
c o h e i r 
_ _ _ _ _ _ _ _ 
_ _ _ _ 

After
++++++
++++++
+g++++
nr++e+
li+dr+
ci+du+

t e a p o t 
l i m i t s 
s c o r e r 
c o h e i r 
_ _ _ _ _ _ _ _ 
_ _ _ _ 

0
Before
++++++
++++++
+g++++
nr++++
liid++
ciceh+

t e a p o t 
l i m i t s 
s c o r e r 
o r d u r e 
_ _ _ _ _ _ _ _ 
_ _ _ _ 

After
++++++
++++++
+g++++
nr++++
liid++
ciceh+

t e a p o t 
l i m i t s 
s c o r e r 
o r d u r e 
_ _ _ _ _ _ _ _ 
_ _ _ _ 

0
Before
++++++
++++++
++++e+
+++dr+
lr+ou+
ciceh+

t e a p o t 
l i m i t s 
s c o r e r 
i n g r i d 
_ _ _ _ _ _ _ _ 
_ _ _ _ 

After
++++++
++++++
++++e+
+++dr+
lr+ou+
ciceh+

t e a p o t 
l i m i t s 
s c o r e r 
i n g r i d 
_ _ _ _ _ _ _ _ 
_ _ _ _ 

0
Before
++++++
++++++
++++e+
+++dr+
l+rou+
ciceh+

t e a p o t 
l i m i t s 
s c o r e r 
i n g r i d 
_ _ _ _ _ _ _ _ 
_ _ _ _ 

After
++++++
++++++
++++e+
+++dr+
l+rou+
ciceh+

t e a p o t 
l i m i t s 
s c o r e r 
i n g r i d 
_ _ _ _ _ _ _ _ 
_ _ _ _ 

0
Before
++++++
++++++
++++e+
+++dr+
lr+ou+
cireh+

t e a p o t 
l i m i t s 
s c o r e r 
d i c i n g 
_ _ _ _ _ _ _ _ 
_ _ _ _ 

After
++++++
++++++
++++e+
+++dr+
lr+ou+
cireh+

t e a p o t 
l i m i t s 
s c o r e r 
d i c i n g 
_ _ _ _ _ _ _ _ 
_ _ _ _ 

0
Before
++++++
++++++
+g+de+
nrrdr+
liiou+
ciceh+

t e a p o t 
l i m i t s 
s c o r e r 
_ _ _ _ _ _ 
_ _ _ _ _ _ _ _ 
_ _ _ _ 

After
++++++
++++++
+g+de+
nrrdr+
liiou+
ciceh+

t e a p o t 
l i m i t s 
s c o r e r 
_ _ _ _ _ _ 
_ _ _ _ _ _ _ _ 
_ _ _ _ 

12
Before
++++++
++++++
++++++
ng++e+
li+dr+
ciceu+

t e a p o t 
l i m i t s 
s c o r e r 
h o r r i d 
_ _ _ _ _ _ _ _ 
_ _ _ _ 

After
++++++
++++++
++++++
ng++e+
li+dr+
ciceu+

t e a p o t 
l i m i t s 
s c o r e r 
h o r r i d 
_ _ _ _ _ _ _ _ 
_ _ _ _ 

0
Before
++++++
++++++
+g++++
nr++++
lir+u+
ciieh+

t e a p o t 
l i m i t s 
s c o r e r 
c o r d e d 
_ _ _ _ _ _ _ _ 
_ _ _ _ 

After
++++++
++++++
+g++++
nr++++
lir+u+
ciieh+

t e a p o t 
l i m i t s 
s c o r e r 
c o r d e d 
_ _ _ _ _ _ _ _ 
_ _ _ _ 

0
Before
++++++
++++++
+g++++
nr++++
lir+u+
ciieh+

t e a p o t 
l i m i t s 
s c o r e r 
c o r d e d 
_ _ _ _ _ _ _ _ 
_ _ _ _ 

After
++++++
++++++
+g++++
nr++++
lir+u+
ciieh+

t e a p o t 
l i m i t s 
s c o r e r 
c o r d e d 
_ _ _ _ _ _ _ _ 
_ _ _ _ 

0
Before
++++++
++++++
+g++++
nr++r+
li++u+
ciieh+

t e a p o t 
l i m i t s 
s c o r e r 
c o r d e d 
_ _ _ _ _ _ _ _ 
_ _ _ _ 

After
++++++
++++++
+g++++
nr++r+
li++u+
ciieh+

t e a p o t 
l i m i t s 
s c o r e r 
c o r d e d 
_ _ _ _ _ _ _ _ 
_ _ _ _ 

0
Before
++++++
++++++
++++e+
+++dr+
lr+du+
ciieh+

t e a p o t 
l i m i t s 
s c o r e r 
c o r i n g 
_ _ _ _ _ _ _ _ 
_ _ _ _ 

After
++++++
++++++
++++e+
+++dr+
lr+du+
ciieh+

t e a p o t 
l i m i t s 
s c o r e r 
c o r i n g 
_ _ _ _ _ _ _ _ 
_ _ _ _ 

0
Before
++++++
++++++
+g++++
nr++r+
li++u+
ciieh+

t e a p o t 
l i m i t s 
s c o r e r 
c o r d e d 
_ _ _ _ _ _ _ _ 
_ _ _ _ 

After
++++++
++++++
+g++++
nr++r+
li++u+
ciieh+

t e a p o t 
l i m i t s 
s c o r e r 
c o r d e d 
_ _ _ _ _ _ _ _ 
_ _ _ _ 

0
Before
++++++
++++++
++++++
ng++e+
li+dr+
cirdu+

t e a p o t 
l i m i t s 
s c o r e r 
c o h e i r 
_ _ _ _ _ _ _ _ 
_ _ _ _ 

After
++++++
++++++
++++++
ng++e+
li+dr+
cirdu+

t e a p o t 
l i m i t s 
s c o r e r 
c o h e i r 
_ _ _ _ _ _ _ _ 
_ _ _ _ 

0
Before
++++++
++++++
+g++++
nr++e+
li+dr+
ci+du+

t e a p o t 
l i m i t s 
s c o r e r 
c o h e i r 
_ _ _ _ _ _ _ _ 
_ _ _ _ 

After
++++++
++++++
+g++++
nr++e+
li+dr+
ci+du+

t e a p o t 
l i m i t s 
s c o r e r 
c o h e i r 
_ _ _ _ _ _ _ _ 
_ _ _ _ 

0
Before
++++++
++++++
+g++++
nr++++
liid++
ciceh+

t e a p o t 
l i m i t s 
s c o r e r 
o r d u r e 
_ _ _ _ _ _ _ _ 
_ _ _ _ 

After
++++++
++++++
+g++++
nr++++
liid++
ciceh+

t e a p o t 
l i m i t s 
s c o r e r 
o r d u r e 
_ _ _ _ _ _ _ _ 
_ _ _ _ 

0
Before
++++++
++++++
++++e+
+++dr+
lr+ou+
ciceh+

t e a p o t 
l i m i t s 
s c o r e r 
i n g r i d 
_ _ _ _ _ _ _ _ 
_ _ _ _ 

After
++++++
++++++
++++e+
+++dr+
lr+ou+
ciceh+

t e a p o t 
l i m i t s 
s c o r e r 
i n g r i d 
_ _ _ _ _ _ _ _ 
_ _ _ _ 

0
Before
++++++
++++++
++++e+
+++dr+
l+rou+
ciceh+

t e a p o t 
l i m i t s 
s c o r e r 
i n g r i d 
_ _ _ _ _ _ _ _ 
_ _ _ _ 

After
++++++
++++++
++++e+
+++dr+
l+rou+
ciceh+

t e a p o t 
l i m i t s 
s c o r e r 
i n g r i d 
_ _ _ _ _ _ _ _ 
_ _ _ _ 

0
Before
++++++
++++++
++++e+
+++dr+
lr+ou+
cireh+

t e a p o t 
l i m i t s 
s c o r e r 
d i c i n g 
_ _ _ _ _ _ _ _ 
_ _ _ _ 

After
++++++
++++++
++++e+
+++dr+
lr+ou+
cireh+

t e a p o t 
l i m i t s 
s c o r e r 
d i c i n g 
_ _ _ _ _ _ _ _ 
_ _ _ _ 

0
Before
++++++
++++++
n++de+
rgrdr+
liiou+
ciceh+

t e a p o t 
l i m i t s 
s c o r e r 
_ _ _ _ _ _ 
_ _ _ _ _ _ _ _ 
_ _ _ _ 

After
++++++
++++++
n++de+
rgrdr+
liiou+
ciceh+

t e a p o t 
l i m i t s 
s c o r e r 
_ _ _ _ _ _ 
_ _ _ _ _ _ _ _ 
_ _ _ _ 

14
Before
++++++
++++++
n+++++
rg++++
lir+u+
ciieh+

t e a p o t 
l i m i t s 
s c o r e r 
c o r d e d 
_ _ _ _ _ _ _ _ 
_ _ _ _ 

After
++++++
++++++
n+++++
rg++++
lir+u+
ciieh+

t e a p o t 
l i m i t s 
s c o r e r 
c o r d e d 
_ _ _ _ _ _ _ _ 
_ _ _ _ 

0
Before
++++++
++++++
n+++++
rg++++
lir+u+
ciieh+

t e a p o t 
l i m i t s 
s c o r e r 
c o r d e d 
_ _ _ _ _ _ _ _ 
_ _ _ _ 

After
++++++
++++++
n+++++
rg++++
lir+u+
ciieh+

t e a p o t 
l i m i t s 
s c o r e r 
c o r d e d 
_ _ _ _ _ _ _ _ 
_ _ _ _ 

0
Before
++++++
++++++
n+++++
rg++r+
li++u+
ciieh+

t e a p o t 
l i m i t s 
s c o r e r 
c o r d e d 
_ _ _ _ _ _ _ _ 
_ _ _ _ 

After
++++++
++++++
n+++++
rg++r+
li++u+
ciieh+

t e a p o t 
l i m i t s 
s c o r e r 
c o r d e d 
_ _ _ _ _ _ _ _ 
_ _ _ _ 

0
Before
++++++
++++++
n+++++
rg++r+
li++u+
ciieh+

t e a p o t 
l i m i t s 
s c o r e r 
c o r d e d 
_ _ _ _ _ _ _ _ 
_ _ _ _ 

After
++++++
++++++
n+++++
rg++r+
li++u+
ciieh+

t e a p o t 
l i m i t s 
s c o r e r 
c o r d e d 
_ _ _ _ _ _ _ _ 
_ _ _ _ 

0
Before
++++++
++++++
n+++++
rg++e+
li+dr+
ci+du+

t e a p o t 
l i m i t s 
s c o r e r 
c o h e i r 
_ _ _ _ _ _ _ _ 
_ _ _ _ 

After
++++++
++++++
n+++++
rg++e+
li+dr+
ci+du+

t e a p o t 
l i m i t s 
s c o r e r 
c o h e i r 
_ _ _ _ _ _ _ _ 
_ _ _ _ 

0
Before
++++++
++++++
n+++++
rg++++
liid++
ciceh+

t e a p o t 
l i m i t s 
s c o r e r 
o r d u r e 
_ _ _ _ _ _ _ _ 
_ _ _ _ 

After
++++++
++++++
n+++++
rg++++
liid++
ciceh+

t e a p o t 
l i m i t s 
s c o r e r 
o r d u r e 
_ _ _ _ _ _ _ _ 
_ _ _ _ 

0
Before
++++++
++++++
n+++++
r+++r+
li+ou+
ciceh+

t e a p o t 
l i m i t s 
s c o r e r 
g i r d e d 
_ _ _ _ _ _ _ _ 
_ _ _ _ 

After
++++++
++++++
n+++++
r+++r+
li+ou+
ciceh+

t e a p o t 
l i m i t s 
s c o r e r 
g i r d e d 
_ _ _ _ _ _ _ _ 
_ _ _ _ 

0
Before
++++++
++++++
n+++++
r++d++
li+ou+
ciceh+

t e a p o t 
l i m i t s 
s c o r e r 
g i r d e r 
_ _ _ _ _ _ _ _ 
_ _ _ _ 

After
++++++
++++++
n+++++
r++d++
li+ou+
ciceh+

t e a p o t 
l i m i t s 
s c o r e r 
g i r d e r 
_ _ _ _ _ _ _ _ 
_ _ _ _ 

0
Before
++++++
++++++
n+++++
r+++r+
li+ou+
ciceh+

t e a p o t 
l i m i t s 
s c o r e r 
g i r d e d 
_ _ _ _ _ _ _ _ 
_ _ _ _ 

After
++++++
++++++
n+++++
r+++r+
li+ou+
ciceh+

t e a p o t 
l i m i t s 
s c o r e r 
g i r d e d 
_ _ _ _ _ _ _ _ 
_ _ _ _ 

0
Before
++++++
++++++
n+++++
r++d++
li+ou+
ciceh+

t e a p o t 
l i m i t s 
s c o r e r 
g i r d e r 
_ _ _ _ _ _ _ _ 
_ _ _ _ 

After
++++++
++++++
n+++++
r++d++
li+ou+
ciceh+

t e a p o t 
l i m i t s 
s c o r e r 
g i r d e r 
_ _ _ _ _ _ _ _ 
_ _ _ _ 

0
Before
++++++
++++++
n+++++
r+++r+
l+iou+
ciceh+

t e a p o t 
l i m i t s 
s c o r e r 
g i r d e d 
_ _ _ _ _ _ _ _ 
_ _ _ _ 

After
++++++
++++++
n+++++
r+++r+
l+iou+
ciceh+

t e a p o t 
l i m i t s 
s c o r e r 
g i r d e d 
_ _ _ _ _ _ _ _ 
_ _ _ _ 

0
Before
++++++
++++++
n+++++
r++d++
l+iou+
ciceh+

t e a p o t 
l i m i t s 
s c o r e r 
g i r d e r 
_ _ _ _ _ _ _ _ 
_ _ _ _ 

After
++++++
++++++
n+++++
r++d++
l+iou+
ciceh+

t e a p o t 
l i m i t s 
s c o r e r 
g i r d e r 
_ _ _ _ _ _ _ _ 
_ _ _ _ 

0
Before
++++++
++++++
n+++++
r+++r+
l+iou+
ciceh+

t e a p o t 
l i m i t s 
s c o r e r 
g i r d e d 
_ _ _ _ _ _ _ _ 
_ _ _ _ 

After
++++++
++++++
n+++++
r+++r+
l+iou+
ciceh+

t e a p o t 
l i m i t s 
s c o r e r 
g i r d e d 
_ _ _ _ _ _ _ _ 
_ _ _ _ 

0
Before
++++++
++++++
n+++++
r++d++
l+iou+
ciceh+

t e a p o t 
l i m i t s 
s c o r e r 
g i r d e r 
_ _ _ _ _ _ _ _ 
_ _ _ _ 

After
++++++
++++++
n+++++
r++d++
l+iou+
ciceh+

t e a p o t 
l i m i t s 
s c o r e r 
g i r d e r 
_ _ _ _ _ _ _ _ 
_ _ _ _ 

0
Before
++++++
ng++++
rro+++
errd++
liic++
ciceh+

t e a p o t 
l i m i t s 
s o u r e d 
_ _ _ _ _ _ 
_ _ _ _ _ _ _ _ 
_ _ _ _ 

After
++++++
ng++++
rro+++
errd++
liic++
ciceh+

t e a p o t 
l i m i t s 
s o u r e d 
_ _ _ _ _ _ 
_ _ _ _ _ _ _ _ 
_ _ _ _ 

12
Before
++++++
++++++
++++++
+god++
nrrc++
rrieh+

t e a p o t 
l i m i t s 
s o u r e d 
i c i c l e 
_ _ _ _ _ _ _ _ 
_ _ _ _ 

After
++++++
++++++
++++++
+god++
nrrc++
rrieh+

t e a p o t 
l i m i t s 
s o u r e d 
i c i c l e 
_ _ _ _ _ _ _ _ 
_ _ _ _ 

0
Before
++++++
++++++
+g++++
+ro+++
nird++
riceh+

t e a p o t 
l i m i t s 
s o u r e d 
c l e r i c 
_ _ _ _ _ _ _ _ 
_ _ _ _ 

After
++++++
++++++
+g++++
+ro+++
nird++
riceh+

t e a p o t 
l i m i t s 
s o u r e d 
c l e r i c 
_ _ _ _ _ _ _ _ 
_ _ _ _ 

0
Before
++++++
++++++
+g++++
+r+d++
nioc++
rireh+

t e a p o t 
l i m i t s 
s o u r e d 
c l e r i c 
_ _ _ _ _ _ _ _ 
_ _ _ _ 

After
++++++
++++++
+g++++
+r+d++
nioc++
rireh+

t e a p o t 
l i m i t s 
s o u r e d 
c l e r i c 
_ _ _ _ _ _ _ _ 
_ _ _ _ 

0
Before
++++++
++++++
++++++
+god++
nrrc++
riieh+

t e a p o t 
l i m i t s 
s o u r e d 
c l e r i c 
_ _ _ _ _ _ _ _ 
_ _ _ _ 

After
++++++
++++++
++++++
+god++
nrrc++
riieh+

t e a p o t 
l i m i t s 
s o u r e d 
c l e r i c 
_ _ _ _ _ _ _ _ 
_ _ _ _ 

0
Before
++++++
++++++
+g++++
nro+++
rrr+++
ciidh+

t e a p o t 
l i m i t s 
s o u r e d 
c e c i l e 
_ _ _ _ _ _ _ _ 
_ _ _ _ 

After
++++++
++++++
+g++++
nro+++
rrr+++
ciidh+

t e a p o t 
l i m i t s 
s o u r e d 
c e c i l e 
_ _ _ _ _ _ _ _ 
_ _ _ _ 

0
Before
++++++
++++++
+g++++
nro+++
rrr+++
ciidh+

t e a p o t 
l i m i t s 
s o u r e d 
c e c i l e 
_ _ _ _ _ _ _ _ 
_ _ _ _ 

After
++++++
++++++
+g++++
nro+++
rrr+++
ciidh+

t e a p o t 
l i m i t s 
s o u r e d 
c e c i l e 
_ _ _ _ _ _ _ _ 
_ _ _ _ 

0
Before
++++++
++++++
+g++++
+r+d++
nroc++
rireh+

t e a p o t 
l i m i t s 
s o u r e d 
i c i c l e 
_ _ _ _ _ _ _ _ 
_ _ _ _ 

After
++++++
++++++
+g++++
+r+d++
nroc++
rireh+

t e a p o t 
l i m i t s 
s o u r e d 
i c i c l e 
_ _ _ _ _ _ _ _ 
_ _ _ _ 

0
Before
++++++
++++++
+g++++
+r+d++
nroc++
rireh+

t e a p o t 
l i m i t s 
s o u r e d 
i c i c l e 
_ _ _ _ _ _ _ _ 
_ _ _ _ 

After
++++++
++++++
+g++++
+r+d++
nroc++
rireh+

t e a p o t 
l i m i t s 
s o u r e d 
i c i c l e 
_ _ _ _ _ _ _ _ 
_ _ _ _ 

0
Before
++++++
++++++
++++++
+god++
nrrc++
rrieh+

t e a p o t 
l i m i t s 
s o u r e d 
i c i c l e 
_ _ _ _ _ _ _ _ 
_ _ _ _ 

After
++++++
++++++
++++++
+god++
nrrc++
rrieh+

t e a p o t 
l i m i t s 
s o u r e d 
i c i c l e 
_ _ _ _ _ _ _ _ 
_ _ _ _ 

0
Before
++++++
++++++
n+++++
rg++++
lroc++
cireh+

t e a p o t 
l i m i t s 
s o u r e d 
d i c i e r 
_ _ _ _ _ _ _ _ 
_ _ _ _ 

After
++++++
++++++
n+++++
rg++++
lroc++
cireh+

t e a p o t 
l i m i t s 
s o u r e d 
d i c i e r 
_ _ _ _ _ _ _ _ 
_ _ _ _ 

0
Before
++++++
++++++
+g++++
nr++++
lroc++
cireh+

t e a p o t 
l i m i t s 
s o u r e d 
d i c i e r 
_ _ _ _ _ _ _ _ 
_ _ _ _ 

After
++++++
++++++
+g++++
nr++++
lroc++
cireh+

t e a p o t 
l i m i t s 
s o u r e d 
d i c i e r 
_ _ _ _ _ _ _ _ 
_ _ _ _ 

0
Before
++++++
++++++
n+++++
rg++++
lroc++
cireh+

t e a p o t 
l i m i t s 
s o u r e d 
d i c i e r 
_ _ _ _ _ _ _ _ 
_ _ _ _ 

After
++++++
++++++
n+++++
rg++++
lroc++
cireh+

t e a p o t 
l i m i t s 
s o u r e d 
d i c i e r 
_ _ _ _ _ _ _ _ 
_ _ _ _ 

0
Before
++++++
ng++++
rro+++
errd++
liic++
ciceh+

t e a p o t 
l i m i t s 
s o u r e d 
_ _ _ _ _ _ 
_ _ _ _ _ _ _ _ 
_ _ _ _ 

After
++++++
ng++++
rro+++
errd++
liic++
ciceh+

t e a p o t 
l i m i t s 
s o u r e d 
_ _ _ _ _ _ 
_ _ _ _ _ _ _ _ 
_ _ _ _ 

12
Before
++++++
++++++
++++++
+god++
nrrc++
rrieh+

t e a p o t 
l i m i t s 
s o u r e d 
i c i c l e 
_ _ _ _ _ _ _ _ 
_ _ _ _ 

After
++++++
++++++
++++++
+god++
nrrc++
rrieh+

t e a p o t 
l i m i t s 
s o u r e d 
i c i c l e 
_ _ _ _ _ _ _ _ 
_ _ _ _ 

0
Before
++++++
++++++
+g++++
+ro+++
nird++
riceh+

t e a p o t 
l i m i t s 
s o u r e d 
c l e r i c 
_ _ _ _ _ _ _ _ 
_ _ _ _ 

After
++++++
++++++
+g++++
+ro+++
nird++
riceh+

t e a p o t 
l i m i t s 
s o u r e d 
c l e r i c 
_ _ _ _ _ _ _ _ 
_ _ _ _ 

0
Before
++++++
++++++
+g++++
+r+d++
nioc++
rireh+

t e a p o t 
l i m i t s 
s o u r e d 
c l e r i c 
_ _ _ _ _ _ _ _ 
_ _ _ _ 

After
++++++
++++++
+g++++
+r+d++
nioc++
rireh+

t e a p o t 
l i m i t s 
s o u r e d 
c l e r i c 
_ _ _ _ _ _ _ _ 
_ _ _ _ 

0
Before
++++++
++++++
++++++
+god++
nrrc++
riieh+

t e a p o t 
l i m i t s 
s o u r e d 
c l e r i c 
_ _ _ _ _ _ _ _ 
_ _ _ _ 

After
++++++
++++++
++++++
+god++
nrrc++
riieh+

t e a p o t 
l i m i t s 
s o u r e d 
c l e r i c 
_ _ _ _ _ _ _ _ 
_ _ _ _ 

0
Before
++++++
++++++
+g++++
nro+++
rrr+++
ciidh+

t e a p o t 
l i m i t s 
s o u r e d 
c e c i l e 
_ _ _ _ _ _ _ _ 
_ _ _ _ 

After
++++++
++++++
+g++++
nro+++
rrr+++
ciidh+

t e a p o t 
l i m i t s 
s o u r e d 
c e c i l e 
_ _ _ _ _ _ _ _ 
_ _ _ _ 

0
Before
++++++
++++++
+g++++
nro+++
rrr+++
ciidh+

t e a p o t 
l i m i t s 
s o u r e d 
c e c i l e 
_ _ _ _ _ _ _ _ 
_ _ _ _ 

After
++++++
++++++
+g++++
nro+++
rrr+++
ciidh+

t e a p o t 
l i m i t s 
s o u r e d 
c e c i l e 
_ _ _ _ _ _ _ _ 
_ _ _ _ 

0
Before
++++++
++++++
+g++++
+r+d++
nroc++
rireh+

t e a p o t 
l i m i t s 
s o u r e d 
i c i c l e 
_ _ _ _ _ _ _ _ 
_ _ _ _ 

After
++++++
++++++
+g++++
+r+d++
nroc++
rireh+

t e a p o t 
l i m i t s 
s o u r e d 
i c i c l e 
_ _ _ _ _ _ _ _ 
_ _ _ _ 

0
Before
++++++
++++++
+g++++
+r+d++
nroc++
rireh+

t e a p o t 
l i m i t s 
s o u r e d 
i c i c l e 
_ _ _ _ _ _ _ _ 
_ _ _ _ 

After
++++++
++++++
+g++++
+r+d++
nroc++
rireh+

t e a p o t 
l i m i t s 
s o u r e d 
i c i c l e 
_ _ _ _ _ _ _ _ 
_ _ _ _ 

0
Before
++++++
++++++
++++++
+god++
nrrc++
rrieh+

t e a p o t 
l i m i t s 
s o u r e d 
i c i c l e 
_ _ _ _ _ _ _ _ 
_ _ _ _ 

After
++++++
++++++
++++++
+god++
nrrc++
rrieh+

t e a p o t 
l i m i t s 
s o u r e d 
i c i c l e 
_ _ _ _ _ _ _ _ 
_ _ _ _ 

0
Before
++++++
++++++
n+++++
rg++++
lroc++
cireh+

t e a p o t 
l i m i t s 
s o u r e d 
d i c i e r 
_ _ _ _ _ _ _ _ 
_ _ _ _ 

After
++++++
++++++
n+++++
rg++++
lroc++
cireh+

t e a p o t 
l i m i t s 
s o u r e d 
d i c i e r 
_ _ _ _ _ _ _ _ 
_ _ _ _ 

0
Before
++++++
++++++
+g++++
nr++++
lroc++
cireh+

t e a p o t 
l i m i t s 
s o u r e d 
d i c i e r 
_ _ _ _ _ _ _ _ 
_ _ _ _ 

After
++++++
++++++
+g++++
nr++++
lroc++
cireh+

t e a p o t 
l i m i t s 
s o u r e d 
d i c i e r 
_ _ _ _ _ _ _ _ 
_ _ _ _ 

0
Before
++++++
++++++
n+++++
rg++++
lroc++
cireh+

t e a p o t 
l i m i t s 
s o u r e d 
d i c i e r 
_ _ _ _ _ _ _ _ 
_ _ _ _ 

After
++++++
++++++
n+++++
rg++++
lroc++
cireh+

t e a p o t 
l i m i t s 
s o u r e d 
d i c i e r 
_ _ _ _ _ _ _ _ 
_ _ _ _ 

0
Before
++++++
++++++
+g+de+
nrodr+
riicu+
ciceh+

t e a p o t 
l i m i t s 
s o r r e l 
_ _ _ _ _ _ 
_ _ _ _ _ _ _ _ 
_ _ _ _ 

After
++++++
++++++
+g+de+
nrodr+
riicu+
ciceh+

t e a p o t 
l i m i t s 
s o r r e l 
_ _ _ _ _ _ 
_ _ _ _ _ _ _ _ 
_ _ _ _ 

5
Before
++++++
++++++
++++e+
+++dr+
r+idu+
ciceh+

t e a p o t 
l i m i t s 
s o r r e l 
c o r i n g 
_ _ _ _ _ _ _ _ 
_ _ _ _ 

After
++++++
++++++
++++e+
+++dr+
r+idu+
ciceh+

t e a p o t 
l i m i t s 
s o r r e l 
c o r i n g 
_ _ _ _ _ _ _ _ 
_ _ _ _ 

0
Before
++++++
++++++
++++e+
+++dr+
r+ocu+
ciceh+

t e a p o t 
l i m i t s 
s o r r e l 
i n g r i d 
_ _ _ _ _ _ _ _ 
_ _ _ _ 

After
++++++
++++++
++++e+
+++dr+
r+ocu+
ciceh+

t e a p o t 
l i m i t s 
s o r r e l 
i n g r i d 
_ _ _ _ _ _ _ _ 
_ _ _ _ 

0
Before
++++++
++++++
+g++++
nro+++
rii+++
cicdh+

t e a p o t 
l i m i t s 
s o r r e l 
r e d u c e 
_ _ _ _ _ _ _ _ 
_ _ _ _ 

After
++++++
++++++
+g++++
nro+++
rii+++
cicdh+

t e a p o t 
l i m i t s 
s o r r e l 
r e d u c e 
_ _ _ _ _ _ _ _ 
_ _ _ _ 

0
Before
++++++
++++++
++++e+
+++dr+
rr+cu+
cioeh+

t e a p o t 
l i m i t s 
s o r r e l 
d i c i n g 
_ _ _ _ _ _ _ _ 
_ _ _ _ 

After
++++++
++++++
++++e+
+++dr+
rr+cu+
cioeh+

t e a p o t 
l i m i t s 
s o r r e l 
d i c i n g 
_ _ _ _ _ _ _ _ 
_ _ _ _ 

0
Before
++++++
++++++
+g++++
nro+++
rii+r+
cic+h+

t e a p o t 
l i m i t s 
s o r r e l 
d e d u c e 
_ _ _ _ _ _ _ _ 
_ _ _ _ 

After
++++++
++++++
+g++++
nro+++
rii+r+
cic+h+

t e a p o t 
l i m i t s 
s o r r e l 
d e d u c e 
_ _ _ _ _ _ _ _ 
_ _ _ _ 

0
Before
++++++
++++++
+g+de+
nrodr+
riicu+
ciceh+

t e a p o t 
l i m i t s 
s o r r e l 
_ _ _ _ _ _ 
_ _ _ _ _ _ _ _ 
_ _ _ _ 

After
++++++
++++++
+g+de+
nrodr+
riicu+
ciceh+

t e a p o t 
l i m i t s 
s o r r e l 
_ _ _ _ _ _ 
_ _ _ _ _ _ _ _ 
_ _ _ _ 

5
Before
++++++
++++++
++++e+
+++dr+
r+idu+
ciceh+

t e a p o t 
l i m i t s 
s o r r e l 
c o r i n g 
_ _ _ _ _ _ _ _ 
_ _ _ _ 

After
++++++
++++++
++++e+
+++dr+
r+idu+
ciceh+

t e a p o t 
l i m i t s 
s o r r e l 
c o r i n g 
_ _ _ _ _ _ _ _ 
_ _ _ _ 

0
Before
++++++
++++++
++++e+
+++dr+
r+ocu+
ciceh+

t e a p o t 
l i m i t s 
s o r r e l 
i n g r i d 
_ _ _ _ _ _ _ _ 
_ _ _ _ 

After
++++++
++++++
++++e+
+++dr+
r+ocu+
ciceh+

t e a p o t 
l i m i t s 
s o r r e l 
i n g r i d 
_ _ _ _ _ _ _ _ 
_ _ _ _ 

0
Before
++++++
++++++
+g++++
nro+++
rii+++
cicdh+

t e a p o t 
l i m i t s 
s o r r e l 
r e d u c e 
_ _ _ _ _ _ _ _ 
_ _ _ _ 

After
++++++
++++++
+g++++
nro+++
rii+++
cicdh+

t e a p o t 
l i m i t s 
s o r r e l 
r e d u c e 
_ _ _ _ _ _ _ _ 
_ _ _ _ 

0
Before
++++++
++++++
++++e+
+++dr+
rr+cu+
cioeh+

t e a p o t 
l i m i t s 
s o r r e l 
d i c i n g 
_ _ _ _ _ _ _ _ 
_ _ _ _ 

After
++++++
++++++
++++e+
+++dr+
rr+cu+
cioeh+

t e a p o t 
l i m i t s 
s o r r e l 
d i c i n g 
_ _ _ _ _ _ _ _ 
_ _ _ _ 

0
Before
++++++
++++++
+g++++
nro+++
rii+r+
cic+h+

t e a p o t 
l i m i t s 
s o r r e l 
d e d u c e 
_ _ _ _ _ _ _ _ 
_ _ _ _ 

After
++++++
++++++
+g++++
nro+++
rii+r+
cic+h+

t e a p o t 
l i m i t s 
s o r r e l 
d e d u c e 
_ _ _ _ _ _ _ _ 
_ _ _ _ 

0
Before
++++++
ng++++
rr++++
erod++
liics+
ciceh+

t e a p o t 
l i m i t s 
o r d u r e 
_ _ _ _ _ _ 
_ _ _ _ _ _ _ _ 
_ _ _ _ 

After
++++++
ng++++
rr++++
erod++
liics+
ciceh+

t e a p o t 
l i m i t s 
o r d u r e 
_ _ _ _ _ _ 
_ _ _ _ _ _ _ _ 
_ _ _ _ 

17
Before
++++++
++++++
++++++
+g+d++
nrocs+
rrieh+

t e a p o t 
l i m i t s 
o r d u r e 
i c i c l e 
_ _ _ _ _ _ _ _ 
_ _ _ _ 

After
++++++
++++++
++++++
+g+d++
nrocs+
rrieh+

t e a p o t 
l i m i t s 
o r d u r e 
i c i c l e 
_ _ _ _ _ _ _ _ 
_ _ _ _ 

0
Before
++++++
++++++
+g++++
+r++++
niods+
riceh+

t e a p o t 
l i m i t s 
o r d u r e 
c l e r i c 
_ _ _ _ _ _ _ _ 
_ _ _ _ 

After
++++++
++++++
+g++++
+r++++
niods+
riceh+

t e a p o t 
l i m i t s 
o r d u r e 
c l e r i c 
_ _ _ _ _ _ _ _ 
_ _ _ _ 

0
Before
++++++
++++++
+g++++
+r+d++
ni+cs+
rioeh+

t e a p o t 
l i m i t s 
o r d u r e 
c l e r i c 
_ _ _ _ _ _ _ _ 
_ _ _ _ 

After
++++++
++++++
+g++++
+r+d++
ni+cs+
rioeh+

t e a p o t 
l i m i t s 
o r d u r e 
c l e r i c 
_ _ _ _ _ _ _ _ 
_ _ _ _ 

0
Before
++++++
++++++
++++++
+g+d++
nrocs+
riieh+

t e a p o t 
l i m i t s 
o r d u r e 
c l e r i c 
_ _ _ _ _ _ _ _ 
_ _ _ _ 

After
++++++
++++++
++++++
+g+d++
nrocs+
riieh+

t e a p o t 
l i m i t s 
o r d u r e 
c l e r i c 
_ _ _ _ _ _ _ _ 
_ _ _ _ 

0
Before
++++++
++++++
+g++++
nr++++
liid++
ciceh+

t e a p o t 
l i m i t s 
o r d u r e 
s c o r e r 
_ _ _ _ _ _ _ _ 
_ _ _ _ 

After
++++++
++++++
+g++++
nr++++
liid++
ciceh+

t e a p o t 
l i m i t s 
o r d u r e 
s c o r e r 
_ _ _ _ _ _ _ _ 
_ _ _ _ 

0
Before
++++++
++++++
n+++++
rg++++
liid++
ciceh+

t e a p o t 
l i m i t s 
o r d u r e 
s c o r e r 
_ _ _ _ _ _ _ _ 
_ _ _ _ 

After
++++++
++++++
n+++++
rg++++
liid++
ciceh+

t e a p o t 
l i m i t s 
o r d u r e 
s c o r e r 
_ _ _ _ _ _ _ _ 
_ _ _ _ 

0
Before
++++++
++++++
n+++++
rg++++
liid++
ciceh+

t e a p o t 
l i m i t s 
o r d u r e 
s c o r e r 
_ _ _ _ _ _ _ _ 
_ _ _ _ 

After
++++++
++++++
n+++++
rg++++
liid++
ciceh+

t e a p o t 
l i m i t s 
o r d u r e 
s c o r e r 
_ _ _ _ _ _ _ _ 
_ _ _ _ 

0
Before
++++++
++++++
+g++++
nr++++
liid++
ciceh+

t e a p o t 
l i m i t s 
o r d u r e 
s c o r e r 
_ _ _ _ _ _ _ _ 
_ _ _ _ 

After
++++++
++++++
+g++++
nr++++
liid++
ciceh+

t e a p o t 
l i m i t s 
o r d u r e 
s c o r e r 
_ _ _ _ _ _ _ _ 
_ _ _ _ 

0
Before
++++++
++++++
+g++++
nr++++
rro+s+
ciidh+

t e a p o t 
l i m i t s 
o r d u r e 
c e c i l e 
_ _ _ _ _ _ _ _ 
_ _ _ _ 

After
++++++
++++++
+g++++
nr++++
rro+s+
ciidh+

t e a p o t 
l i m i t s 
o r d u r e 
c e c i l e 
_ _ _ _ _ _ _ _ 
_ _ _ _ 

0
Before
++++++
++++++
+g++++
nr++++
rro+s+
ciidh+

t e a p o t 
l i m i t s 
o r d u r e 
c e c i l e 
_ _ _ _ _ _ _ _ 
_ _ _ _ 

After
++++++
++++++
+g++++
nr++++
rro+s+
ciidh+

t e a p o t 
l i m i t s 
o r d u r e 
c e c i l e 
_ _ _ _ _ _ _ _ 
_ _ _ _ 

0
Before
++++++
++++++
+g++++
+r+d++
nr+cs+
rioeh+

t e a p o t 
l i m i t s 
o r d u r e 
i c i c l e 
_ _ _ _ _ _ _ _ 
_ _ _ _ 

After
++++++
++++++
+g++++
+r+d++
nr+cs+
rioeh+

t e a p o t 
l i m i t s 
o r d u r e 
i c i c l e 
_ _ _ _ _ _ _ _ 
_ _ _ _ 

0
Before
++++++
++++++
+g++++
+r+d++
nr+cs+
rioeh+

t e a p o t 
l i m i t s 
o r d u r e 
i c i c l e 
_ _ _ _ _ _ _ _ 
_ _ _ _ 

After
++++++
++++++
+g++++
+r+d++
nr+cs+
rioeh+

t e a p o t 
l i m i t s 
o r d u r e 
i c i c l e 
_ _ _ _ _ _ _ _ 
_ _ _ _ 

0
Before
++++++
++++++
++++++
+g+d++
nrocs+
rrieh+

t e a p o t 
l i m i t s 
o r d u r e 
i c i c l e 
_ _ _ _ _ _ _ _ 
_ _ _ _ 

After
++++++
++++++
++++++
+g+d++
nrocs+
rrieh+

t e a p o t 
l i m i t s 
o r d u r e 
i c i c l e 
_ _ _ _ _ _ _ _ 
_ _ _ _ 

0
Before
++++++
++++++
n+++++
rg++++
lr+cs+
cioeh+

t e a p o t 
l i m i t s 
o r d u r e 
d i c i e r 
_ _ _ _ _ _ _ _ 
_ _ _ _ 

After
++++++
++++++
n+++++
rg++++
lr+cs+
cioeh+

t e a p o t 
l i m i t s 
o r d u r e 
d i c i e r 
_ _ _ _ _ _ _ _ 
_ _ _ _ 

0
Before
++++++
++++++
+g++++
nr++++
lr+cs+
cioeh+

t e a p o t 
l i m i t s 
o r d u r e 
d i c i e r 
_ _ _ _ _ _ _ _ 
_ _ _ _ 

After
++++++
++++++
+g++++
nr++++
lr+cs+
cioeh+

t e a p o t 
l i m i t s 
o r d u r e 
d i c i e r 
_ _ _ _ _ _ _ _ 
_ _ _ _ 

0
Before
++++++
++++++
n+++++
rg++++
lr+cs+
cioeh+

t e a p o t 
l i m i t s 
o r d u r e 
d i c i e r 
_ _ _ _ _ _ _ _ 
_ _ _ _ 

After
++++++
++++++
n+++++
rg++++
lr+cs+
cioeh+

t e a p o t 
l i m i t s 
o r d u r e 
d i c i e r 
_ _ _ _ _ _ _ _ 
_ _ _ _ 

0
Before
++++++
n+++++
rg++++
er++++
lio+++
cicd++

t e a p o t 
l i m i t s 
o r d u r e 
r i c h e s 
_ _ _ _ _ _ _ _ 
_ _ _ _ 

After
++++++
n+++++
rg++++
er++++
lio+++
cicd++

t e a p o t 
l i m i t s 
o r d u r e 
r i c h e s 
_ _ _ _ _ _ _ _ 
_ _ _ _ 

0
Before
++++++
+++de+
+g+dr+
+r+cu+
nroos+
rireh+

t e a p o t 
l i m i t s 
i c i c l e 
_ _ _ _ _ _ 
_ _ _ _ _ _ _ _ 
_ _ _ _ 

After
++++++
+++de+
+g+dr+
+r+cu+
nroos+
rireh+

t e a p o t 
l i m i t s 
i c i c l e 
_ _ _ _ _ _ 
_ _ _ _ _ _ _ _ 
_ _ _ _ 

6
Before
++++++
++++++
+++de+
+++dr+
ng+cu+
ri+es+

t e a p o t 
l i m i t s 
i c i c l e 
h o r r o r 
_ _ _ _ _ _ _ _ 
_ _ _ _ 

After
++++++
++++++
+++de+
+++dr+
ng+cu+
ri+es+

t e a p o t 
l i m i t s 
i c i c l e 
h o r r o r 
_ _ _ _ _ _ _ _ 
_ _ _ _ 

0
Before
++++++
++++++
+++de+
+g+dr+
+r+cu+
rr+os+

t e a p o t 
l i m i t s 
i c i c l e 
h e r o i n 
_ _ _ _ _ _ _ _ 
_ _ _ _ 

After
++++++
++++++
+++de+
+g+dr+
+r+cu+
rr+os+

t e a p o t 
l i m i t s 
i c i c l e 
h e r o i n 
_ _ _ _ _ _ _ _ 
_ _ _ _ 

0
Before
++++++
++++++
+g++++
+r+d++
nroc++
rireh+

t e a p o t 
l i m i t s 
i c i c l e 
s o u r e d 
_ _ _ _ _ _ _ _ 
_ _ _ _ 

After
++++++
++++++
+g++++
+r+d++
nroc++
rireh+

t e a p o t 
l i m i t s 
i c i c l e 
s o u r e d 
_ _ _ _ _ _ _ _ 
_ _ _ _ 

0
Before
++++++
++++++
+g++++
+r+d++
nroc++
rireh+

t e a p o t 
l i m i t s 
i c i c l e 
s o u r e d 
_ _ _ _ _ _ _ _ 
_ _ _ _ 

After
++++++
++++++
+g++++
+r+d++
nroc++
rireh+

t e a p o t 
l i m i t s 
i c i c l e 
s o u r e d 
_ _ _ _ _ _ _ _ 
_ _ _ _ 

0
Before
++++++
++++++
+g++++
+r++++
nrode+
rirdh+

t e a p o t 
l i m i t s 
i c i c l e 
c r u s o e 
_ _ _ _ _ _ _ _ 
_ _ _ _ 

After
++++++
++++++
+g++++
+r++++
nrode+
rirdh+

t e a p o t 
l i m i t s 
i c i c l e 
c r u s o e 
_ _ _ _ _ _ _ _ 
_ _ _ _ 

0
Before
++++++
++++++
+g+d++
+r+d++
nr+c++
riooe+

t e a p o t 
l i m i t s 
i c i c l e 
r u s h e r 
_ _ _ _ _ _ _ _ 
_ _ _ _ 

After
++++++
++++++
+g+d++
+r+d++
nr+c++
riooe+

t e a p o t 
l i m i t s 
i c i c l e 
r u s h e r 
_ _ _ _ _ _ _ _ 
_ _ _ _ 

0
Before
++++++
+++de+
+g+dr+
+r+cu+
nroos+
rireh+

t e a p o t 
l i m i t s 
i c i c l e 
_ _ _ _ _ _ 
_ _ _ _ _ _ _ _ 
_ _ _ _ 

After
++++++
+++de+
+g+dr+
+r+cu+
nroos+
rireh+

t e a p o t 
l i m i t s 
i c i c l e 
_ _ _ _ _ _ 
_ _ _ _ _ _ _ _ 
_ _ _ _ 

6
Before
++++++
++++++
+++de+
+++dr+
ng+cu+
ri+es+

t e a p o t 
l i m i t s 
i c i c l e 
h o r r o r 
_ _ _ _ _ _ _ _ 
_ _ _ _ 

After
++++++
++++++
+++de+
+++dr+
ng+cu+
ri+es+

t e a p o t 
l i m i t s 
i c i c l e 
h o r r o r 
_ _ _ _ _ _ _ _ 
_ _ _ _ 

0
Before
++++++
++++++
+++de+
+g+dr+
+r+cu+
rr+os+

t e a p o t 
l i m i t s 
i c i c l e 
h e r o i n 
_ _ _ _ _ _ _ _ 
_ _ _ _ 

After
++++++
++++++
+++de+
+g+dr+
+r+cu+
rr+os+

t e a p o t 
l i m i t s 
i c i c l e 
h e r o i n 
_ _ _ _ _ _ _ _ 
_ _ _ _ 

0
Before
++++++
++++++
+g++++
+r+d++
nroc++
rireh+

t e a p o t 
l i m i t s 
i c i c l e 
s o u r e d 
_ _ _ _ _ _ _ _ 
_ _ _ _ 

After
++++++
++++++
+g++++
+r+d++
nroc++
rireh+

t e a p o t 
l i m i t s 
i c i c l e 
s o u r e d 
_ _ _ _ _ _ _ _ 
_ _ _ _ 

0
Before
++++++
++++++
+g++++
+r+d++
nroc++
rireh+

t e a p o t 
l i m i t s 
i c i c l e 
s o u r e d 
_ _ _ _ _ _ _ _ 
_ _ _ _ 

After
++++++
++++++
+g++++
+r+d++
nroc++
rireh+

t e a p o t 
l i m i t s 
i c i c l e 
s o u r e d 
_ _ _ _ _ _ _ _ 
_ _ _ _ 

0
Before
++++++
++++++
+g++++
+r++++
nrode+
rirdh+

t e a p o t 
l i m i t s 
i c i c l e 
c r u s o e 
_ _ _ _ _ _ _ _ 
_ _ _ _ 

After
++++++
++++++
+g++++
+r++++
nrode+
rirdh+

t e a p o t 
l i m i t s 
i c i c l e 
c r u s o e 
_ _ _ _ _ _ _ _ 
_ _ _ _ 

0
Before
++++++
++++++
+g+d++
+r+d++
nr+c++
riooe+

t e a p o t 
l i m i t s 
i c i c l e 
r u s h e r 
_ _ _ _ _ _ _ _ 
_ _ _ _ 

After
++++++
++++++
+g+d++
+r+d++
nr+c++
riooe+

t e a p o t 
l i m i t s 
i c i c l e 
r u s h e r 
_ _ _ _ _ _ _ _ 
_ _ _ _ 

0
Before
++++++
+++de+
+++dr+
+gocu+
nrros+
rrieh+

t e a p o t 
l i m i t s 
i c i c l e 
_ _ _ _ _ _ 
_ _ _ _ _ _ _ _ 
_ _ _ _ 

After
++++++
+++de+
+++dr+
+gocu+
nrros+
rrieh+

t e a p o t 
l i m i t s 
i c i c l e 
_ _ _ _ _ _ 
_ _ _ _ _ _ _ _ 
_ _ _ _ 

11
Before
++++++
++++++
++++++
+g++r+
nrrcu+
rries+

t e a p o t 
l i m i t s 
i c i c l e 
h o o d e d 
_ _ _ _ _ _ _ _ 
_ _ _ _ 

After
++++++
++++++
++++++
+g++r+
nrrcu+
rries+

t e a p o t 
l i m i t s 
i c i c l e 
h o o d e d 
_ _ _ _ _ _ _ _ 
_ _ _ _ 

0
Before
++++++
++++++
++++++
+g++e+
nrrdr+
rrioh+

t e a p o t 
l i m i t s 
i c i c l e 
e s c u d o 
_ _ _ _ _ _ _ _ 
_ _ _ _ 

After
++++++
++++++
++++++
+g++e+
nrrdr+
rrioh+

t e a p o t 
l i m i t s 
i c i c l e 
e s c u d o 
_ _ _ _ _ _ _ _ 
_ _ _ _ 

0
Before
++++++
++++++
++++r+
+g++u+
nr+cs+
rrioh+

t e a p o t 
l i m i t s 
i c i c l e 
e r o d e d 
_ _ _ _ _ _ _ _ 
_ _ _ _ 

After
++++++
++++++
++++r+
+g++u+
nr+cs+
rrioh+

t e a p o t 
l i m i t s 
i c i c l e 
e r o d e d 
_ _ _ _ _ _ _ _ 
_ _ _ _ 

0
Before
++++++
++++++
++++++
+god++
nrrc++
rrieh+

t e a p o t 
l i m i t s 
i c i c l e 
s o u r e d 
_ _ _ _ _ _ _ _ 
_ _ _ _ 

After
++++++
++++++
++++++
+god++
nrrc++
rrieh+

t e a p o t 
l i m i t s 
i c i c l e 
s o u r e d 
_ _ _ _ _ _ _ _ 
_ _ _ _ 

0
Before
++++++
++++++
++++++
+god++
nrrc++
rrieh+

t e a p o t 
l i m i t s 
i c i c l e 
s o u r e d 
_ _ _ _ _ _ _ _ 
_ _ _ _ 

After
++++++
++++++
++++++
+god++
nrrc++
rrieh+

t e a p o t 
l i m i t s 
i c i c l e 
s o u r e d 
_ _ _ _ _ _ _ _ 
_ _ _ _ 

0
Before
++++++
++++++
++++++
+go+++
nrrde+
rridh+

t e a p o t 
l i m i t s 
i c i c l e 
c r u s o e 
_ _ _ _ _ _ _ _ 
_ _ _ _ 

After
++++++
++++++
++++++
+go+++
nrrde+
rridh+

t e a p o t 
l i m i t s 
i c i c l e 
c r u s o e 
_ _ _ _ _ _ _ _ 
_ _ _ _ 

0
Before
++++++
++++++
++++e+
++++r+
ngodu+
rrrds+

t e a p o t 
l i m i t s 
i c i c l e 
c o h e i r 
_ _ _ _ _ _ _ _ 
_ _ _ _ 

After
++++++
++++++
++++e+
++++r+
ngodu+
rrrds+

t e a p o t 
l i m i t s 
i c i c l e 
c o h e i r 
_ _ _ _ _ _ _ _ 
_ _ _ _ 

0
Before
++++++
++++++
++++e+
++++r+
ngodu+
rrrds+

t e a p o t 
l i m i t s 
i c i c l e 
c o h e i r 
_ _ _ _ _ _ _ _ 
_ _ _ _ 

After
++++++
++++++
++++e+
++++r+
ngodu+
rrrds+

t e a p o t 
l i m i t s 
i c i c l e 
c o h e i r 
_ _ _ _ _ _ _ _ 
_ _ _ _ 

0
Before
++++++
++++++
++++e+
+g++r+
nr+du+
rrods+

t e a p o t 
l i m i t s 
i c i c l e 
c o h e i r 
_ _ _ _ _ _ _ _ 
_ _ _ _ 

After
++++++
++++++
++++e+
+g++r+
nr+du+
rrods+

t e a p o t 
l i m i t s 
i c i c l e 
c o h e i r 
_ _ _ _ _ _ _ _ 
_ _ _ _ 

0
Before
++++++
++++++
++++++
+++de+
nrodr+
rrich+

t e a p o t 
l i m i t s 
i c i c l e 
g r o u s e 
_ _ _ _ _ _ _ _ 
_ _ _ _ 

After
++++++
++++++
++++++
+++de+
nrodr+
rrich+

t e a p o t 
l i m i t s 
i c i c l e 
g r o u s e 
_ _ _ _ _ _ _ _ 
_ _ _ _ 

0
Before
++++++
++++++
+++d++
+g+d++
nroc++
rrioe+

t e a p o t 
l i m i t s 
i c i c l e 
r u s h e r 
_ _ _ _ _ _ _ _ 
_ _ _ _ 

After
++++++
++++++
+++d++
+g+d++
nroc++
rrioe+

t e a p o t 
l i m i t s 
i c i c l e 
r u s h e r 
_ _ _ _ _ _ _ _ 
_ _ _ _ 

0
Before
++++++
ng++++
rro+++
err+++
liide+
cicdh+

t e a p o t 
l i m i t s 
c r u s o e 
_ _ _ _ _ _ 
_ _ _ _ _ _ _ _ 
_ _ _ _ 

After
++++++
ng++++
rro+++
err+++
liide+
cicdh+

t e a p o t 
l i m i t s 
c r u s o e 
_ _ _ _ _ _ 
_ _ _ _ _ _ _ _ 
_ _ _ _ 

12
Before
++++++
++++++
n+++++
rg++++
lro+e+
cirdh+

t e a p o t 
l i m i t s 
c r u s o e 
d i c i e r 
_ _ _ _ _ _ _ _ 
_ _ _ _ 

After
++++++
++++++
n+++++
rg++++
lro+e+
cirdh+

t e a p o t 
l i m i t s 
c r u s o e 
d i c i e r 
_ _ _ _ _ _ _ _ 
_ _ _ _ 

0
Before
++++++
++++++
+g++++
nr++++
lro+e+
cirdh+

t e a p o t 
l i m i t s 
c r u s o e 
d i c i e r 
_ _ _ _ _ _ _ _ 
_ _ _ _ 

After
++++++
++++++
+g++++
nr++++
lro+e+
cirdh+

t e a p o t 
l i m i t s 
c r u s o e 
d i c i e r 
_ _ _ _ _ _ _ _ 
_ _ _ _ 

0
Before
++++++
++++++
n+++++
rg++++
lro+e+
cirdh+

t e a p o t 
l i m i t s 
c r u s o e 
d i c i e r 
_ _ _ _ _ _ _ _ 
_ _ _ _ 

After
++++++
++++++
n+++++
rg++++
lro+e+
cirdh+

t e a p o t 
l i m i t s 
c r u s o e 
d i c i e r 
_ _ _ _ _ _ _ _ 
_ _ _ _ 

0
Before
++++++
++++++
++++++
+go+++
nrrde+
rridh+

t e a p o t 
l i m i t s 
c r u s o e 
i c i c l e 
_ _ _ _ _ _ _ _ 
_ _ _ _ 

After
++++++
++++++
++++++
+go+++
nrrde+
rridh+

t e a p o t 
l i m i t s 
c r u s o e 
i c i c l e 
_ _ _ _ _ _ _ _ 
_ _ _ _ 

0
Before
++++++
++++++
+g++++
+r++++
niode+
rirdh+

t e a p o t 
l i m i t s 
c r u s o e 
c l e r i c 
_ _ _ _ _ _ _ _ 
_ _ _ _ 

After
++++++
++++++
+g++++
+r++++
niode+
rirdh+

t e a p o t 
l i m i t s 
c r u s o e 
c l e r i c 
_ _ _ _ _ _ _ _ 
_ _ _ _ 

0
Before
++++++
++++++
++++++
+go+++
nrrde+
riidh+

t e a p o t 
l i m i t s 
c r u s o e 
c l e r i c 
_ _ _ _ _ _ _ _ 
_ _ _ _ 

After
++++++
++++++
++++++
+go+++
nrrde+
riidh+

t e a p o t 
l i m i t s 
c r u s o e 
c l e r i c 
_ _ _ _ _ _ _ _ 
_ _ _ _ 

0
Before
++++++
++++++
n+++++
rg++++
lro+e+
cirdh+

t e a p o t 
l i m i t s 
c r u s o e 
d i c i e r 
_ _ _ _ _ _ _ _ 
_ _ _ _ 

After
++++++
++++++
n+++++
rg++++
lro+e+
cirdh+

t e a p o t 
l i m i t s 
c r u s o e 
d i c i e r 
_ _ _ _ _ _ _ _ 
_ _ _ _ 

0
Before
++++++
++++++
+g++++
nr++++
lro+e+
cirdh+

t e a p o t 
l i m i t s 
c r u s o e 
d i c i e r 
_ _ _ _ _ _ _ _ 
_ _ _ _ 

After
++++++
++++++
+g++++
nr++++
lro+e+
cirdh+

t e a p o t 
l i m i t s 
c r u s o e 
d i c i e r 
_ _ _ _ _ _ _ _ 
_ _ _ _ 

0
Before
++++++
++++++
n+++++
rg++++
lro+e+
cirdh+

t e a p o t 
l i m i t s 
c r u s o e 
d i c i e r 
_ _ _ _ _ _ _ _ 
_ _ _ _ 

After
++++++
++++++
n+++++
rg++++
lro+e+
cirdh+

t e a p o t 
l i m i t s 
c r u s o e 
d i c i e r 
_ _ _ _ _ _ _ _ 
_ _ _ _ 

0
Before
++++++
++++++
+g++++
+r++++
nrode+
rirdh+

t e a p o t 
l i m i t s 
c r u s o e 
i c i c l e 
_ _ _ _ _ _ _ _ 
_ _ _ _ 

After
++++++
++++++
+g++++
+r++++
nrode+
rirdh+

t e a p o t 
l i m i t s 
c r u s o e 
i c i c l e 
_ _ _ _ _ _ _ _ 
_ _ _ _ 

0
Before
++++++
++++++
+g++++
+r++++
nrode+
rirdh+

t e a p o t 
l i m i t s 
c r u s o e 
i c i c l e 
_ _ _ _ _ _ _ _ 
_ _ _ _ 

After
++++++
++++++
+g++++
+r++++
nrode+
rirdh+

t e a p o t 
l i m i t s 
c r u s o e 
i c i c l e 
_ _ _ _ _ _ _ _ 
_ _ _ _ 

0
Before
++++++
++++++
++++++
+go+++
nrrde+
rridh+

t e a p o t 
l i m i t s 
c r u s o e 
i c i c l e 
_ _ _ _ _ _ _ _ 
_ _ _ _ 

After
++++++
++++++
++++++
+go+++
nrrde+
rridh+

t e a p o t 
l i m i t s 
c r u s o e 
i c i c l e 
_ _ _ _ _ _ _ _ 
_ _ _ _ 

0
Before
++++++
ng++++
rr++r+
er++u+
liios+
ciceh+

t e a p o t 
l i m i t s 
c o r d e d 
_ _ _ _ _ _ 
_ _ _ _ _ _ _ _ 
_ _ _ _ 

After
++++++
ng++++
rr++r+
er++u+
liios+
ciceh+

t e a p o t 
l i m i t s 
c o r d e d 
_ _ _ _ _ _ 
_ _ _ _ _ _ _ _ 
_ _ _ _ 

7
Before
++++++
n+++++
rg++++
er++r+
li++u+
ci++s+

t e a p o t 
l i m i t s 
c o r d e d 
c o h e i r 
_ _ _ _ _ _ _ _ 
_ _ _ _ 

After
++++++
n+++++
rg++++
er++r+
li++u+
ci++s+

t e a p o t 
l i m i t s 
c o r d e d 
c o h e i r 
_ _ _ _ _ _ _ _ 
_ _ _ _ 

0
Before
++++++
++++++
++++r+
+g++u+
nr+os+
rrieh+

t e a p o t 
l i m i t s 
c o r d e d 
i c i c l e 
_ _ _ _ _ _ _ _ 
_ _ _ _ 

After
++++++
++++++
++++r+
+g++u+
nr+os+
rrieh+

t e a p o t 
l i m i t s 
c o r d e d 
i c i c l e 
_ _ _ _ _ _ _ _ 
_ _ _ _ 

0
Before
++++++
++++++
+g++r+
+r++u+
ni+os+
ri+eh+

t e a p o t 
l i m i t s 
c o r d e d 
c l e r i c 
_ _ _ _ _ _ _ _ 
_ _ _ _ 

After
++++++
++++++
+g++r+
+r++u+
ni+os+
ri+eh+

t e a p o t 
l i m i t s 
c o r d e d 
c l e r i c 
_ _ _ _ _ _ _ _ 
_ _ _ _ 

0
Before
++++++
++++++
++++r+
+g++u+
nr+os+
riieh+

t e a p o t 
l i m i t s 
c o r d e d 
c l e r i c 
_ _ _ _ _ _ _ _ 
_ _ _ _ 

After
++++++
++++++
++++r+
+g++u+
nr+os+
riieh+

t e a p o t 
l i m i t s 
c o r d e d 
c l e r i c 
_ _ _ _ _ _ _ _ 
_ _ _ _ 

0
Before
++++++
++++++
+g++r+
+r++u+
nr+os+
ri+eh+

t e a p o t 
l i m i t s 
c o r d e d 
i c i c l e 
_ _ _ _ _ _ _ _ 
_ _ _ _ 

After
++++++
++++++
+g++r+
+r++u+
nr+os+
ri+eh+

t e a p o t 
l i m i t s 
c o r d e d 
i c i c l e 
_ _ _ _ _ _ _ _ 
_ _ _ _ 

0
Before
++++++
++++++
+g++r+
+r++u+
nr+os+
ri+eh+

t e a p o t 
l i m i t s 
c o r d e d 
i c i c l e 
_ _ _ _ _ _ _ _ 
_ _ _ _ 

After
++++++
++++++
+g++r+
+r++u+
nr+os+
ri+eh+

t e a p o t 
l i m i t s 
c o r d e d 
i c i c l e 
_ _ _ _ _ _ _ _ 
_ _ _ _ 

0
Before
++++++
++++++
++++r+
+g++u+
nr+os+
rrieh+

t e a p o t 
l i m i t s 
c o r d e d 
i c i c l e 
_ _ _ _ _ _ _ _ 
_ _ _ _ 

After
++++++
++++++
++++r+
+g++u+
nr+os+
rrieh+

t e a p o t 
l i m i t s 
c o r d e d 
i c i c l e 
_ _ _ _ _ _ _ _ 
_ _ _ _ 

0
Before
++++++
ng++++
rr++r+
ero+u+
lii+s+
ciceh+

t e a p o t 
l i m i t s 
c o r d e d 
_ _ _ _ _ _ 
_ _ _ _ _ _ _ _ 
_ _ _ _ 

After
++++++
ng++++
rr++r+
ero+u+
lii+s+
ciceh+

t e a p o t 
l i m i t s 
c o r d e d 
_ _ _ _ _ _ 
_ _ _ _ _ _ _ _ 
_ _ _ _ 

6
Before
++++++
++++++
++++r+
+g++u+
nro+s+
rrieh+

t e a p o t 
l i m i t s 
c o r d e d 
i c i c l e 
_ _ _ _ _ _ _ _ 
_ _ _ _ 

After
++++++
++++++
++++r+
+g++u+
nro+s+
rrieh+

t e a p o t 
l i m i t s 
c o r d e d 
i c i c l e 
_ _ _ _ _ _ _ _ 
_ _ _ _ 

0
Before
++++++
++++++
+g++r+
+r++u+
ni++s+
rioeh+

t e a p o t 
l i m i t s 
c o r d e d 
c l e r i c 
_ _ _ _ _ _ _ _ 
_ _ _ _ 

After
++++++
++++++
+g++r+
+r++u+
ni++s+
rioeh+

t e a p o t 
l i m i t s 
c o r d e d 
c l e r i c 
_ _ _ _ _ _ _ _ 
_ _ _ _ 

0
Before
++++++
++++++
++++r+
+g++u+
nro+s+
riieh+

t e a p o t 
l i m i t s 
c o r d e d 
c l e r i c 
_ _ _ _ _ _ _ _ 
_ _ _ _ 

After
++++++
++++++
++++r+
+g++u+
nro+s+
riieh+

t e a p o t 
l i m i t s 
c o r d e d 
c l e r i c 
_ _ _ _ _ _ _ _ 
_ _ _ _ 

0
Before
++++++
++++++
+g++r+
+r++u+
nr++s+
rioeh+

t e a p o t 
l i m i t s 
c o r d e d 
i c i c l e 
_ _ _ _ _ _ _ _ 
_ _ _ _ 

After
++++++
++++++
+g++r+
+r++u+
nr++s+
rioeh+

t e a p o t 
l i m i t s 
c o r d e d 
i c i c l e 
_ _ _ _ _ _ _ _ 
_ _ _ _ 

0
Before
++++++
++++++
+g++r+
+r++u+
nr++s+
rioeh+

t e a p o t 
l i m i t s 
c o r d e d 
i c i c l e 
_ _ _ _ _ _ _ _ 
_ _ _ _ 

After
++++++
++++++
+g++r+
+r++u+
nr++s+
rioeh+

t e a p o t 
l i m i t s 
c o r d e d 
i c i c l e 
_ _ _ _ _ _ _ _ 
_ _ _ _ 

0
Before
++++++
++++++
++++r+
+g++u+
nro+s+
rrieh+

t e a p o t 
l i m i t s 
c o r d e d 
i c i c l e 
_ _ _ _ _ _ _ _ 
_ _ _ _ 

After
++++++
++++++
++++r+
+g++u+
nro+s+
rrieh+

t e a p o t 
l i m i t s 
c o r d e d 
i c i c l e 
_ _ _ _ _ _ _ _ 
_ _ _ _ 

0
Before
++++++
n+++++
rg++e+
ero+r+
lirdu+
cicds+

t e a p o t 
l i m i t s 
c o h e i r 
_ _ _ _ _ _ 
_ _ _ _ _ _ _ _ 
_ _ _ _ 

After
++++++
n+++++
rg++e+
ero+r+
lirdu+
cicds+

t e a p o t 
l i m i t s 
c o h e i r 
_ _ _ _ _ _ 
_ _ _ _ _ _ _ _ 
_ _ _ _ 

5
Before
++++++
++++++
++++e+
++++r+
ngodu+
rrrds+

t e a p o t 
l i m i t s 
c o h e i r 
i c i c l e 
_ _ _ _ _ _ _ _ 
_ _ _ _ 

After
++++++
++++++
++++e+
++++r+
ngodu+
rrrds+

t e a p o t 
l i m i t s 
c o h e i r 
i c i c l e 
_ _ _ _ _ _ _ _ 
_ _ _ _ 

0
Before
++++++
++++++
++++e+
++++r+
ngodu+
rirds+

t e a p o t 
l i m i t s 
c o h e i r 
c l e r i c 
_ _ _ _ _ _ _ _ 
_ _ _ _ 

After
++++++
++++++
++++e+
++++r+
ngodu+
rirds+

t e a p o t 
l i m i t s 
c o h e i r 
c l e r i c 
_ _ _ _ _ _ _ _ 
_ _ _ _ 

0
Before
++++++
++++++
++++e+
++++r+
ngodu+
rrrds+

t e a p o t 
l i m i t s 
c o h e i r 
i c i c l e 
_ _ _ _ _ _ _ _ 
_ _ _ _ 

After
++++++
++++++
++++e+
++++r+
ngodu+
rrrds+

t e a p o t 
l i m i t s 
c o h e i r 
i c i c l e 
_ _ _ _ _ _ _ _ 
_ _ _ _ 

0
Before
++++++
n+++++
rg++++
er++++
li++++
cicds+

t e a p o t 
l i m i t s 
c o h e i r 
o r d u r e 
_ _ _ _ _ _ _ _ 
_ _ _ _ 

After
++++++
n+++++
rg++++
er++++
li++++
cicds+

t e a p o t 
l i m i t s 
c o h e i r 
o r d u r e 
_ _ _ _ _ _ _ _ 
_ _ _ _ 

0
Before
++++++
n+++++
rg++++
er++++
li++++
cicds+

t e a p o t 
l i m i t s 
c o h e i r 
o r d u r e 
_ _ _ _ _ _ _ _ 
_ _ _ _ 

After
++++++
n+++++
rg++++
er++++
li++++
cicds+

t e a p o t 
l i m i t s 
c o h e i r 
o r d u r e 
_ _ _ _ _ _ _ _ 
_ _ _ _ 

0
Before
++++++
ng++++
rr++e+
er++r+
liodu+
cicds+

t e a p o t 
l i m i t s 
c o h e i r 
_ _ _ _ _ _ 
_ _ _ _ _ _ _ _ 
_ _ _ _ 

After
++++++
ng++++
rr++e+
er++r+
liodu+
cicds+

t e a p o t 
l i m i t s 
c o h e i r 
_ _ _ _ _ _ 
_ _ _ _ _ _ _ _ 
_ _ _ _ 

10
Before
++++++
++++++
+g++e+
nr++r+
rr++u+
ci+ds+

t e a p o t 
l i m i t s 
c o h e i r 
d o c i l e 
_ _ _ _ _ _ _ _ 
_ _ _ _ 

After
++++++
++++++
+g++e+
nr++r+
rr++u+
ci+ds+

t e a p o t 
l i m i t s 
c o h e i r 
d o c i l e 
_ _ _ _ _ _ _ _ 
_ _ _ _ 

0
Before
++++++
++++++
+g++e+
nr++r+
rr++u+
ci+ds+

t e a p o t 
l i m i t s 
c o h e i r 
d o c i l e 
_ _ _ _ _ _ _ _ 
_ _ _ _ 

After
++++++
++++++
+g++e+
nr++r+
rr++u+
ci+ds+

t e a p o t 
l i m i t s 
c o h e i r 
d o c i l e 
_ _ _ _ _ _ _ _ 
_ _ _ _ 

0
Before
++++++
++++++
++++e+
+g++r+
nr+du+
rrods+

t e a p o t 
l i m i t s 
c o h e i r 
i c i c l e 
_ _ _ _ _ _ _ _ 
_ _ _ _ 

After
++++++
++++++
++++e+
+g++r+
nr+du+
rrods+

t e a p o t 
l i m i t s 
c o h e i r 
i c i c l e 
_ _ _ _ _ _ _ _ 
_ _ _ _ 

0
Before
++++++
++++++
++++e+
+g++r+
nr+du+
riods+

t e a p o t 
l i m i t s 
c o h e i r 
c l e r i c 
_ _ _ _ _ _ _ _ 
_ _ _ _ 

After
++++++
++++++
++++e+
+g++r+
nr+du+
riods+

t e a p o t 
l i m i t s 
c o h e i r 
c l e r i c 
_ _ _ _ _ _ _ _ 
_ _ _ _ 

0
Before
++++++
++++++
+g++e+
nr++r+
rr++u+
ci+ds+

t e a p o t 
l i m i t s 
c o h e i r 
d o c i l e 
_ _ _ _ _ _ _ _ 
_ _ _ _ 

After
++++++
++++++
+g++e+
nr++r+
rr++u+
ci+ds+

t e a p o t 
l i m i t s 
c o h e i r 
d o c i l e 
_ _ _ _ _ _ _ _ 
_ _ _ _ 

0
Before
++++++
++++++
+g++e+
nr++r+
rr++u+
ci+ds+

t e a p o t 
l i m i t s 
c o h e i r 
d o c i l e 
_ _ _ _ _ _ _ _ 
_ _ _ _ 

After
++++++
++++++
+g++e+
nr++r+
rr++u+
ci+ds+

t e a p o t 
l i m i t s 
c o h e i r 
d o c i l e 
_ _ _ _ _ _ _ _ 
_ _ _ _ 

0
Before
++++++
++++++
++++e+
n+++r+
rg+du+
crcds+

t e a p o t 
l i m i t s 
c o h e i r 
o i l i e r 
_ _ _ _ _ _ _ _ 
_ _ _ _ 

After
++++++
++++++
++++e+
n+++r+
rg+du+
crcds+

t e a p o t 
l i m i t s 
c o h e i r 
o i l i e r 
_ _ _ _ _ _ _ _ 
_ _ _ _ 

0
Before
++++++
++++++
++++e+
+g++r+
nr+du+
crcds+

t e a p o t 
l i m i t s 
c o h e i r 
o i l i e r 
_ _ _ _ _ _ _ _ 
_ _ _ _ 

After
++++++
++++++
++++e+
+g++r+
nr+du+
crcds+

t e a p o t 
l i m i t s 
c o h e i r 
o i l i e r 
_ _ _ _ _ _ _ _ 
_ _ _ _ 

0
Before
++++++
++++++
++++e+
n+++r+
rg+du+
crcds+

t e a p o t 
l i m i t s 
c o h e i r 
o i l i e r 
_ _ _ _ _ _ _ _ 
_ _ _ _ 

After
++++++
++++++
++++e+
n+++r+
rg+du+
crcds+

t e a p o t 
l i m i t s 
c o h e i r 
o i l i e r 
_ _ _ _ _ _ _ _ 
_ _ _ _ 

0
Before
++++++
++++++
++++e+
+g++r+
nr+du+
rrods+

t e a p o t 
l i m i t s 
c o h e i r 
i c i c l e 
_ _ _ _ _ _ _ _ 
_ _ _ _ 

After
++++++
++++++
++++e+
+g++r+
nr+du+
rrods+

t e a p o t 
l i m i t s 
c o h e i r 
i c i c l e 
_ _ _ _ _ _ _ _ 
_ _ _ _ 

0
Before
++++++
++++++
ng++r+
rrrcu+
liios+
ciceh+

t e a p o t 
l i m i t s 
e r o d e d 
_ _ _ _ _ _ 
_ _ _ _ _ _ _ _ 
_ _ _ _ 

After
++++++
++++++
ng++r+
rrrcu+
liios+
ciceh+

t e a p o t 
l i m i t s 
e r o d e d 
_ _ _ _ _ _ 
_ _ _ _ _ _ _ _ 
_ _ _ _ 

9
Before
++++++
++++++
n+++++
rg++r+
li++u+
circs+

t e a p o t 
l i m i t s 
e r o d e d 
c o h e i r 
_ _ _ _ _ _ _ _ 
_ _ _ _ 

After
++++++
++++++
n+++++
rg++r+
li++u+
circs+

t e a p o t 
l i m i t s 
e r o d e d 
c o h e i r 
_ _ _ _ _ _ _ _ 
_ _ _ _ 

0
Before
++++++
++++++
ng++++
rr++r+
li++u+
ci+cs+

t e a p o t 
l i m i t s 
e r o d e d 
c o h e i r 
_ _ _ _ _ _ _ _ 
_ _ _ _ 

After
++++++
++++++
ng++++
rr++r+
li++u+
ci+cs+

t e a p o t 
l i m i t s 
e r o d e d 
c o h e i r 
_ _ _ _ _ _ _ _ 
_ _ _ _ 

0
Before
++++++
++++++
n+++++
rg++++
lr+or+
ciieh+

t e a p o t 
l i m i t s 
e r o d e d 
c i r c u s 
_ _ _ _ _ _ _ _ 
_ _ _ _ 

After
++++++
++++++
n+++++
rg++++
lr+or+
ciieh+

t e a p o t 
l i m i t s 
e r o d e d 
c i r c u s 
_ _ _ _ _ _ _ _ 
_ _ _ _ 

0
Before
++++++
++++++
ng++++
rr++++
li+or+
ci+eh+

t e a p o t 
l i m i t s 
e r o d e d 
c i r c u s 
_ _ _ _ _ _ _ _ 
_ _ _ _ 

After
++++++
++++++
ng++++
rr++++
li+or+
ci+eh+

t e a p o t 
l i m i t s 
e r o d e d 
c i r c u s 
_ _ _ _ _ _ _ _ 
_ _ _ _ 

0
Before
++++++
++++++
++++++
ng++++
rrior+
liceh+

t e a p o t 
l i m i t s 
e r o d e d 
c i r c u s 
_ _ _ _ _ _ _ _ 
_ _ _ _ 

After
++++++
++++++
++++++
ng++++
rrior+
liceh+

t e a p o t 
l i m i t s 
e r o d e d 
c i r c u s 
_ _ _ _ _ _ _ _ 
_ _ _ _ 

0
Before
++++++
++++++
ng++++
rrr+++
lii+++
cic+h+

t e a p o t 
l i m i t s 
e r o d e d 
c r u s o e 
_ _ _ _ _ _ _ _ 
_ _ _ _ 

After
++++++
++++++
ng++++
rrr+++
lii+++
cic+h+

t e a p o t 
l i m i t s 
e r o d e d 
c r u s o e 
_ _ _ _ _ _ _ _ 
_ _ _ _ 

0
Before
++++++
++++++
n+++++
rg++r+
lir+u+
cic+s+

t e a p o t 
l i m i t s 
e r o d e d 
c o h e i r 
_ _ _ _ _ _ _ _ 
_ _ _ _ 

After
++++++
++++++
n+++++
rg++r+
lir+u+
cic+s+

t e a p o t 
l i m i t s 
e r o d e d 
c o h e i r 
_ _ _ _ _ _ _ _ 
_ _ _ _ 

0
Before
++++++
++++++
ng++++
rr++r+
li++u+
cic+s+

t e a p o t 
l i m i t s 
e r o d e d 
c o h e i r 
_ _ _ _ _ _ _ _ 
_ _ _ _ 

After
++++++
++++++
ng++++
rr++r+
li++u+
cic+s+

t e a p o t 
l i m i t s 
e r o d e d 
c o h e i r 
_ _ _ _ _ _ _ _ 
_ _ _ _ 

0
Before
++++++
++++++
n+++++
rr++++
lii+r+
cicch+

t e a p o t 
l i m i t s 
e r o d e d 
g r o u s e 
_ _ _ _ _ _ _ _ 
_ _ _ _ 

After
++++++
++++++
n+++++
rr++++
lii+r+
cicch+

t e a p o t 
l i m i t s 
e r o d e d 
g r o u s e 
_ _ _ _ _ _ _ _ 
_ _ _ _ 

0
Before
++++++
++++++
ng++r+
rrrcu+
liios+
ciceh+

t e a p o t 
l i m i t s 
e r o d e d 
_ _ _ _ _ _ 
_ _ _ _ _ _ _ _ 
_ _ _ _ 

After
++++++
++++++
ng++r+
rrrcu+
liios+
ciceh+

t e a p o t 
l i m i t s 
e r o d e d 
_ _ _ _ _ _ 
_ _ _ _ _ _ _ _ 
_ _ _ _ 

9
Before
++++++
++++++
n+++++
rg++r+
li++u+
circs+

t e a p o t 
l i m i t s 
e r o d e d 
c o h e i r 
_ _ _ _ _ _ _ _ 
_ _ _ _ 

After
++++++
++++++
n+++++
rg++r+
li++u+
circs+

t e a p o t 
l i m i t s 
e r o d e d 
c o h e i r 
_ _ _ _ _ _ _ _ 
_ _ _ _ 

0
Before
++++++
++++++
ng++++
rr++r+
li++u+
ci+cs+

t e a p o t 
l i m i t s 
e r o d e d 
c o h e i r 
_ _ _ _ _ _ _ _ 
_ _ _ _ 

After
++++++
++++++
ng++++
rr++r+
li++u+
ci+cs+

t e a p o t 
l i m i t s 
e r o d e d 
c o h e i r 
_ _ _ _ _ _ _ _ 
_ _ _ _ 

0
Before
++++++
++++++
n+++++
rg++++
lr+or+
ciieh+

t e a p o t 
l i m i t s 
e r o d e d 
c i r c u s 
_ _ _ _ _ _ _ _ 
_ _ _ _ 

After
++++++
++++++
n+++++
rg++++
lr+or+
ciieh+

t e a p o t 
l i m i t s 
e r o d e d 
c i r c u s 
_ _ _ _ _ _ _ _ 
_ _ _ _ 

0
Before
++++++
++++++
ng++++
rr++++
li+or+
ci+eh+

t e a p o t 
l i m i t s 
e r o d e d 
c i r c u s 
_ _ _ _ _ _ _ _ 
_ _ _ _ 

After
++++++
++++++
ng++++
rr++++
li+or+
ci+eh+

t e a p o t 
l i m i t s 
e r o d e d 
c i r c u s 
_ _ _ _ _ _ _ _ 
_ _ _ _ 

0
Before
++++++
++++++
++++++
ng++++
rrior+
liceh+

t e a p o t 
l i m i t s 
e r o d e d 
c i r c u s 
_ _ _ _ _ _ _ _ 
_ _ _ _ 

After
++++++
++++++
++++++
ng++++
rrior+
liceh+

t e a p o t 
l i m i t s 
e r o d e d 
c i r c u s 
_ _ _ _ _ _ _ _ 
_ _ _ _ 

0
Before
++++++
++++++
ng++++
rrr+++
lii+++
cic+h+

t e a p o t 
l i m i t s 
e r o d e d 
c r u s o e 
_ _ _ _ _ _ _ _ 
_ _ _ _ 

After
++++++
++++++
ng++++
rrr+++
lii+++
cic+h+

t e a p o t 
l i m i t s 
e r o d e d 
c r u s o e 
_ _ _ _ _ _ _ _ 
_ _ _ _ 

0
Before
++++++
++++++
n+++++
rg++r+
lir+u+
cic+s+

t e a p o t 
l i m i t s 
e r o d e d 
c o h e i r 
_ _ _ _ _ _ _ _ 
_ _ _ _ 

After
++++++
++++++
n+++++
rg++r+
lir+u+
cic+s+

t e a p o t 
l i m i t s 
e r o d e d 
c o h e i r 
_ _ _ _ _ _ _ _ 
_ _ _ _ 

0
Before
++++++
++++++
ng++++
rr++r+
li++u+
cic+s+

t e a p o t 
l i m i t s 
e r o d e d 
c o h e i r 
_ _ _ _ _ _ _ _ 
_ _ _ _ 

After
++++++
++++++
ng++++
rr++r+
li++u+
cic+s+

t e a p o t 
l i m i t s 
e r o d e d 
c o h e i r 
_ _ _ _ _ _ _ _ 
_ _ _ _ 

0
Before
++++++
++++++
n+++++
rr++++
lii+r+
cicch+

t e a p o t 
l i m i t s 
e r o d e d 
g r o u s e 
_ _ _ _ _ _ _ _ 
_ _ _ _ 

After
++++++
++++++
n+++++
rr++++
lii+r+
cicch+

t e a p o t 
l i m i t s 
e r o d e d 
g r o u s e 
_ _ _ _ _ _ _ _ 
_ _ _ _ 

0
Before
++++++
++++++
ng++r+
rrrcu+
liios+
ciceh+

t e a p o t 
l i m i t s 
e r o d e d 
_ _ _ _ _ _ 
_ _ _ _ _ _ _ _ 
_ _ _ _ 

After
++++++
++++++
ng++r+
rrrcu+
liios+
ciceh+

t e a p o t 
l i m i t s 
e r o d e d 
_ _ _ _ _ _ 
_ _ _ _ _ _ _ _ 
_ _ _ _ 

9
Before
++++++
++++++
n+++++
rg++r+
li++u+
circs+

t e a p o t 
l i m i t s 
e r o d e d 
c o h e i r 
_ _ _ _ _ _ _ _ 
_ _ _ _ 

After
++++++
++++++
n+++++
rg++r+
li++u+
circs+

t e a p o t 
l i m i t s 
e r o d e d 
c o h e i r 
_ _ _ _ _ _ _ _ 
_ _ _ _ 

0
Before
++++++
++++++
ng++++
rr++r+
li++u+
ci+cs+

t e a p o t 
l i m i t s 
e r o d e d 
c o h e i r 
_ _ _ _ _ _ _ _ 
_ _ _ _ 

After
++++++
++++++
ng++++
rr++r+
li++u+
ci+cs+

t e a p o t 
l i m i t s 
e r o d e d 
c o h e i r 
_ _ _ _ _ _ _ _ 
_ _ _ _ 

0
Before
++++++
++++++
n+++++
rg++++
lr+or+
ciieh+

t e a p o t 
l i m i t s 
e r o d e d 
c i r c u s 
_ _ _ _ _ _ _ _ 
_ _ _ _ 

After
++++++
++++++
n+++++
rg++++
lr+or+
ciieh+

t e a p o t 
l i m i t s 
e r o d e d 
c i r c u s 
_ _ _ _ _ _ _ _ 
_ _ _ _ 

0
Before
++++++
++++++
ng++++
rr++++
li+or+
ci+eh+

t e a p o t 
l i m i t s 
e r o d e d 
c i r c u s 
_ _ _ _ _ _ _ _ 
_ _ _ _ 

After
++++++
++++++
ng++++
rr++++
li+or+
ci+eh+

t e a p o t 
l i m i t s 
e r o d e d 
c i r c u s 
_ _ _ _ _ _ _ _ 
_ _ _ _ 

0
Before
++++++
++++++
++++++
ng++++
rrior+
liceh+

t e a p o t 
l i m i t s 
e r o d e d 
c i r c u s 
_ _ _ _ _ _ _ _ 
_ _ _ _ 

After
++++++
++++++
++++++
ng++++
rrior+
liceh+

t e a p o t 
l i m i t s 
e r o d e d 
c i r c u s 
_ _ _ _ _ _ _ _ 
_ _ _ _ 

0
Before
++++++
++++++
ng++++
rrr+++
lii+++
cic+h+

t e a p o t 
l i m i t s 
e r o d e d 
c r u s o e 
_ _ _ _ _ _ _ _ 
_ _ _ _ 

After
++++++
++++++
ng++++
rrr+++
lii+++
cic+h+

t e a p o t 
l i m i t s 
e r o d e d 
c r u s o e 
_ _ _ _ _ _ _ _ 
_ _ _ _ 

0
Before
++++++
++++++
n+++++
rg++r+
lir+u+
cic+s+

t e a p o t 
l i m i t s 
e r o d e d 
c o h e i r 
_ _ _ _ _ _ _ _ 
_ _ _ _ 

After
++++++
++++++
n+++++
rg++r+
lir+u+
cic+s+

t e a p o t 
l i m i t s 
e r o d e d 
c o h e i r 
_ _ _ _ _ _ _ _ 
_ _ _ _ 

0
Before
++++++
++++++
ng++++
rr++r+
li++u+
cic+s+

t e a p o t 
l i m i t s 
e r o d e d 
c o h e i r 
_ _ _ _ _ _ _ _ 
_ _ _ _ 

After
++++++
++++++
ng++++
rr++r+
li++u+
cic+s+

t e a p o t 
l i m i t s 
e r o d e d 
c o h e i r 
_ _ _ _ _ _ _ _ 
_ _ _ _ 

0
Before
++++++
++++++
n+++++
rr++++
lii+r+
cicch+

t e a p o t 
l i m i t s 
e r o d e d 
g r o u s e 
_ _ _ _ _ _ _ _ 
_ _ _ _ 

After
++++++
++++++
n+++++
rr++++
lii+r+
cicch+

t e a p o t 
l i m i t s 
e r o d e d 
g r o u s e 
_ _ _ _ _ _ _ _ 
_ _ _ _ 

0
Before
++++++
++++++
ng++r+
rrrcu+
liios+
ciceh+

t e a p o t 
l i m i t s 
e r o d e d 
_ _ _ _ _ _ 
_ _ _ _ _ _ _ _ 
_ _ _ _ 

After
++++++
++++++
ng++r+
rrrcu+
liios+
ciceh+

t e a p o t 
l i m i t s 
e r o d e d 
_ _ _ _ _ _ 
_ _ _ _ _ _ _ _ 
_ _ _ _ 

9
Before
++++++
++++++
n+++++
rg++r+
li++u+
circs+

t e a p o t 
l i m i t s 
e r o d e d 
c o h e i r 
_ _ _ _ _ _ _ _ 
_ _ _ _ 

After
++++++
++++++
n+++++
rg++r+
li++u+
circs+

t e a p o t 
l i m i t s 
e r o d e d 
c o h e i r 
_ _ _ _ _ _ _ _ 
_ _ _ _ 

0
Before
++++++
++++++
ng++++
rr++r+
li++u+
ci+cs+

t e a p o t 
l i m i t s 
e r o d e d 
c o h e i r 
_ _ _ _ _ _ _ _ 
_ _ _ _ 

After
++++++
++++++
ng++++
rr++r+
li++u+
ci+cs+

t e a p o t 
l i m i t s 
e r o d e d 
c o h e i r 
_ _ _ _ _ _ _ _ 
_ _ _ _ 

0
Before
++++++
++++++
n+++++
rg++++
lr+or+
ciieh+

t e a p o t 
l i m i t s 
e r o d e d 
c i r c u s 
_ _ _ _ _ _ _ _ 
_ _ _ _ 

After
++++++
++++++
n+++++
rg++++
lr+or+
ciieh+

t e a p o t 
l i m i t s 
e r o d e d 
c i r c u s 
_ _ _ _ _ _ _ _ 
_ _ _ _ 

0
Before
++++++
++++++
ng++++
rr++++
li+or+
ci+eh+

t e a p o t 
l i m i t s 
e r o d e d 
c i r c u s 
_ _ _ _ _ _ _ _ 
_ _ _ _ 

After
++++++
++++++
ng++++
rr++++
li+or+
ci+eh+

t e a p o t 
l i m i t s 
e r o d e d 
c i r c u s 
_ _ _ _ _ _ _ _ 
_ _ _ _ 

0
Before
++++++
++++++
++++++
ng++++
rrior+
liceh+

t e a p o t 
l i m i t s 
e r o d e d 
c i r c u s 
_ _ _ _ _ _ _ _ 
_ _ _ _ 

After
++++++
++++++
++++++
ng++++
rrior+
liceh+

t e a p o t 
l i m i t s 
e r o d e d 
c i r c u s 
_ _ _ _ _ _ _ _ 
_ _ _ _ 

0
Before
++++++
++++++
ng++++
rrr+++
lii+++
cic+h+

t e a p o t 
l i m i t s 
e r o d e d 
c r u s o e 
_ _ _ _ _ _ _ _ 
_ _ _ _ 

After
++++++
++++++
ng++++
rrr+++
lii+++
cic+h+

t e a p o t 
l i m i t s 
e r o d e d 
c r u s o e 
_ _ _ _ _ _ _ _ 
_ _ _ _ 

0
Before
++++++
++++++
n+++++
rg++r+
lir+u+
cic+s+

t e a p o t 
l i m i t s 
e r o d e d 
c o h e i r 
_ _ _ _ _ _ _ _ 
_ _ _ _ 

After
++++++
++++++
n+++++
rg++r+
lir+u+
cic+s+

t e a p o t 
l i m i t s 
e r o d e d 
c o h e i r 
_ _ _ _ _ _ _ _ 
_ _ _ _ 

0
Before
++++++
++++++
ng++++
rr++r+
li++u+
cic+s+

t e a p o t 
l i m i t s 
e r o d e d 
c o h e i r 
_ _ _ _ _ _ _ _ 
_ _ _ _ 

After
++++++
++++++
ng++++
rr++r+
li++u+
cic+s+

t e a p o t 
l i m i t s 
e r o d e d 
c o h e i r 
_ _ _ _ _ _ _ _ 
_ _ _ _ 

0
Before
++++++
++++++
n+++++
rr++++
lii+r+
cicch+

t e a p o t 
l i m i t s 
e r o d e d 
g r o u s e 
_ _ _ _ _ _ _ _ 
_ _ _ _ 

After
++++++
++++++
n+++++
rr++++
lii+r+
cicch+

t e a p o t 
l i m i t s 
e r o d e d 
g r o u s e 
_ _ _ _ _ _ _ _ 
_ _ _ _ 

0
Before
++++++
ng++++
rr+d++
er+c++
liios+
ciceh+

t e a p o t 
l i m i t s 
o r d u r e 
_ _ _ _ _ _ 
_ _ _ _ _ _ _ _ 
_ _ _ _ 

After
++++++
ng++++
rr+d++
er+c++
liios+
ciceh+

t e a p o t 
l i m i t s 
o r d u r e 
_ _ _ _ _ _ 
_ _ _ _ _ _ _ _ 
_ _ _ _ 

9
Before
++++++
n+++++
rg++++
er++++
li+d++
ci+cs+

t e a p o t 
l i m i t s 
o r d u r e 
c o h e i r 
_ _ _ _ _ _ _ _ 
_ _ _ _ 

After
++++++
n+++++
rg++++
er++++
li+d++
ci+cs+

t e a p o t 
l i m i t s 
o r d u r e 
c o h e i r 
_ _ _ _ _ _ _ _ 
_ _ _ _ 

0
Before
++++++
++++++
+++d++
+g+c++
nr+os+
rrieh+

t e a p o t 
l i m i t s 
o r d u r e 
i c i c l e 
_ _ _ _ _ _ _ _ 
_ _ _ _ 

After
++++++
++++++
+++d++
+g+c++
nr+os+
rrieh+

t e a p o t 
l i m i t s 
o r d u r e 
i c i c l e 
_ _ _ _ _ _ _ _ 
_ _ _ _ 

0
Before
++++++
++++++
+g++++
+r+d++
ni+os+
riceh+

t e a p o t 
l i m i t s 
o r d u r e 
c l e r i c 
_ _ _ _ _ _ _ _ 
_ _ _ _ 

After
++++++
++++++
+g++++
+r+d++
ni+os+
riceh+

t e a p o t 
l i m i t s 
o r d u r e 
c l e r i c 
_ _ _ _ _ _ _ _ 
_ _ _ _ 

0
Before
++++++
++++++
+g+d++
+r+c++
ni+os+
ri+eh+

t e a p o t 
l i m i t s 
o r d u r e 
c l e r i c 
_ _ _ _ _ _ _ _ 
_ _ _ _ 

After
++++++
++++++
+g+d++
+r+c++
ni+os+
ri+eh+

t e a p o t 
l i m i t s 
o r d u r e 
c l e r i c 
_ _ _ _ _ _ _ _ 
_ _ _ _ 

0
Before
++++++
++++++
+++d++
+g+c++
nr+os+
riieh+

t e a p o t 
l i m i t s 
o r d u r e 
c l e r i c 
_ _ _ _ _ _ _ _ 
_ _ _ _ 

After
++++++
++++++
+++d++
+g+c++
nr+os+
riieh+

t e a p o t 
l i m i t s 
o r d u r e 
c l e r i c 
_ _ _ _ _ _ _ _ 
_ _ _ _ 

0
Before
++++++
++++++
+g+d++
+r+c++
nr+os+
ri+eh+

t e a p o t 
l i m i t s 
o r d u r e 
i c i c l e 
_ _ _ _ _ _ _ _ 
_ _ _ _ 

After
++++++
++++++
+g+d++
+r+c++
nr+os+
ri+eh+

t e a p o t 
l i m i t s 
o r d u r e 
i c i c l e 
_ _ _ _ _ _ _ _ 
_ _ _ _ 

0
Before
++++++
++++++
+g+d++
+r+c++
nr+os+
ri+eh+

t e a p o t 
l i m i t s 
o r d u r e 
i c i c l e 
_ _ _ _ _ _ _ _ 
_ _ _ _ 

After
++++++
++++++
+g+d++
+r+c++
nr+os+
ri+eh+

t e a p o t 
l i m i t s 
o r d u r e 
i c i c l e 
_ _ _ _ _ _ _ _ 
_ _ _ _ 

0
Before
++++++
++++++
+++d++
+g+c++
nr+os+
rrieh+

t e a p o t 
l i m i t s 
o r d u r e 
i c i c l e 
_ _ _ _ _ _ _ _ 
_ _ _ _ 

After
++++++
++++++
+++d++
+g+c++
nr+os+
rrieh+

t e a p o t 
l i m i t s 
o r d u r e 
i c i c l e 
_ _ _ _ _ _ _ _ 
_ _ _ _ 

0
Before
++++++
n+++++
rg++++
er++++
li++++
cicds+

t e a p o t 
l i m i t s 
o r d u r e 
c o h e i r 
_ _ _ _ _ _ _ _ 
_ _ _ _ 

After
++++++
n+++++
rg++++
er++++
li++++
cicds+

t e a p o t 
l i m i t s 
o r d u r e 
c o h e i r 
_ _ _ _ _ _ _ _ 
_ _ _ _ 

0
Before
++ode+
++rdr+
+giil+
+rmcu+
ntios+
riceh+

t e a p o t 
r e l i c s 
_ _ _ _ _ _ 
_ _ _ _ _ _ 
_ _ _ _ _ _ _ _ 
_ _ _ _ 

After
++ode+
++rdr+
+giil+
+rmcu+
ntios+
riceh+

t e a p o t 
r e l i c s 
_ _ _ _ _ _ 
_ _ _ _ _ _ 
_ _ _ _ _ _ _ _ 
_ _ _ _ 

20
Before
++++++
++++e+
++odr+
+grdl+
nriiu+
rimos+

t e a p o t 
r e l i c s 
h e c t i c 
_ _ _ _ _ _ 
_ _ _ _ _ _ _ _ 
_ _ _ _ 

After
++++++
++++e+
++odr+
+grdl+
nriiu+
rimos+

t e a p o t 
r e l i c s 
h e c t i c 
_ _ _ _ _ _ 
_ _ _ _ _ _ _ _ 
_ _ _ _ 

7
Before
++++++
++++++
++++++
+go+++
nrrdu+
riios+

t e a p o t 
r e l i c s 
h e c t i c 
m i l d e r 
_ _ _ _ _ _ _ _ 
_ _ _ _ 

After
++++++
++++++
++++++
+go+++
nrrdu+
riios+

t e a p o t 
r e l i c s 
h e c t i c 
m i l d e r 
_ _ _ _ _ _ _ _ 
_ _ _ _ 

0
Before
++++++
++++e+
++++r+
++o+l+
++idu+
rrmos+

t e a p o t 
r e l i c s 
h e c t i c 
i n g r i d 
_ _ _ _ _ _ _ _ 
_ _ _ _ 

After
++++++
++++e+
++++r+
++o+l+
++idu+
rrmos+

t e a p o t 
r e l i c s 
h e c t i c 
i n g r i d 
_ _ _ _ _ _ _ _ 
_ _ _ _ 

0
Before
++++++
++++e+
++++r+
+++dl+
++oiu+
rrmos+

t e a p o t 
r e l i c s 
h e c t i c 
i n g r i d 
_ _ _ _ _ _ _ _ 
_ _ _ _ 

After
++++++
++++e+
++++r+
+++dl+
++oiu+
rrmos+

t e a p o t 
r e l i c s 
h e c t i c 
i n g r i d 
_ _ _ _ _ _ _ _ 
_ _ _ _ 

0
Before
++++++
++++e+
++++r+
++odl+
++riu+
r+mos+

t e a p o t 
r e l i c s 
h e c t i c 
i n g r i d 
_ _ _ _ _ _ _ _ 
_ _ _ _ 

After
++++++
++++e+
++++r+
++odl+
++riu+
r+mos+

t e a p o t 
r e l i c s 
h e c t i c 
i n g r i d 
_ _ _ _ _ _ _ _ 
_ _ _ _ 

0
Before
++++++
++++++
++++++
+++dl+
nroiu+
rimos+

t e a p o t 
r e l i c s 
h e c t i c 
g i r d e r 
_ _ _ _ _ _ _ _ 
_ _ _ _ 

After
++++++
++++++
++++++
+++dl+
nroiu+
rimos+

t e a p o t 
r e l i c s 
h e c t i c 
g i r d e r 
_ _ _ _ _ _ _ _ 
_ _ _ _ 

0
Before
++++++
++++++
++++++
+g++e+
nrrdr+
rimil+

t e a p o t 
r e l i c s 
h e c t i c 
o d i o u s 
_ _ _ _ _ _ _ _ 
_ _ _ _ 

After
++++++
++++++
++++++
+g++e+
nrrdr+
rimil+

t e a p o t 
r e l i c s 
h e c t i c 
o d i o u s 
_ _ _ _ _ _ _ _ 
_ _ _ _ 

0
Before
++++++
++++++
++++++
+gr+e+
nri+r+
rimdl+

t e a p o t 
r e l i c s 
h e c t i c 
o d i o u s 
_ _ _ _ _ _ _ _ 
_ _ _ _ 

After
++++++
++++++
++++++
+gr+e+
nri+r+
rimdl+

t e a p o t 
r e l i c s 
h e c t i c 
o d i o u s 
_ _ _ _ _ _ _ _ 
_ _ _ _ 

0
Before
++++++
++++e+
+go+r+
+rrdl+
ntidu+
riieh+

t e a p o t 
r e l i c s 
c o m i c s 
_ _ _ _ _ _ 
_ _ _ _ _ _ _ _ 
_ _ _ _ 

After
++++++
++++e+
+go+r+
+rrdl+
ntidu+
riieh+

t e a p o t 
r e l i c s 
c o m i c s 
_ _ _ _ _ _ 
_ _ _ _ _ _ _ _ 
_ _ _ _ 

0
Before
++++++
++++e+
+g+dr+
+rodl+
ntriu+
riieh+

t e a p o t 
r e l i c s 
c o m i c s 
_ _ _ _ _ _ 
_ _ _ _ _ _ _ _ 
_ _ _ _ 

After
++++++
++++e+
+g+dr+
+rodl+
ntriu+
riieh+

t e a p o t 
r e l i c s 
c o m i c s 
_ _ _ _ _ _ 
_ _ _ _ _ _ _ _ 
_ _ _ _ 

2
Before
++++++
++++e+
++++r+
++++l+
ng+du+
riieh+

t e a p o t 
r e l i c s 
c o m i c s 
t o r r i d 
_ _ _ _ _ _ _ _ 
_ _ _ _ 

After
++++++
++++e+
++++r+
++++l+
ng+du+
riieh+

t e a p o t 
r e l i c s 
c o m i c s 
t o r r i d 
_ _ _ _ _ _ _ _ 
_ _ _ _ 

0
Before
++++++
++++++
++++r+
+g++l+
nr+du+
riieh+

t e a p o t 
r e l i c s 
c o m i c s 
t r i o d e 
_ _ _ _ _ _ _ _ 
_ _ _ _ 

After
++++++
++++++
++++r+
+g++l+
nr+du+
riieh+

t e a p o t 
r e l i c s 
c o m i c s 
t r i o d e 
_ _ _ _ _ _ _ _ 
_ _ _ _ 

0
Before
++++++
++++e+
+g+dr+
+rodl+
ntriu+
riieh+

t e a p o t 
r e l i c s 
c o m i c s 
_ _ _ _ _ _ 
_ _ _ _ _ _ _ _ 
_ _ _ _ 

After
++++++
++++e+
+g+dr+
+rodl+
ntriu+
riieh+

t e a p o t 
r e l i c s 
c o m i c s 
_ _ _ _ _ _ 
_ _ _ _ _ _ _ _ 
_ _ _ _ 

2
Before
++++++
++++e+
++++r+
++++l+
ng+du+
riieh+

t e a p o t 
r e l i c s 
c o m i c s 
t o r r i d 
_ _ _ _ _ _ _ _ 
_ _ _ _ 

After
++++++
++++e+
++++r+
++++l+
ng+du+
riieh+

t e a p o t 
r e l i c s 
c o m i c s 
t o r r i d 
_ _ _ _ _ _ _ _ 
_ _ _ _ 

0
Before
++++++
++++++
++++r+
+g++l+
nr+du+
riieh+

t e a p o t 
r e l i c s 
c o m i c s 
t r i o d e 
_ _ _ _ _ _ _ _ 
_ _ _ _ 

After
++++++
++++++
++++r+
+g++l+
nr+du+
riieh+

t e a p o t 
r e l i c s 
c o m i c s 
t r i o d e 
_ _ _ _ _ _ _ _ 
_ _ _ _ 

0
Before
++++++
++++e+
++odr+
+grdl+
ntiiu+
rimcs+

t e a p o t 
r e l i c s 
c o h e i r 
_ _ _ _ _ _ 
_ _ _ _ _ _ _ _ 
_ _ _ _ 

After
++++++
++++e+
++odr+
+grdl+
ntiiu+
rimcs+

t e a p o t 
r e l i c s 
c o h e i r 
_ _ _ _ _ _ 
_ _ _ _ _ _ _ _ 
_ _ _ _ 

9
Before
++++++
++++e+
++++r+
++odl+
++rdu+
r+mis+

t e a p o t 
r e l i c s 
c o h e i r 
c i t i n g 
_ _ _ _ _ _ _ _ 
_ _ _ _ 

After
++++++
++++e+
++++r+
++odl+
++rdu+
r+mis+

t e a p o t 
r e l i c s 
c o h e i r 
c i t i n g 
_ _ _ _ _ _ _ _ 
_ _ _ _ 

0
Before
++++++
++++++
++++++
+go+++
ntrdu+
riics+

t e a p o t 
r e l i c s 
c o h e i r 
m i l d e r 
_ _ _ _ _ _ _ _ 
_ _ _ _ 

After
++++++
++++++
++++++
+go+++
ntrdu+
riics+

t e a p o t 
r e l i c s 
c o h e i r 
m i l d e r 
_ _ _ _ _ _ _ _ 
_ _ _ _ 

0
Before
++++++
++++e+
++++r+
++o+l+
++idu+
rtmcs+

t e a p o t 
r e l i c s 
c o h e i r 
i n g r i d 
_ _ _ _ _ _ _ _ 
_ _ _ _ 

After
++++++
++++e+
++++r+
++o+l+
++idu+
rtmcs+

t e a p o t 
r e l i c s 
c o h e i r 
i n g r i d 
_ _ _ _ _ _ _ _ 
_ _ _ _ 

0
Before
++++++
++++e+
++++r+
+++dl+
++oiu+
rtmcs+

t e a p o t 
r e l i c s 
c o h e i r 
i n g r i d 
_ _ _ _ _ _ _ _ 
_ _ _ _ 

After
++++++
++++e+
++++r+
+++dl+
++oiu+
rtmcs+

t e a p o t 
r e l i c s 
c o h e i r 
i n g r i d 
_ _ _ _ _ _ _ _ 
_ _ _ _ 

0
Before
++++++
++++++
++++e+
+++dr+
n+odl+
rimcu+

t e a p o t 
r e l i c s 
c o h e i r 
t i g r i s 
_ _ _ _ _ _ _ _ 
_ _ _ _ 

After
++++++
++++++
++++e+
+++dr+
n+odl+
rimcu+

t e a p o t 
r e l i c s 
c o h e i r 
t i g r i s 
_ _ _ _ _ _ _ _ 
_ _ _ _ 

0
Before
++++++
++++e+
+++dr+
+++dl+
++oiu+
r+rcs+

t e a p o t 
r e l i c s 
c o h e i r 
t i m i n g 
_ _ _ _ _ _ _ _ 
_ _ _ _ 

After
++++++
++++e+
+++dr+
+++dl+
++oiu+
r+rcs+

t e a p o t 
r e l i c s 
c o h e i r 
t i m i n g 
_ _ _ _ _ _ _ _ 
_ _ _ _ 

0
Before
++++++
++++e+
++++r+
++o+l+
++idu+
rgmds+

t e a p o t 
r e l i c s 
c o h e i r 
n i t r i c 
_ _ _ _ _ _ _ _ 
_ _ _ _ 

After
++++++
++++e+
++++r+
++o+l+
++idu+
rgmds+

t e a p o t 
r e l i c s 
c o h e i r 
n i t r i c 
_ _ _ _ _ _ _ _ 
_ _ _ _ 

0
Before
++++++
++++e+
++++r+
+++dl+
++odu+
rgmis+

t e a p o t 
r e l i c s 
c o h e i r 
n i t r i c 
_ _ _ _ _ _ _ _ 
_ _ _ _ 

After
++++++
++++e+
++++r+
+++dl+
++odu+
rgmis+

t e a p o t 
r e l i c s 
c o h e i r 
n i t r i c 
_ _ _ _ _ _ _ _ 
_ _ _ _ 

0
Before
++++++
++++++
++++++
+++dl+
ntoiu+
rimcs+

t e a p o t 
r e l i c s 
c o h e i r 
g i r d e r 
_ _ _ _ _ _ _ _ 
_ _ _ _ 

After
++++++
++++++
++++++
+++dl+
ntoiu+
rimcs+

t e a p o t 
r e l i c s 
c o h e i r 
g i r d e r 
_ _ _ _ _ _ _ _ 
_ _ _ _ 

0
Before
++++e+
+++dr+
++odl+
++riu+
n+mos+
rgieh+

t e a p o t 
r e l i c s 
c i t r i c 
_ _ _ _ _ _ 
_ _ _ _ _ _ _ _ 
_ _ _ _ 

After
++++e+
+++dr+
++odl+
++riu+
n+mos+
rgieh+

t e a p o t 
r e l i c s 
c i t r i c 
_ _ _ _ _ _ 
_ _ _ _ _ _ _ _ 
_ _ _ _ 

5
Before
++++++
++++++
++o+++
++rd++
n+mie+
rgier+

t e a p o t 
r e l i c s 
c i t r i c 
s h o u l d 
_ _ _ _ _ _ _ _ 
_ _ _ _ 

After
++++++
++++++
++o+++
++rd++
n+mie+
rgier+

t e a p o t 
r e l i c s 
c i t r i c 
s h o u l d 
_ _ _ _ _ _ _ _ 
_ _ _ _ 

0
Before
++++++
++++++
++o+++
++rd++
n+mie+
rgier+

t e a p o t 
r e l i c s 
c i t r i c 
s h o u l d 
_ _ _ _ _ _ _ _ 
_ _ _ _ 

After
++++++
++++++
++o+++
++rd++
n+mie+
rgier+

t e a p o t 
r e l i c s 
c i t r i c 
s h o u l d 
_ _ _ _ _ _ _ _ 
_ _ _ _ 

0
Before
++++++
++++++
++++++
++odu+
n+ros+
rgieh+

t e a p o t 
r e l i c s 
c i t r i c 
m i l d e r 
_ _ _ _ _ _ _ _ 
_ _ _ _ 

After
++++++
++++++
++++++
++odu+
n+ros+
rgieh+

t e a p o t 
r e l i c s 
c i t r i c 
m i l d e r 
_ _ _ _ _ _ _ _ 
_ _ _ _ 

0
Before
++++++
++++++
++++e+
++r+r+
n+mol+
rgieu+

t e a p o t 
r e l i c s 
c i t r i c 
o d d i s h 
_ _ _ _ _ _ _ _ 
_ _ _ _ 

After
++++++
++++++
++++e+
++r+r+
n+mol+
rgieu+

t e a p o t 
r e l i c s 
c i t r i c 
o d d i s h 
_ _ _ _ _ _ _ _ 
_ _ _ _ 

0
Before
++++++
++++++
++++e+
++r+r+
n+mdl+
rgieh+

t e a p o t 
r e l i c s 
c i t r i c 
o d i o u s 
_ _ _ _ _ _ _ _ 
_ _ _ _ 

After
++++++
++++++
++++e+
++r+r+
n+mdl+
rgieh+

t e a p o t 
r e l i c s 
c i t r i c 
o d i o u s 
_ _ _ _ _ _ _ _ 
_ _ _ _ 

0
Before
++++e+
+++dr+
++odl+
++riu+
n+ios+
rgmeh+

t e a p o t 
r e l i c s 
c i t r i c 
_ _ _ _ _ _ 
_ _ _ _ _ _ _ _ 
_ _ _ _ 

After
++++e+
+++dr+
++odl+
++riu+
n+ios+
rgmeh+

t e a p o t 
r e l i c s 
c i t r i c 
_ _ _ _ _ _ 
_ _ _ _ _ _ _ _ 
_ _ _ _ 

4
Before
++++++
++++++
++o+++
++rd++
n+iie+
rgmer+

t e a p o t 
r e l i c s 
c i t r i c 
s h o u l d 
_ _ _ _ _ _ _ _ 
_ _ _ _ 

After
++++++
++++++
++o+++
++rd++
n+iie+
rgmer+

t e a p o t 
r e l i c s 
c i t r i c 
s h o u l d 
_ _ _ _ _ _ _ _ 
_ _ _ _ 

0
Before
++++++
++++++
++o+++
++rd++
n+iie+
rgmer+

t e a p o t 
r e l i c s 
c i t r i c 
s h o u l d 
_ _ _ _ _ _ _ _ 
_ _ _ _ 

After
++++++
++++++
++o+++
++rd++
n+iie+
rgmer+

t e a p o t 
r e l i c s 
c i t r i c 
s h o u l d 
_ _ _ _ _ _ _ _ 
_ _ _ _ 

0
Before
++++++
++++++
++++e+
++r+r+
n+iol+
rgmeu+

t e a p o t 
r e l i c s 
c i t r i c 
o d d i s h 
_ _ _ _ _ _ _ _ 
_ _ _ _ 

After
++++++
++++++
++++e+
++r+r+
n+iol+
rgmeu+

t e a p o t 
r e l i c s 
c i t r i c 
o d d i s h 
_ _ _ _ _ _ _ _ 
_ _ _ _ 

0
Before
++++++
++++++
++++e+
++r+r+
n+idl+
rgmeh+

t e a p o t 
r e l i c s 
c i t r i c 
o d i o u s 
_ _ _ _ _ _ _ _ 
_ _ _ _ 

After
++++++
++++++
++++e+
++r+r+
n+idl+
rgmeh+

t e a p o t 
r e l i c s 
c i t r i c 
o d i o u s 
_ _ _ _ _ _ _ _ 
_ _ _ _ 

0
Before
++++++
+++de+
++odr+
++ril+
ngicu+
rrmoh+

t e a p o t 
r e l i c s 
c i t i e s 
_ _ _ _ _ _ 
_ _ _ _ _ _ _ _ 
_ _ _ _ 

After
++++++
+++de+
++odr+
++ril+
ngicu+
rrmoh+

t e a p o t 
r e l i c s 
c i t i e s 
_ _ _ _ _ _ 
_ _ _ _ _ _ _ _ 
_ _ _ _ 

2
Before
++++++
++++++
++++r+
+++il+
n+ocu+
rrmoh+

t e a p o t 
r e l i c s 
c i t i e s 
g i r d e d 
_ _ _ _ _ _ _ _ 
_ _ _ _ 

After
++++++
++++++
++++r+
+++il+
n+ocu+
rrmoh+

t e a p o t 
r e l i c s 
c i t i e s 
g i r d e d 
_ _ _ _ _ _ _ _ 
_ _ _ _ 

0
Before
++++++
++++++
+++d++
+++il+
n+ocu+
rrmoh+

t e a p o t 
r e l i c s 
c i t i e s 
g i r d e r 
_ _ _ _ _ _ _ _ 
_ _ _ _ 

After
++++++
++++++
+++d++
+++il+
n+ocu+
rrmoh+

t e a p o t 
r e l i c s 
c i t i e s 
g i r d e r 
_ _ _ _ _ _ _ _ 
_ _ _ _ 

0
Before
++++e+
+++dr+
+++dl+
++oiu+
ngros+
rimeh+

t e a p o t 
r e l i c s 
c i t r i c 
_ _ _ _ _ _ 
_ _ _ _ _ _ _ _ 
_ _ _ _ 

After
++++e+
+++dr+
+++dl+
++oiu+
ngros+
rimeh+

t e a p o t 
r e l i c s 
c i t r i c 
_ _ _ _ _ _ 
_ _ _ _ _ _ _ _ 
_ _ _ _ 

12
Before
++++++
++++e+
+++dr+
+++dl+
++oiu+
r+res+

t e a p o t 
r e l i c s 
c i t r i c 
h o m i n g 
_ _ _ _ _ _ _ _ 
_ _ _ _ 

After
++++++
++++e+
+++dr+
+++dl+
++oiu+
r+res+

t e a p o t 
r e l i c s 
c i t r i c 
h o m i n g 
_ _ _ _ _ _ _ _ 
_ _ _ _ 

0
Before
++++++
++++++
++++e+
+++dr+
ng+dl+
rioih+

t e a p o t 
r e l i c s 
c i t r i c 
m o u s e r 
_ _ _ _ _ _ _ _ 
_ _ _ _ 

After
++++++
++++++
++++e+
+++dr+
ng+dl+
rioih+

t e a p o t 
r e l i c s 
c i t r i c 
m o u s e r 
_ _ _ _ _ _ _ _ 
_ _ _ _ 

0
Before
++++e+
++++r+
++++l+
+++du+
++oos+
r+meh+

t e a p o t 
r e l i c s 
c i t r i c 
i n g r i d 
_ _ _ _ _ _ _ _ 
_ _ _ _ 

After
++++e+
++++r+
++++l+
+++du+
++oos+
r+meh+

t e a p o t 
r e l i c s 
c i t r i c 
i n g r i d 
_ _ _ _ _ _ _ _ 
_ _ _ _ 

0
Before
++++++
++++e+
+++dr+
+++dl+
++oou+
r+meh+

t e a p o t 
r e l i c s 
c i t r i c 
s i r i n g 
_ _ _ _ _ _ _ _ 
_ _ _ _ 

After
++++++
++++e+
+++dr+
+++dl+
++oou+
r+meh+

t e a p o t 
r e l i c s 
c i t r i c 
s i r i n g 
_ _ _ _ _ _ _ _ 
_ _ _ _ 

0
Before
++++++
++++++
++++++
++od++
ngrie+
rimer+

t e a p o t 
r e l i c s 
c i t r i c 
s h o u l d 
_ _ _ _ _ _ _ _ 
_ _ _ _ 

After
++++++
++++++
++++++
++od++
ngrie+
rimer+

t e a p o t 
r e l i c s 
c i t r i c 
s h o u l d 
_ _ _ _ _ _ _ _ 
_ _ _ _ 

0
Before
++++++
++++++
++++++
++od++
ngrie+
rimer+

t e a p o t 
r e l i c s 
c i t r i c 
s h o u l d 
_ _ _ _ _ _ _ _ 
_ _ _ _ 

After
++++++
++++++
++++++
++od++
ngrie+
rimer+

t e a p o t 
r e l i c s 
c i t r i c 
s h o u l d 
_ _ _ _ _ _ _ _ 
_ _ _ _ 

0
Before
++++++
++++e+
+++dr+
+++dl+
++oiu+
n+roh+

t e a p o t 
r e l i c s 
c i t r i c 
g r i m e s 
_ _ _ _ _ _ _ _ 
_ _ _ _ 

After
++++++
++++e+
+++dr+
+++dl+
++oiu+
n+roh+

t e a p o t 
r e l i c s 
c i t r i c 
g r i m e s 
_ _ _ _ _ _ _ _ 
_ _ _ _ 

0
Before
++++++
++++e+
+++dr+
+++dl+
n++iu+
r+ooh+

t e a p o t 
r e l i c s 
c i t r i c 
g r i m e s 
_ _ _ _ _ _ _ _ 
_ _ _ _ 

After
++++++
++++e+
+++dr+
+++dl+
n++iu+
r+ooh+

t e a p o t 
r e l i c s 
c i t r i c 
g r i m e s 
_ _ _ _ _ _ _ _ 
_ _ _ _ 

0
Before
++++++
++++++
++++e+
+++dr+
n+odl+
rimih+

t e a p o t 
r e l i c s 
c i t r i c 
g r o u s e 
_ _ _ _ _ _ _ _ 
_ _ _ _ 

After
++++++
++++++
++++e+
+++dr+
n+odl+
rimih+

t e a p o t 
r e l i c s 
c i t r i c 
g r o u s e 
_ _ _ _ _ _ _ _ 
_ _ _ _ 

0
Before
++++e+
++++r+
+++dl+
+++iu+
+++os+
rg+eh+

t e a p o t 
r e l i c s 
c i t r i c 
n i m r o d 
_ _ _ _ _ _ _ _ 
_ _ _ _ 

After
++++e+
++++r+
+++dl+
+++iu+
+++os+
rg+eh+

t e a p o t 
r e l i c s 
c i t r i c 
n i m r o d 
_ _ _ _ _ _ _ _ 
_ _ _ _ 

0
Before
++++++
++++e+
++++r+
++++l+
ng+du+
riodh+

t e a p o t 
r e l i c s 
c i t r i c 
i s o m e r 
_ _ _ _ _ _ _ _ 
_ _ _ _ 

After
++++++
++++e+
++++r+
++++l+
ng+du+
riodh+

t e a p o t 
r e l i c s 
c i t r i c 
i s o m e r 
_ _ _ _ _ _ _ _ 
_ _ _ _ 

0
Before
++++++
++++++
++++e+
++++r+
ngrdl+
rimeh+

t e a p o t 
r e l i c s 
c i t r i c 
o d i o u s 
_ _ _ _ _ _ _ _ 
_ _ _ _ 

After
++++++
++++++
++++e+
++++r+
ngrdl+
rimeh+

t e a p o t 
r e l i c s 
c i t r i c 
o d i o u s 
_ _ _ _ _ _ _ _ 
_ _ _ _ 

0
Before
++o+++
++r+++
+gid++
+rmi++
ntice+
ricer+

t e a p o t 
r e l i c s 
s h o u l d 
_ _ _ _ _ _ 
_ _ _ _ _ _ _ _ 
_ _ _ _ 

After
++o+++
++r+++
+gid++
+rmi++
ntice+
ricer+

t e a p o t 
r e l i c s 
s h o u l d 
_ _ _ _ _ _ 
_ _ _ _ _ _ _ _ 
_ _ _ _ 

5
Before
++++++
++++++
++o+++
++rd++
n+iie+
rgmer+

t e a p o t 
r e l i c s 
s h o u l d 
c i t r i c 
_ _ _ _ _ _ _ _ 
_ _ _ _ 

After
++++++
++++++
++o+++
++rd++
n+iie+
rgmer+

t e a p o t 
r e l i c s 
s h o u l d 
c i t r i c 
_ _ _ _ _ _ _ _ 
_ _ _ _ 

0
Before
++++++
++++++
++o+++
++rd++
+giie+
nrmer+

t e a p o t 
r e l i c s 
s h o u l d 
c i t r i c 
_ _ _ _ _ _ _ _ 
_ _ _ _ 

After
++++++
++++++
++o+++
++rd++
+giie+
nrmer+

t e a p o t 
r e l i c s 
s h o u l d 
c i t r i c 
_ _ _ _ _ _ _ _ 
_ _ _ _ 

0
Before
++++++
++o+++
++r+++
++id++
++mie+
rgcer+

t e a p o t 
r e l i c s 
s h o u l d 
n i t r i c 
_ _ _ _ _ _ _ _ 
_ _ _ _ 

After
++++++
++o+++
++r+++
++id++
++mie+
rgcer+

t e a p o t 
r e l i c s 
s h o u l d 
n i t r i c 
_ _ _ _ _ _ _ _ 
_ _ _ _ 

0
Before
++++++
++++++
++od++
++ri++
++ice+
rgmer+

t e a p o t 
r e l i c s 
s h o u l d 
n i t r i c 
_ _ _ _ _ _ _ _ 
_ _ _ _ 

After
++++++
++++++
++od++
++ri++
++ice+
rgmer+

t e a p o t 
r e l i c s 
s h o u l d 
n i t r i c 
_ _ _ _ _ _ _ _ 
_ _ _ _ 

0
Before
++++++
++o+++
+gr+++
+ri+++
ntm+++
ric+e+

t e a p o t 
r e l i c s 
s h o u l d 
d i c i e r 
_ _ _ _ _ _ _ _ 
_ _ _ _ 

After
++++++
++o+++
+gr+++
+ri+++
ntm+++
ric+e+

t e a p o t 
r e l i c s 
s h o u l d 
d i c i e r 
_ _ _ _ _ _ _ _ 
_ _ _ _ 

0
Before
++++e+
++odr+
++rdl+
++miu+
++ios+
rgceh+

t e a p o t 
r e l i c s 
n i t r i c 
_ _ _ _ _ _ 
_ _ _ _ _ _ _ _ 
_ _ _ _ 

After
++++e+
++odr+
++rdl+
++miu+
++ios+
rgceh+

t e a p o t 
r e l i c s 
n i t r i c 
_ _ _ _ _ _ 
_ _ _ _ _ _ _ _ 
_ _ _ _ 

5
Before
++++++
++o+++
++r+++
++md++
++iie+
rgcer+

t e a p o t 
r e l i c s 
n i t r i c 
s h o u l d 
_ _ _ _ _ _ _ _ 
_ _ _ _ 

After
++++++
++o+++
++r+++
++md++
++iie+
rgcer+

t e a p o t 
r e l i c s 
n i t r i c 
s h o u l d 
_ _ _ _ _ _ _ _ 
_ _ _ _ 

0
Before
++++++
++o+++
++r+++
++md++
++iie+
rgcer+

t e a p o t 
r e l i c s 
n i t r i c 
s h o u l d 
_ _ _ _ _ _ _ _ 
_ _ _ _ 

After
++++++
++o+++
++r+++
++md++
++iie+
rgcer+

t e a p o t 
r e l i c s 
n i t r i c 
s h o u l d 
_ _ _ _ _ _ _ _ 
_ _ _ _ 

0
Before
++++++
++++++
++o+++
++rdu+
++ios+
rgceh+

t e a p o t 
r e l i c s 
n i t r i c 
m i l d e r 
_ _ _ _ _ _ _ _ 
_ _ _ _ 

After
++++++
++++++
++o+++
++rdu+
++ios+
rgceh+

t e a p o t 
r e l i c s 
n i t r i c 
m i l d e r 
_ _ _ _ _ _ _ _ 
_ _ _ _ 

0
Before
++++++
++++++
++r+e+
++m+r+
++idl+
rgceh+

t e a p o t 
r e l i c s 
n i t r i c 
o d i o u s 
_ _ _ _ _ _ _ _ 
_ _ _ _ 

After
++++++
++++++
++r+e+
++m+r+
++idl+
rgceh+

t e a p o t 
r e l i c s 
n i t r i c 
o d i o u s 
_ _ _ _ _ _ _ _ 
_ _ _ _ 

0
Before
++++++
++++++
++r+e+
++m+r+
++iol+
rgceu+

t e a p o t 
r e l i c s 
n i t r i c 
o d d i s h 
_ _ _ _ _ _ _ _ 
_ _ _ _ 

After
++++++
++++++
++r+e+
++m+r+
++iol+
rgceu+

t e a p o t 
r e l i c s 
n i t r i c 
o d d i s h 
_ _ _ _ _ _ _ _ 
_ _ _ _ 

0
Before
++++e+
++odr+
++rdl+
++iiu+
++mos+
rgceh+

t e a p o t 
r e l i c s 
n i t r i c 
_ _ _ _ _ _ 
_ _ _ _ _ _ _ _ 
_ _ _ _ 

After
++++e+
++odr+
++rdl+
++iiu+
++mos+
rgceh+

t e a p o t 
r e l i c s 
n i t r i c 
_ _ _ _ _ _ 
_ _ _ _ _ _ _ _ 
_ _ _ _ 

6
Before
++++++
++o+++
++r+++
++id++
++mie+
rgcer+

t e a p o t 
r e l i c s 
n i t r i c 
s h o u l d 
_ _ _ _ _ _ _ _ 
_ _ _ _ 

After
++++++
++o+++
++r+++
++id++
++mie+
rgcer+

t e a p o t 
r e l i c s 
n i t r i c 
s h o u l d 
_ _ _ _ _ _ _ _ 
_ _ _ _ 

0
Before
++++++
++o+++
++r+++
++id++
++mie+
rgcer+

t e a p o t 
r e l i c s 
n i t r i c 
s h o u l d 
_ _ _ _ _ _ _ _ 
_ _ _ _ 

After
++++++
++o+++
++r+++
++id++
++mie+
rgcer+

t e a p o t 
r e l i c s 
n i t r i c 
s h o u l d 
_ _ _ _ _ _ _ _ 
_ _ _ _ 

0
Before
++++++
++++++
++o+++
++rdu+
++ios+
rgceh+

t e a p o t 
r e l i c s 
n i t r i c 
m i l d e r 
_ _ _ _ _ _ _ _ 
_ _ _ _ 

After
++++++
++++++
++o+++
++rdu+
++ios+
rgceh+

t e a p o t 
r e l i c s 
n i t r i c 
m i l d e r 
_ _ _ _ _ _ _ _ 
_ _ _ _ 

0
Before
++++++
++++++
++++e+
++rdr+
++mil+
rgceh+

t e a p o t 
r e l i c s 
n i t r i c 
o d i o u s 
_ _ _ _ _ _ _ _ 
_ _ _ _ 

After
++++++
++++++
++++e+
++rdr+
++mil+
rgceh+

t e a p o t 
r e l i c s 
n i t r i c 
o d i o u s 
_ _ _ _ _ _ _ _ 
_ _ _ _ 

0
Before
++++++
++++++
++r+e+
++i+r+
++mdl+
rgceh+

t e a p o t 
r e l i c s 
n i t r i c 
o d i o u s 
_ _ _ _ _ _ _ _ 
_ _ _ _ 

After
++++++
++++++
++r+e+
++i+r+
++mdl+
rgceh+

t e a p o t 
r e l i c s 
n i t r i c 
o d i o u s 
_ _ _ _ _ _ _ _ 
_ _ _ _ 

0
Before
++++++
++++++
++r+e+
++i+r+
++mol+
rgceu+

t e a p o t 
r e l i c s 
n i t r i c 
o d d i s h 
_ _ _ _ _ _ _ _ 
_ _ _ _ 

After
++++++
++++++
++r+e+
++i+r+
++mol+
rgceu+

t e a p o t 
r e l i c s 
n i t r i c 
o d d i s h 
_ _ _ _ _ _ _ _ 
_ _ _ _ 

0
Before
+++de+
+++dr+
++oil+
++rcu+
++ios+
rgmeh+

t e a p o t 
r e l i c s 
n i t r i c 
_ _ _ _ _ _ 
_ _ _ _ _ _ _ _ 
_ _ _ _ 

After
+++de+
+++dr+
++oil+
++rcu+
++ios+
rgmeh+

t e a p o t 
r e l i c s 
n i t r i c 
_ _ _ _ _ _ 
_ _ _ _ _ _ _ _ 
_ _ _ _ 

4
Before
++++++
++++e+
+++dr+
+++dl+
+++iu+
rgoeh+

t e a p o t 
r e l i c s 
n i t r i c 
m i c r o s 
_ _ _ _ _ _ _ _ 
_ _ _ _ 

After
++++++
++++e+
+++dr+
+++dl+
+++iu+
rgoeh+

t e a p o t 
r e l i c s 
n i t r i c 
m i c r o s 
_ _ _ _ _ _ _ _ 
_ _ _ _ 

0
Before
++++++
++++++
++od++
++ri++
++ice+
rgmer+

t e a p o t 
r e l i c s 
n i t r i c 
s h o u l d 
_ _ _ _ _ _ _ _ 
_ _ _ _ 

After
++++++
++++++
++od++
++ri++
++ice+
rgmer+

t e a p o t 
r e l i c s 
n i t r i c 
s h o u l d 
_ _ _ _ _ _ _ _ 
_ _ _ _ 

0
Before
++++++
++++e+
+++dr+
+++dl+
+++iu+
rgooh+

t e a p o t 
r e l i c s 
n i t r i c 
c r i m e s 
_ _ _ _ _ _ _ _ 
_ _ _ _ 

After
++++++
++++e+
+++dr+
+++dl+
+++iu+
rgooh+

t e a p o t 
r e l i c s 
n i t r i c 
c r i m e s 
_ _ _ _ _ _ _ _ 
_ _ _ _ 

0
Before
++++++
++++e+
++++r+
+++dl+
++odu+
rgmis+

t e a p o t 
r e l i c s 
n i t r i c 
c o h e i r 
_ _ _ _ _ _ _ _ 
_ _ _ _ 

After
++++++
++++e+
++++r+
+++dl+
++odu+
rgmis+

t e a p o t 
r e l i c s 
n i t r i c 
c o h e i r 
_ _ _ _ _ _ _ _ 
_ _ _ _ 

0
Before
++++e+
+++dr+
++odl+
++riu+
+gios+
nrmeh+

t e a p o t 
r e l i c s 
c i t r i c 
_ _ _ _ _ _ 
_ _ _ _ _ _ _ _ 
_ _ _ _ 

After
++++e+
+++dr+
++odl+
++riu+
+gios+
nrmeh+

t e a p o t 
r e l i c s 
c i t r i c 
_ _ _ _ _ _ 
_ _ _ _ _ _ _ _ 
_ _ _ _ 

9
Before
++++++
++++++
++o+++
++rd++
+giie+
nrmer+

t e a p o t 
r e l i c s 
c i t r i c 
s h o u l d 
_ _ _ _ _ _ _ _ 
_ _ _ _ 

After
++++++
++++++
++o+++
++rd++
+giie+
nrmer+

t e a p o t 
r e l i c s 
c i t r i c 
s h o u l d 
_ _ _ _ _ _ _ _ 
_ _ _ _ 

0
Before
++++++
++++++
++o+++
++rd++
+giie+
nrmer+

t e a p o t 
r e l i c s 
c i t r i c 
s h o u l d 
_ _ _ _ _ _ _ _ 
_ _ _ _ 

After
++++++
++++++
++o+++
++rd++
+giie+
nrmer+

t e a p o t 
r e l i c s 
c i t r i c 
s h o u l d 
_ _ _ _ _ _ _ _ 
_ _ _ _ 

0
Before
++++++
++++e+
++++r+
+++dl+
++odu+
nrmih+

t e a p o t 
r e l i c s 
c i t r i c 
o r g i e s 
_ _ _ _ _ _ _ _ 
_ _ _ _ 

After
++++++
++++e+
++++r+
+++dl+
++odu+
nrmih+

t e a p o t 
r e l i c s 
c i t r i c 
o r g i e s 
_ _ _ _ _ _ _ _ 
_ _ _ _ 

0
Before
++++++
++++++
++++e+
++odr+
++idl+
nrmih+

t e a p o t 
r e l i c s 
c i t r i c 
g r o u s e 
_ _ _ _ _ _ _ _ 
_ _ _ _ 

After
++++++
++++++
++++e+
++odr+
++idl+
nrmih+

t e a p o t 
r e l i c s 
c i t r i c 
g r o u s e 
_ _ _ _ _ _ _ _ 
_ _ _ _ 

0
Before
++++++
++++e+
+++dr+
+++dl+
+++iu+
nrooh+

t e a p o t 
r e l i c s 
c i t r i c 
g r i m e s 
_ _ _ _ _ _ _ _ 
_ _ _ _ 

After
++++++
++++e+
+++dr+
+++dl+
+++iu+
nrooh+

t e a p o t 
r e l i c s 
c i t r i c 
g r i m e s 
_ _ _ _ _ _ _ _ 
_ _ _ _ 

0
Before
++++++
++++e+
+++dr+
+++dl+
++oiu+
n+roh+

t e a p o t 
r e l i c s 
c i t r i c 
g r i m e s 
_ _ _ _ _ _ _ _ 
_ _ _ _ 

After
++++++
++++e+
+++dr+
+++dl+
++oiu+
n+roh+

t e a p o t 
r e l i c s 
c i t r i c 
g r i m e s 
_ _ _ _ _ _ _ _ 
_ _ _ _ 

0
Before
++++++
++++++
++++e+
++r+r+
+giol+
nrmeu+

t e a p o t 
r e l i c s 
c i t r i c 
o d d i s h 
_ _ _ _ _ _ _ _ 
_ _ _ _ 

After
++++++
++++++
++++e+
++r+r+
+giol+
nrmeu+

t e a p o t 
r e l i c s 
c i t r i c 
o d d i s h 
_ _ _ _ _ _ _ _ 
_ _ _ _ 

0
Before
++++++
++++++
++++e+
++r+r+
+gidl+
nrmeh+

t e a p o t 
r e l i c s 
c i t r i c 
o d i o u s 
_ _ _ _ _ _ _ _ 
_ _ _ _ 

After
++++++
++++++
++++e+
++r+r+
+gidl+
nrmeh+

t e a p o t 
r e l i c s 
c i t r i c 
o d i o u s 
_ _ _ _ _ _ _ _ 
_ _ _ _ 

0
Before
++++++
++++e+
+++dr+
+++dl+
+++iu+
nrmoh+

t e a p o t 
r e l i c s 
c i t r i c 
o r g i e s 
_ _ _ _ _ _ _ _ 
_ _ _ _ 

After
++++++
++++e+
+++dr+
+++dl+
+++iu+
nrmoh+

t e a p o t 
r e l i c s 
c i t r i c 
o r g i e s 
_ _ _ _ _ _ _ _ 
_ _ _ _ 

0
Before
++++++
++o+e+
++r+r+
+gidl+
ntmdu+
ricis+

t e a p o t 
r e l i c s 
c o h e i r 
_ _ _ _ _ _ 
_ _ _ _ _ _ _ _ 
_ _ _ _ 

After
++++++
++o+e+
++r+r+
+gidl+
ntmdu+
ricis+

t e a p o t 
r e l i c s 
c o h e i r 
_ _ _ _ _ _ 
_ _ _ _ _ _ _ _ 
_ _ _ _ 

4
Before
++++++
++++e+
++++r+
++o+l+
++mdu+
rtcis+

t e a p o t 
r e l i c s 
c o h e i r 
i n g r i d 
_ _ _ _ _ _ _ _ 
_ _ _ _ 

After
++++++
++++e+
++++r+
++o+l+
++mdu+
rtcis+

t e a p o t 
r e l i c s 
c o h e i r 
i n g r i d 
_ _ _ _ _ _ _ _ 
_ _ _ _ 

0
Before
++++++
++++e+
++++r+
++o+l+
++mdu+
rtcis+

t e a p o t 
r e l i c s 
c o h e i r 
i n g r i d 
_ _ _ _ _ _ _ _ 
_ _ _ _ 

After
++++++
++++e+
++++r+
++o+l+
++mdu+
rtcis+

t e a p o t 
r e l i c s 
c o h e i r 
i n g r i d 
_ _ _ _ _ _ _ _ 
_ _ _ _ 

0
Before
++++++
++++e+
++o+r+
++r+l+
++i+u+
rtmds+

t e a p o t 
r e l i c s 
c o h e i r 
d i c i n g 
_ _ _ _ _ _ _ _ 
_ _ _ _ 

After
++++++
++++e+
++o+r+
++r+l+
++i+u+
rtmds+

t e a p o t 
r e l i c s 
c o h e i r 
d i c i n g 
_ _ _ _ _ _ _ _ 
_ _ _ _ 

0
Before
++++++
++++e+
++++r+
++odl+
++rdu+
r+cis+

t e a p o t 
r e l i c s 
c o h e i r 
t i m i n g 
_ _ _ _ _ _ _ _ 
_ _ _ _ 

After
++++++
++++e+
++++r+
++odl+
++rdu+
r+cis+

t e a p o t 
r e l i c s 
c o h e i r 
t i m i n g 
_ _ _ _ _ _ _ _ 
_ _ _ _ 

0
Before
++++++
++o+++
+grd++
+ricu+
ntios+
riceh+

t e a p o t 
r e l i c s 
m i l d e r 
_ _ _ _ _ _ 
_ _ _ _ _ _ _ _ 
_ _ _ _ 

After
++++++
++o+++
+grd++
+ricu+
ntios+
riceh+

t e a p o t 
r e l i c s 
m i l d e r 
_ _ _ _ _ _ 
_ _ _ _ _ _ _ _ 
_ _ _ _ 

19
Before
++++++
++++++
++++++
+go+++
nrrdu+
riios+

t e a p o t 
r e l i c s 
m i l d e r 
h e c t i c 
_ _ _ _ _ _ _ _ 
_ _ _ _ 

After
++++++
++++++
++++++
+go+++
nrrdu+
riios+

t e a p o t 
r e l i c s 
m i l d e r 
h e c t i c 
_ _ _ _ _ _ _ _ 
_ _ _ _ 

0
Before
++++++
++++++
++++++
+go+++
nrrdu+
riios+

t e a p o t 
r e l i c s 
m i l d e r 
h e c t i c 
_ _ _ _ _ _ _ _ 
_ _ _ _ 

After
++++++
++++++
++++++
+go+++
nrrdu+
riios+

t e a p o t 
r e l i c s 
m i l d e r 
h e c t i c 
_ _ _ _ _ _ _ _ 
_ _ _ _ 

0
Before
++++++
++++++
+gr+++
+ri+++
nti+++
ricoh+

t e a p o t 
r e l i c s 
m i l d e r 
e s c u d o 
_ _ _ _ _ _ _ _ 
_ _ _ _ 

After
++++++
++++++
+gr+++
+ri+++
nti+++
ricoh+

t e a p o t 
r e l i c s 
m i l d e r 
e s c u d o 
_ _ _ _ _ _ _ _ 
_ _ _ _ 

0
Before
++++++
++++++
++++++
+go+++
ntrdu+
riics+

t e a p o t 
r e l i c s 
m i l d e r 
c o h e i r 
_ _ _ _ _ _ _ _ 
_ _ _ _ 

After
++++++
++++++
++++++
+go+++
ntrdu+
riics+

t e a p o t 
r e l i c s 
m i l d e r 
c o h e i r 
_ _ _ _ _ _ _ _ 
_ _ _ _ 

0
Before
++++++
++++++
++++++
++odu+
n+ros+
rgieh+

t e a p o t 
r e l i c s 
m i l d e r 
c i t r i c 
_ _ _ _ _ _ _ _ 
_ _ _ _ 

After
++++++
++++++
++++++
++odu+
n+ros+
rgieh+

t e a p o t 
r e l i c s 
m i l d e r 
c i t r i c 
_ _ _ _ _ _ _ _ 
_ _ _ _ 

0
Before
++++++
++++++
++++++
++odu+
n+ros+
rgieh+

t e a p o t 
r e l i c s 
m i l d e r 
c i t r i c 
_ _ _ _ _ _ _ _ 
_ _ _ _ 

After
++++++
++++++
++++++
++odu+
n+ros+
rgieh+

t e a p o t 
r e l i c s 
m i l d e r 
c i t r i c 
_ _ _ _ _ _ _ _ 
_ _ _ _ 

0
Before
++++++
++++++
++++++
++od++
ngrcu+
rrioh+

t e a p o t 
r e l i c s 
m i l d e r 
c i t i e s 
_ _ _ _ _ _ _ _ 
_ _ _ _ 

After
++++++
++++++
++++++
++od++
ngrcu+
rrioh+

t e a p o t 
r e l i c s 
m i l d e r 
c i t i e s 
_ _ _ _ _ _ _ _ 
_ _ _ _ 

0
Before
++++++
++++++
++++++
+++du+
ngoos+
rireh+

t e a p o t 
r e l i c s 
m i l d e r 
c i t r i c 
_ _ _ _ _ _ _ _ 
_ _ _ _ 

After
++++++
++++++
++++++
+++du+
ngoos+
rireh+

t e a p o t 
r e l i c s 
m i l d e r 
c i t r i c 
_ _ _ _ _ _ _ _ 
_ _ _ _ 

2
Before
++++++
++++++
++++++
++++++
+++d++
n++eh+

t e a p o t 
r e l i c s 
m i l d e r 
c i t r i c 
r i g o r o u s 
_ _ _ _ 

After
++++++
++++++
++++++
++++++
+++d++
n++eh+

t e a p o t 
r e l i c s 
m i l d e r 
c i t r i c 
r i g o r o u s 
_ _ _ _ 

0
Before
++++++
++++++
++++++
++++++
+++d++
r+oo++

t e a p o t 
r e l i c s 
m i l d e r 
c i t r i c 
u s h e r i n g 
_ _ _ _ 

After
++++++
++++++
++++++
++++++
+++d++
r+oo++

t e a p o t 
r e l i c s 
m i l d e r 
c i t r i c 
u s h e r i n g 
_ _ _ _ 

0
Before
++++++
++++++
++o+++
++rdu+
++ios+
rgceh+

t e a p o t 
r e l i c s 
m i l d e r 
n i t r i c 
_ _ _ _ _ _ _ _ 
_ _ _ _ 

After
++++++
++++++
++o+++
++rdu+
++ios+
rgceh+

t e a p o t 
r e l i c s 
m i l d e r 
n i t r i c 
_ _ _ _ _ _ _ _ 
_ _ _ _ 

0
Before
++++++
++++++
+++d++
++ocu+
++ros+
rgieh+

t e a p o t 
r e l i c s 
m i l d e r 
n i t r i c 
_ _ _ _ _ _ _ _ 
_ _ _ _ 

After
++++++
++++++
+++d++
++ocu+
++ros+
rgieh+

t e a p o t 
r e l i c s 
m i l d e r 
n i t r i c 
_ _ _ _ _ _ _ _ 
_ _ _ _ 

0
Before
++++++
++++++
++o+++
++rdu+
++ios+
rgceh+

t e a p o t 
r e l i c s 
m i l d e r 
n i t r i c 
_ _ _ _ _ _ _ _ 
_ _ _ _ 

After
++++++
++++++
++o+++
++rdu+
++ios+
rgceh+

t e a p o t 
r e l i c s 
m i l d e r 
n i t r i c 
_ _ _ _ _ _ _ _ 
_ _ _ _ 

0
Before
++++++
++++++
++++++
++odu+
+gros+
nrieh+

t e a p o t 
r e l i c s 
m i l d e r 
c i t r i c 
_ _ _ _ _ _ _ _ 
_ _ _ _ 

After
++++++
++++++
++++++
++odu+
+gros+
nrieh+

t e a p o t 
r e l i c s 
m i l d e r 
c i t r i c 
_ _ _ _ _ _ _ _ 
_ _ _ _ 

1
Before
++++++
++++++
++++++
++++++
+++d++
n++eh+

t e a p o t 
r e l i c s 
m i l d e r 
c i t r i c 
r i g o r o u s 
_ _ _ _ 

After
++++++
++++++
++++++
++++++
+++d++
n++eh+

t e a p o t 
r e l i c s 
m i l d e r 
c i t r i c 
r i g o r o u s 
_ _ _ _ 

0
Before
++++++
++++++
++++++
+g+du+
nr+os+
rioeh+

t e a p o t 
r e l i c s 
m i l d e r 
c r i t i c 
_ _ _ _ _ _ _ _ 
_ _ _ _ 

After
++++++
++++++
++++++
+g+du+
nr+os+
rioeh+

t e a p o t 
r e l i c s 
m i l d e r 
c r i t i c 
_ _ _ _ _ _ _ _ 
_ _ _ _ 

0
Before
++++++
++++++
++++++
+++du+
ngoos+
rrieh+

t e a p o t 
r e l i c s 
m i l d e r 
c r i t i c 
_ _ _ _ _ _ _ _ 
_ _ _ _ 

After
++++++
++++++
++++++
+++du+
ngoos+
rrieh+

t e a p o t 
r e l i c s 
m i l d e r 
c r i t i c 
_ _ _ _ _ _ _ _ 
_ _ _ _ 

0
Before
++++++
++++++
++++++
++odu+
+gros+
nrieh+

t e a p o t 
r e l i c s 
m i l d e r 
c i t r i c 
_ _ _ _ _ _ _ _ 
_ _ _ _ 

After
++++++
++++++
++++++
++odu+
+gros+
nrieh+

t e a p o t 
r e l i c s 
m i l d e r 
c i t r i c 
_ _ _ _ _ _ _ _ 
_ _ _ _ 

1
Before
++++++
++++++
++++++
++++++
+++d++
n++eh+

t e a p o t 
r e l i c s 
m i l d e r 
c i t r i c 
r i g o r o u s 
_ _ _ _ 

After
++++++
++++++
++++++
++++++
+++d++
n++eh+

t e a p o t 
r e l i c s 
m i l d e r 
c i t r i c 
r i g o r o u s 
_ _ _ _ 

0
Before
++++++
++++++
++++++
+++du+
ngoos+
rireh+

t e a p o t 
r e l i c s 
m i l d e r 
c i t r i c 
_ _ _ _ _ _ _ _ 
_ _ _ _ 

After
++++++
++++++
++++++
+++du+
ngoos+
rireh+

t e a p o t 
r e l i c s 
m i l d e r 
c i t r i c 
_ _ _ _ _ _ _ _ 
_ _ _ _ 

2
Before
++++++
++++++
++++++
++++++
+++d++
n++eh+

t e a p o t 
r e l i c s 
m i l d e r 
c i t r i c 
r i g o r o u s 
_ _ _ _ 

After
++++++
++++++
++++++
++++++
+++d++
n++eh+

t e a p o t 
r e l i c s 
m i l d e r 
c i t r i c 
r i g o r o u s 
_ _ _ _ 

0
Before
++++++
++++++
++++++
++++++
+++d++
r+oo++

t e a p o t 
r e l i c s 
m i l d e r 
c i t r i c 
u s h e r i n g 
_ _ _ _ 

After
++++++
++++++
++++++
++++++
+++d++
r+oo++

t e a p o t 
r e l i c s 
m i l d e r 
c i t r i c 
u s h e r i n g 
_ _ _ _ 

0
Before
++++++
++++++
++++++
+go+++
nrrdu+
ricoh+

t e a p o t 
r e l i c s 
m i l d e r 
c i t i e s 
_ _ _ _ _ _ _ _ 
_ _ _ _ 

After
++++++
++++++
++++++
+go+++
nrrdu+
ricoh+

t e a p o t 
r e l i c s 
m i l d e r 
c i t i e s 
_ _ _ _ _ _ _ _ 
_ _ _ _ 

0
Before
++++++
++++++
++o+++
+gr+++
nti+u+
ricds+

t e a p o t 
r e l i c s 
m i l d e r 
c o h e i r 
_ _ _ _ _ _ _ _ 
_ _ _ _ 

After
++++++
++++++
++o+++
+gr+++
nti+u+
ricds+

t e a p o t 
r e l i c s 
m i l d e r 
c o h e i r 
_ _ _ _ _ _ _ _ 
_ _ _ _ 

0
Before
++++++
++++++
+g++++
+rr+++
ntic++
riceh+

t e a p o t 
r e l i c s 
m i l d e r 
o d i o u s 
_ _ _ _ _ _ _ _ 
_ _ _ _ 

After
++++++
++++++
+g++++
+rr+++
ntic++
riceh+

t e a p o t 
r e l i c s 
m i l d e r 
o d i o u s 
_ _ _ _ _ _ _ _ 
_ _ _ _ 

0
Before
++++++
++++r+
++oil+
+rmcu+
ntios+
riceh+

t e a p o t 
r e l i c s 
g i r d e d 
_ _ _ _ _ _ 
_ _ _ _ _ _ _ _ 
_ _ _ _ 

After
++++++
++++r+
++oil+
+rmcu+
ntios+
riceh+

t e a p o t 
r e l i c s 
g i r d e d 
_ _ _ _ _ _ 
_ _ _ _ _ _ _ _ 
_ _ _ _ 

11
Before
++++++
++++++
++++r+
++++l+
nroiu+
rimos+

t e a p o t 
r e l i c s 
g i r d e d 
h e c t i c 
_ _ _ _ _ _ _ _ 
_ _ _ _ 

After
++++++
++++++
++++r+
++++l+
nroiu+
rimos+

t e a p o t 
r e l i c s 
g i r d e d 
h e c t i c 
_ _ _ _ _ _ _ _ 
_ _ _ _ 

0
Before
++++++
++++++
++++r+
++m+l+
n+iiu+
ricoh+

t e a p o t 
r e l i c s 
g i r d e d 
e s c o r t 
_ _ _ _ _ _ _ _ 
_ _ _ _ 

After
++++++
++++++
++++r+
++m+l+
n+iiu+
ricoh+

t e a p o t 
r e l i c s 
g i r d e d 
e s c o r t 
_ _ _ _ _ _ _ _ 
_ _ _ _ 

0
Before
++++++
++++++
++++r+
+r++l+
nto+u+
riieh+

t e a p o t 
r e l i c s 
g i r d e d 
c o m i c s 
_ _ _ _ _ _ _ _ 
_ _ _ _ 

After
++++++
++++++
++++r+
+r++l+
nto+u+
riieh+

t e a p o t 
r e l i c s 
g i r d e d 
c o m i c s 
_ _ _ _ _ _ _ _ 
_ _ _ _ 

0
Before
++++++
++++++
++++r+
+r++l+
nt+iu+
rioeh+

t e a p o t 
r e l i c s 
g i r d e d 
c o m i c s 
_ _ _ _ _ _ _ _ 
_ _ _ _ 

After
++++++
++++++
++++r+
+r++l+
nt+iu+
rioeh+

t e a p o t 
r e l i c s 
g i r d e d 
c o m i c s 
_ _ _ _ _ _ _ _ 
_ _ _ _ 

0
Before
++++++
++++++
++++r+
++++l+
ntoiu+
rimcs+

t e a p o t 
r e l i c s 
g i r d e d 
c o h e i r 
_ _ _ _ _ _ _ _ 
_ _ _ _ 

After
++++++
++++++
++++r+
++++l+
ntoiu+
rimcs+

t e a p o t 
r e l i c s 
g i r d e d 
c o h e i r 
_ _ _ _ _ _ _ _ 
_ _ _ _ 

0
Before
++++++
++++r+
++++l+
+++iu+
n+oos+
r+meh+

t e a p o t 
r e l i c s 
g i r d e d 
c i t r i c 
_ _ _ _ _ _ _ _ 
_ _ _ _ 

After
++++++
++++r+
++++l+
+++iu+
n+oos+
r+meh+

t e a p o t 
r e l i c s 
g i r d e d 
c i t r i c 
_ _ _ _ _ _ _ _ 
_ _ _ _ 

0
Before
++++++
++++++
++++r+
+++il+
n+ocu+
rrmoh+

t e a p o t 
r e l i c s 
g i r d e d 
c i t i e s 
_ _ _ _ _ _ _ _ 
_ _ _ _ 

After
++++++
++++++
++++r+
+++il+
n+ocu+
rrmoh+

t e a p o t 
r e l i c s 
g i r d e d 
c i t i e s 
_ _ _ _ _ _ _ _ 
_ _ _ _ 

0
Before
++++++
++++r+
++++l+
++oiu+
++mos+
r+ceh+

t e a p o t 
r e l i c s 
g i r d e d 
n i t r i c 
_ _ _ _ _ _ _ _ 
_ _ _ _ 

After
++++++
++++r+
++++l+
++oiu+
++mos+
r+ceh+

t e a p o t 
r e l i c s 
g i r d e d 
n i t r i c 
_ _ _ _ _ _ _ _ 
_ _ _ _ 

0
Before
++++++
++++r+
+++il+
+++cu+
++oos+
r+meh+

t e a p o t 
r e l i c s 
g i r d e d 
n i t r i c 
_ _ _ _ _ _ _ _ 
_ _ _ _ 

After
++++++
++++r+
+++il+
+++cu+
++oos+
r+meh+

t e a p o t 
r e l i c s 
g i r d e d 
n i t r i c 
_ _ _ _ _ _ _ _ 
_ _ _ _ 

0
Before
++++++
++++r+
++++l+
+++iu+
++oos+
nrmeh+

t e a p o t 
r e l i c s 
g i r d e d 
c i t r i c 
_ _ _ _ _ _ _ _ 
_ _ _ _ 

After
++++++
++++r+
++++l+
+++iu+
++oos+
nrmeh+

t e a p o t 
r e l i c s 
g i r d e d 
c i t r i c 
_ _ _ _ _ _ _ _ 
_ _ _ _ 

0
Before
++++++
++++++
++++r+
++o+l+
ntm+u+
ricis+

t e a p o t 
r e l i c s 
g i r d e d 
c o h e i r 
_ _ _ _ _ _ _ _ 
_ _ _ _ 

After
++++++
++++++
++++r+
++o+l+
ntm+u+
ricis+

t e a p o t 
r e l i c s 
g i r d e d 
c o h e i r 
_ _ _ _ _ _ _ _ 
_ _ _ _ 

0
Before
++++++
+++d++
++oil+
+rmcu+
ntios+
riceh+

t e a p o t 
r e l i c s 
g i r d e r 
_ _ _ _ _ _ 
_ _ _ _ _ _ _ _ 
_ _ _ _ 

After
++++++
+++d++
++oil+
+rmcu+
ntios+
riceh+

t e a p o t 
r e l i c s 
g i r d e r 
_ _ _ _ _ _ 
_ _ _ _ _ _ _ _ 
_ _ _ _ 

12
Before
++++++
++++++
++++++
+++dl+
nroiu+
rimos+

t e a p o t 
r e l i c s 
g i r d e r 
h e c t i c 
_ _ _ _ _ _ _ _ 
_ _ _ _ 

After
++++++
++++++
++++++
+++dl+
nroiu+
rimos+

t e a p o t 
r e l i c s 
g i r d e r 
h e c t i c 
_ _ _ _ _ _ _ _ 
_ _ _ _ 

0
Before
++++++
++++++
++++++
++mdl+
n+iiu+
ricoh+

t e a p o t 
r e l i c s 
g i r d e r 
e s c o r t 
_ _ _ _ _ _ _ _ 
_ _ _ _ 

After
++++++
++++++
++++++
++mdl+
n+iiu+
ricoh+

t e a p o t 
r e l i c s 
g i r d e r 
e s c o r t 
_ _ _ _ _ _ _ _ 
_ _ _ _ 

0
Before
++++++
++++++
++++++
+r++l+
ntodu+
riieh+

t e a p o t 
r e l i c s 
g i r d e r 
c o m i c s 
_ _ _ _ _ _ _ _ 
_ _ _ _ 

After
++++++
++++++
++++++
+r++l+
ntodu+
riieh+

t e a p o t 
r e l i c s 
g i r d e r 
c o m i c s 
_ _ _ _ _ _ _ _ 
_ _ _ _ 

0
Before
++++++
++++++
++++++
+r+dl+
nt+iu+
rioeh+

t e a p o t 
r e l i c s 
g i r d e r 
c o m i c s 
_ _ _ _ _ _ _ _ 
_ _ _ _ 

After
++++++
++++++
++++++
+r+dl+
nt+iu+
rioeh+

t e a p o t 
r e l i c s 
g i r d e r 
c o m i c s 
_ _ _ _ _ _ _ _ 
_ _ _ _ 

0
Before
++++++
++++++
++++++
+++dl+
ntoiu+
rimcs+

t e a p o t 
r e l i c s 
g i r d e r 
c o h e i r 
_ _ _ _ _ _ _ _ 
_ _ _ _ 

After
++++++
++++++
++++++
+++dl+
ntoiu+
rimcs+

t e a p o t 
r e l i c s 
g i r d e r 
c o h e i r 
_ _ _ _ _ _ _ _ 
_ _ _ _ 

0
Before
++++++
++++++
+++dl+
+++iu+
n+oos+
r+meh+

t e a p o t 
r e l i c s 
g i r d e r 
c i t r i c 
_ _ _ _ _ _ _ _ 
_ _ _ _ 

After
++++++
++++++
+++dl+
+++iu+
n+oos+
r+meh+

t e a p o t 
r e l i c s 
g i r d e r 
c i t r i c 
_ _ _ _ _ _ _ _ 
_ _ _ _ 

0
Before
++++++
++++++
+++d++
+++il+
n+ocu+
rrmoh+

t e a p o t 
r e l i c s 
g i r d e r 
c i t i e s 
_ _ _ _ _ _ _ _ 
_ _ _ _ 

After
++++++
++++++
+++d++
+++il+
n+ocu+
rrmoh+

t e a p o t 
r e l i c s 
g i r d e r 
c i t i e s 
_ _ _ _ _ _ _ _ 
_ _ _ _ 

0
Before
++++++
++++++
++o+++
+rmi++
ntic++
rice++

t e a p o t 
r e l i c s 
g i r d e r 
s h o u l d 
_ _ _ _ _ _ _ _ 
_ _ _ _ 

After
++++++
++++++
++o+++
+rmi++
ntic++
rice++

t e a p o t 
r e l i c s 
g i r d e r 
s h o u l d 
_ _ _ _ _ _ _ _ 
_ _ _ _ 

0
Before
++++++
++++++
+++dl+
++oiu+
++mos+
r+ceh+

t e a p o t 
r e l i c s 
g i r d e r 
n i t r i c 
_ _ _ _ _ _ _ _ 
_ _ _ _ 

After
++++++
++++++
+++dl+
++oiu+
++mos+
r+ceh+

t e a p o t 
r e l i c s 
g i r d e r 
n i t r i c 
_ _ _ _ _ _ _ _ 
_ _ _ _ 

0
Before
++++++
+++d++
+++il+
+++cu+
++oos+
r+meh+

t e a p o t 
r e l i c s 
g i r d e r 
n i t r i c 
_ _ _ _ _ _ _ _ 
_ _ _ _ 

After
++++++
+++d++
+++il+
+++cu+
++oos+
r+meh+

t e a p o t 
r e l i c s 
g i r d e r 
n i t r i c 
_ _ _ _ _ _ _ _ 
_ _ _ _ 

0
Before
++++++
++++++
+++dl+
+++iu+
++oos+
nrmeh+

t e a p o t 
r e l i c s 
g i r d e r 
c i t r i c 
_ _ _ _ _ _ _ _ 
_ _ _ _ 

After
++++++
++++++
+++dl+
+++iu+
++oos+
nrmeh+

t e a p o t 
r e l i c s 
g i r d e r 
c i t r i c 
_ _ _ _ _ _ _ _ 
_ _ _ _ 

0
Before
++++++
++++++
++++++
++o+l+
ntmdu+
ricis+

t e a p o t 
r e l i c s 
g i r d e r 
c o h e i r 
_ _ _ _ _ _ _ _ 
_ _ _ _ 

After
++++++
++++++
++++++
++o+l+
ntmdu+
ricis+

t e a p o t 
r e l i c s 
g i r d e r 
c o h e i r 
_ _ _ _ _ _ _ _ 
_ _ _ _ 

0
Before
++++++
++++r+
++oil+
+rmcu+
ntios+
riceh+

t e a p o t 
r e l i c s 
g i r d e d 
_ _ _ _ _ _ 
_ _ _ _ _ _ _ _ 
_ _ _ _ 

After
++++++
++++r+
++oil+
+rmcu+
ntios+
riceh+

t e a p o t 
r e l i c s 
g i r d e d 
_ _ _ _ _ _ 
_ _ _ _ _ _ _ _ 
_ _ _ _ 

11
Before
++++++
++++++
++++r+
++++l+
nroiu+
rimos+

t e a p o t 
r e l i c s 
g i r d e d 
h e c t i c 
_ _ _ _ _ _ _ _ 
_ _ _ _ 

After
++++++
++++++
++++r+
++++l+
nroiu+
rimos+

t e a p o t 
r e l i c s 
g i r d e d 
h e c t i c 
_ _ _ _ _ _ _ _ 
_ _ _ _ 

0
Before
++++++
++++++
++++r+
++m+l+
n+iiu+
ricoh+

t e a p o t 
r e l i c s 
g i r d e d 
e s c o r t 
_ _ _ _ _ _ _ _ 
_ _ _ _ 

After
++++++
++++++
++++r+
++m+l+
n+iiu+
ricoh+

t e a p o t 
r e l i c s 
g i r d e d 
e s c o r t 
_ _ _ _ _ _ _ _ 
_ _ _ _ 

0
Before
++++++
++++++
++++r+
+r++l+
nto+u+
riieh+

t e a p o t 
r e l i c s 
g i r d e d 
c o m i c s 
_ _ _ _ _ _ _ _ 
_ _ _ _ 

After
++++++
++++++
++++r+
+r++l+
nto+u+
riieh+

t e a p o t 
r e l i c s 
g i r d e d 
c o m i c s 
_ _ _ _ _ _ _ _ 
_ _ _ _ 

0
Before
++++++
++++++
++++r+
+r++l+
nt+iu+
rioeh+

t e a p o t 
r e l i c s 
g i r d e d 
c o m i c s 
_ _ _ _ _ _ _ _ 
_ _ _ _ 

After
++++++
++++++
++++r+
+r++l+
nt+iu+
rioeh+

t e a p o t 
r e l i c s 
g i r d e d 
c o m i c s 
_ _ _ _ _ _ _ _ 
_ _ _ _ 

0
Before
++++++
++++++
++++r+
++++l+
ntoiu+
rimcs+

t e a p o t 
r e l i c s 
g i r d e d 
c o h e i r 
_ _ _ _ _ _ _ _ 
_ _ _ _ 

After
++++++
++++++
++++r+
++++l+
ntoiu+
rimcs+

t e a p o t 
r e l i c s 
g i r d e d 
c o h e i r 
_ _ _ _ _ _ _ _ 
_ _ _ _ 

0
Before
++++++
++++r+
++++l+
+++iu+
n+oos+
r+meh+

t e a p o t 
r e l i c s 
g i r d e d 
c i t r i c 
_ _ _ _ _ _ _ _ 
_ _ _ _ 

After
++++++
++++r+
++++l+
+++iu+
n+oos+
r+meh+

t e a p o t 
r e l i c s 
g i r d e d 
c i t r i c 
_ _ _ _ _ _ _ _ 
_ _ _ _ 

0
Before
++++++
++++++
++++r+
+++il+
n+ocu+
rrmoh+

t e a p o t 
r e l i c s 
g i r d e d 
c i t i e s 
_ _ _ _ _ _ _ _ 
_ _ _ _ 

After
++++++
++++++
++++r+
+++il+
n+ocu+
rrmoh+

t e a p o t 
r e l i c s 
g i r d e d 
c i t i e s 
_ _ _ _ _ _ _ _ 
_ _ _ _ 

0
Before
++++++
++++r+
++++l+
++oiu+
++mos+
r+ceh+

t e a p o t 
r e l i c s 
g i r d e d 
n i t r i c 
_ _ _ _ _ _ _ _ 
_ _ _ _ 

After
++++++
++++r+
++++l+
++oiu+
++mos+
r+ceh+

t e a p o t 
r e l i c s 
g i r d e d 
n i t r i c 
_ _ _ _ _ _ _ _ 
_ _ _ _ 

0
Before
++++++
++++r+
+++il+
+++cu+
++oos+
r+meh+

t e a p o t 
r e l i c s 
g i r d e d 
n i t r i c 
_ _ _ _ _ _ _ _ 
_ _ _ _ 

After
++++++
++++r+
+++il+
+++cu+
++oos+
r+meh+

t e a p o t 
r e l i c s 
g i r d e d 
n i t r i c 
_ _ _ _ _ _ _ _ 
_ _ _ _ 

0
Before
++++++
++++r+
++++l+
+++iu+
++oos+
nrmeh+

t e a p o t 
r e l i c s 
g i r d e d 
c i t r i c 
_ _ _ _ _ _ _ _ 
_ _ _ _ 

After
++++++
++++r+
++++l+
+++iu+
++oos+
nrmeh+

t e a p o t 
r e l i c s 
g i r d e d 
c i t r i c 
_ _ _ _ _ _ _ _ 
_ _ _ _ 

0
Before
++++++
++++++
++++r+
++o+l+
ntm+u+
ricis+

t e a p o t 
r e l i c s 
g i r d e d 
c o h e i r 
_ _ _ _ _ _ _ _ 
_ _ _ _ 

After
++++++
++++++
++++r+
++o+l+
ntm+u+
ricis+

t e a p o t 
r e l i c s 
g i r d e d 
c o h e i r 
_ _ _ _ _ _ _ _ 
_ _ _ _ 

0
Before
++++++
+++d++
++oil+
+rmcu+
ntios+
riceh+

t e a p o t 
r e l i c s 
g i r d e r 
_ _ _ _ _ _ 
_ _ _ _ _ _ _ _ 
_ _ _ _ 

After
++++++
+++d++
++oil+
+rmcu+
ntios+
riceh+

t e a p o t 
r e l i c s 
g i r d e r 
_ _ _ _ _ _ 
_ _ _ _ _ _ _ _ 
_ _ _ _ 

12
Before
++++++
++++++
++++++
+++dl+
nroiu+
rimos+

t e a p o t 
r e l i c s 
g i r d e r 
h e c t i c 
_ _ _ _ _ _ _ _ 
_ _ _ _ 

After
++++++
++++++
++++++
+++dl+
nroiu+
rimos+

t e a p o t 
r e l i c s 
g i r d e r 
h e c t i c 
_ _ _ _ _ _ _ _ 
_ _ _ _ 

0
Before
++++++
++++++
++++++
++mdl+
n+iiu+
ricoh+

t e a p o t 
r e l i c s 
g i r d e r 
e s c o r t 
_ _ _ _ _ _ _ _ 
_ _ _ _ 

After
++++++
++++++
++++++
++mdl+
n+iiu+
ricoh+

t e a p o t 
r e l i c s 
g i r d e r 
e s c o r t 
_ _ _ _ _ _ _ _ 
_ _ _ _ 

0
Before
++++++
++++++
++++++
+r++l+
ntodu+
riieh+

t e a p o t 
r e l i c s 
g i r d e r 
c o m i c s 
_ _ _ _ _ _ _ _ 
_ _ _ _ 

After
++++++
++++++
++++++
+r++l+
ntodu+
riieh+

t e a p o t 
r e l i c s 
g i r d e r 
c o m i c s 
_ _ _ _ _ _ _ _ 
_ _ _ _ 

0
Before
++++++
++++++
++++++
+r+dl+
nt+iu+
rioeh+

t e a p o t 
r e l i c s 
g i r d e r 
c o m i c s 
_ _ _ _ _ _ _ _ 
_ _ _ _ 

After
++++++
++++++
++++++
+r+dl+
nt+iu+
rioeh+

t e a p o t 
r e l i c s 
g i r d e r 
c o m i c s 
_ _ _ _ _ _ _ _ 
_ _ _ _ 

0
Before
++++++
++++++
++++++
+++dl+
ntoiu+
rimcs+

t e a p o t 
r e l i c s 
g i r d e r 
c o h e i r 
_ _ _ _ _ _ _ _ 
_ _ _ _ 

After
++++++
++++++
++++++
+++dl+
ntoiu+
rimcs+

t e a p o t 
r e l i c s 
g i r d e r 
c o h e i r 
_ _ _ _ _ _ _ _ 
_ _ _ _ 

0
Before
++++++
++++++
+++dl+
+++iu+
n+oos+
r+meh+

t e a p o t 
r e l i c s 
g i r d e r 
c i t r i c 
_ _ _ _ _ _ _ _ 
_ _ _ _ 

After
++++++
++++++
+++dl+
+++iu+
n+oos+
r+meh+

t e a p o t 
r e l i c s 
g i r d e r 
c i t r i c 
_ _ _ _ _ _ _ _ 
_ _ _ _ 

0
Before
++++++
++++++
+++d++
+++il+
n+ocu+
rrmoh+

t e a p o t 
r e l i c s 
g i r d e r 
c i t i e s 
_ _ _ _ _ _ _ _ 
_ _ _ _ 

After
++++++
++++++
+++d++
+++il+
n+ocu+
rrmoh+

t e a p o t 
r e l i c s 
g i r d e r 
c i t i e s 
_ _ _ _ _ _ _ _ 
_ _ _ _ 

0
Before
++++++
++++++
++o+++
+rmi++
ntic++
rice++

t e a p o t 
r e l i c s 
g i r d e r 
s h o u l d 
_ _ _ _ _ _ _ _ 
_ _ _ _ 

After
++++++
++++++
++o+++
+rmi++
ntic++
rice++

t e a p o t 
r e l i c s 
g i r d e r 
s h o u l d 
_ _ _ _ _ _ _ _ 
_ _ _ _ 

0
Before
++++++
++++++
+++dl+
++oiu+
++mos+
r+ceh+

t e a p o t 
r e l i c s 
g i r d e r 
n i t r i c 
_ _ _ _ _ _ _ _ 
_ _ _ _ 

After
++++++
++++++
+++dl+
++oiu+
++mos+
r+ceh+

t e a p o t 
r e l i c s 
g i r d e r 
n i t r i c 
_ _ _ _ _ _ _ _ 
_ _ _ _ 

0
Before
++++++
+++d++
+++il+
+++cu+
++oos+
r+meh+

t e a p o t 
r e l i c s 
g i r d e r 
n i t r i c 
_ _ _ _ _ _ _ _ 
_ _ _ _ 

After
++++++
+++d++
+++il+
+++cu+
++oos+
r+meh+

t e a p o t 
r e l i c s 
g i r d e r 
n i t r i c 
_ _ _ _ _ _ _ _ 
_ _ _ _ 

0
Before
++++++
++++++
+++dl+
+++iu+
++oos+
nrmeh+

t e a p o t 
r e l i c s 
g i r d e r 
c i t r i c 
_ _ _ _ _ _ _ _ 
_ _ _ _ 

After
++++++
++++++
+++dl+
+++iu+
++oos+
nrmeh+

t e a p o t 
r e l i c s 
g i r d e r 
c i t r i c 
_ _ _ _ _ _ _ _ 
_ _ _ _ 

0
Before
++++++
++++++
++++++
++o+l+
ntmdu+
ricis+

t e a p o t 
r e l i c s 
g i r d e r 
c o h e i r 
_ _ _ _ _ _ _ _ 
_ _ _ _ 

After
++++++
++++++
++++++
++o+l+
ntmdu+
ricis+

t e a p o t 
r e l i c s 
g i r d e r 
c o h e i r 
_ _ _ _ _ _ _ _ 
_ _ _ _ 

0
Before
++++++
ngr+r+
rriil+
limcu+
ctios+
siceh+

t e a p o t 
e r o d e d 
_ _ _ _ _ _ 
_ _ _ _ _ _ 
_ _ _ _ _ _ _ _ 
_ _ _ _ 

After
++++++
ngr+r+
rriil+
limcu+
ctios+
siceh+

t e a p o t 
e r o d e d 
_ _ _ _ _ _ 
_ _ _ _ _ _ 
_ _ _ _ _ _ _ _ 
_ _ _ _ 

14
Before
++++++
++++++
n+r+r+
rgiil+
lrmcu+
siios+

t e a p o t 
e r o d e d 
h e c t i c 
_ _ _ _ _ _ 
_ _ _ _ _ _ _ _ 
_ _ _ _ 

After
++++++
++++++
n+r+r+
rgiil+
lrmcu+
siios+

t e a p o t 
e r o d e d 
h e c t i c 
_ _ _ _ _ _ 
_ _ _ _ _ _ _ _ 
_ _ _ _ 

0
Before
++++++
n+++++
rg++r+
lrr+l+
ciiiu+
simos+

t e a p o t 
e r o d e d 
h e c t i c 
_ _ _ _ _ _ 
_ _ _ _ _ _ _ _ 
_ _ _ _ 

After
++++++
n+++++
rg++r+
lrr+l+
ciiiu+
simos+

t e a p o t 
e r o d e d 
h e c t i c 
_ _ _ _ _ _ 
_ _ _ _ _ _ _ _ 
_ _ _ _ 

1
Before
++++++
++++++
n+++++
rg++++
lri+r+
cimol+

t e a p o t 
e r o d e d 
h e c t i c 
s i r i u s 
_ _ _ _ _ _ _ _ 
_ _ _ _ 

After
++++++
++++++
n+++++
rg++++
lri+r+
cimol+

t e a p o t 
e r o d e d 
h e c t i c 
s i r i u s 
_ _ _ _ _ _ _ _ 
_ _ _ _ 

0
Before
++++++
++++++
n+r+r+
rgiil+
lrmcu+
siios+

t e a p o t 
e r o d e d 
h e c t i c 
_ _ _ _ _ _ 
_ _ _ _ _ _ _ _ 
_ _ _ _ 

After
++++++
++++++
n+r+r+
rgiil+
lrmcu+
siios+

t e a p o t 
e r o d e d 
h e c t i c 
_ _ _ _ _ _ 
_ _ _ _ _ _ _ _ 
_ _ _ _ 

0
Before
++++++
ng++++
rr++r+
lir+l+
cti+u+
siieh+

t e a p o t 
e r o d e d 
c o m i c s 
_ _ _ _ _ _ 
_ _ _ _ _ _ _ _ 
_ _ _ _ 

After
++++++
ng++++
rr++r+
lir+l+
cti+u+
siieh+

t e a p o t 
e r o d e d 
c o m i c s 
_ _ _ _ _ _ 
_ _ _ _ _ _ _ _ 
_ _ _ _ 

0
Before
++++++
++++r+
+g++l+
nrriu+
rtics+
liieh+

t e a p o t 
e r o d e d 
c o m i c s 
_ _ _ _ _ _ 
_ _ _ _ _ _ _ _ 
_ _ _ _ 

After
++++++
++++r+
+g++l+
nrriu+
rtics+
liieh+

t e a p o t 
e r o d e d 
c o m i c s 
_ _ _ _ _ _ 
_ _ _ _ _ _ _ _ 
_ _ _ _ 

5
Before
++++++
++++++
++++r+
ng++l+
rr++u+
lirih+

t e a p o t 
e r o d e d 
c o m i c s 
c i t i e s 
_ _ _ _ _ _ _ _ 
_ _ _ _ 

After
++++++
++++++
++++r+
ng++l+
rr++u+
lirih+

t e a p o t 
e r o d e d 
c o m i c s 
c i t i e s 
_ _ _ _ _ _ _ _ 
_ _ _ _ 

0
Before
++++++
++++++
++++r+
ng++l+
rr++u+
lirih+

t e a p o t 
e r o d e d 
c o m i c s 
c i t i e s 
_ _ _ _ _ _ _ _ 
_ _ _ _ 

After
++++++
++++++
++++r+
ng++l+
rr++u+
lirih+

t e a p o t 
e r o d e d 
c o m i c s 
c i t i e s 
_ _ _ _ _ _ _ _ 
_ _ _ _ 

0
Before
++++++
++++++
+g++++
nr++r+
rti+l+
lii+u+

t e a p o t 
e r o d e d 
c o m i c s 
r i c h e s 
_ _ _ _ _ _ _ _ 
_ _ _ _ 

After
++++++
++++++
+g++++
nr++r+
rti+l+
lii+u+

t e a p o t 
e r o d e d 
c o m i c s 
r i c h e s 
_ _ _ _ _ _ _ _ 
_ _ _ _ 

0
Before
++++++
++++++
+g++++
nr++r+
rt++l+
liiiu+

t e a p o t 
e r o d e d 
c o m i c s 
r i c h e s 
_ _ _ _ _ _ _ _ 
_ _ _ _ 

After
++++++
++++++
+g++++
nr++r+
rt++l+
liiiu+

t e a p o t 
e r o d e d 
c o m i c s 
r i c h e s 
_ _ _ _ _ _ _ _ 
_ _ _ _ 

0
Before
++++++
++++++
++++++
ng++r+
rtr+l+
liiiu+

t e a p o t 
e r o d e d 
c o m i c s 
r i c h e s 
_ _ _ _ _ _ _ _ 
_ _ _ _ 

After
++++++
++++++
++++++
ng++r+
rtr+l+
liiiu+

t e a p o t 
e r o d e d 
c o m i c s 
r i c h e s 
_ _ _ _ _ _ _ _ 
_ _ _ _ 

0
Before
++++++
ng++++
rr++r+
li++l+
ctriu+
siieh+

t e a p o t 
e r o d e d 
c o m i c s 
_ _ _ _ _ _ 
_ _ _ _ _ _ _ _ 
_ _ _ _ 

After
++++++
ng++++
rr++r+
li++l+
ctriu+
siieh+

t e a p o t 
e r o d e d 
c o m i c s 
_ _ _ _ _ _ 
_ _ _ _ _ _ _ _ 
_ _ _ _ 

0
Before
++++++
ng++++
rr++r+
li++l+
ctriu+
siieh+

t e a p o t 
e r o d e d 
c o m i c s 
_ _ _ _ _ _ 
_ _ _ _ _ _ _ _ 
_ _ _ _ 

After
++++++
ng++++
rr++r+
li++l+
ctriu+
siieh+

t e a p o t 
e r o d e d 
c o m i c s 
_ _ _ _ _ _ 
_ _ _ _ _ _ _ _ 
_ _ _ _ 

0
Before
++++++
n+++++
r+++r+
lgril+
cricu+
simoh+

t e a p o t 
e r o d e d 
c i t i e s 
_ _ _ _ _ _ 
_ _ _ _ _ _ _ _ 
_ _ _ _ 

After
++++++
n+++++
r+++r+
lgril+
cricu+
simoh+

t e a p o t 
e r o d e d 
c i t i e s 
_ _ _ _ _ _ 
_ _ _ _ _ _ _ _ 
_ _ _ _ 

2
Before
++++++
++++++
n+++++
r+++r+
lgr+l+
cimiu+

t e a p o t 
e r o d e d 
c i t i e s 
c h o i r s 
_ _ _ _ _ _ _ _ 
_ _ _ _ 

After
++++++
++++++
n+++++
r+++r+
lgr+l+
cimiu+

t e a p o t 
e r o d e d 
c i t i e s 
c h o i r s 
_ _ _ _ _ _ _ _ 
_ _ _ _ 

0
Before
++++++
++++++
++++r+
n+++l+
rgr+u+
lriih+

t e a p o t 
e r o d e d 
c i t i e s 
c o m i c s 
_ _ _ _ _ _ _ _ 
_ _ _ _ 

After
++++++
++++++
++++r+
n+++l+
rgr+u+
lriih+

t e a p o t 
e r o d e d 
c i t i e s 
c o m i c s 
_ _ _ _ _ _ _ _ 
_ _ _ _ 

0
Before
++++++
++++++
n+r+r+
rgiil+
lrmcu+
sicoh+

t e a p o t 
e r o d e d 
c i t i e s 
_ _ _ _ _ _ 
_ _ _ _ _ _ _ _ 
_ _ _ _ 

After
++++++
++++++
n+r+r+
rgiil+
lrmcu+
sicoh+

t e a p o t 
e r o d e d 
c i t i e s 
_ _ _ _ _ _ 
_ _ _ _ _ _ _ _ 
_ _ _ _ 

0
Before
++++++
++++++
n+r+r+
rgiil+
lrmcu+
sicoh+

t e a p o t 
e r o d e d 
c i t i e s 
_ _ _ _ _ _ 
_ _ _ _ _ _ _ _ 
_ _ _ _ 

After
++++++
++++++
n+r+r+
rgiil+
lrmcu+
sicoh+

t e a p o t 
e r o d e d 
c i t i e s 
_ _ _ _ _ _ 
_ _ _ _ _ _ _ _ 
_ _ _ _ 

0
Before
++++++
++++r+
+gr+l+
nri+u+
rtiis+
liceh+

t e a p o t 
e r o d e d 
c o m i c s 
_ _ _ _ _ _ 
_ _ _ _ _ _ _ _ 
_ _ _ _ 

After
++++++
++++r+
+gr+l+
nri+u+
rtiis+
liceh+

t e a p o t 
e r o d e d 
c o m i c s 
_ _ _ _ _ _ 
_ _ _ _ _ _ _ _ 
_ _ _ _ 

1
Before
++++++
++++++
++++r+
n+++l+
rgr+u+
lriih+

t e a p o t 
e r o d e d 
c o m i c s 
c i t i e s 
_ _ _ _ _ _ _ _ 
_ _ _ _ 

After
++++++
++++++
++++r+
n+++l+
rgr+u+
lriih+

t e a p o t 
e r o d e d 
c o m i c s 
c i t i e s 
_ _ _ _ _ _ _ _ 
_ _ _ _ 

0
Before
++++++
++++r+
+++il+
ngrcu+
rrios+
ciceh+

t e a p o t 
e r o d e d 
l i m i t s 
_ _ _ _ _ _ 
_ _ _ _ _ _ _ _ 
_ _ _ _ 

After
++++++
++++r+
+++il+
ngrcu+
rrios+
ciceh+

t e a p o t 
e r o d e d 
l i m i t s 
_ _ _ _ _ _ 
_ _ _ _ _ _ _ _ 
_ _ _ _ 

7
Before
++++++
++++++
++++r+
n+++l+
rg+iu+
circs+

t e a p o t 
e r o d e d 
l i m i t s 
c o h e i r 
_ _ _ _ _ _ _ _ 
_ _ _ _ 

After
++++++
++++++
++++r+
n+++l+
rg+iu+
circs+

t e a p o t 
e r o d e d 
l i m i t s 
c o h e i r 
_ _ _ _ _ _ _ _ 
_ _ _ _ 

0
Before
++++++
++++++
++++r+
ng++l+
rr+iu+
ci+cs+

t e a p o t 
e r o d e d 
l i m i t s 
c o h e i r 
_ _ _ _ _ _ _ _ 
_ _ _ _ 

After
++++++
++++++
++++r+
ng++l+
rr+iu+
ci+cs+

t e a p o t 
e r o d e d 
l i m i t s 
c o h e i r 
_ _ _ _ _ _ _ _ 
_ _ _ _ 

0
Before
++++++
++++++
++++++
ng+ir+
rr+ol+
ci+eh+

t e a p o t 
e r o d e d 
l i m i t s 
c i r c u s 
_ _ _ _ _ _ _ _ 
_ _ _ _ 

After
++++++
++++++
++++++
ng+ir+
rr+ol+
ci+eh+

t e a p o t 
e r o d e d 
l i m i t s 
c i r c u s 
_ _ _ _ _ _ _ _ 
_ _ _ _ 

0
Before
++++++
++++++
++++r+
n+++l+
rr+iu+
cicch+

t e a p o t 
e r o d e d 
l i m i t s 
o r g i e s 
_ _ _ _ _ _ _ _ 
_ _ _ _ 

After
++++++
++++++
++++r+
n+++l+
rr+iu+
cicch+

t e a p o t 
e r o d e d 
l i m i t s 
o r g i e s 
_ _ _ _ _ _ _ _ 
_ _ _ _ 

0
Before
++++++
++++++
++++r+
n+++l+
rgr+u+
cicis+

t e a p o t 
e r o d e d 
l i m i t s 
c o h e i r 
_ _ _ _ _ _ _ _ 
_ _ _ _ 

After
++++++
++++++
++++r+
n+++l+
rgr+u+
cicis+

t e a p o t 
e r o d e d 
l i m i t s 
c o h e i r 
_ _ _ _ _ _ _ _ 
_ _ _ _ 

0
Before
++++++
++++++
++++r+
ng++l+
rr++u+
cicis+

t e a p o t 
e r o d e d 
l i m i t s 
c o h e i r 
_ _ _ _ _ _ _ _ 
_ _ _ _ 

After
++++++
++++++
++++r+
ng++l+
rr++u+
cicis+

t e a p o t 
e r o d e d 
l i m i t s 
c o h e i r 
_ _ _ _ _ _ _ _ 
_ _ _ _ 

0
Before
++++++
++++++
++++++
n+++r+
rriil+
cicch+

t e a p o t 
e r o d e d 
l i m i t s 
g r o u s e 
_ _ _ _ _ _ _ _ 
_ _ _ _ 

After
++++++
++++++
++++++
n+++r+
rriil+
cicch+

t e a p o t 
e r o d e d 
l i m i t s 
g r o u s e 
_ _ _ _ _ _ _ _ 
_ _ _ _ 

0
Before
++++++
++++++
n+r+r+
rgicu+
lrios+
ciceh+

t e a p o t 
e r o d e d 
l i m i t s 
_ _ _ _ _ _ 
_ _ _ _ _ _ _ _ 
_ _ _ _ 

After
++++++
++++++
n+r+r+
rgicu+
lrios+
ciceh+

t e a p o t 
e r o d e d 
l i m i t s 
_ _ _ _ _ _ 
_ _ _ _ _ _ _ _ 
_ _ _ _ 

3
Before
++++++
++++++
n+++++
r+++r+
lgr+u+
ciics+

t e a p o t 
e r o d e d 
l i m i t s 
c o h e i r 
_ _ _ _ _ _ _ _ 
_ _ _ _ 

After
++++++
++++++
n+++++
r+++r+
lgr+u+
ciics+

t e a p o t 
e r o d e d 
l i m i t s 
c o h e i r 
_ _ _ _ _ _ _ _ 
_ _ _ _ 

0
Before
++++++
++++++
n+r+++
rgi+++
lri+++
cic+h+

t e a p o t 
e r o d e d 
l i m i t s 
c r u s o e 
_ _ _ _ _ _ _ _ 
_ _ _ _ 

After
++++++
++++++
n+r+++
rgi+++
lri+++
cic+h+

t e a p o t 
e r o d e d 
l i m i t s 
c r u s o e 
_ _ _ _ _ _ _ _ 
_ _ _ _ 

0
Before
++++++
++++++
n+++++
r+r+r+
lgi+u+
cic+s+

t e a p o t 
e r o d e d 
l i m i t s 
c o h e i r 
_ _ _ _ _ _ _ _ 
_ _ _ _ 

After
++++++
++++++
n+++++
r+r+r+
lgi+u+
cic+s+

t e a p o t 
e r o d e d 
l i m i t s 
c o h e i r 
_ _ _ _ _ _ _ _ 
_ _ _ _ 

0
Before
++++++
++++++
ng++r+
rrrcu+
liios+
ciceh+

t e a p o t 
e r o d e d 
l i m i t s 
_ _ _ _ _ _ 
_ _ _ _ _ _ _ _ 
_ _ _ _ 

After
++++++
++++++
ng++r+
rrrcu+
liios+
ciceh+

t e a p o t 
e r o d e d 
l i m i t s 
_ _ _ _ _ _ 
_ _ _ _ _ _ _ _ 
_ _ _ _ 

9
Before
++++++
++++++
n+++++
rg++r+
li++u+
circs+

t e a p o t 
e r o d e d 
l i m i t s 
c o h e i r 
_ _ _ _ _ _ _ _ 
_ _ _ _ 

After
++++++
++++++
n+++++
rg++r+
li++u+
circs+

t e a p o t 
e r o d e d 
l i m i t s 
c o h e i r 
_ _ _ _ _ _ _ _ 
_ _ _ _ 

0
Before
++++++
++++++
ng++++
rr++r+
li++u+
ci+cs+

t e a p o t 
e r o d e d 
l i m i t s 
c o h e i r 
_ _ _ _ _ _ _ _ 
_ _ _ _ 

After
++++++
++++++
ng++++
rr++r+
li++u+
ci+cs+

t e a p o t 
e r o d e d 
l i m i t s 
c o h e i r 
_ _ _ _ _ _ _ _ 
_ _ _ _ 

0
Before
++++++
++++++
n+++++
rg++++
lr+or+
ciieh+

t e a p o t 
e r o d e d 
l i m i t s 
c i r c u s 
_ _ _ _ _ _ _ _ 
_ _ _ _ 

After
++++++
++++++
n+++++
rg++++
lr+or+
ciieh+

t e a p o t 
e r o d e d 
l i m i t s 
c i r c u s 
_ _ _ _ _ _ _ _ 
_ _ _ _ 

0
Before
++++++
++++++
ng++++
rr++++
li+or+
ci+eh+

t e a p o t 
e r o d e d 
l i m i t s 
c i r c u s 
_ _ _ _ _ _ _ _ 
_ _ _ _ 

After
++++++
++++++
ng++++
rr++++
li+or+
ci+eh+

t e a p o t 
e r o d e d 
l i m i t s 
c i r c u s 
_ _ _ _ _ _ _ _ 
_ _ _ _ 

0
Before
++++++
++++++
++++++
ng++++
rrior+
liceh+

t e a p o t 
e r o d e d 
l i m i t s 
c i r c u s 
_ _ _ _ _ _ _ _ 
_ _ _ _ 

After
++++++
++++++
++++++
ng++++
rrior+
liceh+

t e a p o t 
e r o d e d 
l i m i t s 
c i r c u s 
_ _ _ _ _ _ _ _ 
_ _ _ _ 

0
Before
++++++
++++++
ng++++
rrr+++
lii+++
cic+h+

t e a p o t 
e r o d e d 
l i m i t s 
c r u s o e 
_ _ _ _ _ _ _ _ 
_ _ _ _ 

After
++++++
++++++
ng++++
rrr+++
lii+++
cic+h+

t e a p o t 
e r o d e d 
l i m i t s 
c r u s o e 
_ _ _ _ _ _ _ _ 
_ _ _ _ 

0
Before
++++++
++++++
n+++++
rg++r+
lir+u+
cic+s+

t e a p o t 
e r o d e d 
l i m i t s 
c o h e i r 
_ _ _ _ _ _ _ _ 
_ _ _ _ 

After
++++++
++++++
n+++++
rg++r+
lir+u+
cic+s+

t e a p o t 
e r o d e d 
l i m i t s 
c o h e i r 
_ _ _ _ _ _ _ _ 
_ _ _ _ 

0
Before
++++++
++++++
ng++++
rr++r+
li++u+
cic+s+

t e a p o t 
e r o d e d 
l i m i t s 
c o h e i r 
_ _ _ _ _ _ _ _ 
_ _ _ _ 

After
++++++
++++++
ng++++
rr++r+
li++u+
cic+s+

t e a p o t 
e r o d e d 
l i m i t s 
c o h e i r 
_ _ _ _ _ _ _ _ 
_ _ _ _ 

0
Before
++++++
++++++
n+++++
rr++++
lii+r+
cicch+

t e a p o t 
e r o d e d 
l i m i t s 
g r o u s e 
_ _ _ _ _ _ _ _ 
_ _ _ _ 

After
++++++
++++++
n+++++
rr++++
lii+r+
cicch+

t e a p o t 
e r o d e d 
l i m i t s 
g r o u s e 
_ _ _ _ _ _ _ _ 
_ _ _ _ 

0
Before
++++++
ngr+r+
rriil+
limcu+
ctios+
siceh+

t e a p o t 
e r o d e d 
_ _ _ _ _ _ 
_ _ _ _ _ _ 
_ _ _ _ _ _ _ _ 
_ _ _ _ 

After
++++++
ngr+r+
rriil+
limcu+
ctios+
siceh+

t e a p o t 
e r o d e d 
_ _ _ _ _ _ 
_ _ _ _ _ _ 
_ _ _ _ _ _ _ _ 
_ _ _ _ 

14
Before
++++++
++++++
n+r+r+
rgiil+
lrmcu+
siios+

t e a p o t 
e r o d e d 
h e c t i c 
_ _ _ _ _ _ 
_ _ _ _ _ _ _ _ 
_ _ _ _ 

After
++++++
++++++
n+r+r+
rgiil+
lrmcu+
siios+

t e a p o t 
e r o d e d 
h e c t i c 
_ _ _ _ _ _ 
_ _ _ _ _ _ _ _ 
_ _ _ _ 

0
Before
++++++
n+++++
rg++r+
lrr+l+
ciiiu+
simos+

t e a p o t 
e r o d e d 
h e c t i c 
_ _ _ _ _ _ 
_ _ _ _ _ _ _ _ 
_ _ _ _ 

After
++++++
n+++++
rg++r+
lrr+l+
ciiiu+
simos+

t e a p o t 
e r o d e d 
h e c t i c 
_ _ _ _ _ _ 
_ _ _ _ _ _ _ _ 
_ _ _ _ 

1
Before
++++++
++++++
n+++++
rg++++
lri+r+
cimol+

t e a p o t 
e r o d e d 
h e c t i c 
s i r i u s 
_ _ _ _ _ _ _ _ 
_ _ _ _ 

After
++++++
++++++
n+++++
rg++++
lri+r+
cimol+

t e a p o t 
e r o d e d 
h e c t i c 
s i r i u s 
_ _ _ _ _ _ _ _ 
_ _ _ _ 

0
Before
++++++
++++++
n+r+r+
rgiil+
lrmcu+
siios+

t e a p o t 
e r o d e d 
h e c t i c 
_ _ _ _ _ _ 
_ _ _ _ _ _ _ _ 
_ _ _ _ 

After
++++++
++++++
n+r+r+
rgiil+
lrmcu+
siios+

t e a p o t 
e r o d e d 
h e c t i c 
_ _ _ _ _ _ 
_ _ _ _ _ _ _ _ 
_ _ _ _ 

0
Before
++++++
ng++++
rr++r+
lir+l+
cti+u+
siieh+

t e a p o t 
e r o d e d 
c o m i c s 
_ _ _ _ _ _ 
_ _ _ _ _ _ _ _ 
_ _ _ _ 

After
++++++
ng++++
rr++r+
lir+l+
cti+u+
siieh+

t e a p o t 
e r o d e d 
c o m i c s 
_ _ _ _ _ _ 
_ _ _ _ _ _ _ _ 
_ _ _ _ 

0
Before
++++++
++++r+
+g++l+
nrriu+
rtics+
liieh+

t e a p o t 
e r o d e d 
c o m i c s 
_ _ _ _ _ _ 
_ _ _ _ _ _ _ _ 
_ _ _ _ 

After
++++++
++++r+
+g++l+
nrriu+
rtics+
liieh+

t e a p o t 
e r o d e d 
c o m i c s 
_ _ _ _ _ _ 
_ _ _ _ _ _ _ _ 
_ _ _ _ 

5
Before
++++++
++++++
++++r+
ng++l+
rr++u+
lirih+

t e a p o t 
e r o d e d 
c o m i c s 
c i t i e s 
_ _ _ _ _ _ _ _ 
_ _ _ _ 

After
++++++
++++++
++++r+
ng++l+
rr++u+
lirih+

t e a p o t 
e r o d e d 
c o m i c s 
c i t i e s 
_ _ _ _ _ _ _ _ 
_ _ _ _ 

0
Before
++++++
++++++
++++r+
ng++l+
rr++u+
lirih+

t e a p o t 
e r o d e d 
c o m i c s 
c i t i e s 
_ _ _ _ _ _ _ _ 
_ _ _ _ 

After
++++++
++++++
++++r+
ng++l+
rr++u+
lirih+

t e a p o t 
e r o d e d 
c o m i c s 
c i t i e s 
_ _ _ _ _ _ _ _ 
_ _ _ _ 

0
Before
++++++
++++++
+g++++
nr++r+
rti+l+
lii+u+

t e a p o t 
e r o d e d 
c o m i c s 
r i c h e s 
_ _ _ _ _ _ _ _ 
_ _ _ _ 

After
++++++
++++++
+g++++
nr++r+
rti+l+
lii+u+

t e a p o t 
e r o d e d 
c o m i c s 
r i c h e s 
_ _ _ _ _ _ _ _ 
_ _ _ _ 

0
Before
++++++
++++++
+g++++
nr++r+
rt++l+
liiiu+

t e a p o t 
e r o d e d 
c o m i c s 
r i c h e s 
_ _ _ _ _ _ _ _ 
_ _ _ _ 

After
++++++
++++++
+g++++
nr++r+
rt++l+
liiiu+

t e a p o t 
e r o d e d 
c o m i c s 
r i c h e s 
_ _ _ _ _ _ _ _ 
_ _ _ _ 

0
Before
++++++
++++++
++++++
ng++r+
rtr+l+
liiiu+

t e a p o t 
e r o d e d 
c o m i c s 
r i c h e s 
_ _ _ _ _ _ _ _ 
_ _ _ _ 

After
++++++
++++++
++++++
ng++r+
rtr+l+
liiiu+

t e a p o t 
e r o d e d 
c o m i c s 
r i c h e s 
_ _ _ _ _ _ _ _ 
_ _ _ _ 

0
Before
++++++
ng++++
rr++r+
li++l+
ctriu+
siieh+

t e a p o t 
e r o d e d 
c o m i c s 
_ _ _ _ _ _ 
_ _ _ _ _ _ _ _ 
_ _ _ _ 

After
++++++
ng++++
rr++r+
li++l+
ctriu+
siieh+

t e a p o t 
e r o d e d 
c o m i c s 
_ _ _ _ _ _ 
_ _ _ _ _ _ _ _ 
_ _ _ _ 

0
Before
++++++
ng++++
rr++r+
li++l+
ctriu+
siieh+

t e a p o t 
e r o d e d 
c o m i c s 
_ _ _ _ _ _ 
_ _ _ _ _ _ _ _ 
_ _ _ _ 

After
++++++
ng++++
rr++r+
li++l+
ctriu+
siieh+

t e a p o t 
e r o d e d 
c o m i c s 
_ _ _ _ _ _ 
_ _ _ _ _ _ _ _ 
_ _ _ _ 

0
Before
++++++
n+++++
r+++r+
lgril+
cricu+
simoh+

t e a p o t 
e r o d e d 
c i t i e s 
_ _ _ _ _ _ 
_ _ _ _ _ _ _ _ 
_ _ _ _ 

After
++++++
n+++++
r+++r+
lgril+
cricu+
simoh+

t e a p o t 
e r o d e d 
c i t i e s 
_ _ _ _ _ _ 
_ _ _ _ _ _ _ _ 
_ _ _ _ 

2
Before
++++++
++++++
n+++++
r+++r+
lgr+l+
cimiu+

t e a p o t 
e r o d e d 
c i t i e s 
c h o i r s 
_ _ _ _ _ _ _ _ 
_ _ _ _ 

After
++++++
++++++
n+++++
r+++r+
lgr+l+
cimiu+

t e a p o t 
e r o d e d 
c i t i e s 
c h o i r s 
_ _ _ _ _ _ _ _ 
_ _ _ _ 

0
Before
++++++
++++++
++++r+
n+++l+
rgr+u+
lriih+

t e a p o t 
e r o d e d 
c i t i e s 
c o m i c s 
_ _ _ _ _ _ _ _ 
_ _ _ _ 

After
++++++
++++++
++++r+
n+++l+
rgr+u+
lriih+

t e a p o t 
e r o d e d 
c i t i e s 
c o m i c s 
_ _ _ _ _ _ _ _ 
_ _ _ _ 

0
Before
++++++
++++++
n+r+r+
rgiil+
lrmcu+
sicoh+

t e a p o t 
e r o d e d 
c i t i e s 
_ _ _ _ _ _ 
_ _ _ _ _ _ _ _ 
_ _ _ _ 

After
++++++
++++++
n+r+r+
rgiil+
lrmcu+
sicoh+

t e a p o t 
e r o d e d 
c i t i e s 
_ _ _ _ _ _ 
_ _ _ _ _ _ _ _ 
_ _ _ _ 

0
Before
++++++
++++++
n+r+r+
rgiil+
lrmcu+
sicoh+

t e a p o t 
e r o d e d 
c i t i e s 
_ _ _ _ _ _ 
_ _ _ _ _ _ _ _ 
_ _ _ _ 

After
++++++
++++++
n+r+r+
rgiil+
lrmcu+
sicoh+

t e a p o t 
e r o d e d 
c i t i e s 
_ _ _ _ _ _ 
_ _ _ _ _ _ _ _ 
_ _ _ _ 

0
Before
++++++
++++r+
+gr+l+
nri+u+
rtiis+
liceh+

t e a p o t 
e r o d e d 
c o m i c s 
_ _ _ _ _ _ 
_ _ _ _ _ _ _ _ 
_ _ _ _ 

After
++++++
++++r+
+gr+l+
nri+u+
rtiis+
liceh+

t e a p o t 
e r o d e d 
c o m i c s 
_ _ _ _ _ _ 
_ _ _ _ _ _ _ _ 
_ _ _ _ 

1
Before
++++++
++++++
++++r+
n+++l+
rgr+u+
lriih+

t e a p o t 
e r o d e d 
c o m i c s 
c i t i e s 
_ _ _ _ _ _ _ _ 
_ _ _ _ 

After
++++++
++++++
++++r+
n+++l+
rgr+u+
lriih+

t e a p o t 
e r o d e d 
c o m i c s 
c i t i e s 
_ _ _ _ _ _ _ _ 
_ _ _ _ 

0
Before
++++++
++++r+
+++il+
ngrcu+
rrios+
ciceh+

t e a p o t 
e r o d e d 
l i m i t s 
_ _ _ _ _ _ 
_ _ _ _ _ _ _ _ 
_ _ _ _ 

After
++++++
++++r+
+++il+
ngrcu+
rrios+
ciceh+

t e a p o t 
e r o d e d 
l i m i t s 
_ _ _ _ _ _ 
_ _ _ _ _ _ _ _ 
_ _ _ _ 

7
Before
++++++
++++++
++++r+
n+++l+
rg+iu+
circs+

t e a p o t 
e r o d e d 
l i m i t s 
c o h e i r 
_ _ _ _ _ _ _ _ 
_ _ _ _ 

After
++++++
++++++
++++r+
n+++l+
rg+iu+
circs+

t e a p o t 
e r o d e d 
l i m i t s 
c o h e i r 
_ _ _ _ _ _ _ _ 
_ _ _ _ 

0
Before
++++++
++++++
++++r+
ng++l+
rr+iu+
ci+cs+

t e a p o t 
e r o d e d 
l i m i t s 
c o h e i r 
_ _ _ _ _ _ _ _ 
_ _ _ _ 

After
++++++
++++++
++++r+
ng++l+
rr+iu+
ci+cs+

t e a p o t 
e r o d e d 
l i m i t s 
c o h e i r 
_ _ _ _ _ _ _ _ 
_ _ _ _ 

0
Before
++++++
++++++
++++++
ng+ir+
rr+ol+
ci+eh+

t e a p o t 
e r o d e d 
l i m i t s 
c i r c u s 
_ _ _ _ _ _ _ _ 
_ _ _ _ 

After
++++++
++++++
++++++
ng+ir+
rr+ol+
ci+eh+

t e a p o t 
e r o d e d 
l i m i t s 
c i r c u s 
_ _ _ _ _ _ _ _ 
_ _ _ _ 

0
Before
++++++
++++++
++++r+
n+++l+
rr+iu+
cicch+

t e a p o t 
e r o d e d 
l i m i t s 
o r g i e s 
_ _ _ _ _ _ _ _ 
_ _ _ _ 

After
++++++
++++++
++++r+
n+++l+
rr+iu+
cicch+

t e a p o t 
e r o d e d 
l i m i t s 
o r g i e s 
_ _ _ _ _ _ _ _ 
_ _ _ _ 

0
Before
++++++
++++++
++++r+
n+++l+
rgr+u+
cicis+

t e a p o t 
e r o d e d 
l i m i t s 
c o h e i r 
_ _ _ _ _ _ _ _ 
_ _ _ _ 

After
++++++
++++++
++++r+
n+++l+
rgr+u+
cicis+

t e a p o t 
e r o d e d 
l i m i t s 
c o h e i r 
_ _ _ _ _ _ _ _ 
_ _ _ _ 

0
Before
++++++
++++++
++++r+
ng++l+
rr++u+
cicis+

t e a p o t 
e r o d e d 
l i m i t s 
c o h e i r 
_ _ _ _ _ _ _ _ 
_ _ _ _ 

After
++++++
++++++
++++r+
ng++l+
rr++u+
cicis+

t e a p o t 
e r o d e d 
l i m i t s 
c o h e i r 
_ _ _ _ _ _ _ _ 
_ _ _ _ 

0
Before
++++++
++++++
++++++
n+++r+
rriil+
cicch+

t e a p o t 
e r o d e d 
l i m i t s 
g r o u s e 
_ _ _ _ _ _ _ _ 
_ _ _ _ 

After
++++++
++++++
++++++
n+++r+
rriil+
cicch+

t e a p o t 
e r o d e d 
l i m i t s 
g r o u s e 
_ _ _ _ _ _ _ _ 
_ _ _ _ 

0
Before
++++++
++++++
n+r+r+
rgicu+
lrios+
ciceh+

t e a p o t 
e r o d e d 
l i m i t s 
_ _ _ _ _ _ 
_ _ _ _ _ _ _ _ 
_ _ _ _ 

After
++++++
++++++
n+r+r+
rgicu+
lrios+
ciceh+

t e a p o t 
e r o d e d 
l i m i t s 
_ _ _ _ _ _ 
_ _ _ _ _ _ _ _ 
_ _ _ _ 

3
Before
++++++
++++++
n+++++
r+++r+
lgr+u+
ciics+

t e a p o t 
e r o d e d 
l i m i t s 
c o h e i r 
_ _ _ _ _ _ _ _ 
_ _ _ _ 

After
++++++
++++++
n+++++
r+++r+
lgr+u+
ciics+

t e a p o t 
e r o d e d 
l i m i t s 
c o h e i r 
_ _ _ _ _ _ _ _ 
_ _ _ _ 

0
Before
++++++
++++++
n+r+++
rgi+++
lri+++
cic+h+

t e a p o t 
e r o d e d 
l i m i t s 
c r u s o e 
_ _ _ _ _ _ _ _ 
_ _ _ _ 

After
++++++
++++++
n+r+++
rgi+++
lri+++
cic+h+

t e a p o t 
e r o d e d 
l i m i t s 
c r u s o e 
_ _ _ _ _ _ _ _ 
_ _ _ _ 

0
Before
++++++
++++++
n+++++
r+r+r+
lgi+u+
cic+s+

t e a p o t 
e r o d e d 
l i m i t s 
c o h e i r 
_ _ _ _ _ _ _ _ 
_ _ _ _ 

After
++++++
++++++
n+++++
r+r+r+
lgi+u+
cic+s+

t e a p o t 
e r o d e d 
l i m i t s 
c o h e i r 
_ _ _ _ _ _ _ _ 
_ _ _ _ 

0
Before
++++++
++++++
ng++r+
rrrcu+
liios+
ciceh+

t e a p o t 
e r o d e d 
l i m i t s 
_ _ _ _ _ _ 
_ _ _ _ _ _ _ _ 
_ _ _ _ 

After
++++++
++++++
ng++r+
rrrcu+
liios+
ciceh+

t e a p o t 
e r o d e d 
l i m i t s 
_ _ _ _ _ _ 
_ _ _ _ _ _ _ _ 
_ _ _ _ 

9
Before
++++++
++++++
n+++++
rg++r+
li++u+
circs+

t e a p o t 
e r o d e d 
l i m i t s 
c o h e i r 
_ _ _ _ _ _ _ _ 
_ _ _ _ 

After
++++++
++++++
n+++++
rg++r+
li++u+
circs+

t e a p o t 
e r o d e d 
l i m i t s 
c o h e i r 
_ _ _ _ _ _ _ _ 
_ _ _ _ 

0
Before
++++++
++++++
ng++++
rr++r+
li++u+
ci+cs+

t e a p o t 
e r o d e d 
l i m i t s 
c o h e i r 
_ _ _ _ _ _ _ _ 
_ _ _ _ 

After
++++++
++++++
ng++++
rr++r+
li++u+
ci+cs+

t e a p o t 
e r o d e d 
l i m i t s 
c o h e i r 
_ _ _ _ _ _ _ _ 
_ _ _ _ 

0
Before
++++++
++++++
n+++++
rg++++
lr+or+
ciieh+

t e a p o t 
e r o d e d 
l i m i t s 
c i r c u s 
_ _ _ _ _ _ _ _ 
_ _ _ _ 

After
++++++
++++++
n+++++
rg++++
lr+or+
ciieh+

t e a p o t 
e r o d e d 
l i m i t s 
c i r c u s 
_ _ _ _ _ _ _ _ 
_ _ _ _ 

0
Before
++++++
++++++
ng++++
rr++++
li+or+
ci+eh+

t e a p o t 
e r o d e d 
l i m i t s 
c i r c u s 
_ _ _ _ _ _ _ _ 
_ _ _ _ 

After
++++++
++++++
ng++++
rr++++
li+or+
ci+eh+

t e a p o t 
e r o d e d 
l i m i t s 
c i r c u s 
_ _ _ _ _ _ _ _ 
_ _ _ _ 

0
Before
++++++
++++++
++++++
ng++++
rrior+
liceh+

t e a p o t 
e r o d e d 
l i m i t s 
c i r c u s 
_ _ _ _ _ _ _ _ 
_ _ _ _ 

After
++++++
++++++
++++++
ng++++
rrior+
liceh+

t e a p o t 
e r o d e d 
l i m i t s 
c i r c u s 
_ _ _ _ _ _ _ _ 
_ _ _ _ 

0
Before
++++++
++++++
ng++++
rrr+++
lii+++
cic+h+

t e a p o t 
e r o d e d 
l i m i t s 
c r u s o e 
_ _ _ _ _ _ _ _ 
_ _ _ _ 

After
++++++
++++++
ng++++
rrr+++
lii+++
cic+h+

t e a p o t 
e r o d e d 
l i m i t s 
c r u s o e 
_ _ _ _ _ _ _ _ 
_ _ _ _ 

0
Before
++++++
++++++
n+++++
rg++r+
lir+u+
cic+s+

t e a p o t 
e r o d e d 
l i m i t s 
c o h e i r 
_ _ _ _ _ _ _ _ 
_ _ _ _ 

After
++++++
++++++
n+++++
rg++r+
lir+u+
cic+s+

t e a p o t 
e r o d e d 
l i m i t s 
c o h e i r 
_ _ _ _ _ _ _ _ 
_ _ _ _ 

0
Before
++++++
++++++
ng++++
rr++r+
li++u+
cic+s+

t e a p o t 
e r o d e d 
l i m i t s 
c o h e i r 
_ _ _ _ _ _ _ _ 
_ _ _ _ 

After
++++++
++++++
ng++++
rr++r+
li++u+
cic+s+

t e a p o t 
e r o d e d 
l i m i t s 
c o h e i r 
_ _ _ _ _ _ _ _ 
_ _ _ _ 

0
Before
++++++
++++++
n+++++
rr++++
lii+r+
cicch+

t e a p o t 
e r o d e d 
l i m i t s 
g r o u s e 
_ _ _ _ _ _ _ _ 
_ _ _ _ 

After
++++++
++++++
n+++++
rr++++
lii+r+
cicch+

t e a p o t 
e r o d e d 
l i m i t s 
g r o u s e 
_ _ _ _ _ _ _ _ 
_ _ _ _ 

0
Before
++ode+
++rdr+
++iil+
ngmcu+
rrios+
srceh+

t e a p o t 
e l i c i t 
_ _ _ _ _ _ 
_ _ _ _ _ _ 
_ _ _ _ _ _ _ _ 
_ _ _ _ 

After
++ode+
++rdr+
++iil+
ngmcu+
rrios+
srceh+

t e a p o t 
e l i c i t 
_ _ _ _ _ _ 
_ _ _ _ _ _ 
_ _ _ _ _ _ _ _ 
_ _ _ _ 

13
Before
++++++
++++e+
++o+r+
ngrdl+
rridu+
srieh+

t e a p o t 
e l i c i t 
c o m i c s 
_ _ _ _ _ _ 
_ _ _ _ _ _ _ _ 
_ _ _ _ 

After
++++++
++++e+
++o+r+
ngrdl+
rridu+
srieh+

t e a p o t 
e l i c i t 
c o m i c s 
_ _ _ _ _ _ 
_ _ _ _ _ _ _ _ 
_ _ _ _ 

0
Before
++++++
++++e+
+++dr+
ngodl+
rrriu+
srieh+

t e a p o t 
e l i c i t 
c o m i c s 
_ _ _ _ _ _ 
_ _ _ _ _ _ _ _ 
_ _ _ _ 

After
++++++
++++e+
+++dr+
ngodl+
rrriu+
srieh+

t e a p o t 
e l i c i t 
c o m i c s 
_ _ _ _ _ _ 
_ _ _ _ _ _ _ _ 
_ _ _ _ 

0
Before
++++++
++++e+
+++dr+
ngodl+
rrriu+
srieh+

t e a p o t 
e l i c i t 
c o m i c s 
_ _ _ _ _ _ 
_ _ _ _ _ _ _ _ 
_ _ _ _ 

After
++++++
++++e+
+++dr+
ngodl+
rrriu+
srieh+

t e a p o t 
e l i c i t 
c o m i c s 
_ _ _ _ _ _ 
_ _ _ _ _ _ _ _ 
_ _ _ _ 

0
Before
++++++
++++e+
++odr+
n+rdl+
rgiiu+
srmcs+

t e a p o t 
e l i c i t 
c o h e i r 
_ _ _ _ _ _ 
_ _ _ _ _ _ _ _ 
_ _ _ _ 

After
++++++
++++e+
++odr+
n+rdl+
rgiiu+
srmcs+

t e a p o t 
e l i c i t 
c o h e i r 
_ _ _ _ _ _ 
_ _ _ _ _ _ _ _ 
_ _ _ _ 

2
Before
++++++
++++++
++++++
n+o+++
rgrdu+
srics+

t e a p o t 
e l i c i t 
c o h e i r 
m i l d e r 
_ _ _ _ _ _ _ _ 
_ _ _ _ 

After
++++++
++++++
++++++
n+o+++
rgrdu+
srics+

t e a p o t 
e l i c i t 
c o h e i r 
m i l d e r 
_ _ _ _ _ _ _ _ 
_ _ _ _ 

0
Before
++++++
++++++
++++++
n++dl+
r+oiu+
srmcs+

t e a p o t 
e l i c i t 
c o h e i r 
g i r d e r 
_ _ _ _ _ _ _ _ 
_ _ _ _ 

After
++++++
++++++
++++++
n++dl+
r+oiu+
srmcs+

t e a p o t 
e l i c i t 
c o h e i r 
g i r d e r 
_ _ _ _ _ _ _ _ 
_ _ _ _ 

0
Before
++++++
++++e+
++odr+
n+rdl+
rgiiu+
srmcs+

t e a p o t 
e l i c i t 
c o h e i r 
_ _ _ _ _ _ 
_ _ _ _ _ _ _ _ 
_ _ _ _ 

After
++++++
++++e+
++odr+
n+rdl+
rgiiu+
srmcs+

t e a p o t 
e l i c i t 
c o h e i r 
_ _ _ _ _ _ 
_ _ _ _ _ _ _ _ 
_ _ _ _ 

2
Before
++++++
++++++
++++++
n+o+++
rgrdu+
srics+

t e a p o t 
e l i c i t 
c o h e i r 
m i l d e r 
_ _ _ _ _ _ _ _ 
_ _ _ _ 

After
++++++
++++++
++++++
n+o+++
rgrdu+
srics+

t e a p o t 
e l i c i t 
c o h e i r 
m i l d e r 
_ _ _ _ _ _ _ _ 
_ _ _ _ 

0
Before
++++++
++++++
++++++
n++dl+
r+oiu+
srmcs+

t e a p o t 
e l i c i t 
c o h e i r 
g i r d e r 
_ _ _ _ _ _ _ _ 
_ _ _ _ 

After
++++++
++++++
++++++
n++dl+
r+oiu+
srmcs+

t e a p o t 
e l i c i t 
c o h e i r 
g i r d e r 
_ _ _ _ _ _ _ _ 
_ _ _ _ 

0
Before
++o+++
++r+++
++id++
ngmi++
rrice+
srcer+

t e a p o t 
e l i c i t 
s h o u l d 
_ _ _ _ _ _ 
_ _ _ _ _ _ _ _ 
_ _ _ _ 

After
++o+++
++r+++
++id++
ngmi++
rrice+
srcer+

t e a p o t 
e l i c i t 
s h o u l d 
_ _ _ _ _ _ 
_ _ _ _ _ _ _ _ 
_ _ _ _ 

1
Before
++++++
++o+++
++r+++
ngi+++
rrm+++
src+e+

t e a p o t 
e l i c i t 
s h o u l d 
d i c i e r 
_ _ _ _ _ _ _ _ 
_ _ _ _ 

After
++++++
++o+++
++r+++
ngi+++
rrm+++
src+e+

t e a p o t 
e l i c i t 
s h o u l d 
d i c i e r 
_ _ _ _ _ _ _ _ 
_ _ _ _ 

0
Before
++++++
++o+e+
++r+r+
n+idl+
rgmdu+
srcis+

t e a p o t 
e l i c i t 
c o h e i r 
_ _ _ _ _ _ 
_ _ _ _ _ _ _ _ 
_ _ _ _ 

After
++++++
++o+e+
++r+r+
n+idl+
rgmdu+
srcis+

t e a p o t 
e l i c i t 
c o h e i r 
_ _ _ _ _ _ 
_ _ _ _ _ _ _ _ 
_ _ _ _ 

0
Before
++++++
++o+e+
++r+r+
n+idl+
rgmdu+
srcis+

t e a p o t 
e l i c i t 
c o h e i r 
_ _ _ _ _ _ 
_ _ _ _ _ _ _ _ 
_ _ _ _ 

After
++++++
++o+e+
++r+r+
n+idl+
rgmdu+
srcis+

t e a p o t 
e l i c i t 
c o h e i r 
_ _ _ _ _ _ 
_ _ _ _ _ _ _ _ 
_ _ _ _ 

0
Before
++++++
++o+++
++rd++
ngicu+
rrios+
srceh+

t e a p o t 
e l i c i t 
m i l d e r 
_ _ _ _ _ _ 
_ _ _ _ _ _ _ _ 
_ _ _ _ 

After
++++++
++o+++
++rd++
ngicu+
rrios+
srceh+

t e a p o t 
e l i c i t 
m i l d e r 
_ _ _ _ _ _ 
_ _ _ _ _ _ _ _ 
_ _ _ _ 

7
Before
++++++
++++++
++r+++
ngi+++
rri+++
srcoh+

t e a p o t 
e l i c i t 
m i l d e r 
e s c u d o 
_ _ _ _ _ _ _ _ 
_ _ _ _ 

After
++++++
++++++
++r+++
ngi+++
rri+++
srcoh+

t e a p o t 
e l i c i t 
m i l d e r 
e s c u d o 
_ _ _ _ _ _ _ _ 
_ _ _ _ 

0
Before
++++++
++++++
++++++
n+o+++
rgrdu+
srics+

t e a p o t 
e l i c i t 
m i l d e r 
c o h e i r 
_ _ _ _ _ _ _ _ 
_ _ _ _ 

After
++++++
++++++
++++++
n+o+++
rgrdu+
srics+

t e a p o t 
e l i c i t 
m i l d e r 
c o h e i r 
_ _ _ _ _ _ _ _ 
_ _ _ _ 

0
Before
++++++
++++++
++++++
n+o+++
rgrdu+
srics+

t e a p o t 
e l i c i t 
m i l d e r 
c o h e i r 
_ _ _ _ _ _ _ _ 
_ _ _ _ 

After
++++++
++++++
++++++
n+o+++
rgrdu+
srics+

t e a p o t 
e l i c i t 
m i l d e r 
c o h e i r 
_ _ _ _ _ _ _ _ 
_ _ _ _ 

0
Before
++++++
++++++
++o+++
n+r+++
rgi+u+
srcds+

t e a p o t 
e l i c i t 
m i l d e r 
c o h e i r 
_ _ _ _ _ _ _ _ 
_ _ _ _ 

After
++++++
++++++
++o+++
n+r+++
rgi+u+
srcds+

t e a p o t 
e l i c i t 
m i l d e r 
c o h e i r 
_ _ _ _ _ _ _ _ 
_ _ _ _ 

0
Before
++++++
++++++
++o+++
n+r+++
rgi+u+
srcds+

t e a p o t 
e l i c i t 
m i l d e r 
c o h e i r 
_ _ _ _ _ _ _ _ 
_ _ _ _ 

After
++++++
++++++
++o+++
n+r+++
rgi+u+
srcds+

t e a p o t 
e l i c i t 
m i l d e r 
c o h e i r 
_ _ _ _ _ _ _ _ 
_ _ _ _ 

0
Before
++++++
++++++
++++++
ngr+++
rric++
srceh+

t e a p o t 
e l i c i t 
m i l d e r 
o d i o u s 
_ _ _ _ _ _ _ _ 
_ _ _ _ 

After
++++++
++++++
++++++
ngr+++
rric++
srceh+

t e a p o t 
e l i c i t 
m i l d e r 
o d i o u s 
_ _ _ _ _ _ _ _ 
_ _ _ _ 

0
Before
++++++
++++++
++++++
n++d++
rricu+
srcoh+

t e a p o t 
e l i c i t 
m i l d e r 
o r g i e s 
_ _ _ _ _ _ _ _ 
_ _ _ _ 

After
++++++
++++++
++++++
n++d++
rricu+
srcoh+

t e a p o t 
e l i c i t 
m i l d e r 
o r g i e s 
_ _ _ _ _ _ _ _ 
_ _ _ _ 

0
Before
++++++
++++r+
++oil+
n+mcu+
rrios+
srceh+

t e a p o t 
e l i c i t 
g i r d e d 
_ _ _ _ _ _ 
_ _ _ _ _ _ _ _ 
_ _ _ _ 

After
++++++
++++r+
++oil+
n+mcu+
rrios+
srceh+

t e a p o t 
e l i c i t 
g i r d e d 
_ _ _ _ _ _ 
_ _ _ _ _ _ _ _ 
_ _ _ _ 

6
Before
++++++
++++++
++++r+
n+++l+
rro+u+
srieh+

t e a p o t 
e l i c i t 
g i r d e d 
c o m i c s 
_ _ _ _ _ _ _ _ 
_ _ _ _ 

After
++++++
++++++
++++r+
n+++l+
rro+u+
srieh+

t e a p o t 
e l i c i t 
g i r d e d 
c o m i c s 
_ _ _ _ _ _ _ _ 
_ _ _ _ 

0
Before
++++++
++++++
++++r+
n+++l+
rr+iu+
sroeh+

t e a p o t 
e l i c i t 
g i r d e d 
c o m i c s 
_ _ _ _ _ _ _ _ 
_ _ _ _ 

After
++++++
++++++
++++r+
n+++l+
rr+iu+
sroeh+

t e a p o t 
e l i c i t 
g i r d e d 
c o m i c s 
_ _ _ _ _ _ _ _ 
_ _ _ _ 

0
Before
++++++
++++++
++++r+
n+++l+
r+oiu+
srmcs+

t e a p o t 
e l i c i t 
g i r d e d 
c o h e i r 
_ _ _ _ _ _ _ _ 
_ _ _ _ 

After
++++++
++++++
++++r+
n+++l+
r+oiu+
srmcs+

t e a p o t 
e l i c i t 
g i r d e d 
c o h e i r 
_ _ _ _ _ _ _ _ 
_ _ _ _ 

0
Before
++++++
++++++
++++r+
n+++l+
r+oiu+
srmcs+

t e a p o t 
e l i c i t 
g i r d e d 
c o h e i r 
_ _ _ _ _ _ _ _ 
_ _ _ _ 

After
++++++
++++++
++++r+
n+++l+
r+oiu+
srmcs+

t e a p o t 
e l i c i t 
g i r d e d 
c o h e i r 
_ _ _ _ _ _ _ _ 
_ _ _ _ 

0
Before
++++++
++++++
++++r+
n+o+l+
r+m+u+
srcis+

t e a p o t 
e l i c i t 
g i r d e d 
c o h e i r 
_ _ _ _ _ _ _ _ 
_ _ _ _ 

After
++++++
++++++
++++r+
n+o+l+
r+m+u+
srcis+

t e a p o t 
e l i c i t 
g i r d e d 
c o h e i r 
_ _ _ _ _ _ _ _ 
_ _ _ _ 

0
Before
++++++
++++++
++++r+
n+o+l+
r+m+u+
srcis+

t e a p o t 
e l i c i t 
g i r d e d 
c o h e i r 
_ _ _ _ _ _ _ _ 
_ _ _ _ 

After
++++++
++++++
++++r+
n+o+l+
r+m+u+
srcis+

t e a p o t 
e l i c i t 
g i r d e d 
c o h e i r 
_ _ _ _ _ _ _ _ 
_ _ _ _ 

0
Before
++++++
+++d++
++oil+
n+mcu+
rrios+
srceh+

t e a p o t 
e l i c i t 
g i r d e r 
_ _ _ _ _ _ 
_ _ _ _ _ _ _ _ 
_ _ _ _ 

After
++++++
+++d++
++oil+
n+mcu+
rrios+
srceh+

t e a p o t 
e l i c i t 
g i r d e r 
_ _ _ _ _ _ 
_ _ _ _ _ _ _ _ 
_ _ _ _ 

7
Before
++++++
++++++
++++++
n+++l+
rrodu+
srieh+

t e a p o t 
e l i c i t 
g i r d e r 
c o m i c s 
_ _ _ _ _ _ _ _ 
_ _ _ _ 

After
++++++
++++++
++++++
n+++l+
rrodu+
srieh+

t e a p o t 
e l i c i t 
g i r d e r 
c o m i c s 
_ _ _ _ _ _ _ _ 
_ _ _ _ 

0
Before
++++++
++++++
++++++
n++dl+
rr+iu+
sroeh+

t e a p o t 
e l i c i t 
g i r d e r 
c o m i c s 
_ _ _ _ _ _ _ _ 
_ _ _ _ 

After
++++++
++++++
++++++
n++dl+
rr+iu+
sroeh+

t e a p o t 
e l i c i t 
g i r d e r 
c o m i c s 
_ _ _ _ _ _ _ _ 
_ _ _ _ 

0
Before
++++++
++++++
++++++
n++dl+
r+oiu+
srmcs+

t e a p o t 
e l i c i t 
g i r d e r 
c o h e i r 
_ _ _ _ _ _ _ _ 
_ _ _ _ 

After
++++++
++++++
++++++
n++dl+
r+oiu+
srmcs+

t e a p o t 
e l i c i t 
g i r d e r 
c o h e i r 
_ _ _ _ _ _ _ _ 
_ _ _ _ 

0
Before
++++++
++++++
++++++
n++dl+
r+oiu+
srmcs+

t e a p o t 
e l i c i t 
g i r d e r 
c o h e i r 
_ _ _ _ _ _ _ _ 
_ _ _ _ 

After
++++++
++++++
++++++
n++dl+
r+oiu+
srmcs+

t e a p o t 
e l i c i t 
g i r d e r 
c o h e i r 
_ _ _ _ _ _ _ _ 
_ _ _ _ 

0
Before
++++++
++++++
++o+++
n+mi++
rric++
srce++

t e a p o t 
e l i c i t 
g i r d e r 
s h o u l d 
_ _ _ _ _ _ _ _ 
_ _ _ _ 

After
++++++
++++++
++o+++
n+mi++
rric++
srce++

t e a p o t 
e l i c i t 
g i r d e r 
s h o u l d 
_ _ _ _ _ _ _ _ 
_ _ _ _ 

0
Before
++++++
++++++
++++++
n+o+l+
r+mdu+
srcis+

t e a p o t 
e l i c i t 
g i r d e r 
c o h e i r 
_ _ _ _ _ _ _ _ 
_ _ _ _ 

After
++++++
++++++
++++++
n+o+l+
r+mdu+
srcis+

t e a p o t 
e l i c i t 
g i r d e r 
c o h e i r 
_ _ _ _ _ _ _ _ 
_ _ _ _ 

0
Before
++++++
++++++
++++++
n+o+l+
r+mdu+
srcis+

t e a p o t 
e l i c i t 
g i r d e r 
c o h e i r 
_ _ _ _ _ _ _ _ 
_ _ _ _ 

After
++++++
++++++
++++++
n+o+l+
r+mdu+
srcis+

t e a p o t 
e l i c i t 
g i r d e r 
c o h e i r 
_ _ _ _ _ _ _ _ 
_ _ _ _ 

0
Before
++++++
++++r+
++oil+
n+mcu+
rrios+
srceh+

t e a p o t 
e l i c i t 
g i r d e d 
_ _ _ _ _ _ 
_ _ _ _ _ _ _ _ 
_ _ _ _ 

After
++++++
++++r+
++oil+
n+mcu+
rrios+
srceh+

t e a p o t 
e l i c i t 
g i r d e d 
_ _ _ _ _ _ 
_ _ _ _ _ _ _ _ 
_ _ _ _ 

6
Before
++++++
++++++
++++r+
n+++l+
rro+u+
srieh+

t e a p o t 
e l i c i t 
g i r d e d 
c o m i c s 
_ _ _ _ _ _ _ _ 
_ _ _ _ 

After
++++++
++++++
++++r+
n+++l+
rro+u+
srieh+

t e a p o t 
e l i c i t 
g i r d e d 
c o m i c s 
_ _ _ _ _ _ _ _ 
_ _ _ _ 

0
Before
++++++
++++++
++++r+
n+++l+
rr+iu+
sroeh+

t e a p o t 
e l i c i t 
g i r d e d 
c o m i c s 
_ _ _ _ _ _ _ _ 
_ _ _ _ 

After
++++++
++++++
++++r+
n+++l+
rr+iu+
sroeh+

t e a p o t 
e l i c i t 
g i r d e d 
c o m i c s 
_ _ _ _ _ _ _ _ 
_ _ _ _ 

0
Before
++++++
++++++
++++r+
n+++l+
r+oiu+
srmcs+

t e a p o t 
e l i c i t 
g i r d e d 
c o h e i r 
_ _ _ _ _ _ _ _ 
_ _ _ _ 

After
++++++
++++++
++++r+
n+++l+
r+oiu+
srmcs+

t e a p o t 
e l i c i t 
g i r d e d 
c o h e i r 
_ _ _ _ _ _ _ _ 
_ _ _ _ 

0
Before
++++++
++++++
++++r+
n+++l+
r+oiu+
srmcs+

t e a p o t 
e l i c i t 
g i r d e d 
c o h e i r 
_ _ _ _ _ _ _ _ 
_ _ _ _ 

After
++++++
++++++
++++r+
n+++l+
r+oiu+
srmcs+

t e a p o t 
e l i c i t 
g i r d e d 
c o h e i r 
_ _ _ _ _ _ _ _ 
_ _ _ _ 

0
Before
++++++
++++++
++++r+
n+o+l+
r+m+u+
srcis+

t e a p o t 
e l i c i t 
g i r d e d 
c o h e i r 
_ _ _ _ _ _ _ _ 
_ _ _ _ 

After
++++++
++++++
++++r+
n+o+l+
r+m+u+
srcis+

t e a p o t 
e l i c i t 
g i r d e d 
c o h e i r 
_ _ _ _ _ _ _ _ 
_ _ _ _ 

0
Before
++++++
++++++
++++r+
n+o+l+
r+m+u+
srcis+

t e a p o t 
e l i c i t 
g i r d e d 
c o h e i r 
_ _ _ _ _ _ _ _ 
_ _ _ _ 

After
++++++
++++++
++++r+
n+o+l+
r+m+u+
srcis+

t e a p o t 
e l i c i t 
g i r d e d 
c o h e i r 
_ _ _ _ _ _ _ _ 
_ _ _ _ 

0
Before
++++++
+++d++
++oil+
n+mcu+
rrios+
srceh+

t e a p o t 
e l i c i t 
g i r d e r 
_ _ _ _ _ _ 
_ _ _ _ _ _ _ _ 
_ _ _ _ 

After
++++++
+++d++
++oil+
n+mcu+
rrios+
srceh+

t e a p o t 
e l i c i t 
g i r d e r 
_ _ _ _ _ _ 
_ _ _ _ _ _ _ _ 
_ _ _ _ 

7
Before
++++++
++++++
++++++
n+++l+
rrodu+
srieh+

t e a p o t 
e l i c i t 
g i r d e r 
c o m i c s 
_ _ _ _ _ _ _ _ 
_ _ _ _ 

After
++++++
++++++
++++++
n+++l+
rrodu+
srieh+

t e a p o t 
e l i c i t 
g i r d e r 
c o m i c s 
_ _ _ _ _ _ _ _ 
_ _ _ _ 

0
Before
++++++
++++++
++++++
n++dl+
rr+iu+
sroeh+

t e a p o t 
e l i c i t 
g i r d e r 
c o m i c s 
_ _ _ _ _ _ _ _ 
_ _ _ _ 

After
++++++
++++++
++++++
n++dl+
rr+iu+
sroeh+

t e a p o t 
e l i c i t 
g i r d e r 
c o m i c s 
_ _ _ _ _ _ _ _ 
_ _ _ _ 

0
Before
++++++
++++++
++++++
n++dl+
r+oiu+
srmcs+

t e a p o t 
e l i c i t 
g i r d e r 
c o h e i r 
_ _ _ _ _ _ _ _ 
_ _ _ _ 

After
++++++
++++++
++++++
n++dl+
r+oiu+
srmcs+

t e a p o t 
e l i c i t 
g i r d e r 
c o h e i r 
_ _ _ _ _ _ _ _ 
_ _ _ _ 

0
Before
++++++
++++++
++++++
n++dl+
r+oiu+
srmcs+

t e a p o t 
e l i c i t 
g i r d e r 
c o h e i r 
_ _ _ _ _ _ _ _ 
_ _ _ _ 

After
++++++
++++++
++++++
n++dl+
r+oiu+
srmcs+

t e a p o t 
e l i c i t 
g i r d e r 
c o h e i r 
_ _ _ _ _ _ _ _ 
_ _ _ _ 

0
Before
++++++
++++++
++o+++
n+mi++
rric++
srce++

t e a p o t 
e l i c i t 
g i r d e r 
s h o u l d 
_ _ _ _ _ _ _ _ 
_ _ _ _ 

After
++++++
++++++
++o+++
n+mi++
rric++
srce++

t e a p o t 
e l i c i t 
g i r d e r 
s h o u l d 
_ _ _ _ _ _ _ _ 
_ _ _ _ 

0
Before
++++++
++++++
++++++
n+o+l+
r+mdu+
srcis+

t e a p o t 
e l i c i t 
g i r d e r 
c o h e i r 
_ _ _ _ _ _ _ _ 
_ _ _ _ 

After
++++++
++++++
++++++
n+o+l+
r+mdu+
srcis+

t e a p o t 
e l i c i t 
g i r d e r 
c o h e i r 
_ _ _ _ _ _ _ _ 
_ _ _ _ 

0
Before
++++++
++++++
++++++
n+o+l+
r+mdu+
srcis+

t e a p o t 
e l i c i t 
g i r d e r 
c o h e i r 
_ _ _ _ _ _ _ _ 
_ _ _ _ 

After
++++++
++++++
++++++
n+o+l+
r+mdu+
srcis+

t e a p o t 
e l i c i t 
g i r d e r 
c o h e i r 
_ _ _ _ _ _ _ _ 
_ _ _ _ 

0
Before
++ode+
++rdr+
+giil+
+rmcu+
ntios+
riceh+

t e a p o t 
r e l i c s 
_ _ _ _ _ _ 
_ _ _ _ _ _ 
_ _ _ _ _ _ _ _ 
_ _ _ _ 

After
++ode+
++rdr+
+giil+
+rmcu+
ntios+
riceh+

t e a p o t 
r e l i c s 
_ _ _ _ _ _ 
_ _ _ _ _ _ 
_ _ _ _ _ _ _ _ 
_ _ _ _ 

20
Before
++++++
++++e+
++odr+
+grdl+
nriiu+
rimos+

t e a p o t 
r e l i c s 
h e c t i c 
_ _ _ _ _ _ 
_ _ _ _ _ _ _ _ 
_ _ _ _ 

After
++++++
++++e+
++odr+
+grdl+
nriiu+
rimos+

t e a p o t 
r e l i c s 
h e c t i c 
_ _ _ _ _ _ 
_ _ _ _ _ _ _ _ 
_ _ _ _ 

7
Before
++++++
++++++
++++++
+go+++
nrrdu+
riios+

t e a p o t 
r e l i c s 
h e c t i c 
m i l d e r 
_ _ _ _ _ _ _ _ 
_ _ _ _ 

After
++++++
++++++
++++++
+go+++
nrrdu+
riios+

t e a p o t 
r e l i c s 
h e c t i c 
m i l d e r 
_ _ _ _ _ _ _ _ 
_ _ _ _ 

0
Before
++++++
++++e+
++++r+
++o+l+
++idu+
rrmos+

t e a p o t 
r e l i c s 
h e c t i c 
i n g r i d 
_ _ _ _ _ _ _ _ 
_ _ _ _ 

After
++++++
++++e+
++++r+
++o+l+
++idu+
rrmos+

t e a p o t 
r e l i c s 
h e c t i c 
i n g r i d 
_ _ _ _ _ _ _ _ 
_ _ _ _ 

0
Before
++++++
++++e+
++++r+
+++dl+
++oiu+
rrmos+

t e a p o t 
r e l i c s 
h e c t i c 
i n g r i d 
_ _ _ _ _ _ _ _ 
_ _ _ _ 

After
++++++
++++e+
++++r+
+++dl+
++oiu+
rrmos+

t e a p o t 
r e l i c s 
h e c t i c 
i n g r i d 
_ _ _ _ _ _ _ _ 
_ _ _ _ 

0
Before
++++++
++++e+
++++r+
++odl+
++riu+
r+mos+

t e a p o t 
r e l i c s 
h e c t i c 
i n g r i d 
_ _ _ _ _ _ _ _ 
_ _ _ _ 

After
++++++
++++e+
++++r+
++odl+
++riu+
r+mos+

t e a p o t 
r e l i c s 
h e c t i c 
i n g r i d 
_ _ _ _ _ _ _ _ 
_ _ _ _ 

0
Before
++++++
++++++
++++++
+++dl+
nroiu+
rimos+

t e a p o t 
r e l i c s 
h e c t i c 
g i r d e r 
_ _ _ _ _ _ _ _ 
_ _ _ _ 

After
++++++
++++++
++++++
+++dl+
nroiu+
rimos+

t e a p o t 
r e l i c s 
h e c t i c 
g i r d e r 
_ _ _ _ _ _ _ _ 
_ _ _ _ 

0
Before
++++++
++++++
++++++
+g++e+
nrrdr+
rimil+

t e a p o t 
r e l i c s 
h e c t i c 
o d i o u s 
_ _ _ _ _ _ _ _ 
_ _ _ _ 

After
++++++
++++++
++++++
+g++e+
nrrdr+
rimil+

t e a p o t 
r e l i c s 
h e c t i c 
o d i o u s 
_ _ _ _ _ _ _ _ 
_ _ _ _ 

0
Before
++++++
++++++
++++++
+gr+e+
nri+r+
rimdl+

t e a p o t 
r e l i c s 
h e c t i c 
o d i o u s 
_ _ _ _ _ _ _ _ 
_ _ _ _ 

After
++++++
++++++
++++++
+gr+e+
nri+r+
rimdl+

t e a p o t 
r e l i c s 
h e c t i c 
o d i o u s 
_ _ _ _ _ _ _ _ 
_ _ _ _ 

0
Before
++++++
++++e+
+go+r+
+rrdl+
ntidu+
riieh+

t e a p o t 
r e l i c s 
c o m i c s 
_ _ _ _ _ _ 
_ _ _ _ _ _ _ _ 
_ _ _ _ 

After
++++++
++++e+
+go+r+
+rrdl+
ntidu+
riieh+

t e a p o t 
r e l i c s 
c o m i c s 
_ _ _ _ _ _ 
_ _ _ _ _ _ _ _ 
_ _ _ _ 

0
Before
++++++
++++e+
+g+dr+
+rodl+
ntriu+
riieh+

t e a p o t 
r e l i c s 
c o m i c s 
_ _ _ _ _ _ 
_ _ _ _ _ _ _ _ 
_ _ _ _ 

After
++++++
++++e+
+g+dr+
+rodl+
ntriu+
riieh+

t e a p o t 
r e l i c s 
c o m i c s 
_ _ _ _ _ _ 
_ _ _ _ _ _ _ _ 
_ _ _ _ 

2
Before
++++++
++++e+
++++r+
++++l+
ng+du+
riieh+

t e a p o t 
r e l i c s 
c o m i c s 
t o r r i d 
_ _ _ _ _ _ _ _ 
_ _ _ _ 

After
++++++
++++e+
++++r+
++++l+
ng+du+
riieh+

t e a p o t 
r e l i c s 
c o m i c s 
t o r r i d 
_ _ _ _ _ _ _ _ 
_ _ _ _ 

0
Before
++++++
++++++
++++r+
+g++l+
nr+du+
riieh+

t e a p o t 
r e l i c s 
c o m i c s 
t r i o d e 
_ _ _ _ _ _ _ _ 
_ _ _ _ 

After
++++++
++++++
++++r+
+g++l+
nr+du+
riieh+

t e a p o t 
r e l i c s 
c o m i c s 
t r i o d e 
_ _ _ _ _ _ _ _ 
_ _ _ _ 

0
Before
++++++
++++e+
+g+dr+
+rodl+
ntriu+
riieh+

t e a p o t 
r e l i c s 
c o m i c s 
_ _ _ _ _ _ 
_ _ _ _ _ _ _ _ 
_ _ _ _ 

After
++++++
++++e+
+g+dr+
+rodl+
ntriu+
riieh+

t e a p o t 
r e l i c s 
c o m i c s 
_ _ _ _ _ _ 
_ _ _ _ _ _ _ _ 
_ _ _ _ 

2
Before
++++++
++++e+
++++r+
++++l+
ng+du+
riieh+

t e a p o t 
r e l i c s 
c o m i c s 
t o r r i d 
_ _ _ _ _ _ _ _ 
_ _ _ _ 

After
++++++
++++e+
++++r+
++++l+
ng+du+
riieh+

t e a p o t 
r e l i c s 
c o m i c s 
t o r r i d 
_ _ _ _ _ _ _ _ 
_ _ _ _ 

0
Before
++++++
++++++
++++r+
+g++l+
nr+du+
riieh+

t e a p o t 
r e l i c s 
c o m i c s 
t r i o d e 
_ _ _ _ _ _ _ _ 
_ _ _ _ 

After
++++++
++++++
++++r+
+g++l+
nr+du+
riieh+

t e a p o t 
r e l i c s 
c o m i c s 
t r i o d e 
_ _ _ _ _ _ _ _ 
_ _ _ _ 

0
Before
++++++
++++e+
++odr+
+grdl+
ntiiu+
rimcs+

t e a p o t 
r e l i c s 
c o h e i r 
_ _ _ _ _ _ 
_ _ _ _ _ _ _ _ 
_ _ _ _ 

After
++++++
++++e+
++odr+
+grdl+
ntiiu+
rimcs+

t e a p o t 
r e l i c s 
c o h e i r 
_ _ _ _ _ _ 
_ _ _ _ _ _ _ _ 
_ _ _ _ 

9
Before
++++++
++++e+
++++r+
++odl+
++rdu+
r+mis+

t e a p o t 
r e l i c s 
c o h e i r 
c i t i n g 
_ _ _ _ _ _ _ _ 
_ _ _ _ 

After
++++++
++++e+
++++r+
++odl+
++rdu+
r+mis+

t e a p o t 
r e l i c s 
c o h e i r 
c i t i n g 
_ _ _ _ _ _ _ _ 
_ _ _ _ 

0
Before
++++++
++++++
++++++
+go+++
ntrdu+
riics+

t e a p o t 
r e l i c s 
c o h e i r 
m i l d e r 
_ _ _ _ _ _ _ _ 
_ _ _ _ 

After
++++++
++++++
++++++
+go+++
ntrdu+
riics+

t e a p o t 
r e l i c s 
c o h e i r 
m i l d e r 
_ _ _ _ _ _ _ _ 
_ _ _ _ 

0
Before
++++++
++++e+
++++r+
++o+l+
++idu+
rtmcs+

t e a p o t 
r e l i c s 
c o h e i r 
i n g r i d 
_ _ _ _ _ _ _ _ 
_ _ _ _ 

After
++++++
++++e+
++++r+
++o+l+
++idu+
rtmcs+

t e a p o t 
r e l i c s 
c o h e i r 
i n g r i d 
_ _ _ _ _ _ _ _ 
_ _ _ _ 

0
Before
++++++
++++e+
++++r+
+++dl+
++oiu+
rtmcs+

t e a p o t 
r e l i c s 
c o h e i r 
i n g r i d 
_ _ _ _ _ _ _ _ 
_ _ _ _ 

After
++++++
++++e+
++++r+
+++dl+
++oiu+
rtmcs+

t e a p o t 
r e l i c s 
c o h e i r 
i n g r i d 
_ _ _ _ _ _ _ _ 
_ _ _ _ 

0
Before
++++++
++++++
++++e+
+++dr+
n+odl+
rimcu+

t e a p o t 
r e l i c s 
c o h e i r 
t i g r i s 
_ _ _ _ _ _ _ _ 
_ _ _ _ 

After
++++++
++++++
++++e+
+++dr+
n+odl+
rimcu+

t e a p o t 
r e l i c s 
c o h e i r 
t i g r i s 
_ _ _ _ _ _ _ _ 
_ _ _ _ 

0
Before
++++++
++++e+
+++dr+
+++dl+
++oiu+
r+rcs+

t e a p o t 
r e l i c s 
c o h e i r 
t i m i n g 
_ _ _ _ _ _ _ _ 
_ _ _ _ 

After
++++++
++++e+
+++dr+
+++dl+
++oiu+
r+rcs+

t e a p o t 
r e l i c s 
c o h e i r 
t i m i n g 
_ _ _ _ _ _ _ _ 
_ _ _ _ 

0
Before
++++++
++++e+
++++r+
++o+l+
++idu+
rgmds+

t e a p o t 
r e l i c s 
c o h e i r 
n i t r i c 
_ _ _ _ _ _ _ _ 
_ _ _ _ 

After
++++++
++++e+
++++r+
++o+l+
++idu+
rgmds+

t e a p o t 
r e l i c s 
c o h e i r 
n i t r i c 
_ _ _ _ _ _ _ _ 
_ _ _ _ 

0
Before
++++++
++++e+
++++r+
+++dl+
++odu+
rgmis+

t e a p o t 
r e l i c s 
c o h e i r 
n i t r i c 
_ _ _ _ _ _ _ _ 
_ _ _ _ 

After
++++++
++++e+
++++r+
+++dl+
++odu+
rgmis+

t e a p o t 
r e l i c s 
c o h e i r 
n i t r i c 
_ _ _ _ _ _ _ _ 
_ _ _ _ 

0
Before
++++++
++++++
++++++
+++dl+
ntoiu+
rimcs+

t e a p o t 
r e l i c s 
c o h e i r 
g i r d e r 
_ _ _ _ _ _ _ _ 
_ _ _ _ 

After
++++++
++++++
++++++
+++dl+
ntoiu+
rimcs+

t e a p o t 
r e l i c s 
c o h e i r 
g i r d e r 
_ _ _ _ _ _ _ _ 
_ _ _ _ 

0
Before
++++e+
+++dr+
++odl+
++riu+
n+mos+
rgieh+

t e a p o t 
r e l i c s 
c i t r i c 
_ _ _ _ _ _ 
_ _ _ _ _ _ _ _ 
_ _ _ _ 

After
++++e+
+++dr+
++odl+
++riu+
n+mos+
rgieh+

t e a p o t 
r e l i c s 
c i t r i c 
_ _ _ _ _ _ 
_ _ _ _ _ _ _ _ 
_ _ _ _ 

5
Before
++++++
++++++
++o+++
++rd++
n+mie+
rgier+

t e a p o t 
r e l i c s 
c i t r i c 
s h o u l d 
_ _ _ _ _ _ _ _ 
_ _ _ _ 

After
++++++
++++++
++o+++
++rd++
n+mie+
rgier+

t e a p o t 
r e l i c s 
c i t r i c 
s h o u l d 
_ _ _ _ _ _ _ _ 
_ _ _ _ 

0
Before
++++++
++++++
++o+++
++rd++
n+mie+
rgier+

t e a p o t 
r e l i c s 
c i t r i c 
s h o u l d 
_ _ _ _ _ _ _ _ 
_ _ _ _ 

After
++++++
++++++
++o+++
++rd++
n+mie+
rgier+

t e a p o t 
r e l i c s 
c i t r i c 
s h o u l d 
_ _ _ _ _ _ _ _ 
_ _ _ _ 

0
Before
++++++
++++++
++++++
++odu+
n+ros+
rgieh+

t e a p o t 
r e l i c s 
c i t r i c 
m i l d e r 
_ _ _ _ _ _ _ _ 
_ _ _ _ 

After
++++++
++++++
++++++
++odu+
n+ros+
rgieh+

t e a p o t 
r e l i c s 
c i t r i c 
m i l d e r 
_ _ _ _ _ _ _ _ 
_ _ _ _ 

0
Before
++++++
++++++
++++e+
++r+r+
n+mol+
rgieu+

t e a p o t 
r e l i c s 
c i t r i c 
o d d i s h 
_ _ _ _ _ _ _ _ 
_ _ _ _ 

After
++++++
++++++
++++e+
++r+r+
n+mol+
rgieu+

t e a p o t 
r e l i c s 
c i t r i c 
o d d i s h 
_ _ _ _ _ _ _ _ 
_ _ _ _ 

0
Before
++++++
++++++
++++e+
++r+r+
n+mdl+
rgieh+

t e a p o t 
r e l i c s 
c i t r i c 
o d i o u s 
_ _ _ _ _ _ _ _ 
_ _ _ _ 

After
++++++
++++++
++++e+
++r+r+
n+mdl+
rgieh+

t e a p o t 
r e l i c s 
c i t r i c 
o d i o u s 
_ _ _ _ _ _ _ _ 
_ _ _ _ 

0
Before
++++e+
+++dr+
++odl+
++riu+
n+ios+
rgmeh+

t e a p o t 
r e l i c s 
c i t r i c 
_ _ _ _ _ _ 
_ _ _ _ _ _ _ _ 
_ _ _ _ 

After
++++e+
+++dr+
++odl+
++riu+
n+ios+
rgmeh+

t e a p o t 
r e l i c s 
c i t r i c 
_ _ _ _ _ _ 
_ _ _ _ _ _ _ _ 
_ _ _ _ 

4
Before
++++++
++++++
++o+++
++rd++
n+iie+
rgmer+

t e a p o t 
r e l i c s 
c i t r i c 
s h o u l d 
_ _ _ _ _ _ _ _ 
_ _ _ _ 

After
++++++
++++++
++o+++
++rd++
n+iie+
rgmer+

t e a p o t 
r e l i c s 
c i t r i c 
s h o u l d 
_ _ _ _ _ _ _ _ 
_ _ _ _ 

0
Before
++++++
++++++
++o+++
++rd++
n+iie+
rgmer+

t e a p o t 
r e l i c s 
c i t r i c 
s h o u l d 
_ _ _ _ _ _ _ _ 
_ _ _ _ 

After
++++++
++++++
++o+++
++rd++
n+iie+
rgmer+

t e a p o t 
r e l i c s 
c i t r i c 
s h o u l d 
_ _ _ _ _ _ _ _ 
_ _ _ _ 

0
Before
++++++
++++++
++++e+
++r+r+
n+iol+
rgmeu+

t e a p o t 
r e l i c s 
c i t r i c 
o d d i s h 
_ _ _ _ _ _ _ _ 
_ _ _ _ 

After
++++++
++++++
++++e+
++r+r+
n+iol+
rgmeu+

t e a p o t 
r e l i c s 
c i t r i c 
o d d i s h 
_ _ _ _ _ _ _ _ 
_ _ _ _ 

0
Before
++++++
++++++
++++e+
++r+r+
n+idl+
rgmeh+

t e a p o t 
r e l i c s 
c i t r i c 
o d i o u s 
_ _ _ _ _ _ _ _ 
_ _ _ _ 

After
++++++
++++++
++++e+
++r+r+
n+idl+
rgmeh+

t e a p o t 
r e l i c s 
c i t r i c 
o d i o u s 
_ _ _ _ _ _ _ _ 
_ _ _ _ 

0
Before
++++++
+++de+
++odr+
++ril+
ngicu+
rrmoh+

t e a p o t 
r e l i c s 
c i t i e s 
_ _ _ _ _ _ 
_ _ _ _ _ _ _ _ 
_ _ _ _ 

After
++++++
+++de+
++odr+
++ril+
ngicu+
rrmoh+

t e a p o t 
r e l i c s 
c i t i e s 
_ _ _ _ _ _ 
_ _ _ _ _ _ _ _ 
_ _ _ _ 

2
Before
++++++
++++++
++++r+
+++il+
n+ocu+
rrmoh+

t e a p o t 
r e l i c s 
c i t i e s 
g i r d e d 
_ _ _ _ _ _ _ _ 
_ _ _ _ 

After
++++++
++++++
++++r+
+++il+
n+ocu+
rrmoh+

t e a p o t 
r e l i c s 
c i t i e s 
g i r d e d 
_ _ _ _ _ _ _ _ 
_ _ _ _ 

0
Before
++++++
++++++
+++d++
+++il+
n+ocu+
rrmoh+

t e a p o t 
r e l i c s 
c i t i e s 
g i r d e r 
_ _ _ _ _ _ _ _ 
_ _ _ _ 

After
++++++
++++++
+++d++
+++il+
n+ocu+
rrmoh+

t e a p o t 
r e l i c s 
c i t i e s 
g i r d e r 
_ _ _ _ _ _ _ _ 
_ _ _ _ 

0
Before
++++e+
+++dr+
+++dl+
++oiu+
ngros+
rimeh+

t e a p o t 
r e l i c s 
c i t r i c 
_ _ _ _ _ _ 
_ _ _ _ _ _ _ _ 
_ _ _ _ 

After
++++e+
+++dr+
+++dl+
++oiu+
ngros+
rimeh+

t e a p o t 
r e l i c s 
c i t r i c 
_ _ _ _ _ _ 
_ _ _ _ _ _ _ _ 
_ _ _ _ 

12
Before
++++++
++++e+
+++dr+
+++dl+
++oiu+
r+res+

t e a p o t 
r e l i c s 
c i t r i c 
h o m i n g 
_ _ _ _ _ _ _ _ 
_ _ _ _ 

After
++++++
++++e+
+++dr+
+++dl+
++oiu+
r+res+

t e a p o t 
r e l i c s 
c i t r i c 
h o m i n g 
_ _ _ _ _ _ _ _ 
_ _ _ _ 

0
Before
++++++
++++++
++++e+
+++dr+
ng+dl+
rioih+

t e a p o t 
r e l i c s 
c i t r i c 
m o u s e r 
_ _ _ _ _ _ _ _ 
_ _ _ _ 

After
++++++
++++++
++++e+
+++dr+
ng+dl+
rioih+

t e a p o t 
r e l i c s 
c i t r i c 
m o u s e r 
_ _ _ _ _ _ _ _ 
_ _ _ _ 

0
Before
++++e+
++++r+
++++l+
+++du+
++oos+
r+meh+

t e a p o t 
r e l i c s 
c i t r i c 
i n g r i d 
_ _ _ _ _ _ _ _ 
_ _ _ _ 

After
++++e+
++++r+
++++l+
+++du+
++oos+
r+meh+

t e a p o t 
r e l i c s 
c i t r i c 
i n g r i d 
_ _ _ _ _ _ _ _ 
_ _ _ _ 

0
Before
++++++
++++e+
+++dr+
+++dl+
++oou+
r+meh+

t e a p o t 
r e l i c s 
c i t r i c 
s i r i n g 
_ _ _ _ _ _ _ _ 
_ _ _ _ 

After
++++++
++++e+
+++dr+
+++dl+
++oou+
r+meh+

t e a p o t 
r e l i c s 
c i t r i c 
s i r i n g 
_ _ _ _ _ _ _ _ 
_ _ _ _ 

0
Before
++++++
++++++
++++++
++od++
ngrie+
rimer+

t e a p o t 
r e l i c s 
c i t r i c 
s h o u l d 
_ _ _ _ _ _ _ _ 
_ _ _ _ 

After
++++++
++++++
++++++
++od++
ngrie+
rimer+

t e a p o t 
r e l i c s 
c i t r i c 
s h o u l d 
_ _ _ _ _ _ _ _ 
_ _ _ _ 

0
Before
++++++
++++++
++++++
++od++
ngrie+
rimer+

t e a p o t 
r e l i c s 
c i t r i c 
s h o u l d 
_ _ _ _ _ _ _ _ 
_ _ _ _ 

After
++++++
++++++
++++++
++od++
ngrie+
rimer+

t e a p o t 
r e l i c s 
c i t r i c 
s h o u l d 
_ _ _ _ _ _ _ _ 
_ _ _ _ 

0
Before
++++++
++++e+
+++dr+
+++dl+
++oiu+
n+roh+

t e a p o t 
r e l i c s 
c i t r i c 
g r i m e s 
_ _ _ _ _ _ _ _ 
_ _ _ _ 

After
++++++
++++e+
+++dr+
+++dl+
++oiu+
n+roh+

t e a p o t 
r e l i c s 
c i t r i c 
g r i m e s 
_ _ _ _ _ _ _ _ 
_ _ _ _ 

0
Before
++++++
++++e+
+++dr+
+++dl+
n++iu+
r+ooh+

t e a p o t 
r e l i c s 
c i t r i c 
g r i m e s 
_ _ _ _ _ _ _ _ 
_ _ _ _ 

After
++++++
++++e+
+++dr+
+++dl+
n++iu+
r+ooh+

t e a p o t 
r e l i c s 
c i t r i c 
g r i m e s 
_ _ _ _ _ _ _ _ 
_ _ _ _ 

0
Before
++++++
++++++
++++e+
+++dr+
n+odl+
rimih+

t e a p o t 
r e l i c s 
c i t r i c 
g r o u s e 
_ _ _ _ _ _ _ _ 
_ _ _ _ 

After
++++++
++++++
++++e+
+++dr+
n+odl+
rimih+

t e a p o t 
r e l i c s 
c i t r i c 
g r o u s e 
_ _ _ _ _ _ _ _ 
_ _ _ _ 

0
Before
++++e+
++++r+
+++dl+
+++iu+
+++os+
rg+eh+

t e a p o t 
r e l i c s 
c i t r i c 
n i m r o d 
_ _ _ _ _ _ _ _ 
_ _ _ _ 

After
++++e+
++++r+
+++dl+
+++iu+
+++os+
rg+eh+

t e a p o t 
r e l i c s 
c i t r i c 
n i m r o d 
_ _ _ _ _ _ _ _ 
_ _ _ _ 

0
Before
++++++
++++e+
++++r+
++++l+
ng+du+
riodh+

t e a p o t 
r e l i c s 
c i t r i c 
i s o m e r 
_ _ _ _ _ _ _ _ 
_ _ _ _ 

After
++++++
++++e+
++++r+
++++l+
ng+du+
riodh+

t e a p o t 
r e l i c s 
c i t r i c 
i s o m e r 
_ _ _ _ _ _ _ _ 
_ _ _ _ 

0
Before
++++++
++++++
++++e+
++++r+
ngrdl+
rimeh+

t e a p o t 
r e l i c s 
c i t r i c 
o d i o u s 
_ _ _ _ _ _ _ _ 
_ _ _ _ 

After
++++++
++++++
++++e+
++++r+
ngrdl+
rimeh+

t e a p o t 
r e l i c s 
c i t r i c 
o d i o u s 
_ _ _ _ _ _ _ _ 
_ _ _ _ 

0
Before
++o+++
++r+++
+gid++
+rmi++
ntice+
ricer+

t e a p o t 
r e l i c s 
s h o u l d 
_ _ _ _ _ _ 
_ _ _ _ _ _ _ _ 
_ _ _ _ 

After
++o+++
++r+++
+gid++
+rmi++
ntice+
ricer+

t e a p o t 
r e l i c s 
s h o u l d 
_ _ _ _ _ _ 
_ _ _ _ _ _ _ _ 
_ _ _ _ 

5
Before
++++++
++++++
++o+++
++rd++
n+iie+
rgmer+

t e a p o t 
r e l i c s 
s h o u l d 
c i t r i c 
_ _ _ _ _ _ _ _ 
_ _ _ _ 

After
++++++
++++++
++o+++
++rd++
n+iie+
rgmer+

t e a p o t 
r e l i c s 
s h o u l d 
c i t r i c 
_ _ _ _ _ _ _ _ 
_ _ _ _ 

0
Before
++++++
++++++
++o+++
++rd++
+giie+
nrmer+

t e a p o t 
r e l i c s 
s h o u l d 
c i t r i c 
_ _ _ _ _ _ _ _ 
_ _ _ _ 

After
++++++
++++++
++o+++
++rd++
+giie+
nrmer+

t e a p o t 
r e l i c s 
s h o u l d 
c i t r i c 
_ _ _ _ _ _ _ _ 
_ _ _ _ 

0
Before
++++++
++o+++
++r+++
++id++
++mie+
rgcer+

t e a p o t 
r e l i c s 
s h o u l d 
n i t r i c 
_ _ _ _ _ _ _ _ 
_ _ _ _ 

After
++++++
++o+++
++r+++
++id++
++mie+
rgcer+

t e a p o t 
r e l i c s 
s h o u l d 
n i t r i c 
_ _ _ _ _ _ _ _ 
_ _ _ _ 

0
Before
++++++
++++++
++od++
++ri++
++ice+
rgmer+

t e a p o t 
r e l i c s 
s h o u l d 
n i t r i c 
_ _ _ _ _ _ _ _ 
_ _ _ _ 

After
++++++
++++++
++od++
++ri++
++ice+
rgmer+

t e a p o t 
r e l i c s 
s h o u l d 
n i t r i c 
_ _ _ _ _ _ _ _ 
_ _ _ _ 

0
Before
++++++
++o+++
+gr+++
+ri+++
ntm+++
ric+e+

t e a p o t 
r e l i c s 
s h o u l d 
d i c i e r 
_ _ _ _ _ _ _ _ 
_ _ _ _ 

After
++++++
++o+++
+gr+++
+ri+++
ntm+++
ric+e+

t e a p o t 
r e l i c s 
s h o u l d 
d i c i e r 
_ _ _ _ _ _ _ _ 
_ _ _ _ 

0
Before
++++e+
++odr+
++rdl+
++miu+
++ios+
rgceh+

t e a p o t 
r e l i c s 
n i t r i c 
_ _ _ _ _ _ 
_ _ _ _ _ _ _ _ 
_ _ _ _ 

After
++++e+
++odr+
++rdl+
++miu+
++ios+
rgceh+

t e a p o t 
r e l i c s 
n i t r i c 
_ _ _ _ _ _ 
_ _ _ _ _ _ _ _ 
_ _ _ _ 

5
Before
++++++
++o+++
++r+++
++md++
++iie+
rgcer+

t e a p o t 
r e l i c s 
n i t r i c 
s h o u l d 
_ _ _ _ _ _ _ _ 
_ _ _ _ 

After
++++++
++o+++
++r+++
++md++
++iie+
rgcer+

t e a p o t 
r e l i c s 
n i t r i c 
s h o u l d 
_ _ _ _ _ _ _ _ 
_ _ _ _ 

0
Before
++++++
++o+++
++r+++
++md++
++iie+
rgcer+

t e a p o t 
r e l i c s 
n i t r i c 
s h o u l d 
_ _ _ _ _ _ _ _ 
_ _ _ _ 

After
++++++
++o+++
++r+++
++md++
++iie+
rgcer+

t e a p o t 
r e l i c s 
n i t r i c 
s h o u l d 
_ _ _ _ _ _ _ _ 
_ _ _ _ 

0
Before
++++++
++++++
++o+++
++rdu+
++ios+
rgceh+

t e a p o t 
r e l i c s 
n i t r i c 
m i l d e r 
_ _ _ _ _ _ _ _ 
_ _ _ _ 

After
++++++
++++++
++o+++
++rdu+
++ios+
rgceh+

t e a p o t 
r e l i c s 
n i t r i c 
m i l d e r 
_ _ _ _ _ _ _ _ 
_ _ _ _ 

0
Before
++++++
++++++
++r+e+
++m+r+
++idl+
rgceh+

t e a p o t 
r e l i c s 
n i t r i c 
o d i o u s 
_ _ _ _ _ _ _ _ 
_ _ _ _ 

After
++++++
++++++
++r+e+
++m+r+
++idl+
rgceh+

t e a p o t 
r e l i c s 
n i t r i c 
o d i o u s 
_ _ _ _ _ _ _ _ 
_ _ _ _ 

0
Before
++++++
++++++
++r+e+
++m+r+
++iol+
rgceu+

t e a p o t 
r e l i c s 
n i t r i c 
o d d i s h 
_ _ _ _ _ _ _ _ 
_ _ _ _ 

After
++++++
++++++
++r+e+
++m+r+
++iol+
rgceu+

t e a p o t 
r e l i c s 
n i t r i c 
o d d i s h 
_ _ _ _ _ _ _ _ 
_ _ _ _ 

0
Before
++++e+
++odr+
++rdl+
++iiu+
++mos+
rgceh+

t e a p o t 
r e l i c s 
n i t r i c 
_ _ _ _ _ _ 
_ _ _ _ _ _ _ _ 
_ _ _ _ 

After
++++e+
++odr+
++rdl+
++iiu+
++mos+
rgceh+

t e a p o t 
r e l i c s 
n i t r i c 
_ _ _ _ _ _ 
_ _ _ _ _ _ _ _ 
_ _ _ _ 

6
Before
++++++
++o+++
++r+++
++id++
++mie+
rgcer+

t e a p o t 
r e l i c s 
n i t r i c 
s h o u l d 
_ _ _ _ _ _ _ _ 
_ _ _ _ 

After
++++++
++o+++
++r+++
++id++
++mie+
rgcer+

t e a p o t 
r e l i c s 
n i t r i c 
s h o u l d 
_ _ _ _ _ _ _ _ 
_ _ _ _ 

0
Before
++++++
++o+++
++r+++
++id++
++mie+
rgcer+

t e a p o t 
r e l i c s 
n i t r i c 
s h o u l d 
_ _ _ _ _ _ _ _ 
_ _ _ _ 

After
++++++
++o+++
++r+++
++id++
++mie+
rgcer+

t e a p o t 
r e l i c s 
n i t r i c 
s h o u l d 
_ _ _ _ _ _ _ _ 
_ _ _ _ 

0
Before
++++++
++++++
++o+++
++rdu+
++ios+
rgceh+

t e a p o t 
r e l i c s 
n i t r i c 
m i l d e r 
_ _ _ _ _ _ _ _ 
_ _ _ _ 

After
++++++
++++++
++o+++
++rdu+
++ios+
rgceh+

t e a p o t 
r e l i c s 
n i t r i c 
m i l d e r 
_ _ _ _ _ _ _ _ 
_ _ _ _ 

0
Before
++++++
++++++
++++e+
++rdr+
++mil+
rgceh+

t e a p o t 
r e l i c s 
n i t r i c 
o d i o u s 
_ _ _ _ _ _ _ _ 
_ _ _ _ 

After
++++++
++++++
++++e+
++rdr+
++mil+
rgceh+

t e a p o t 
r e l i c s 
n i t r i c 
o d i o u s 
_ _ _ _ _ _ _ _ 
_ _ _ _ 

0
Before
++++++
++++++
++r+e+
++i+r+
++mdl+
rgceh+

t e a p o t 
r e l i c s 
n i t r i c 
o d i o u s 
_ _ _ _ _ _ _ _ 
_ _ _ _ 

After
++++++
++++++
++r+e+
++i+r+
++mdl+
rgceh+

t e a p o t 
r e l i c s 
n i t r i c 
o d i o u s 
_ _ _ _ _ _ _ _ 
_ _ _ _ 

0
Before
++++++
++++++
++r+e+
++i+r+
++mol+
rgceu+

t e a p o t 
r e l i c s 
n i t r i c 
o d d i s h 
_ _ _ _ _ _ _ _ 
_ _ _ _ 

After
++++++
++++++
++r+e+
++i+r+
++mol+
rgceu+

t e a p o t 
r e l i c s 
n i t r i c 
o d d i s h 
_ _ _ _ _ _ _ _ 
_ _ _ _ 

0
Before
+++de+
+++dr+
++oil+
++rcu+
++ios+
rgmeh+

t e a p o t 
r e l i c s 
n i t r i c 
_ _ _ _ _ _ 
_ _ _ _ _ _ _ _ 
_ _ _ _ 

After
+++de+
+++dr+
++oil+
++rcu+
++ios+
rgmeh+

t e a p o t 
r e l i c s 
n i t r i c 
_ _ _ _ _ _ 
_ _ _ _ _ _ _ _ 
_ _ _ _ 

4
Before
++++++
++++e+
+++dr+
+++dl+
+++iu+
rgoeh+

t e a p o t 
r e l i c s 
n i t r i c 
m i c r o s 
_ _ _ _ _ _ _ _ 
_ _ _ _ 

After
++++++
++++e+
+++dr+
+++dl+
+++iu+
rgoeh+

t e a p o t 
r e l i c s 
n i t r i c 
m i c r o s 
_ _ _ _ _ _ _ _ 
_ _ _ _ 

0
Before
++++++
++++++
++od++
++ri++
++ice+
rgmer+

t e a p o t 
r e l i c s 
n i t r i c 
s h o u l d 
_ _ _ _ _ _ _ _ 
_ _ _ _ 

After
++++++
++++++
++od++
++ri++
++ice+
rgmer+

t e a p o t 
r e l i c s 
n i t r i c 
s h o u l d 
_ _ _ _ _ _ _ _ 
_ _ _ _ 

0
Before
++++++
++++e+
+++dr+
+++dl+
+++iu+
rgooh+

t e a p o t 
r e l i c s 
n i t r i c 
c r i m e s 
_ _ _ _ _ _ _ _ 
_ _ _ _ 

After
++++++
++++e+
+++dr+
+++dl+
+++iu+
rgooh+

t e a p o t 
r e l i c s 
n i t r i c 
c r i m e s 
_ _ _ _ _ _ _ _ 
_ _ _ _ 

0
Before
++++++
++++e+
++++r+
+++dl+
++odu+
rgmis+

t e a p o t 
r e l i c s 
n i t r i c 
c o h e i r 
_ _ _ _ _ _ _ _ 
_ _ _ _ 

After
++++++
++++e+
++++r+
+++dl+
++odu+
rgmis+

t e a p o t 
r e l i c s 
n i t r i c 
c o h e i r 
_ _ _ _ _ _ _ _ 
_ _ _ _ 

0
Before
++++e+
+++dr+
++odl+
++riu+
+gios+
nrmeh+

t e a p o t 
r e l i c s 
c i t r i c 
_ _ _ _ _ _ 
_ _ _ _ _ _ _ _ 
_ _ _ _ 

After
++++e+
+++dr+
++odl+
++riu+
+gios+
nrmeh+

t e a p o t 
r e l i c s 
c i t r i c 
_ _ _ _ _ _ 
_ _ _ _ _ _ _ _ 
_ _ _ _ 

9
Before
++++++
++++++
++o+++
++rd++
+giie+
nrmer+

t e a p o t 
r e l i c s 
c i t r i c 
s h o u l d 
_ _ _ _ _ _ _ _ 
_ _ _ _ 

After
++++++
++++++
++o+++
++rd++
+giie+
nrmer+

t e a p o t 
r e l i c s 
c i t r i c 
s h o u l d 
_ _ _ _ _ _ _ _ 
_ _ _ _ 

0
Before
++++++
++++++
++o+++
++rd++
+giie+
nrmer+

t e a p o t 
r e l i c s 
c i t r i c 
s h o u l d 
_ _ _ _ _ _ _ _ 
_ _ _ _ 

After
++++++
++++++
++o+++
++rd++
+giie+
nrmer+

t e a p o t 
r e l i c s 
c i t r i c 
s h o u l d 
_ _ _ _ _ _ _ _ 
_ _ _ _ 

0
Before
++++++
++++e+
++++r+
+++dl+
++odu+
nrmih+

t e a p o t 
r e l i c s 
c i t r i c 
o r g i e s 
_ _ _ _ _ _ _ _ 
_ _ _ _ 

After
++++++
++++e+
++++r+
+++dl+
++odu+
nrmih+

t e a p o t 
r e l i c s 
c i t r i c 
o r g i e s 
_ _ _ _ _ _ _ _ 
_ _ _ _ 

0
Before
++++++
++++++
++++e+
++odr+
++idl+
nrmih+

t e a p o t 
r e l i c s 
c i t r i c 
g r o u s e 
_ _ _ _ _ _ _ _ 
_ _ _ _ 

After
++++++
++++++
++++e+
++odr+
++idl+
nrmih+

t e a p o t 
r e l i c s 
c i t r i c 
g r o u s e 
_ _ _ _ _ _ _ _ 
_ _ _ _ 

0
Before
++++++
++++e+
+++dr+
+++dl+
+++iu+
nrooh+

t e a p o t 
r e l i c s 
c i t r i c 
g r i m e s 
_ _ _ _ _ _ _ _ 
_ _ _ _ 

After
++++++
++++e+
+++dr+
+++dl+
+++iu+
nrooh+

t e a p o t 
r e l i c s 
c i t r i c 
g r i m e s 
_ _ _ _ _ _ _ _ 
_ _ _ _ 

0
Before
++++++
++++e+
+++dr+
+++dl+
++oiu+
n+roh+

t e a p o t 
r e l i c s 
c i t r i c 
g r i m e s 
_ _ _ _ _ _ _ _ 
_ _ _ _ 

After
++++++
++++e+
+++dr+
+++dl+
++oiu+
n+roh+

t e a p o t 
r e l i c s 
c i t r i c 
g r i m e s 
_ _ _ _ _ _ _ _ 
_ _ _ _ 

0
Before
++++++
++++++
++++e+
++r+r+
+giol+
nrmeu+

t e a p o t 
r e l i c s 
c i t r i c 
o d d i s h 
_ _ _ _ _ _ _ _ 
_ _ _ _ 

After
++++++
++++++
++++e+
++r+r+
+giol+
nrmeu+

t e a p o t 
r e l i c s 
c i t r i c 
o d d i s h 
_ _ _ _ _ _ _ _ 
_ _ _ _ 

0
Before
++++++
++++++
++++e+
++r+r+
+gidl+
nrmeh+

t e a p o t 
r e l i c s 
c i t r i c 
o d i o u s 
_ _ _ _ _ _ _ _ 
_ _ _ _ 

After
++++++
++++++
++++e+
++r+r+
+gidl+
nrmeh+

t e a p o t 
r e l i c s 
c i t r i c 
o d i o u s 
_ _ _ _ _ _ _ _ 
_ _ _ _ 

0
Before
++++++
++++e+
+++dr+
+++dl+
+++iu+
nrmoh+

t e a p o t 
r e l i c s 
c i t r i c 
o r g i e s 
_ _ _ _ _ _ _ _ 
_ _ _ _ 

After
++++++
++++e+
+++dr+
+++dl+
+++iu+
nrmoh+

t e a p o t 
r e l i c s 
c i t r i c 
o r g i e s 
_ _ _ _ _ _ _ _ 
_ _ _ _ 

0
Before
++++++
++o+e+
++r+r+
+gidl+
ntmdu+
ricis+

t e a p o t 
r e l i c s 
c o h e i r 
_ _ _ _ _ _ 
_ _ _ _ _ _ _ _ 
_ _ _ _ 

After
++++++
++o+e+
++r+r+
+gidl+
ntmdu+
ricis+

t e a p o t 
r e l i c s 
c o h e i r 
_ _ _ _ _ _ 
_ _ _ _ _ _ _ _ 
_ _ _ _ 

4
Before
++++++
++++e+
++++r+
++o+l+
++mdu+
rtcis+

t e a p o t 
r e l i c s 
c o h e i r 
i n g r i d 
_ _ _ _ _ _ _ _ 
_ _ _ _ 

After
++++++
++++e+
++++r+
++o+l+
++mdu+
rtcis+

t e a p o t 
r e l i c s 
c o h e i r 
i n g r i d 
_ _ _ _ _ _ _ _ 
_ _ _ _ 

0
Before
++++++
++++e+
++++r+
++o+l+
++mdu+
rtcis+

t e a p o t 
r e l i c s 
c o h e i r 
i n g r i d 
_ _ _ _ _ _ _ _ 
_ _ _ _ 

After
++++++
++++e+
++++r+
++o+l+
++mdu+
rtcis+

t e a p o t 
r e l i c s 
c o h e i r 
i n g r i d 
_ _ _ _ _ _ _ _ 
_ _ _ _ 

0
Before
++++++
++++e+
++o+r+
++r+l+
++i+u+
rtmds+

t e a p o t 
r e l i c s 
c o h e i r 
d i c i n g 
_ _ _ _ _ _ _ _ 
_ _ _ _ 

After
++++++
++++e+
++o+r+
++r+l+
++i+u+
rtmds+

t e a p o t 
r e l i c s 
c o h e i r 
d i c i n g 
_ _ _ _ _ _ _ _ 
_ _ _ _ 

0
Before
++++++
++++e+
++++r+
++odl+
++rdu+
r+cis+

t e a p o t 
r e l i c s 
c o h e i r 
t i m i n g 
_ _ _ _ _ _ _ _ 
_ _ _ _ 

After
++++++
++++e+
++++r+
++odl+
++rdu+
r+cis+

t e a p o t 
r e l i c s 
c o h e i r 
t i m i n g 
_ _ _ _ _ _ _ _ 
_ _ _ _ 

0
Before
++++++
++o+++
+grd++
+ricu+
ntios+
riceh+

t e a p o t 
r e l i c s 
m i l d e r 
_ _ _ _ _ _ 
_ _ _ _ _ _ _ _ 
_ _ _ _ 

After
++++++
++o+++
+grd++
+ricu+
ntios+
riceh+

t e a p o t 
r e l i c s 
m i l d e r 
_ _ _ _ _ _ 
_ _ _ _ _ _ _ _ 
_ _ _ _ 

19
Before
++++++
++++++
++++++
+go+++
nrrdu+
riios+

t e a p o t 
r e l i c s 
m i l d e r 
h e c t i c 
_ _ _ _ _ _ _ _ 
_ _ _ _ 

After
++++++
++++++
++++++
+go+++
nrrdu+
riios+

t e a p o t 
r e l i c s 
m i l d e r 
h e c t i c 
_ _ _ _ _ _ _ _ 
_ _ _ _ 

0
Before
++++++
++++++
++++++
+go+++
nrrdu+
riios+

t e a p o t 
r e l i c s 
m i l d e r 
h e c t i c 
_ _ _ _ _ _ _ _ 
_ _ _ _ 

After
++++++
++++++
++++++
+go+++
nrrdu+
riios+

t e a p o t 
r e l i c s 
m i l d e r 
h e c t i c 
_ _ _ _ _ _ _ _ 
_ _ _ _ 

0
Before
++++++
++++++
+gr+++
+ri+++
nti+++
ricoh+

t e a p o t 
r e l i c s 
m i l d e r 
e s c u d o 
_ _ _ _ _ _ _ _ 
_ _ _ _ 

After
++++++
++++++
+gr+++
+ri+++
nti+++
ricoh+

t e a p o t 
r e l i c s 
m i l d e r 
e s c u d o 
_ _ _ _ _ _ _ _ 
_ _ _ _ 

0
Before
++++++
++++++
++++++
+go+++
ntrdu+
riics+

t e a p o t 
r e l i c s 
m i l d e r 
c o h e i r 
_ _ _ _ _ _ _ _ 
_ _ _ _ 

After
++++++
++++++
++++++
+go+++
ntrdu+
riics+

t e a p o t 
r e l i c s 
m i l d e r 
c o h e i r 
_ _ _ _ _ _ _ _ 
_ _ _ _ 

0
Before
++++++
++++++
++++++
++odu+
n+ros+
rgieh+

t e a p o t 
r e l i c s 
m i l d e r 
c i t r i c 
_ _ _ _ _ _ _ _ 
_ _ _ _ 

After
++++++
++++++
++++++
++odu+
n+ros+
rgieh+

t e a p o t 
r e l i c s 
m i l d e r 
c i t r i c 
_ _ _ _ _ _ _ _ 
_ _ _ _ 

0
Before
++++++
++++++
++++++
++odu+
n+ros+
rgieh+

t e a p o t 
r e l i c s 
m i l d e r 
c i t r i c 
_ _ _ _ _ _ _ _ 
_ _ _ _ 

After
++++++
++++++
++++++
++odu+
n+ros+
rgieh+

t e a p o t 
r e l i c s 
m i l d e r 
c i t r i c 
_ _ _ _ _ _ _ _ 
_ _ _ _ 

0
Before
++++++
++++++
++++++
++od++
ngrcu+
rrioh+

t e a p o t 
r e l i c s 
m i l d e r 
c i t i e s 
_ _ _ _ _ _ _ _ 
_ _ _ _ 

After
++++++
++++++
++++++
++od++
ngrcu+
rrioh+

t e a p o t 
r e l i c s 
m i l d e r 
c i t i e s 
_ _ _ _ _ _ _ _ 
_ _ _ _ 

0
Before
++++++
++++++
++++++
+++du+
ngoos+
rireh+

t e a p o t 
r e l i c s 
m i l d e r 
c i t r i c 
_ _ _ _ _ _ _ _ 
_ _ _ _ 

After
++++++
++++++
++++++
+++du+
ngoos+
rireh+

t e a p o t 
r e l i c s 
m i l d e r 
c i t r i c 
_ _ _ _ _ _ _ _ 
_ _ _ _ 

2
Before
++++++
++++++
++++++
++++++
+++d++
n++eh+

t e a p o t 
r e l i c s 
m i l d e r 
c i t r i c 
r i g o r o u s 
_ _ _ _ 

After
++++++
++++++
++++++
++++++
+++d++
n++eh+

t e a p o t 
r e l i c s 
m i l d e r 
c i t r i c 
r i g o r o u s 
_ _ _ _ 

0
Before
++++++
++++++
++++++
++++++
+++d++
r+oo++

t e a p o t 
r e l i c s 
m i l d e r 
c i t r i c 
u s h e r i n g 
_ _ _ _ 

After
++++++
++++++
++++++
++++++
+++d++
r+oo++

t e a p o t 
r e l i c s 
m i l d e r 
c i t r i c 
u s h e r i n g 
_ _ _ _ 

0
Before
++++++
++++++
++o+++
++rdu+
++ios+
rgceh+

t e a p o t 
r e l i c s 
m i l d e r 
n i t r i c 
_ _ _ _ _ _ _ _ 
_ _ _ _ 

After
++++++
++++++
++o+++
++rdu+
++ios+
rgceh+

t e a p o t 
r e l i c s 
m i l d e r 
n i t r i c 
_ _ _ _ _ _ _ _ 
_ _ _ _ 

0
Before
++++++
++++++
+++d++
++ocu+
++ros+
rgieh+

t e a p o t 
r e l i c s 
m i l d e r 
n i t r i c 
_ _ _ _ _ _ _ _ 
_ _ _ _ 

After
++++++
++++++
+++d++
++ocu+
++ros+
rgieh+

t e a p o t 
r e l i c s 
m i l d e r 
n i t r i c 
_ _ _ _ _ _ _ _ 
_ _ _ _ 

0
Before
++++++
++++++
++o+++
++rdu+
++ios+
rgceh+

t e a p o t 
r e l i c s 
m i l d e r 
n i t r i c 
_ _ _ _ _ _ _ _ 
_ _ _ _ 

After
++++++
++++++
++o+++
++rdu+
++ios+
rgceh+

t e a p o t 
r e l i c s 
m i l d e r 
n i t r i c 
_ _ _ _ _ _ _ _ 
_ _ _ _ 

0
Before
++++++
++++++
++++++
++odu+
+gros+
nrieh+

t e a p o t 
r e l i c s 
m i l d e r 
c i t r i c 
_ _ _ _ _ _ _ _ 
_ _ _ _ 

After
++++++
++++++
++++++
++odu+
+gros+
nrieh+

t e a p o t 
r e l i c s 
m i l d e r 
c i t r i c 
_ _ _ _ _ _ _ _ 
_ _ _ _ 

1
Before
++++++
++++++
++++++
++++++
+++d++
n++eh+

t e a p o t 
r e l i c s 
m i l d e r 
c i t r i c 
r i g o r o u s 
_ _ _ _ 

After
++++++
++++++
++++++
++++++
+++d++
n++eh+

t e a p o t 
r e l i c s 
m i l d e r 
c i t r i c 
r i g o r o u s 
_ _ _ _ 

0
Before
++++++
++++++
++++++
+g+du+
nr+os+
rioeh+

t e a p o t 
r e l i c s 
m i l d e r 
c r i t i c 
_ _ _ _ _ _ _ _ 
_ _ _ _ 

After
++++++
++++++
++++++
+g+du+
nr+os+
rioeh+

t e a p o t 
r e l i c s 
m i l d e r 
c r i t i c 
_ _ _ _ _ _ _ _ 
_ _ _ _ 

0
Before
++++++
++++++
++++++
+++du+
ngoos+
rrieh+

t e a p o t 
r e l i c s 
m i l d e r 
c r i t i c 
_ _ _ _ _ _ _ _ 
_ _ _ _ 

After
++++++
++++++
++++++
+++du+
ngoos+
rrieh+

t e a p o t 
r e l i c s 
m i l d e r 
c r i t i c 
_ _ _ _ _ _ _ _ 
_ _ _ _ 

0
Before
++++++
++++++
++++++
++odu+
+gros+
nrieh+

t e a p o t 
r e l i c s 
m i l d e r 
c i t r i c 
_ _ _ _ _ _ _ _ 
_ _ _ _ 

After
++++++
++++++
++++++
++odu+
+gros+
nrieh+

t e a p o t 
r e l i c s 
m i l d e r 
c i t r i c 
_ _ _ _ _ _ _ _ 
_ _ _ _ 

1
Before
++++++
++++++
++++++
++++++
+++d++
n++eh+

t e a p o t 
r e l i c s 
m i l d e r 
c i t r i c 
r i g o r o u s 
_ _ _ _ 

After
++++++
++++++
++++++
++++++
+++d++
n++eh+

t e a p o t 
r e l i c s 
m i l d e r 
c i t r i c 
r i g o r o u s 
_ _ _ _ 

0
Before
++++++
++++++
++++++
+++du+
ngoos+
rireh+

t e a p o t 
r e l i c s 
m i l d e r 
c i t r i c 
_ _ _ _ _ _ _ _ 
_ _ _ _ 

After
++++++
++++++
++++++
+++du+
ngoos+
rireh+

t e a p o t 
r e l i c s 
m i l d e r 
c i t r i c 
_ _ _ _ _ _ _ _ 
_ _ _ _ 

2
Before
++++++
++++++
++++++
++++++
+++d++
n++eh+

t e a p o t 
r e l i c s 
m i l d e r 
c i t r i c 
r i g o r o u s 
_ _ _ _ 

After
++++++
++++++
++++++
++++++
+++d++
n++eh+

t e a p o t 
r e l i c s 
m i l d e r 
c i t r i c 
r i g o r o u s 
_ _ _ _ 

0
Before
++++++
++++++
++++++
++++++
+++d++
r+oo++

t e a p o t 
r e l i c s 
m i l d e r 
c i t r i c 
u s h e r i n g 
_ _ _ _ 

After
++++++
++++++
++++++
++++++
+++d++
r+oo++

t e a p o t 
r e l i c s 
m i l d e r 
c i t r i c 
u s h e r i n g 
_ _ _ _ 

0
Before
++++++
++++++
++++++
+go+++
nrrdu+
ricoh+

t e a p o t 
r e l i c s 
m i l d e r 
c i t i e s 
_ _ _ _ _ _ _ _ 
_ _ _ _ 

After
++++++
++++++
++++++
+go+++
nrrdu+
ricoh+

t e a p o t 
r e l i c s 
m i l d e r 
c i t i e s 
_ _ _ _ _ _ _ _ 
_ _ _ _ 

0
Before
++++++
++++++
++o+++
+gr+++
nti+u+
ricds+

t e a p o t 
r e l i c s 
m i l d e r 
c o h e i r 
_ _ _ _ _ _ _ _ 
_ _ _ _ 

After
++++++
++++++
++o+++
+gr+++
nti+u+
ricds+

t e a p o t 
r e l i c s 
m i l d e r 
c o h e i r 
_ _ _ _ _ _ _ _ 
_ _ _ _ 

0
Before
++++++
++++++
+g++++
+rr+++
ntic++
riceh+

t e a p o t 
r e l i c s 
m i l d e r 
o d i o u s 
_ _ _ _ _ _ _ _ 
_ _ _ _ 

After
++++++
++++++
+g++++
+rr+++
ntic++
riceh+

t e a p o t 
r e l i c s 
m i l d e r 
o d i o u s 
_ _ _ _ _ _ _ _ 
_ _ _ _ 

0
Before
++++++
++++r+
++oil+
+rmcu+
ntios+
riceh+

t e a p o t 
r e l i c s 
g i r d e d 
_ _ _ _ _ _ 
_ _ _ _ _ _ _ _ 
_ _ _ _ 

After
++++++
++++r+
++oil+
+rmcu+
ntios+
riceh+

t e a p o t 
r e l i c s 
g i r d e d 
_ _ _ _ _ _ 
_ _ _ _ _ _ _ _ 
_ _ _ _ 

11
Before
++++++
++++++
++++r+
++++l+
nroiu+
rimos+

t e a p o t 
r e l i c s 
g i r d e d 
h e c t i c 
_ _ _ _ _ _ _ _ 
_ _ _ _ 

After
++++++
++++++
++++r+
++++l+
nroiu+
rimos+

t e a p o t 
r e l i c s 
g i r d e d 
h e c t i c 
_ _ _ _ _ _ _ _ 
_ _ _ _ 

0
Before
++++++
++++++
++++r+
++m+l+
n+iiu+
ricoh+

t e a p o t 
r e l i c s 
g i r d e d 
e s c o r t 
_ _ _ _ _ _ _ _ 
_ _ _ _ 

After
++++++
++++++
++++r+
++m+l+
n+iiu+
ricoh+

t e a p o t 
r e l i c s 
g i r d e d 
e s c o r t 
_ _ _ _ _ _ _ _ 
_ _ _ _ 

0
Before
++++++
++++++
++++r+
+r++l+
nto+u+
riieh+

t e a p o t 
r e l i c s 
g i r d e d 
c o m i c s 
_ _ _ _ _ _ _ _ 
_ _ _ _ 

After
++++++
++++++
++++r+
+r++l+
nto+u+
riieh+

t e a p o t 
r e l i c s 
g i r d e d 
c o m i c s 
_ _ _ _ _ _ _ _ 
_ _ _ _ 

0
Before
++++++
++++++
++++r+
+r++l+
nt+iu+
rioeh+

t e a p o t 
r e l i c s 
g i r d e d 
c o m i c s 
_ _ _ _ _ _ _ _ 
_ _ _ _ 

After
++++++
++++++
++++r+
+r++l+
nt+iu+
rioeh+

t e a p o t 
r e l i c s 
g i r d e d 
c o m i c s 
_ _ _ _ _ _ _ _ 
_ _ _ _ 

0
Before
++++++
++++++
++++r+
++++l+
ntoiu+
rimcs+

t e a p o t 
r e l i c s 
g i r d e d 
c o h e i r 
_ _ _ _ _ _ _ _ 
_ _ _ _ 

After
++++++
++++++
++++r+
++++l+
ntoiu+
rimcs+

t e a p o t 
r e l i c s 
g i r d e d 
c o h e i r 
_ _ _ _ _ _ _ _ 
_ _ _ _ 

0
Before
++++++
++++r+
++++l+
+++iu+
n+oos+
r+meh+

t e a p o t 
r e l i c s 
g i r d e d 
c i t r i c 
_ _ _ _ _ _ _ _ 
_ _ _ _ 

After
++++++
++++r+
++++l+
+++iu+
n+oos+
r+meh+

t e a p o t 
r e l i c s 
g i r d e d 
c i t r i c 
_ _ _ _ _ _ _ _ 
_ _ _ _ 

0
Before
++++++
++++++
++++r+
+++il+
n+ocu+
rrmoh+

t e a p o t 
r e l i c s 
g i r d e d 
c i t i e s 
_ _ _ _ _ _ _ _ 
_ _ _ _ 

After
++++++
++++++
++++r+
+++il+
n+ocu+
rrmoh+

t e a p o t 
r e l i c s 
g i r d e d 
c i t i e s 
_ _ _ _ _ _ _ _ 
_ _ _ _ 

0
Before
++++++
++++r+
++++l+
++oiu+
++mos+
r+ceh+

t e a p o t 
r e l i c s 
g i r d e d 
n i t r i c 
_ _ _ _ _ _ _ _ 
_ _ _ _ 

After
++++++
++++r+
++++l+
++oiu+
++mos+
r+ceh+

t e a p o t 
r e l i c s 
g i r d e d 
n i t r i c 
_ _ _ _ _ _ _ _ 
_ _ _ _ 

0
Before
++++++
++++r+
+++il+
+++cu+
++oos+
r+meh+

t e a p o t 
r e l i c s 
g i r d e d 
n i t r i c 
_ _ _ _ _ _ _ _ 
_ _ _ _ 

After
++++++
++++r+
+++il+
+++cu+
++oos+
r+meh+

t e a p o t 
r e l i c s 
g i r d e d 
n i t r i c 
_ _ _ _ _ _ _ _ 
_ _ _ _ 

0
Before
++++++
++++r+
++++l+
+++iu+
++oos+
nrmeh+

t e a p o t 
r e l i c s 
g i r d e d 
c i t r i c 
_ _ _ _ _ _ _ _ 
_ _ _ _ 

After
++++++
++++r+
++++l+
+++iu+
++oos+
nrmeh+

t e a p o t 
r e l i c s 
g i r d e d 
c i t r i c 
_ _ _ _ _ _ _ _ 
_ _ _ _ 

0
Before
++++++
++++++
++++r+
++o+l+
ntm+u+
ricis+

t e a p o t 
r e l i c s 
g i r d e d 
c o h e i r 
_ _ _ _ _ _ _ _ 
_ _ _ _ 

After
++++++
++++++
++++r+
++o+l+
ntm+u+
ricis+

t e a p o t 
r e l i c s 
g i r d e d 
c o h e i r 
_ _ _ _ _ _ _ _ 
_ _ _ _ 

0
Before
++++++
+++d++
++oil+
+rmcu+
ntios+
riceh+

t e a p o t 
r e l i c s 
g i r d e r 
_ _ _ _ _ _ 
_ _ _ _ _ _ _ _ 
_ _ _ _ 

After
++++++
+++d++
++oil+
+rmcu+
ntios+
riceh+

t e a p o t 
r e l i c s 
g i r d e r 
_ _ _ _ _ _ 
_ _ _ _ _ _ _ _ 
_ _ _ _ 

12
Before
++++++
++++++
++++++
+++dl+
nroiu+
rimos+

t e a p o t 
r e l i c s 
g i r d e r 
h e c t i c 
_ _ _ _ _ _ _ _ 
_ _ _ _ 

After
++++++
++++++
++++++
+++dl+
nroiu+
rimos+

t e a p o t 
r e l i c s 
g i r d e r 
h e c t i c 
_ _ _ _ _ _ _ _ 
_ _ _ _ 

0
Before
++++++
++++++
++++++
++mdl+
n+iiu+
ricoh+

t e a p o t 
r e l i c s 
g i r d e r 
e s c o r t 
_ _ _ _ _ _ _ _ 
_ _ _ _ 

After
++++++
++++++
++++++
++mdl+
n+iiu+
ricoh+

t e a p o t 
r e l i c s 
g i r d e r 
e s c o r t 
_ _ _ _ _ _ _ _ 
_ _ _ _ 

0
Before
++++++
++++++
++++++
+r++l+
ntodu+
riieh+

t e a p o t 
r e l i c s 
g i r d e r 
c o m i c s 
_ _ _ _ _ _ _ _ 
_ _ _ _ 

After
++++++
++++++
++++++
+r++l+
ntodu+
riieh+

t e a p o t 
r e l i c s 
g i r d e r 
c o m i c s 
_ _ _ _ _ _ _ _ 
_ _ _ _ 

0
Before
++++++
++++++
++++++
+r+dl+
nt+iu+
rioeh+

t e a p o t 
r e l i c s 
g i r d e r 
c o m i c s 
_ _ _ _ _ _ _ _ 
_ _ _ _ 

After
++++++
++++++
++++++
+r+dl+
nt+iu+
rioeh+

t e a p o t 
r e l i c s 
g i r d e r 
c o m i c s 
_ _ _ _ _ _ _ _ 
_ _ _ _ 

0
Before
++++++
++++++
++++++
+++dl+
ntoiu+
rimcs+

t e a p o t 
r e l i c s 
g i r d e r 
c o h e i r 
_ _ _ _ _ _ _ _ 
_ _ _ _ 

After
++++++
++++++
++++++
+++dl+
ntoiu+
rimcs+

t e a p o t 
r e l i c s 
g i r d e r 
c o h e i r 
_ _ _ _ _ _ _ _ 
_ _ _ _ 

0
Before
++++++
++++++
+++dl+
+++iu+
n+oos+
r+meh+

t e a p o t 
r e l i c s 
g i r d e r 
c i t r i c 
_ _ _ _ _ _ _ _ 
_ _ _ _ 

After
++++++
++++++
+++dl+
+++iu+
n+oos+
r+meh+

t e a p o t 
r e l i c s 
g i r d e r 
c i t r i c 
_ _ _ _ _ _ _ _ 
_ _ _ _ 

0
Before
++++++
++++++
+++d++
+++il+
n+ocu+
rrmoh+

t e a p o t 
r e l i c s 
g i r d e r 
c i t i e s 
_ _ _ _ _ _ _ _ 
_ _ _ _ 

After
++++++
++++++
+++d++
+++il+
n+ocu+
rrmoh+

t e a p o t 
r e l i c s 
g i r d e r 
c i t i e s 
_ _ _ _ _ _ _ _ 
_ _ _ _ 

0
Before
++++++
++++++
++o+++
+rmi++
ntic++
rice++

t e a p o t 
r e l i c s 
g i r d e r 
s h o u l d 
_ _ _ _ _ _ _ _ 
_ _ _ _ 

After
++++++
++++++
++o+++
+rmi++
ntic++
rice++

t e a p o t 
r e l i c s 
g i r d e r 
s h o u l d 
_ _ _ _ _ _ _ _ 
_ _ _ _ 

0
Before
++++++
++++++
+++dl+
++oiu+
++mos+
r+ceh+

t e a p o t 
r e l i c s 
g i r d e r 
n i t r i c 
_ _ _ _ _ _ _ _ 
_ _ _ _ 

After
++++++
++++++
+++dl+
++oiu+
++mos+
r+ceh+

t e a p o t 
r e l i c s 
g i r d e r 
n i t r i c 
_ _ _ _ _ _ _ _ 
_ _ _ _ 

0
Before
++++++
+++d++
+++il+
+++cu+
++oos+
r+meh+

t e a p o t 
r e l i c s 
g i r d e r 
n i t r i c 
_ _ _ _ _ _ _ _ 
_ _ _ _ 

After
++++++
+++d++
+++il+
+++cu+
++oos+
r+meh+

t e a p o t 
r e l i c s 
g i r d e r 
n i t r i c 
_ _ _ _ _ _ _ _ 
_ _ _ _ 

0
Before
++++++
++++++
+++dl+
+++iu+
++oos+
nrmeh+

t e a p o t 
r e l i c s 
g i r d e r 
c i t r i c 
_ _ _ _ _ _ _ _ 
_ _ _ _ 

After
++++++
++++++
+++dl+
+++iu+
++oos+
nrmeh+

t e a p o t 
r e l i c s 
g i r d e r 
c i t r i c 
_ _ _ _ _ _ _ _ 
_ _ _ _ 

0
Before
++++++
++++++
++++++
++o+l+
ntmdu+
ricis+

t e a p o t 
r e l i c s 
g i r d e r 
c o h e i r 
_ _ _ _ _ _ _ _ 
_ _ _ _ 

After
++++++
++++++
++++++
++o+l+
ntmdu+
ricis+

t e a p o t 
r e l i c s 
g i r d e r 
c o h e i r 
_ _ _ _ _ _ _ _ 
_ _ _ _ 

0
Before
++++++
++++r+
++oil+
+rmcu+
ntios+
riceh+

t e a p o t 
r e l i c s 
g i r d e d 
_ _ _ _ _ _ 
_ _ _ _ _ _ _ _ 
_ _ _ _ 

After
++++++
++++r+
++oil+
+rmcu+
ntios+
riceh+

t e a p o t 
r e l i c s 
g i r d e d 
_ _ _ _ _ _ 
_ _ _ _ _ _ _ _ 
_ _ _ _ 

11
Before
++++++
++++++
++++r+
++++l+
nroiu+
rimos+

t e a p o t 
r e l i c s 
g i r d e d 
h e c t i c 
_ _ _ _ _ _ _ _ 
_ _ _ _ 

After
++++++
++++++
++++r+
++++l+
nroiu+
rimos+

t e a p o t 
r e l i c s 
g i r d e d 
h e c t i c 
_ _ _ _ _ _ _ _ 
_ _ _ _ 

0
Before
++++++
++++++
++++r+
++m+l+
n+iiu+
ricoh+

t e a p o t 
r e l i c s 
g i r d e d 
e s c o r t 
_ _ _ _ _ _ _ _ 
_ _ _ _ 

After
++++++
++++++
++++r+
++m+l+
n+iiu+
ricoh+

t e a p o t 
r e l i c s 
g i r d e d 
e s c o r t 
_ _ _ _ _ _ _ _ 
_ _ _ _ 

0
Before
++++++
++++++
++++r+
+r++l+
nto+u+
riieh+

t e a p o t 
r e l i c s 
g i r d e d 
c o m i c s 
_ _ _ _ _ _ _ _ 
_ _ _ _ 

After
++++++
++++++
++++r+
+r++l+
nto+u+
riieh+

t e a p o t 
r e l i c s 
g i r d e d 
c o m i c s 
_ _ _ _ _ _ _ _ 
_ _ _ _ 

0
Before
++++++
++++++
++++r+
+r++l+
nt+iu+
rioeh+

t e a p o t 
r e l i c s 
g i r d e d 
c o m i c s 
_ _ _ _ _ _ _ _ 
_ _ _ _ 

After
++++++
++++++
++++r+
+r++l+
nt+iu+
rioeh+

t e a p o t 
r e l i c s 
g i r d e d 
c o m i c s 
_ _ _ _ _ _ _ _ 
_ _ _ _ 

0
Before
++++++
++++++
++++r+
++++l+
ntoiu+
rimcs+

t e a p o t 
r e l i c s 
g i r d e d 
c o h e i r 
_ _ _ _ _ _ _ _ 
_ _ _ _ 

After
++++++
++++++
++++r+
++++l+
ntoiu+
rimcs+

t e a p o t 
r e l i c s 
g i r d e d 
c o h e i r 
_ _ _ _ _ _ _ _ 
_ _ _ _ 

0
Before
++++++
++++r+
++++l+
+++iu+
n+oos+
r+meh+

t e a p o t 
r e l i c s 
g i r d e d 
c i t r i c 
_ _ _ _ _ _ _ _ 
_ _ _ _ 

After
++++++
++++r+
++++l+
+++iu+
n+oos+
r+meh+

t e a p o t 
r e l i c s 
g i r d e d 
c i t r i c 
_ _ _ _ _ _ _ _ 
_ _ _ _ 

0
Before
++++++
++++++
++++r+
+++il+
n+ocu+
rrmoh+

t e a p o t 
r e l i c s 
g i r d e d 
c i t i e s 
_ _ _ _ _ _ _ _ 
_ _ _ _ 

After
++++++
++++++
++++r+
+++il+
n+ocu+
rrmoh+

t e a p o t 
r e l i c s 
g i r d e d 
c i t i e s 
_ _ _ _ _ _ _ _ 
_ _ _ _ 

0
Before
++++++
++++r+
++++l+
++oiu+
++mos+
r+ceh+

t e a p o t 
r e l i c s 
g i r d e d 
n i t r i c 
_ _ _ _ _ _ _ _ 
_ _ _ _ 

After
++++++
++++r+
++++l+
++oiu+
++mos+
r+ceh+

t e a p o t 
r e l i c s 
g i r d e d 
n i t r i c 
_ _ _ _ _ _ _ _ 
_ _ _ _ 

0
Before
++++++
++++r+
+++il+
+++cu+
++oos+
r+meh+

t e a p o t 
r e l i c s 
g i r d e d 
n i t r i c 
_ _ _ _ _ _ _ _ 
_ _ _ _ 

After
++++++
++++r+
+++il+
+++cu+
++oos+
r+meh+

t e a p o t 
r e l i c s 
g i r d e d 
n i t r i c 
_ _ _ _ _ _ _ _ 
_ _ _ _ 

0
Before
++++++
++++r+
++++l+
+++iu+
++oos+
nrmeh+

t e a p o t 
r e l i c s 
g i r d e d 
c i t r i c 
_ _ _ _ _ _ _ _ 
_ _ _ _ 

After
++++++
++++r+
++++l+
+++iu+
++oos+
nrmeh+

t e a p o t 
r e l i c s 
g i r d e d 
c i t r i c 
_ _ _ _ _ _ _ _ 
_ _ _ _ 

0
Before
++++++
++++++
++++r+
++o+l+
ntm+u+
ricis+

t e a p o t 
r e l i c s 
g i r d e d 
c o h e i r 
_ _ _ _ _ _ _ _ 
_ _ _ _ 

After
++++++
++++++
++++r+
++o+l+
ntm+u+
ricis+

t e a p o t 
r e l i c s 
g i r d e d 
c o h e i r 
_ _ _ _ _ _ _ _ 
_ _ _ _ 

0
Before
++++++
+++d++
++oil+
+rmcu+
ntios+
riceh+

t e a p o t 
r e l i c s 
g i r d e r 
_ _ _ _ _ _ 
_ _ _ _ _ _ _ _ 
_ _ _ _ 

After
++++++
+++d++
++oil+
+rmcu+
ntios+
riceh+

t e a p o t 
r e l i c s 
g i r d e r 
_ _ _ _ _ _ 
_ _ _ _ _ _ _ _ 
_ _ _ _ 

12
Before
++++++
++++++
++++++
+++dl+
nroiu+
rimos+

t e a p o t 
r e l i c s 
g i r d e r 
h e c t i c 
_ _ _ _ _ _ _ _ 
_ _ _ _ 

After
++++++
++++++
++++++
+++dl+
nroiu+
rimos+

t e a p o t 
r e l i c s 
g i r d e r 
h e c t i c 
_ _ _ _ _ _ _ _ 
_ _ _ _ 

0
Before
++++++
++++++
++++++
++mdl+
n+iiu+
ricoh+

t e a p o t 
r e l i c s 
g i r d e r 
e s c o r t 
_ _ _ _ _ _ _ _ 
_ _ _ _ 

After
++++++
++++++
++++++
++mdl+
n+iiu+
ricoh+

t e a p o t 
r e l i c s 
g i r d e r 
e s c o r t 
_ _ _ _ _ _ _ _ 
_ _ _ _ 

0
Before
++++++
++++++
++++++
+r++l+
ntodu+
riieh+

t e a p o t 
r e l i c s 
g i r d e r 
c o m i c s 
_ _ _ _ _ _ _ _ 
_ _ _ _ 

After
++++++
++++++
++++++
+r++l+
ntodu+
riieh+

t e a p o t 
r e l i c s 
g i r d e r 
c o m i c s 
_ _ _ _ _ _ _ _ 
_ _ _ _ 

0
Before
++++++
++++++
++++++
+r+dl+
nt+iu+
rioeh+

t e a p o t 
r e l i c s 
g i r d e r 
c o m i c s 
_ _ _ _ _ _ _ _ 
_ _ _ _ 

After
++++++
++++++
++++++
+r+dl+
nt+iu+
rioeh+

t e a p o t 
r e l i c s 
g i r d e r 
c o m i c s 
_ _ _ _ _ _ _ _ 
_ _ _ _ 

0
Before
++++++
++++++
++++++
+++dl+
ntoiu+
rimcs+

t e a p o t 
r e l i c s 
g i r d e r 
c o h e i r 
_ _ _ _ _ _ _ _ 
_ _ _ _ 

After
++++++
++++++
++++++
+++dl+
ntoiu+
rimcs+

t e a p o t 
r e l i c s 
g i r d e r 
c o h e i r 
_ _ _ _ _ _ _ _ 
_ _ _ _ 

0
Before
++++++
++++++
+++dl+
+++iu+
n+oos+
r+meh+

t e a p o t 
r e l i c s 
g i r d e r 
c i t r i c 
_ _ _ _ _ _ _ _ 
_ _ _ _ 

After
++++++
++++++
+++dl+
+++iu+
n+oos+
r+meh+

t e a p o t 
r e l i c s 
g i r d e r 
c i t r i c 
_ _ _ _ _ _ _ _ 
_ _ _ _ 

0
Before
++++++
++++++
+++d++
+++il+
n+ocu+
rrmoh+

t e a p o t 
r e l i c s 
g i r d e r 
c i t i e s 
_ _ _ _ _ _ _ _ 
_ _ _ _ 

After
++++++
++++++
+++d++
+++il+
n+ocu+
rrmoh+

t e a p o t 
r e l i c s 
g i r d e r 
c i t i e s 
_ _ _ _ _ _ _ _ 
_ _ _ _ 

0
Before
++++++
++++++
++o+++
+rmi++
ntic++
rice++

t e a p o t 
r e l i c s 
g i r d e r 
s h o u l d 
_ _ _ _ _ _ _ _ 
_ _ _ _ 

After
++++++
++++++
++o+++
+rmi++
ntic++
rice++

t e a p o t 
r e l i c s 
g i r d e r 
s h o u l d 
_ _ _ _ _ _ _ _ 
_ _ _ _ 

0
Before
++++++
++++++
+++dl+
++oiu+
++mos+
r+ceh+

t e a p o t 
r e l i c s 
g i r d e r 
n i t r i c 
_ _ _ _ _ _ _ _ 
_ _ _ _ 

After
++++++
++++++
+++dl+
++oiu+
++mos+
r+ceh+

t e a p o t 
r e l i c s 
g i r d e r 
n i t r i c 
_ _ _ _ _ _ _ _ 
_ _ _ _ 

0
Before
++++++
+++d++
+++il+
+++cu+
++oos+
r+meh+

t e a p o t 
r e l i c s 
g i r d e r 
n i t r i c 
_ _ _ _ _ _ _ _ 
_ _ _ _ 

After
++++++
+++d++
+++il+
+++cu+
++oos+
r+meh+

t e a p o t 
r e l i c s 
g i r d e r 
n i t r i c 
_ _ _ _ _ _ _ _ 
_ _ _ _ 

0
Before
++++++
++++++
+++dl+
+++iu+
++oos+
nrmeh+

t e a p o t 
r e l i c s 
g i r d e r 
c i t r i c 
_ _ _ _ _ _ _ _ 
_ _ _ _ 

After
++++++
++++++
+++dl+
+++iu+
++oos+
nrmeh+

t e a p o t 
r e l i c s 
g i r d e r 
c i t r i c 
_ _ _ _ _ _ _ _ 
_ _ _ _ 

0
Before
++++++
++++++
++++++
++o+l+
ntmdu+
ricis+

t e a p o t 
r e l i c s 
g i r d e r 
c o h e i r 
_ _ _ _ _ _ _ _ 
_ _ _ _ 

After
++++++
++++++
++++++
++o+l+
ntmdu+
ricis+

t e a p o t 
r e l i c s 
g i r d e r 
c o h e i r 
_ _ _ _ _ _ _ _ 
_ _ _ _ 

0
Before
++ode+
+grdr+
+riil+
+rmcu+
+tios+
niceh+

t e a p o t 
r e l i c s 
_ _ _ _ _ _ 
_ _ _ _ _ _ 
_ _ _ _ _ _ _ _ 
_ _ _ _ 

After
++ode+
+grdr+
+riil+
+rmcu+
+tios+
niceh+

t e a p o t 
r e l i c s 
_ _ _ _ _ _ 
_ _ _ _ _ _ 
_ _ _ _ _ _ _ _ 
_ _ _ _ 

19
Before
++++++
++++e+
+godr+
+rrdl+
+riiu+
nimos+

t e a p o t 
r e l i c s 
h e c t i c 
_ _ _ _ _ _ 
_ _ _ _ _ _ _ _ 
_ _ _ _ 

After
++++++
++++e+
+godr+
+rrdl+
+riiu+
nimos+

t e a p o t 
r e l i c s 
h e c t i c 
_ _ _ _ _ _ 
_ _ _ _ _ _ _ _ 
_ _ _ _ 

7
Before
++++++
++++++
+g++++
+ro+++
+rrdu+
niios+

t e a p o t 
r e l i c s 
h e c t i c 
m i l d e r 
_ _ _ _ _ _ _ _ 
_ _ _ _ 

After
++++++
++++++
+g++++
+ro+++
+rrdu+
niios+

t e a p o t 
r e l i c s 
h e c t i c 
m i l d e r 
_ _ _ _ _ _ _ _ 
_ _ _ _ 

0
Before
++++++
++++e+
+++dr+
+++dl+
+++iu+
ngios+

t e a p o t 
r e l i c s 
h e c t i c 
m i r r o r 
_ _ _ _ _ _ _ _ 
_ _ _ _ 

After
++++++
++++e+
+++dr+
+++dl+
+++iu+
ngios+

t e a p o t 
r e l i c s 
h e c t i c 
m i r r o r 
_ _ _ _ _ _ _ _ 
_ _ _ _ 

0
Before
++++++
++++e+
+++dr+
+++dl+
+++iu+
ngios+

t e a p o t 
r e l i c s 
h e c t i c 
m i r r o r 
_ _ _ _ _ _ _ _ 
_ _ _ _ 

After
++++++
++++e+
+++dr+
+++dl+
+++iu+
ngios+

t e a p o t 
r e l i c s 
h e c t i c 
m i r r o r 
_ _ _ _ _ _ _ _ 
_ _ _ _ 

0
Before
++++++
++++e+
+++dr+
+++dl+
+g+iu+
ni+os+

t e a p o t 
r e l i c s 
h e c t i c 
m i r r o r 
_ _ _ _ _ _ _ _ 
_ _ _ _ 

After
++++++
++++e+
+++dr+
+++dl+
+g+iu+
ni+os+

t e a p o t 
r e l i c s 
h e c t i c 
m i r r o r 
_ _ _ _ _ _ _ _ 
_ _ _ _ 

0
Before
++++++
++++e+
+++dr+
+++dl+
+g+iu+
ni+os+

t e a p o t 
r e l i c s 
h e c t i c 
m i r r o r 
_ _ _ _ _ _ _ _ 
_ _ _ _ 

After
++++++
++++e+
+++dr+
+++dl+
+g+iu+
ni+os+

t e a p o t 
r e l i c s 
h e c t i c 
m i r r o r 
_ _ _ _ _ _ _ _ 
_ _ _ _ 

0
Before
++++++
++++++
+g++++
+r++e+
+rrdr+
nimil+

t e a p o t 
r e l i c s 
h e c t i c 
o d i o u s 
_ _ _ _ _ _ _ _ 
_ _ _ _ 

After
++++++
++++++
+g++++
+r++e+
+rrdr+
nimil+

t e a p o t 
r e l i c s 
h e c t i c 
o d i o u s 
_ _ _ _ _ _ _ _ 
_ _ _ _ 

0
Before
++++++
++++++
+g++++
+rr+e+
+ri+r+
nimdl+

t e a p o t 
r e l i c s 
h e c t i c 
o d i o u s 
_ _ _ _ _ _ _ _ 
_ _ _ _ 

After
++++++
++++++
+g++++
+rr+e+
+ri+r+
nimdl+

t e a p o t 
r e l i c s 
h e c t i c 
o d i o u s 
_ _ _ _ _ _ _ _ 
_ _ _ _ 

0
Before
++++++
+g++e+
+ro+r+
+rrdl+
+tidu+
niieh+

t e a p o t 
r e l i c s 
c o m i c s 
_ _ _ _ _ _ 
_ _ _ _ _ _ _ _ 
_ _ _ _ 

After
++++++
+g++e+
+ro+r+
+rrdl+
+tidu+
niieh+

t e a p o t 
r e l i c s 
c o m i c s 
_ _ _ _ _ _ 
_ _ _ _ _ _ _ _ 
_ _ _ _ 

0
Before
++++++
+g++e+
+r+dr+
+rodl+
+triu+
niieh+

t e a p o t 
r e l i c s 
c o m i c s 
_ _ _ _ _ _ 
_ _ _ _ _ _ _ _ 
_ _ _ _ 

After
++++++
+g++e+
+r+dr+
+rodl+
+triu+
niieh+

t e a p o t 
r e l i c s 
c o m i c s 
_ _ _ _ _ _ 
_ _ _ _ _ _ _ _ 
_ _ _ _ 

2
Before
++++++
++++e+
++++r+
+g++l+
+r+du+
niieh+

t e a p o t 
r e l i c s 
c o m i c s 
t o r r i d 
_ _ _ _ _ _ _ _ 
_ _ _ _ 

After
++++++
++++e+
++++r+
+g++l+
+r+du+
niieh+

t e a p o t 
r e l i c s 
c o m i c s 
t o r r i d 
_ _ _ _ _ _ _ _ 
_ _ _ _ 

0
Before
++++++
++++++
+g++r+
+r++l+
+r+du+
niieh+

t e a p o t 
r e l i c s 
c o m i c s 
t r i o d e 
_ _ _ _ _ _ _ _ 
_ _ _ _ 

After
++++++
++++++
+g++r+
+r++l+
+r+du+
niieh+

t e a p o t 
r e l i c s 
c o m i c s 
t r i o d e 
_ _ _ _ _ _ _ _ 
_ _ _ _ 

0
Before
++++++
+g++e+
+r+dr+
+rodl+
+triu+
niieh+

t e a p o t 
r e l i c s 
c o m i c s 
_ _ _ _ _ _ 
_ _ _ _ _ _ _ _ 
_ _ _ _ 

After
++++++
+g++e+
+r+dr+
+rodl+
+triu+
niieh+

t e a p o t 
r e l i c s 
c o m i c s 
_ _ _ _ _ _ 
_ _ _ _ _ _ _ _ 
_ _ _ _ 

2
Before
++++++
++++e+
++++r+
+g++l+
+r+du+
niieh+

t e a p o t 
r e l i c s 
c o m i c s 
t o r r i d 
_ _ _ _ _ _ _ _ 
_ _ _ _ 

After
++++++
++++e+
++++r+
+g++l+
+r+du+
niieh+

t e a p o t 
r e l i c s 
c o m i c s 
t o r r i d 
_ _ _ _ _ _ _ _ 
_ _ _ _ 

0
Before
++++++
++++++
+g++r+
+r++l+
+r+du+
niieh+

t e a p o t 
r e l i c s 
c o m i c s 
t r i o d e 
_ _ _ _ _ _ _ _ 
_ _ _ _ 

After
++++++
++++++
+g++r+
+r++l+
+r+du+
niieh+

t e a p o t 
r e l i c s 
c o m i c s 
t r i o d e 
_ _ _ _ _ _ _ _ 
_ _ _ _ 

0
Before
++++++
++++e+
+godr+
+rrdl+
+tiiu+
nimcs+

t e a p o t 
r e l i c s 
c o h e i r 
_ _ _ _ _ _ 
_ _ _ _ _ _ _ _ 
_ _ _ _ 

After
++++++
++++e+
+godr+
+rrdl+
+tiiu+
nimcs+

t e a p o t 
r e l i c s 
c o h e i r 
_ _ _ _ _ _ 
_ _ _ _ _ _ _ _ 
_ _ _ _ 

4
Before
++++++
++++++
+g++++
+ro+++
+trdu+
niics+

t e a p o t 
r e l i c s 
c o h e i r 
m i l d e r 
_ _ _ _ _ _ _ _ 
_ _ _ _ 

After
++++++
++++++
+g++++
+ro+++
+trdu+
niics+

t e a p o t 
r e l i c s 
c o h e i r 
m i l d e r 
_ _ _ _ _ _ _ _ 
_ _ _ _ 

0
Before
++++++
++++e+
++++r+
++o+l+
+gidu+
+rmds+

t e a p o t 
r e l i c s 
c o h e i r 
n i t r i c 
_ _ _ _ _ _ _ _ 
_ _ _ _ 

After
++++++
++++e+
++++r+
++o+l+
+gidu+
+rmds+

t e a p o t 
r e l i c s 
c o h e i r 
n i t r i c 
_ _ _ _ _ _ _ _ 
_ _ _ _ 

0
Before
++++++
++++e+
++++r+
+++dl+
+godu+
+rmis+

t e a p o t 
r e l i c s 
c o h e i r 
n i t r i c 
_ _ _ _ _ _ _ _ 
_ _ _ _ 

After
++++++
++++e+
++++r+
+++dl+
+godu+
+rmis+

t e a p o t 
r e l i c s 
c o h e i r 
n i t r i c 
_ _ _ _ _ _ _ _ 
_ _ _ _ 

0
Before
++++++
++++e+
++++r+
++odl+
++rdu+
+gmis+

t e a p o t 
r e l i c s 
c o h e i r 
n i t r i c 
_ _ _ _ _ _ _ _ 
_ _ _ _ 

After
++++++
++++e+
++++r+
++odl+
++rdu+
+gmis+

t e a p o t 
r e l i c s 
c o h e i r 
n i t r i c 
_ _ _ _ _ _ _ _ 
_ _ _ _ 

0
Before
++++e+
+++dr+
++odl+
++riu+
+gmos+
nrieh+

t e a p o t 
r e l i c s 
c i t r i c 
_ _ _ _ _ _ 
_ _ _ _ _ _ _ _ 
_ _ _ _ 

After
++++e+
+++dr+
++odl+
++riu+
+gmos+
nrieh+

t e a p o t 
r e l i c s 
c i t r i c 
_ _ _ _ _ _ 
_ _ _ _ _ _ _ _ 
_ _ _ _ 

10
Before
++++++
++++++
++o+++
++rd++
+gmie+
nrier+

t e a p o t 
r e l i c s 
c i t r i c 
s h o u l d 
_ _ _ _ _ _ _ _ 
_ _ _ _ 

After
++++++
++++++
++o+++
++rd++
+gmie+
nrier+

t e a p o t 
r e l i c s 
c i t r i c 
s h o u l d 
_ _ _ _ _ _ _ _ 
_ _ _ _ 

0
Before
++++++
++++++
++o+++
++rd++
+gmie+
nrier+

t e a p o t 
r e l i c s 
c i t r i c 
s h o u l d 
_ _ _ _ _ _ _ _ 
_ _ _ _ 

After
++++++
++++++
++o+++
++rd++
+gmie+
nrier+

t e a p o t 
r e l i c s 
c i t r i c 
s h o u l d 
_ _ _ _ _ _ _ _ 
_ _ _ _ 

0
Before
++++++
++++e+
++++r+
+++dl+
++odu+
nrmih+

t e a p o t 
r e l i c s 
c i t r i c 
o r g i e s 
_ _ _ _ _ _ _ _ 
_ _ _ _ 

After
++++++
++++e+
++++r+
+++dl+
++odu+
nrmih+

t e a p o t 
r e l i c s 
c i t r i c 
o r g i e s 
_ _ _ _ _ _ _ _ 
_ _ _ _ 

0
Before
++++++
++++++
++++++
++odu+
+gros+
nrieh+

t e a p o t 
r e l i c s 
c i t r i c 
m i l d e r 
_ _ _ _ _ _ _ _ 
_ _ _ _ 

After
++++++
++++++
++++++
++odu+
+gros+
nrieh+

t e a p o t 
r e l i c s 
c i t r i c 
m i l d e r 
_ _ _ _ _ _ _ _ 
_ _ _ _ 

1
Before
++++++
++++++
++++++
++++++
+++d++
n++eh+

t e a p o t 
r e l i c s 
c i t r i c 
m i l d e r 
r i g o r o u s 
_ _ _ _ 

After
++++++
++++++
++++++
++++++
+++d++
n++eh+

t e a p o t 
r e l i c s 
c i t r i c 
m i l d e r 
r i g o r o u s 
_ _ _ _ 

0
Before
++++++
++++++
++++e+
++odr+
++mdl+
nriih+

t e a p o t 
r e l i c s 
c i t r i c 
g r o u s e 
_ _ _ _ _ _ _ _ 
_ _ _ _ 

After
++++++
++++++
++++e+
++odr+
++mdl+
nriih+

t e a p o t 
r e l i c s 
c i t r i c 
g r o u s e 
_ _ _ _ _ _ _ _ 
_ _ _ _ 

0
Before
++++++
++++e+
++++r+
+++dl+
++odu+
nrioh+

t e a p o t 
r e l i c s 
c i t r i c 
g r i m e s 
_ _ _ _ _ _ _ _ 
_ _ _ _ 

After
++++++
++++e+
++++r+
+++dl+
++odu+
nrioh+

t e a p o t 
r e l i c s 
c i t r i c 
g r i m e s 
_ _ _ _ _ _ _ _ 
_ _ _ _ 

0
Before
++++++
++++e+
+++dr+
+++dl+
++oiu+
n+roh+

t e a p o t 
r e l i c s 
c i t r i c 
g r i m e s 
_ _ _ _ _ _ _ _ 
_ _ _ _ 

After
++++++
++++e+
+++dr+
+++dl+
++oiu+
n+roh+

t e a p o t 
r e l i c s 
c i t r i c 
g r i m e s 
_ _ _ _ _ _ _ _ 
_ _ _ _ 

0
Before
++++++
++++++
++++e+
++r+r+
+gmol+
nrieu+

t e a p o t 
r e l i c s 
c i t r i c 
o d d i s h 
_ _ _ _ _ _ _ _ 
_ _ _ _ 

After
++++++
++++++
++++e+
++r+r+
+gmol+
nrieu+

t e a p o t 
r e l i c s 
c i t r i c 
o d d i s h 
_ _ _ _ _ _ _ _ 
_ _ _ _ 

0
Before
++++++
++++++
++++e+
++r+r+
+gmdl+
nrieh+

t e a p o t 
r e l i c s 
c i t r i c 
o d i o u s 
_ _ _ _ _ _ _ _ 
_ _ _ _ 

After
++++++
++++++
++++e+
++r+r+
+gmdl+
nrieh+

t e a p o t 
r e l i c s 
c i t r i c 
o d i o u s 
_ _ _ _ _ _ _ _ 
_ _ _ _ 

0
Before
++++++
++++e+
+++dr+
+++dl+
+++iu+
nrmoh+

t e a p o t 
r e l i c s 
c i t r i c 
o r g i e s 
_ _ _ _ _ _ _ _ 
_ _ _ _ 

After
++++++
++++e+
+++dr+
+++dl+
+++iu+
nrmoh+

t e a p o t 
r e l i c s 
c i t r i c 
o r g i e s 
_ _ _ _ _ _ _ _ 
_ _ _ _ 

0
Before
++++e+
+++dr+
++odl+
++riu+
+gios+
nrmeh+

t e a p o t 
r e l i c s 
c i t r i c 
_ _ _ _ _ _ 
_ _ _ _ _ _ _ _ 
_ _ _ _ 

After
++++e+
+++dr+
++odl+
++riu+
+gios+
nrmeh+

t e a p o t 
r e l i c s 
c i t r i c 
_ _ _ _ _ _ 
_ _ _ _ _ _ _ _ 
_ _ _ _ 

9
Before
++++++
++++++
++o+++
++rd++
+giie+
nrmer+

t e a p o t 
r e l i c s 
c i t r i c 
s h o u l d 
_ _ _ _ _ _ _ _ 
_ _ _ _ 

After
++++++
++++++
++o+++
++rd++
+giie+
nrmer+

t e a p o t 
r e l i c s 
c i t r i c 
s h o u l d 
_ _ _ _ _ _ _ _ 
_ _ _ _ 

0
Before
++++++
++++++
++o+++
++rd++
+giie+
nrmer+

t e a p o t 
r e l i c s 
c i t r i c 
s h o u l d 
_ _ _ _ _ _ _ _ 
_ _ _ _ 

After
++++++
++++++
++o+++
++rd++
+giie+
nrmer+

t e a p o t 
r e l i c s 
c i t r i c 
s h o u l d 
_ _ _ _ _ _ _ _ 
_ _ _ _ 

0
Before
++++++
++++e+
++++r+
+++dl+
++odu+
nrmih+

t e a p o t 
r e l i c s 
c i t r i c 
o r g i e s 
_ _ _ _ _ _ _ _ 
_ _ _ _ 

After
++++++
++++e+
++++r+
+++dl+
++odu+
nrmih+

t e a p o t 
r e l i c s 
c i t r i c 
o r g i e s 
_ _ _ _ _ _ _ _ 
_ _ _ _ 

0
Before
++++++
++++++
++++e+
++odr+
++idl+
nrmih+

t e a p o t 
r e l i c s 
c i t r i c 
g r o u s e 
_ _ _ _ _ _ _ _ 
_ _ _ _ 

After
++++++
++++++
++++e+
++odr+
++idl+
nrmih+

t e a p o t 
r e l i c s 
c i t r i c 
g r o u s e 
_ _ _ _ _ _ _ _ 
_ _ _ _ 

0
Before
++++++
++++e+
+++dr+
+++dl+
+++iu+
nrooh+

t e a p o t 
r e l i c s 
c i t r i c 
g r i m e s 
_ _ _ _ _ _ _ _ 
_ _ _ _ 

After
++++++
++++e+
+++dr+
+++dl+
+++iu+
nrooh+

t e a p o t 
r e l i c s 
c i t r i c 
g r i m e s 
_ _ _ _ _ _ _ _ 
_ _ _ _ 

0
Before
++++++
++++e+
+++dr+
+++dl+
++oiu+
n+roh+

t e a p o t 
r e l i c s 
c i t r i c 
g r i m e s 
_ _ _ _ _ _ _ _ 
_ _ _ _ 

After
++++++
++++e+
+++dr+
+++dl+
++oiu+
n+roh+

t e a p o t 
r e l i c s 
c i t r i c 
g r i m e s 
_ _ _ _ _ _ _ _ 
_ _ _ _ 

0
Before
++++++
++++++
++++e+
++r+r+
+giol+
nrmeu+

t e a p o t 
r e l i c s 
c i t r i c 
o d d i s h 
_ _ _ _ _ _ _ _ 
_ _ _ _ 

After
++++++
++++++
++++e+
++r+r+
+giol+
nrmeu+

t e a p o t 
r e l i c s 
c i t r i c 
o d d i s h 
_ _ _ _ _ _ _ _ 
_ _ _ _ 

0
Before
++++++
++++++
++++e+
++r+r+
+gidl+
nrmeh+

t e a p o t 
r e l i c s 
c i t r i c 
o d i o u s 
_ _ _ _ _ _ _ _ 
_ _ _ _ 

After
++++++
++++++
++++e+
++r+r+
+gidl+
nrmeh+

t e a p o t 
r e l i c s 
c i t r i c 
o d i o u s 
_ _ _ _ _ _ _ _ 
_ _ _ _ 

0
Before
++++++
++++e+
+++dr+
+++dl+
+++iu+
nrmoh+

t e a p o t 
r e l i c s 
c i t r i c 
o r g i e s 
_ _ _ _ _ _ _ _ 
_ _ _ _ 

After
++++++
++++e+
+++dr+
+++dl+
+++iu+
nrmoh+

t e a p o t 
r e l i c s 
c i t r i c 
o r g i e s 
_ _ _ _ _ _ _ _ 
_ _ _ _ 

0
Before
++++++
+++de+
++odr+
+gril+
+ricu+
nrmoh+

t e a p o t 
r e l i c s 
c i t i e s 
_ _ _ _ _ _ 
_ _ _ _ _ _ _ _ 
_ _ _ _ 

After
++++++
+++de+
++odr+
+gril+
+ricu+
nrmoh+

t e a p o t 
r e l i c s 
c i t i e s 
_ _ _ _ _ _ 
_ _ _ _ _ _ _ _ 
_ _ _ _ 

2
Before
++++++
++++++
++++r+
+++il+
+rocu+
nrmoh+

t e a p o t 
r e l i c s 
c i t i e s 
g i r d e d 
_ _ _ _ _ _ _ _ 
_ _ _ _ 

After
++++++
++++++
++++r+
+++il+
+rocu+
nrmoh+

t e a p o t 
r e l i c s 
c i t i e s 
g i r d e d 
_ _ _ _ _ _ _ _ 
_ _ _ _ 

0
Before
++++++
++++++
+++d++
+++il+
+rocu+
nrmoh+

t e a p o t 
r e l i c s 
c i t i e s 
g i r d e r 
_ _ _ _ _ _ _ _ 
_ _ _ _ 

After
++++++
++++++
+++d++
+++il+
+rocu+
nrmoh+

t e a p o t 
r e l i c s 
c i t i e s 
g i r d e r 
_ _ _ _ _ _ _ _ 
_ _ _ _ 

0
Before
++++e+
+++dr+
+++dl+
+goiu+
+rros+
nimeh+

t e a p o t 
r e l i c s 
c i t r i c 
_ _ _ _ _ _ 
_ _ _ _ _ _ _ _ 
_ _ _ _ 

After
++++e+
+++dr+
+++dl+
+goiu+
+rros+
nimeh+

t e a p o t 
r e l i c s 
c i t r i c 
_ _ _ _ _ _ 
_ _ _ _ _ _ _ _ 
_ _ _ _ 

12
Before
++++++
++++++
++++e+
+g+dr+
+r+dl+
nioih+

t e a p o t 
r e l i c s 
c i t r i c 
m o u s e r 
_ _ _ _ _ _ _ _ 
_ _ _ _ 

After
++++++
++++++
++++e+
+g+dr+
+r+dl+
nioih+

t e a p o t 
r e l i c s 
c i t r i c 
m o u s e r 
_ _ _ _ _ _ _ _ 
_ _ _ _ 

0
Before
++++e+
++++r+
+++dl+
+++iu+
+++os+
+greh+

t e a p o t 
r e l i c s 
c i t r i c 
n i m r o d 
_ _ _ _ _ _ _ _ 
_ _ _ _ 

After
++++e+
++++r+
+++dl+
+++iu+
+++os+
+greh+

t e a p o t 
r e l i c s 
c i t r i c 
n i m r o d 
_ _ _ _ _ _ _ _ 
_ _ _ _ 

0
Before
++++e+
++++r+
+++dl+
+++iu+
+g+os+
+r+eh+

t e a p o t 
r e l i c s 
c i t r i c 
n i m r o d 
_ _ _ _ _ _ _ _ 
_ _ _ _ 

After
++++e+
++++r+
+++dl+
+++iu+
+g+os+
+r+eh+

t e a p o t 
r e l i c s 
c i t r i c 
n i m r o d 
_ _ _ _ _ _ _ _ 
_ _ _ _ 

0
Before
++++++
++++++
++++++
+god++
+rrie+
nimer+

t e a p o t 
r e l i c s 
c i t r i c 
s h o u l d 
_ _ _ _ _ _ _ _ 
_ _ _ _ 

After
++++++
++++++
++++++
+god++
+rrie+
nimer+

t e a p o t 
r e l i c s 
c i t r i c 
s h o u l d 
_ _ _ _ _ _ _ _ 
_ _ _ _ 

0
Before
++++++
++++++
++++++
+god++
+rrie+
nimer+

t e a p o t 
r e l i c s 
c i t r i c 
s h o u l d 
_ _ _ _ _ _ _ _ 
_ _ _ _ 

After
++++++
++++++
++++++
+god++
+rrie+
nimer+

t e a p o t 
r e l i c s 
c i t r i c 
s h o u l d 
_ _ _ _ _ _ _ _ 
_ _ _ _ 

0
Before
++++e+
++++r+
++++l+
+++du+
+g+ds+
ni+ih+

t e a p o t 
r e l i c s 
c i t r i c 
r o o m e r 
_ _ _ _ _ _ _ _ 
_ _ _ _ 

After
++++e+
++++r+
++++l+
+++du+
+g+ds+
ni+ih+

t e a p o t 
r e l i c s 
c i t r i c 
r o o m e r 
_ _ _ _ _ _ _ _ 
_ _ _ _ 

0
Before
++++++
++++e+
++++r+
+g++l+
+r+du+
niodh+

t e a p o t 
r e l i c s 
c i t r i c 
i s o m e r 
_ _ _ _ _ _ _ _ 
_ _ _ _ 

After
++++++
++++e+
++++r+
+g++l+
+r+du+
niodh+

t e a p o t 
r e l i c s 
c i t r i c 
i s o m e r 
_ _ _ _ _ _ _ _ 
_ _ _ _ 

0
Before
++++++
++++++
++++e+
+g++r+
+rrdl+
nimeh+

t e a p o t 
r e l i c s 
c i t r i c 
o d i o u s 
_ _ _ _ _ _ _ _ 
_ _ _ _ 

After
++++++
++++++
++++e+
+g++r+
+rrdl+
nimeh+

t e a p o t 
r e l i c s 
c i t r i c 
o d i o u s 
_ _ _ _ _ _ _ _ 
_ _ _ _ 

0
Before
++++++
++++e+
+++dr+
+++dl+
+++iu+
nrooh+

t e a p o t 
r e l i c s 
c i t r i c 
g r i m e s 
_ _ _ _ _ _ _ _ 
_ _ _ _ 

After
++++++
++++e+
+++dr+
+++dl+
+++iu+
nrooh+

t e a p o t 
r e l i c s 
c i t r i c 
g r i m e s 
_ _ _ _ _ _ _ _ 
_ _ _ _ 

0
Before
++++++
++++++
++++e+
+++dr+
+rodl+
nimih+

t e a p o t 
r e l i c s 
c i t r i c 
g r o u s e 
_ _ _ _ _ _ _ _ 
_ _ _ _ 

After
++++++
++++++
++++e+
+++dr+
+rodl+
nimih+

t e a p o t 
r e l i c s 
c i t r i c 
g r o u s e 
_ _ _ _ _ _ _ _ 
_ _ _ _ 

0
Before
++++++
++++e+
+++dr+
+++dl+
++oiu+
n+roh+

t e a p o t 
r e l i c s 
c i t r i c 
g r i m e s 
_ _ _ _ _ _ _ _ 
_ _ _ _ 

After
++++++
++++e+
+++dr+
+++dl+
++oiu+
n+roh+

t e a p o t 
r e l i c s 
c i t r i c 
g r i m e s 
_ _ _ _ _ _ _ _ 
_ _ _ _ 

0
Before
++++e+
++++r+
++++l+
+++du+
+g+is+
ni+oh+

t e a p o t 
r e l i c s 
c i t r i c 
d o r m e r 
_ _ _ _ _ _ _ _ 
_ _ _ _ 

After
++++e+
++++r+
++++l+
+++du+
+g+is+
ni+oh+

t e a p o t 
r e l i c s 
c i t r i c 
d o r m e r 
_ _ _ _ _ _ _ _ 
_ _ _ _ 

0
Before
++++e+
++odr+
++rdl+
++miu+
+gios+
+rceh+

t e a p o t 
r e l i c s 
n i t r i c 
_ _ _ _ _ _ 
_ _ _ _ _ _ _ _ 
_ _ _ _ 

After
++++e+
++odr+
++rdl+
++miu+
+gios+
+rceh+

t e a p o t 
r e l i c s 
n i t r i c 
_ _ _ _ _ _ 
_ _ _ _ _ _ _ _ 
_ _ _ _ 

6
Before
++++++
++++e+
++++r+
++odl+
++rdu+
+gmis+

t e a p o t 
r e l i c s 
n i t r i c 
c o h e i r 
_ _ _ _ _ _ _ _ 
_ _ _ _ 

After
++++++
++++e+
++++r+
++odl+
++rdu+
+gmis+

t e a p o t 
r e l i c s 
n i t r i c 
c o h e i r 
_ _ _ _ _ _ _ _ 
_ _ _ _ 

0
Before
++++++
++o+++
++r+++
++md++
+giie+
+rcer+

t e a p o t 
r e l i c s 
n i t r i c 
s h o u l d 
_ _ _ _ _ _ _ _ 
_ _ _ _ 

After
++++++
++o+++
++r+++
++md++
+giie+
+rcer+

t e a p o t 
r e l i c s 
n i t r i c 
s h o u l d 
_ _ _ _ _ _ _ _ 
_ _ _ _ 

0
Before
++++++
++o+++
++r+++
++md++
+giie+
+rcer+

t e a p o t 
r e l i c s 
n i t r i c 
s h o u l d 
_ _ _ _ _ _ _ _ 
_ _ _ _ 

After
++++++
++o+++
++r+++
++md++
+giie+
+rcer+

t e a p o t 
r e l i c s 
n i t r i c 
s h o u l d 
_ _ _ _ _ _ _ _ 
_ _ _ _ 

0
Before
++++++
++++++
++o+++
++rdu+
+gios+
+rceh+

t e a p o t 
r e l i c s 
n i t r i c 
m i l d e r 
_ _ _ _ _ _ _ _ 
_ _ _ _ 

After
++++++
++++++
++o+++
++rdu+
+gios+
+rceh+

t e a p o t 
r e l i c s 
n i t r i c 
m i l d e r 
_ _ _ _ _ _ _ _ 
_ _ _ _ 

0
Before
++++++
++++++
++r+e+
++m+r+
+gidl+
+rceh+

t e a p o t 
r e l i c s 
n i t r i c 
o d i o u s 
_ _ _ _ _ _ _ _ 
_ _ _ _ 

After
++++++
++++++
++r+e+
++m+r+
+gidl+
+rceh+

t e a p o t 
r e l i c s 
n i t r i c 
o d i o u s 
_ _ _ _ _ _ _ _ 
_ _ _ _ 

0
Before
++++++
++++++
++r+e+
++m+r+
+giol+
+rceu+

t e a p o t 
r e l i c s 
n i t r i c 
o d d i s h 
_ _ _ _ _ _ _ _ 
_ _ _ _ 

After
++++++
++++++
++r+e+
++m+r+
+giol+
+rceu+

t e a p o t 
r e l i c s 
n i t r i c 
o d d i s h 
_ _ _ _ _ _ _ _ 
_ _ _ _ 

0
Before
++++e+
++odr+
++rdl+
++iiu+
+gmos+
+rceh+

t e a p o t 
r e l i c s 
n i t r i c 
_ _ _ _ _ _ 
_ _ _ _ _ _ _ _ 
_ _ _ _ 

After
++++e+
++odr+
++rdl+
++iiu+
+gmos+
+rceh+

t e a p o t 
r e l i c s 
n i t r i c 
_ _ _ _ _ _ 
_ _ _ _ _ _ _ _ 
_ _ _ _ 

7
Before
++++++
++o+++
++r+++
++id++
+gmie+
+rcer+

t e a p o t 
r e l i c s 
n i t r i c 
s h o u l d 
_ _ _ _ _ _ _ _ 
_ _ _ _ 

After
++++++
++o+++
++r+++
++id++
+gmie+
+rcer+

t e a p o t 
r e l i c s 
n i t r i c 
s h o u l d 
_ _ _ _ _ _ _ _ 
_ _ _ _ 

0
Before
++++++
++o+++
++r+++
++id++
+gmie+
+rcer+

t e a p o t 
r e l i c s 
n i t r i c 
s h o u l d 
_ _ _ _ _ _ _ _ 
_ _ _ _ 

After
++++++
++o+++
++r+++
++id++
+gmie+
+rcer+

t e a p o t 
r e l i c s 
n i t r i c 
s h o u l d 
_ _ _ _ _ _ _ _ 
_ _ _ _ 

0
Before
++++++
++++++
++o+++
++rdu+
+gios+
+rceh+

t e a p o t 
r e l i c s 
n i t r i c 
m i l d e r 
_ _ _ _ _ _ _ _ 
_ _ _ _ 

After
++++++
++++++
++o+++
++rdu+
+gios+
+rceh+

t e a p o t 
r e l i c s 
n i t r i c 
m i l d e r 
_ _ _ _ _ _ _ _ 
_ _ _ _ 

0
Before
++++++
++++++
+++dl+
++oiu+
++mos+
+rceh+

t e a p o t 
r e l i c s 
n i t r i c 
g i r d e r 
_ _ _ _ _ _ _ _ 
_ _ _ _ 

After
++++++
++++++
+++dl+
++oiu+
++mos+
+rceh+

t e a p o t 
r e l i c s 
n i t r i c 
g i r d e r 
_ _ _ _ _ _ _ _ 
_ _ _ _ 

0
Before
++++++
++++++
++++e+
++rdr+
+gmil+
+rceh+

t e a p o t 
r e l i c s 
n i t r i c 
o d i o u s 
_ _ _ _ _ _ _ _ 
_ _ _ _ 

After
++++++
++++++
++++e+
++rdr+
+gmil+
+rceh+

t e a p o t 
r e l i c s 
n i t r i c 
o d i o u s 
_ _ _ _ _ _ _ _ 
_ _ _ _ 

0
Before
++++++
++++++
++r+e+
++i+r+
+gmdl+
+rceh+

t e a p o t 
r e l i c s 
n i t r i c 
o d i o u s 
_ _ _ _ _ _ _ _ 
_ _ _ _ 

After
++++++
++++++
++r+e+
++i+r+
+gmdl+
+rceh+

t e a p o t 
r e l i c s 
n i t r i c 
o d i o u s 
_ _ _ _ _ _ _ _ 
_ _ _ _ 

0
Before
++++++
++++++
++r+e+
++i+r+
+gmol+
+rceu+

t e a p o t 
r e l i c s 
n i t r i c 
o d d i s h 
_ _ _ _ _ _ _ _ 
_ _ _ _ 

After
++++++
++++++
++r+e+
++i+r+
+gmol+
+rceu+

t e a p o t 
r e l i c s 
n i t r i c 
o d d i s h 
_ _ _ _ _ _ _ _ 
_ _ _ _ 

0
Before
+++de+
+++dr+
++oil+
++rcu+
+gios+
+rmeh+

t e a p o t 
r e l i c s 
n i t r i c 
_ _ _ _ _ _ 
_ _ _ _ _ _ _ _ 
_ _ _ _ 

After
+++de+
+++dr+
++oil+
++rcu+
+gios+
+rmeh+

t e a p o t 
r e l i c s 
n i t r i c 
_ _ _ _ _ _ 
_ _ _ _ _ _ _ _ 
_ _ _ _ 

10
Before
++++++
++++e+
+++dr+
+++dl+
+g+iu+
+roeh+

t e a p o t 
r e l i c s 
n i t r i c 
m i c r o s 
_ _ _ _ _ _ _ _ 
_ _ _ _ 

After
++++++
++++e+
+++dr+
+++dl+
+g+iu+
+roeh+

t e a p o t 
r e l i c s 
n i t r i c 
m i c r o s 
_ _ _ _ _ _ _ _ 
_ _ _ _ 

0
Before
++++++
++++++
++od++
++ri++
+gice+
+rmer+

t e a p o t 
r e l i c s 
n i t r i c 
s h o u l d 
_ _ _ _ _ _ _ _ 
_ _ _ _ 

After
++++++
++++++
++od++
++ri++
+gice+
+rmer+

t e a p o t 
r e l i c s 
n i t r i c 
s h o u l d 
_ _ _ _ _ _ _ _ 
_ _ _ _ 

0
Before
++++++
++++e+
+++dr+
+++dl+
++oiu+
+rmch+

t e a p o t 
r e l i c s 
n i t r i c 
o r g i e s 
_ _ _ _ _ _ _ _ 
_ _ _ _ 

After
++++++
++++e+
+++dr+
+++dl+
++oiu+
+rmch+

t e a p o t 
r e l i c s 
n i t r i c 
o r g i e s 
_ _ _ _ _ _ _ _ 
_ _ _ _ 

0
Before
++++++
++++++
+++de+
++odr+
++iil+
+rmch+

t e a p o t 
r e l i c s 
n i t r i c 
g r o u s e 
_ _ _ _ _ _ _ _ 
_ _ _ _ 

After
++++++
++++++
+++de+
++odr+
++iil+
+rmch+

t e a p o t 
r e l i c s 
n i t r i c 
g r o u s e 
_ _ _ _ _ _ _ _ 
_ _ _ _ 

0
Before
++++++
+++de+
+++dr+
+++il+
+++cu+
+rooh+

t e a p o t 
r e l i c s 
n i t r i c 
g r i m e s 
_ _ _ _ _ _ _ _ 
_ _ _ _ 

After
++++++
+++de+
+++dr+
+++il+
+++cu+
+rooh+

t e a p o t 
r e l i c s 
n i t r i c 
g r i m e s 
_ _ _ _ _ _ _ _ 
_ _ _ _ 

0
Before
++++++
+++de+
+++dr+
+++il+
++ocu+
++roh+

t e a p o t 
r e l i c s 
n i t r i c 
g r i m e s 
_ _ _ _ _ _ _ _ 
_ _ _ _ 

After
++++++
+++de+
+++dr+
+++il+
++ocu+
++roh+

t e a p o t 
r e l i c s 
n i t r i c 
g r i m e s 
_ _ _ _ _ _ _ _ 
_ _ _ _ 

0
Before
++++++
++++e+
+++dr+
+++dl+
+g+iu+
+rooh+

t e a p o t 
r e l i c s 
n i t r i c 
c r i m e s 
_ _ _ _ _ _ _ _ 
_ _ _ _ 

After
++++++
++++e+
+++dr+
+++dl+
+g+iu+
+rooh+

t e a p o t 
r e l i c s 
n i t r i c 
c r i m e s 
_ _ _ _ _ _ _ _ 
_ _ _ _ 

0
Before
++++++
++++e+
++++r+
++odl+
++rdu+
+gmis+

t e a p o t 
r e l i c s 
n i t r i c 
c o h e i r 
_ _ _ _ _ _ _ _ 
_ _ _ _ 

After
++++++
++++e+
++++r+
++odl+
++rdu+
+gmis+

t e a p o t 
r e l i c s 
n i t r i c 
c o h e i r 
_ _ _ _ _ _ _ _ 
_ _ _ _ 

0
Before
++++++
++++e+
++++r+
+++dl+
+godu+
+rmis+

t e a p o t 
r e l i c s 
n i t r i c 
c o h e i r 
_ _ _ _ _ _ _ _ 
_ _ _ _ 

After
++++++
++++e+
++++r+
+++dl+
+godu+
+rmis+

t e a p o t 
r e l i c s 
n i t r i c 
c o h e i r 
_ _ _ _ _ _ _ _ 
_ _ _ _ 

0
Before
++++++
+++de+
+++dr+
+++il+
+++cu+
+rmoh+

t e a p o t 
r e l i c s 
n i t r i c 
o r g i e s 
_ _ _ _ _ _ _ _ 
_ _ _ _ 

After
++++++
+++de+
+++dr+
+++il+
+++cu+
+rmoh+

t e a p o t 
r e l i c s 
n i t r i c 
o r g i e s 
_ _ _ _ _ _ _ _ 
_ _ _ _ 

0
Before
++o+++
+gr+++
+rid++
+rmi++
+tice+
nicer+

t e a p o t 
r e l i c s 
s h o u l d 
_ _ _ _ _ _ 
_ _ _ _ _ _ _ _ 
_ _ _ _ 

After
++o+++
+gr+++
+rid++
+rmi++
+tice+
nicer+

t e a p o t 
r e l i c s 
s h o u l d 
_ _ _ _ _ _ 
_ _ _ _ _ _ _ _ 
_ _ _ _ 

4
Before
++++++
++++++
++o+++
++rd++
+giie+
nrmer+

t e a p o t 
r e l i c s 
s h o u l d 
c i t r i c 
_ _ _ _ _ _ _ _ 
_ _ _ _ 

After
++++++
++++++
++o+++
++rd++
+giie+
nrmer+

t e a p o t 
r e l i c s 
s h o u l d 
c i t r i c 
_ _ _ _ _ _ _ _ 
_ _ _ _ 

0
Before
++++++
++o+++
++r+++
++id++
+gmie+
+rcer+

t e a p o t 
r e l i c s 
s h o u l d 
n i t r i c 
_ _ _ _ _ _ _ _ 
_ _ _ _ 

After
++++++
++o+++
++r+++
++id++
+gmie+
+rcer+

t e a p o t 
r e l i c s 
s h o u l d 
n i t r i c 
_ _ _ _ _ _ _ _ 
_ _ _ _ 

0
Before
++++++
++++++
++od++
++ri++
+gice+
+rmer+

t e a p o t 
r e l i c s 
s h o u l d 
n i t r i c 
_ _ _ _ _ _ _ _ 
_ _ _ _ 

After
++++++
++++++
++od++
++ri++
+gice+
+rmer+

t e a p o t 
r e l i c s 
s h o u l d 
n i t r i c 
_ _ _ _ _ _ _ _ 
_ _ _ _ 

0
Before
++++++
+go+++
+rr+++
+ri+++
+tm+++
nic+e+

t e a p o t 
r e l i c s 
s h o u l d 
d i c i e r 
_ _ _ _ _ _ _ _ 
_ _ _ _ 

After
++++++
+go+++
+rr+++
+ri+++
+tm+++
nic+e+

t e a p o t 
r e l i c s 
s h o u l d 
d i c i e r 
_ _ _ _ _ _ _ _ 
_ _ _ _ 

0
Before
++++++
++o+e+
+gr+r+
+ridl+
+tmdu+
nicis+

t e a p o t 
r e l i c s 
c o h e i r 
_ _ _ _ _ _ 
_ _ _ _ _ _ _ _ 
_ _ _ _ 

After
++++++
++o+e+
+gr+r+
+ridl+
+tmdu+
nicis+

t e a p o t 
r e l i c s 
c o h e i r 
_ _ _ _ _ _ 
_ _ _ _ _ _ _ _ 
_ _ _ _ 

0
Before
++++++
+go+++
+rrd++
+ricu+
+tios+
niceh+

t e a p o t 
r e l i c s 
m i l d e r 
_ _ _ _ _ _ 
_ _ _ _ _ _ _ _ 
_ _ _ _ 

After
++++++
+go+++
+rrd++
+ricu+
+tios+
niceh+

t e a p o t 
r e l i c s 
m i l d e r 
_ _ _ _ _ _ 
_ _ _ _ _ _ _ _ 
_ _ _ _ 

17
Before
++++++
++++++
+g++++
+ro+++
+rrdu+
niios+

t e a p o t 
r e l i c s 
m i l d e r 
h e c t i c 
_ _ _ _ _ _ _ _ 
_ _ _ _ 

After
++++++
++++++
+g++++
+ro+++
+rrdu+
niios+

t e a p o t 
r e l i c s 
m i l d e r 
h e c t i c 
_ _ _ _ _ _ _ _ 
_ _ _ _ 

0
Before
++++++
++++++
+g++++
+ro+++
+rrdu+
niios+

t e a p o t 
r e l i c s 
m i l d e r 
h e c t i c 
_ _ _ _ _ _ _ _ 
_ _ _ _ 

After
++++++
++++++
+g++++
+ro+++
+rrdu+
niios+

t e a p o t 
r e l i c s 
m i l d e r 
h e c t i c 
_ _ _ _ _ _ _ _ 
_ _ _ _ 

0
Before
++++++
+g++++
+rr+++
+ri+++
+ti+++
nicoh+

t e a p o t 
r e l i c s 
m i l d e r 
e s c u d o 
_ _ _ _ _ _ _ _ 
_ _ _ _ 

After
++++++
+g++++
+rr+++
+ri+++
+ti+++
nicoh+

t e a p o t 
r e l i c s 
m i l d e r 
e s c u d o 
_ _ _ _ _ _ _ _ 
_ _ _ _ 

0
Before
++++++
++++++
+g++++
+ro+++
+trdu+
niics+

t e a p o t 
r e l i c s 
m i l d e r 
c o h e i r 
_ _ _ _ _ _ _ _ 
_ _ _ _ 

After
++++++
++++++
+g++++
+ro+++
+trdu+
niics+

t e a p o t 
r e l i c s 
m i l d e r 
c o h e i r 
_ _ _ _ _ _ _ _ 
_ _ _ _ 

0
Before
++++++
++++++
++++++
++odu+
+gros+
nrieh+

t e a p o t 
r e l i c s 
m i l d e r 
c i t r i c 
_ _ _ _ _ _ _ _ 
_ _ _ _ 

After
++++++
++++++
++++++
++odu+
+gros+
nrieh+

t e a p o t 
r e l i c s 
m i l d e r 
c i t r i c 
_ _ _ _ _ _ _ _ 
_ _ _ _ 

1
Before
++++++
++++++
++++++
++++++
+++d++
n++eh+

t e a p o t 
r e l i c s 
m i l d e r 
c i t r i c 
r i g o r o u s 
_ _ _ _ 

After
++++++
++++++
++++++
++++++
+++d++
n++eh+

t e a p o t 
r e l i c s 
m i l d e r 
c i t r i c 
r i g o r o u s 
_ _ _ _ 

0
Before
++++++
++++++
++++++
++odu+
+gros+
nrieh+

t e a p o t 
r e l i c s 
m i l d e r 
c i t r i c 
_ _ _ _ _ _ _ _ 
_ _ _ _ 

After
++++++
++++++
++++++
++odu+
+gros+
nrieh+

t e a p o t 
r e l i c s 
m i l d e r 
c i t r i c 
_ _ _ _ _ _ _ _ 
_ _ _ _ 

1
Before
++++++
++++++
++++++
++++++
+++d++
n++eh+

t e a p o t 
r e l i c s 
m i l d e r 
c i t r i c 
r i g o r o u s 
_ _ _ _ 

After
++++++
++++++
++++++
++++++
+++d++
n++eh+

t e a p o t 
r e l i c s 
m i l d e r 
c i t r i c 
r i g o r o u s 
_ _ _ _ 

0
Before
++++++
++++++
++++++
+god++
+rrcu+
nrioh+

t e a p o t 
r e l i c s 
m i l d e r 
c i t i e s 
_ _ _ _ _ _ _ _ 
_ _ _ _ 

After
++++++
++++++
++++++
+god++
+rrcu+
nrioh+

t e a p o t 
r e l i c s 
m i l d e r 
c i t i e s 
_ _ _ _ _ _ _ _ 
_ _ _ _ 

0
Before
++++++
++++++
++++++
+g+du+
+roos+
nireh+

t e a p o t 
r e l i c s 
m i l d e r 
c i t r i c 
_ _ _ _ _ _ _ _ 
_ _ _ _ 

After
++++++
++++++
++++++
+g+du+
+roos+
nireh+

t e a p o t 
r e l i c s 
m i l d e r 
c i t r i c 
_ _ _ _ _ _ _ _ 
_ _ _ _ 

0
Before
++++++
++++++
++o+++
++rdu+
+gios+
+rceh+

t e a p o t 
r e l i c s 
m i l d e r 
n i t r i c 
_ _ _ _ _ _ _ _ 
_ _ _ _ 

After
++++++
++++++
++o+++
++rdu+
+gios+
+rceh+

t e a p o t 
r e l i c s 
m i l d e r 
n i t r i c 
_ _ _ _ _ _ _ _ 
_ _ _ _ 

0
Before
++++++
++++++
+++d++
++ocu+
+gros+
+rieh+

t e a p o t 
r e l i c s 
m i l d e r 
n i t r i c 
_ _ _ _ _ _ _ _ 
_ _ _ _ 

After
++++++
++++++
+++d++
++ocu+
+gros+
+rieh+

t e a p o t 
r e l i c s 
m i l d e r 
n i t r i c 
_ _ _ _ _ _ _ _ 
_ _ _ _ 

1
Before
++++++
++++++
++++++
+++d++
+++c++
+++eh+

t e a p o t 
r e l i c s 
m i l d e r 
n i t r i c 
r i g o r o u s 
_ _ _ _ 

After
++++++
++++++
++++++
+++d++
+++c++
+++eh+

t e a p o t 
r e l i c s 
m i l d e r 
n i t r i c 
r i g o r o u s 
_ _ _ _ 

0
Before
++++++
++++++
++o+++
++rdu+
+gios+
+rceh+

t e a p o t 
r e l i c s 
m i l d e r 
n i t r i c 
_ _ _ _ _ _ _ _ 
_ _ _ _ 

After
++++++
++++++
++o+++
++rdu+
+gios+
+rceh+

t e a p o t 
r e l i c s 
m i l d e r 
n i t r i c 
_ _ _ _ _ _ _ _ 
_ _ _ _ 

0
Before
++++++
++++++
+g++++
+r+du+
+r+os+
nioeh+

t e a p o t 
r e l i c s 
m i l d e r 
c r i t i c 
_ _ _ _ _ _ _ _ 
_ _ _ _ 

After
++++++
++++++
+g++++
+r+du+
+r+os+
nioeh+

t e a p o t 
r e l i c s 
m i l d e r 
c r i t i c 
_ _ _ _ _ _ _ _ 
_ _ _ _ 

0
Before
++++++
++++++
++++++
+g+du+
+roos+
nrieh+

t e a p o t 
r e l i c s 
m i l d e r 
c r i t i c 
_ _ _ _ _ _ _ _ 
_ _ _ _ 

After
++++++
++++++
++++++
+g+du+
+roos+
nrieh+

t e a p o t 
r e l i c s 
m i l d e r 
c r i t i c 
_ _ _ _ _ _ _ _ 
_ _ _ _ 

0
Before
++++++
++++++
++++++
+g+du+
+roos+
nireh+

t e a p o t 
r e l i c s 
m i l d e r 
c i t r i c 
_ _ _ _ _ _ _ _ 
_ _ _ _ 

After
++++++
++++++
++++++
+g+du+
+roos+
nireh+

t e a p o t 
r e l i c s 
m i l d e r 
c i t r i c 
_ _ _ _ _ _ _ _ 
_ _ _ _ 

0
Before
++++++
++++++
+g++++
+ro+++
+rrdu+
nicoh+

t e a p o t 
r e l i c s 
m i l d e r 
c i t i e s 
_ _ _ _ _ _ _ _ 
_ _ _ _ 

After
++++++
++++++
+g++++
+ro+++
+rrdu+
nicoh+

t e a p o t 
r e l i c s 
m i l d e r 
c i t i e s 
_ _ _ _ _ _ _ _ 
_ _ _ _ 

0
Before
++++++
++++++
+go+++
+rr+++
+ti+u+
nicds+

t e a p o t 
r e l i c s 
m i l d e r 
c o h e i r 
_ _ _ _ _ _ _ _ 
_ _ _ _ 

After
++++++
++++++
+go+++
+rr+++
+ti+u+
nicds+

t e a p o t 
r e l i c s 
m i l d e r 
c o h e i r 
_ _ _ _ _ _ _ _ 
_ _ _ _ 

0
Before
++++++
+g++++
+r++++
+rr+++
+tic++
niceh+

t e a p o t 
r e l i c s 
m i l d e r 
o d i o u s 
_ _ _ _ _ _ _ _ 
_ _ _ _ 

After
++++++
+g++++
+r++++
+rr+++
+tic++
niceh+

t e a p o t 
r e l i c s 
m i l d e r 
o d i o u s 
_ _ _ _ _ _ _ _ 
_ _ _ _ 

0
Before
++++++
++++r+
+roil+
+rmcu+
+tios+
niceh+

t e a p o t 
r e l i c s 
g i r d e d 
_ _ _ _ _ _ 
_ _ _ _ _ _ _ _ 
_ _ _ _ 

After
++++++
++++r+
+roil+
+rmcu+
+tios+
niceh+

t e a p o t 
r e l i c s 
g i r d e d 
_ _ _ _ _ _ 
_ _ _ _ _ _ _ _ 
_ _ _ _ 

10
Before
++++++
++++++
++++r+
+r++l+
+roiu+
nimos+

t e a p o t 
r e l i c s 
g i r d e d 
h e c t i c 
_ _ _ _ _ _ _ _ 
_ _ _ _ 

After
++++++
++++++
++++r+
+r++l+
+roiu+
nimos+

t e a p o t 
r e l i c s 
g i r d e d 
h e c t i c 
_ _ _ _ _ _ _ _ 
_ _ _ _ 

0
Before
++++++
++++++
++++r+
++m+l+
+riiu+
nicoh+

t e a p o t 
r e l i c s 
g i r d e d 
e s c o r t 
_ _ _ _ _ _ _ _ 
_ _ _ _ 

After
++++++
++++++
++++r+
++m+l+
+riiu+
nicoh+

t e a p o t 
r e l i c s 
g i r d e d 
e s c o r t 
_ _ _ _ _ _ _ _ 
_ _ _ _ 

0
Before
++++++
++++++
+r++r+
+r++l+
+to+u+
niieh+

t e a p o t 
r e l i c s 
g i r d e d 
c o m i c s 
_ _ _ _ _ _ _ _ 
_ _ _ _ 

After
++++++
++++++
+r++r+
+r++l+
+to+u+
niieh+

t e a p o t 
r e l i c s 
g i r d e d 
c o m i c s 
_ _ _ _ _ _ _ _ 
_ _ _ _ 

0
Before
++++++
++++++
+r++r+
+r++l+
+t+iu+
nioeh+

t e a p o t 
r e l i c s 
g i r d e d 
c o m i c s 
_ _ _ _ _ _ _ _ 
_ _ _ _ 

After
++++++
++++++
+r++r+
+r++l+
+t+iu+
nioeh+

t e a p o t 
r e l i c s 
g i r d e d 
c o m i c s 
_ _ _ _ _ _ _ _ 
_ _ _ _ 

0
Before
++++++
++++++
++++r+
+r++l+
+toiu+
nimcs+

t e a p o t 
r e l i c s 
g i r d e d 
c o h e i r 
_ _ _ _ _ _ _ _ 
_ _ _ _ 

After
++++++
++++++
++++r+
+r++l+
+toiu+
nimcs+

t e a p o t 
r e l i c s 
g i r d e d 
c o h e i r 
_ _ _ _ _ _ _ _ 
_ _ _ _ 

0
Before
++++++
++++r+
++++l+
+++iu+
++oos+
nrmeh+

t e a p o t 
r e l i c s 
g i r d e d 
c i t r i c 
_ _ _ _ _ _ _ _ 
_ _ _ _ 

After
++++++
++++r+
++++l+
+++iu+
++oos+
nrmeh+

t e a p o t 
r e l i c s 
g i r d e d 
c i t r i c 
_ _ _ _ _ _ _ _ 
_ _ _ _ 

0
Before
++++++
++++++
++++r+
+++il+
+rocu+
nrmoh+

t e a p o t 
r e l i c s 
g i r d e d 
c i t i e s 
_ _ _ _ _ _ _ _ 
_ _ _ _ 

After
++++++
++++++
++++r+
+++il+
+rocu+
nrmoh+

t e a p o t 
r e l i c s 
g i r d e d 
c i t i e s 
_ _ _ _ _ _ _ _ 
_ _ _ _ 

0
Before
++++++
++++r+
++++l+
++oiu+
++mos+
+rceh+

t e a p o t 
r e l i c s 
g i r d e d 
n i t r i c 
_ _ _ _ _ _ _ _ 
_ _ _ _ 

After
++++++
++++r+
++++l+
++oiu+
++mos+
+rceh+

t e a p o t 
r e l i c s 
g i r d e d 
n i t r i c 
_ _ _ _ _ _ _ _ 
_ _ _ _ 

0
Before
++++++
++++r+
+++il+
+++cu+
++oos+
+rmeh+

t e a p o t 
r e l i c s 
g i r d e d 
n i t r i c 
_ _ _ _ _ _ _ _ 
_ _ _ _ 

After
++++++
++++r+
+++il+
+++cu+
++oos+
+rmeh+

t e a p o t 
r e l i c s 
g i r d e d 
n i t r i c 
_ _ _ _ _ _ _ _ 
_ _ _ _ 

0
Before
++++++
++++++
++++r+
+ro+l+
+tm+u+
nicis+

t e a p o t 
r e l i c s 
g i r d e d 
c o h e i r 
_ _ _ _ _ _ _ _ 
_ _ _ _ 

After
++++++
++++++
++++r+
+ro+l+
+tm+u+
nicis+

t e a p o t 
r e l i c s 
g i r d e d 
c o h e i r 
_ _ _ _ _ _ _ _ 
_ _ _ _ 

0
Before
++++++
+++d++
+roil+
+rmcu+
+tios+
niceh+

t e a p o t 
r e l i c s 
g i r d e r 
_ _ _ _ _ _ 
_ _ _ _ _ _ _ _ 
_ _ _ _ 

After
++++++
+++d++
+roil+
+rmcu+
+tios+
niceh+

t e a p o t 
r e l i c s 
g i r d e r 
_ _ _ _ _ _ 
_ _ _ _ _ _ _ _ 
_ _ _ _ 

11
Before
++++++
++++++
++++++
+r+dl+
+roiu+
nimos+

t e a p o t 
r e l i c s 
g i r d e r 
h e c t i c 
_ _ _ _ _ _ _ _ 
_ _ _ _ 

After
++++++
++++++
++++++
+r+dl+
+roiu+
nimos+

t e a p o t 
r e l i c s 
g i r d e r 
h e c t i c 
_ _ _ _ _ _ _ _ 
_ _ _ _ 

0
Before
++++++
++++++
++++++
++mdl+
+riiu+
nicoh+

t e a p o t 
r e l i c s 
g i r d e r 
e s c o r t 
_ _ _ _ _ _ _ _ 
_ _ _ _ 

After
++++++
++++++
++++++
++mdl+
+riiu+
nicoh+

t e a p o t 
r e l i c s 
g i r d e r 
e s c o r t 
_ _ _ _ _ _ _ _ 
_ _ _ _ 

0
Before
++++++
++++++
+r++++
+r++l+
+todu+
niieh+

t e a p o t 
r e l i c s 
g i r d e r 
c o m i c s 
_ _ _ _ _ _ _ _ 
_ _ _ _ 

After
++++++
++++++
+r++++
+r++l+
+todu+
niieh+

t e a p o t 
r e l i c s 
g i r d e r 
c o m i c s 
_ _ _ _ _ _ _ _ 
_ _ _ _ 

0
Before
++++++
++++++
+r++++
+r+dl+
+t+iu+
nioeh+

t e a p o t 
r e l i c s 
g i r d e r 
c o m i c s 
_ _ _ _ _ _ _ _ 
_ _ _ _ 

After
++++++
++++++
+r++++
+r+dl+
+t+iu+
nioeh+

t e a p o t 
r e l i c s 
g i r d e r 
c o m i c s 
_ _ _ _ _ _ _ _ 
_ _ _ _ 

0
Before
++++++
++++++
++++++
+r+dl+
+toiu+
nimcs+

t e a p o t 
r e l i c s 
g i r d e r 
c o h e i r 
_ _ _ _ _ _ _ _ 
_ _ _ _ 

After
++++++
++++++
++++++
+r+dl+
+toiu+
nimcs+

t e a p o t 
r e l i c s 
g i r d e r 
c o h e i r 
_ _ _ _ _ _ _ _ 
_ _ _ _ 

0
Before
++++++
++++++
+++dl+
+++iu+
++oos+
nrmeh+

t e a p o t 
r e l i c s 
g i r d e r 
c i t r i c 
_ _ _ _ _ _ _ _ 
_ _ _ _ 

After
++++++
++++++
+++dl+
+++iu+
++oos+
nrmeh+

t e a p o t 
r e l i c s 
g i r d e r 
c i t r i c 
_ _ _ _ _ _ _ _ 
_ _ _ _ 

0
Before
++++++
++++++
+++d++
+++il+
+rocu+
nrmoh+

t e a p o t 
r e l i c s 
g i r d e r 
c i t i e s 
_ _ _ _ _ _ _ _ 
_ _ _ _ 

After
++++++
++++++
+++d++
+++il+
+rocu+
nrmoh+

t e a p o t 
r e l i c s 
g i r d e r 
c i t i e s 
_ _ _ _ _ _ _ _ 
_ _ _ _ 

0
Before
++++++
++++++
+++dl+
++oiu+
++mos+
+rceh+

t e a p o t 
r e l i c s 
g i r d e r 
n i t r i c 
_ _ _ _ _ _ _ _ 
_ _ _ _ 

After
++++++
++++++
+++dl+
++oiu+
++mos+
+rceh+

t e a p o t 
r e l i c s 
g i r d e r 
n i t r i c 
_ _ _ _ _ _ _ _ 
_ _ _ _ 

0
Before
++++++
+++d++
+++il+
+++cu+
++oos+
+rmeh+

t e a p o t 
r e l i c s 
g i r d e r 
n i t r i c 
_ _ _ _ _ _ _ _ 
_ _ _ _ 

After
++++++
+++d++
+++il+
+++cu+
++oos+
+rmeh+

t e a p o t 
r e l i c s 
g i r d e r 
n i t r i c 
_ _ _ _ _ _ _ _ 
_ _ _ _ 

0
Before
++++++
++++++
+ro+++
+rmi++
+tic++
nice++

t e a p o t 
r e l i c s 
g i r d e r 
s h o u l d 
_ _ _ _ _ _ _ _ 
_ _ _ _ 

After
++++++
++++++
+ro+++
+rmi++
+tic++
nice++

t e a p o t 
r e l i c s 
g i r d e r 
s h o u l d 
_ _ _ _ _ _ _ _ 
_ _ _ _ 

0
Before
++++++
++++++
++++++
+ro+l+
+tmdu+
nicis+

t e a p o t 
r e l i c s 
g i r d e r 
c o h e i r 
_ _ _ _ _ _ _ _ 
_ _ _ _ 

After
++++++
++++++
++++++
+ro+l+
+tmdu+
nicis+

t e a p o t 
r e l i c s 
g i r d e r 
c o h e i r 
_ _ _ _ _ _ _ _ 
_ _ _ _ 

0
Before
++++++
++++r+
+roil+
+rmcu+
+tios+
niceh+

t e a p o t 
r e l i c s 
g i r d e d 
_ _ _ _ _ _ 
_ _ _ _ _ _ _ _ 
_ _ _ _ 

After
++++++
++++r+
+roil+
+rmcu+
+tios+
niceh+

t e a p o t 
r e l i c s 
g i r d e d 
_ _ _ _ _ _ 
_ _ _ _ _ _ _ _ 
_ _ _ _ 

10
Before
++++++
++++++
++++r+
+r++l+
+roiu+
nimos+

t e a p o t 
r e l i c s 
g i r d e d 
h e c t i c 
_ _ _ _ _ _ _ _ 
_ _ _ _ 

After
++++++
++++++
++++r+
+r++l+
+roiu+
nimos+

t e a p o t 
r e l i c s 
g i r d e d 
h e c t i c 
_ _ _ _ _ _ _ _ 
_ _ _ _ 

0
Before
++++++
++++++
++++r+
++m+l+
+riiu+
nicoh+

t e a p o t 
r e l i c s 
g i r d e d 
e s c o r t 
_ _ _ _ _ _ _ _ 
_ _ _ _ 

After
++++++
++++++
++++r+
++m+l+
+riiu+
nicoh+

t e a p o t 
r e l i c s 
g i r d e d 
e s c o r t 
_ _ _ _ _ _ _ _ 
_ _ _ _ 

0
Before
++++++
++++++
+r++r+
+r++l+
+to+u+
niieh+

t e a p o t 
r e l i c s 
g i r d e d 
c o m i c s 
_ _ _ _ _ _ _ _ 
_ _ _ _ 

After
++++++
++++++
+r++r+
+r++l+
+to+u+
niieh+

t e a p o t 
r e l i c s 
g i r d e d 
c o m i c s 
_ _ _ _ _ _ _ _ 
_ _ _ _ 

0
Before
++++++
++++++
+r++r+
+r++l+
+t+iu+
nioeh+

t e a p o t 
r e l i c s 
g i r d e d 
c o m i c s 
_ _ _ _ _ _ _ _ 
_ _ _ _ 

After
++++++
++++++
+r++r+
+r++l+
+t+iu+
nioeh+

t e a p o t 
r e l i c s 
g i r d e d 
c o m i c s 
_ _ _ _ _ _ _ _ 
_ _ _ _ 

0
Before
++++++
++++++
++++r+
+r++l+
+toiu+
nimcs+

t e a p o t 
r e l i c s 
g i r d e d 
c o h e i r 
_ _ _ _ _ _ _ _ 
_ _ _ _ 

After
++++++
++++++
++++r+
+r++l+
+toiu+
nimcs+

t e a p o t 
r e l i c s 
g i r d e d 
c o h e i r 
_ _ _ _ _ _ _ _ 
_ _ _ _ 

0
Before
++++++
++++r+
++++l+
+++iu+
++oos+
nrmeh+

t e a p o t 
r e l i c s 
g i r d e d 
c i t r i c 
_ _ _ _ _ _ _ _ 
_ _ _ _ 

After
++++++
++++r+
++++l+
+++iu+
++oos+
nrmeh+

t e a p o t 
r e l i c s 
g i r d e d 
c i t r i c 
_ _ _ _ _ _ _ _ 
_ _ _ _ 

0
Before
++++++
++++++
++++r+
+++il+
+rocu+
nrmoh+

t e a p o t 
r e l i c s 
g i r d e d 
c i t i e s 
_ _ _ _ _ _ _ _ 
_ _ _ _ 

After
++++++
++++++
++++r+
+++il+
+rocu+
nrmoh+

t e a p o t 
r e l i c s 
g i r d e d 
c i t i e s 
_ _ _ _ _ _ _ _ 
_ _ _ _ 

0
Before
++++++
++++r+
++++l+
++oiu+
++mos+
+rceh+

t e a p o t 
r e l i c s 
g i r d e d 
n i t r i c 
_ _ _ _ _ _ _ _ 
_ _ _ _ 

After
++++++
++++r+
++++l+
++oiu+
++mos+
+rceh+

t e a p o t 
r e l i c s 
g i r d e d 
n i t r i c 
_ _ _ _ _ _ _ _ 
_ _ _ _ 

0
Before
++++++
++++r+
+++il+
+++cu+
++oos+
+rmeh+

t e a p o t 
r e l i c s 
g i r d e d 
n i t r i c 
_ _ _ _ _ _ _ _ 
_ _ _ _ 

After
++++++
++++r+
+++il+
+++cu+
++oos+
+rmeh+

t e a p o t 
r e l i c s 
g i r d e d 
n i t r i c 
_ _ _ _ _ _ _ _ 
_ _ _ _ 

0
Before
++++++
++++++
++++r+
+ro+l+
+tm+u+
nicis+

t e a p o t 
r e l i c s 
g i r d e d 
c o h e i r 
_ _ _ _ _ _ _ _ 
_ _ _ _ 

After
++++++
++++++
++++r+
+ro+l+
+tm+u+
nicis+

t e a p o t 
r e l i c s 
g i r d e d 
c o h e i r 
_ _ _ _ _ _ _ _ 
_ _ _ _ 

0
Before
++++++
+++d++
+roil+
+rmcu+
+tios+
niceh+

t e a p o t 
r e l i c s 
g i r d e r 
_ _ _ _ _ _ 
_ _ _ _ _ _ _ _ 
_ _ _ _ 

After
++++++
+++d++
+roil+
+rmcu+
+tios+
niceh+

t e a p o t 
r e l i c s 
g i r d e r 
_ _ _ _ _ _ 
_ _ _ _ _ _ _ _ 
_ _ _ _ 

11
Before
++++++
++++++
++++++
+r+dl+
+roiu+
nimos+

t e a p o t 
r e l i c s 
g i r d e r 
h e c t i c 
_ _ _ _ _ _ _ _ 
_ _ _ _ 

After
++++++
++++++
++++++
+r+dl+
+roiu+
nimos+

t e a p o t 
r e l i c s 
g i r d e r 
h e c t i c 
_ _ _ _ _ _ _ _ 
_ _ _ _ 

0
Before
++++++
++++++
++++++
++mdl+
+riiu+
nicoh+

t e a p o t 
r e l i c s 
g i r d e r 
e s c o r t 
_ _ _ _ _ _ _ _ 
_ _ _ _ 

After
++++++
++++++
++++++
++mdl+
+riiu+
nicoh+

t e a p o t 
r e l i c s 
g i r d e r 
e s c o r t 
_ _ _ _ _ _ _ _ 
_ _ _ _ 

0
Before
++++++
++++++
+r++++
+r++l+
+todu+
niieh+

t e a p o t 
r e l i c s 
g i r d e r 
c o m i c s 
_ _ _ _ _ _ _ _ 
_ _ _ _ 

After
++++++
++++++
+r++++
+r++l+
+todu+
niieh+

t e a p o t 
r e l i c s 
g i r d e r 
c o m i c s 
_ _ _ _ _ _ _ _ 
_ _ _ _ 

0
Before
++++++
++++++
+r++++
+r+dl+
+t+iu+
nioeh+

t e a p o t 
r e l i c s 
g i r d e r 
c o m i c s 
_ _ _ _ _ _ _ _ 
_ _ _ _ 

After
++++++
++++++
+r++++
+r+dl+
+t+iu+
nioeh+

t e a p o t 
r e l i c s 
g i r d e r 
c o m i c s 
_ _ _ _ _ _ _ _ 
_ _ _ _ 

0
Before
++++++
++++++
++++++
+r+dl+
+toiu+
nimcs+

t e a p o t 
r e l i c s 
g i r d e r 
c o h e i r 
_ _ _ _ _ _ _ _ 
_ _ _ _ 

After
++++++
++++++
++++++
+r+dl+
+toiu+
nimcs+

t e a p o t 
r e l i c s 
g i r d e r 
c o h e i r 
_ _ _ _ _ _ _ _ 
_ _ _ _ 

0
Before
++++++
++++++
+++dl+
+++iu+
++oos+
nrmeh+

t e a p o t 
r e l i c s 
g i r d e r 
c i t r i c 
_ _ _ _ _ _ _ _ 
_ _ _ _ 

After
++++++
++++++
+++dl+
+++iu+
++oos+
nrmeh+

t e a p o t 
r e l i c s 
g i r d e r 
c i t r i c 
_ _ _ _ _ _ _ _ 
_ _ _ _ 

0
Before
++++++
++++++
+++d++
+++il+
+rocu+
nrmoh+

t e a p o t 
r e l i c s 
g i r d e r 
c i t i e s 
_ _ _ _ _ _ _ _ 
_ _ _ _ 

After
++++++
++++++
+++d++
+++il+
+rocu+
nrmoh+

t e a p o t 
r e l i c s 
g i r d e r 
c i t i e s 
_ _ _ _ _ _ _ _ 
_ _ _ _ 

0
Before
++++++
++++++
+++dl+
++oiu+
++mos+
+rceh+

t e a p o t 
r e l i c s 
g i r d e r 
n i t r i c 
_ _ _ _ _ _ _ _ 
_ _ _ _ 

After
++++++
++++++
+++dl+
++oiu+
++mos+
+rceh+

t e a p o t 
r e l i c s 
g i r d e r 
n i t r i c 
_ _ _ _ _ _ _ _ 
_ _ _ _ 

0
Before
++++++
+++d++
+++il+
+++cu+
++oos+
+rmeh+

t e a p o t 
r e l i c s 
g i r d e r 
n i t r i c 
_ _ _ _ _ _ _ _ 
_ _ _ _ 

After
++++++
+++d++
+++il+
+++cu+
++oos+
+rmeh+

t e a p o t 
r e l i c s 
g i r d e r 
n i t r i c 
_ _ _ _ _ _ _ _ 
_ _ _ _ 

0
Before
++++++
++++++
+ro+++
+rmi++
+tic++
nice++

t e a p o t 
r e l i c s 
g i r d e r 
s h o u l d 
_ _ _ _ _ _ _ _ 
_ _ _ _ 

After
++++++
++++++
+ro+++
+rmi++
+tic++
nice++

t e a p o t 
r e l i c s 
g i r d e r 
s h o u l d 
_ _ _ _ _ _ _ _ 
_ _ _ _ 

0
Before
++++++
++++++
++++++
+ro+l+
+tmdu+
nicis+

t e a p o t 
r e l i c s 
g i r d e r 
c o h e i r 
_ _ _ _ _ _ _ _ 
_ _ _ _ 

After
++++++
++++++
++++++
+ro+l+
+tmdu+
nicis+

t e a p o t 
r e l i c s 
g i r d e r 
c o h e i r 
_ _ _ _ _ _ _ _ 
_ _ _ _ 

0
Before
+++++t
n+odeo
rgrdrp
eriila
lrmcue
siiost

h e c t i c 
_ _ _ _ _ _ 
_ _ _ _ _ _ 
_ _ _ _ _ _ 
_ _ _ _ _ _ _ _ 
_ _ _ _ 

After
+++++t
n+odeo
rgrdrp
eriila
lrmcue
siiost

h e c t i c 
_ _ _ _ _ _ 
_ _ _ _ _ _ 
_ _ _ _ _ _ 
_ _ _ _ _ _ _ _ 
_ _ _ _ 

24
Before
++++++
n+o+++
rgrd++
eriilt
lrmcuo
siiosp

h e c t i c 
t e a r e d 
_ _ _ _ _ _ 
_ _ _ _ _ _ 
_ _ _ _ _ _ _ _ 
_ _ _ _ 

After
++++++
n+o+++
rgrd++
eriilt
lrmcuo
siiosp

h e c t i c 
t e a r e d 
_ _ _ _ _ _ 
_ _ _ _ _ _ 
_ _ _ _ _ _ _ _ 
_ _ _ _ 

0
Before
++++++
n+o+++
rgrd++
eriilt
lrmcuo
siiosp

h e c t i c 
t e a r e d 
_ _ _ _ _ _ 
_ _ _ _ _ _ 
_ _ _ _ _ _ _ _ 
_ _ _ _ 

After
++++++
n+o+++
rgrd++
eriilt
lrmcuo
siiosp

h e c t i c 
t e a r e d 
_ _ _ _ _ _ 
_ _ _ _ _ _ 
_ _ _ _ _ _ _ _ 
_ _ _ _ 

0
Before
++++++
n+ode+
rgrdr+
eriil+
lrmcu+
siios+

h e c t i c 
t e a p o t 
_ _ _ _ _ _ 
_ _ _ _ _ _ 
_ _ _ _ _ _ _ _ 
_ _ _ _ 

After
++++++
n+ode+
rgrdr+
eriil+
lrmcu+
siios+

h e c t i c 
t e a p o t 
_ _ _ _ _ _ 
_ _ _ _ _ _ 
_ _ _ _ _ _ _ _ 
_ _ _ _ 

5
Before
++++++
n+++++
rgo+++
errd++
lricu+
siios+

h e c t i c 
t e a p o t 
m i l d e r 
_ _ _ _ _ _ 
_ _ _ _ _ _ _ _ 
_ _ _ _ 

After
++++++
n+++++
rgo+++
errd++
lricu+
siios+

h e c t i c 
t e a p o t 
m i l d e r 
_ _ _ _ _ _ 
_ _ _ _ _ _ _ _ 
_ _ _ _ 

1
Before
++++++
n+++++
rg++++
er++++
lrr+++
siic++

h e c t i c 
t e a p o t 
m i l d e r 
o d i o u s 
_ _ _ _ _ _ _ _ 
_ _ _ _ 

After
++++++
n+++++
rg++++
er++++
lrr+++
siic++

h e c t i c 
t e a p o t 
m i l d e r 
o d i o u s 
_ _ _ _ _ _ _ _ 
_ _ _ _ 

0
Before
++++++
n+++++
r+++r+
eroil+
lrmcu+
siios+

h e c t i c 
t e a p o t 
g i r d e d 
_ _ _ _ _ _ 
_ _ _ _ _ _ _ _ 
_ _ _ _ 

After
++++++
n+++++
r+++r+
eroil+
lrmcu+
siios+

h e c t i c 
t e a p o t 
g i r d e d 
_ _ _ _ _ _ 
_ _ _ _ _ _ _ _ 
_ _ _ _ 

7
Before
++++++
++++++
++++++
n+++r+
lrmil+
siiou+

h e c t i c 
t e a p o t 
g i r d e d 
s c o r e r 
_ _ _ _ _ _ _ _ 
_ _ _ _ 

After
++++++
++++++
++++++
n+++r+
lrmil+
siiou+

h e c t i c 
t e a p o t 
g i r d e d 
s c o r e r 
_ _ _ _ _ _ _ _ 
_ _ _ _ 

0
Before
++++++
++++++
n+++++
r+++r+
l+mil+
siiou+

h e c t i c 
t e a p o t 
g i r d e d 
s c o r e r 
_ _ _ _ _ _ _ _ 
_ _ _ _ 

After
++++++
++++++
n+++++
r+++r+
l+mil+
siiou+

h e c t i c 
t e a p o t 
g i r d e d 
s c o r e r 
_ _ _ _ _ _ _ _ 
_ _ _ _ 

0
Before
++++++
++++++
++++++
n+++r+
lrmil+
siiou+

h e c t i c 
t e a p o t 
g i r d e d 
s c o r e r 
_ _ _ _ _ _ _ _ 
_ _ _ _ 

After
++++++
++++++
++++++
n+++r+
lrmil+
siiou+

h e c t i c 
t e a p o t 
g i r d e d 
s c o r e r 
_ _ _ _ _ _ _ _ 
_ _ _ _ 

0
Before
++++++
++++++
n+++++
r+++r+
l+mil+
siiou+

h e c t i c 
t e a p o t 
g i r d e d 
s c o r e r 
_ _ _ _ _ _ _ _ 
_ _ _ _ 

After
++++++
++++++
n+++++
r+++r+
l+mil+
siiou+

h e c t i c 
t e a p o t 
g i r d e d 
s c o r e r 
_ _ _ _ _ _ _ _ 
_ _ _ _ 

0
Before
++++++
++++++
++++r+
n+++l+
r+miu+
liios+

h e c t i c 
t e a p o t 
g i r d e d 
c o r e r s 
_ _ _ _ _ _ _ _ 
_ _ _ _ 

After
++++++
++++++
++++r+
n+++l+
r+miu+
liios+

h e c t i c 
t e a p o t 
g i r d e d 
c o r e r s 
_ _ _ _ _ _ _ _ 
_ _ _ _ 

0
Before
++++++
++++++
n+++r+
r++il+
e++cu+
l+ios+

h e c t i c 
t e a p o t 
g i r d e d 
m o r r i s 
_ _ _ _ _ _ _ _ 
_ _ _ _ 

After
++++++
++++++
n+++r+
r++il+
e++cu+
l+ios+

h e c t i c 
t e a p o t 
g i r d e d 
m o r r i s 
_ _ _ _ _ _ _ _ 
_ _ _ _ 

0
Before
++++++
++++++
++++r+
+++il+
n+mcu+
liios+

h e c t i c 
t e a p o t 
g i r d e d 
e r r o r s 
_ _ _ _ _ _ _ _ 
_ _ _ _ 

After
++++++
++++++
++++r+
+++il+
n+mcu+
liios+

h e c t i c 
t e a p o t 
g i r d e d 
e r r o r s 
_ _ _ _ _ _ _ _ 
_ _ _ _ 

0
Before
++++++
n+++++
r++d++
eroil+
lrmcu+
siios+

h e c t i c 
t e a p o t 
g i r d e r 
_ _ _ _ _ _ 
_ _ _ _ _ _ _ _ 
_ _ _ _ 

After
++++++
n+++++
r++d++
eroil+
lrmcu+
siios+

h e c t i c 
t e a p o t 
g i r d e r 
_ _ _ _ _ _ 
_ _ _ _ _ _ _ _ 
_ _ _ _ 

7
Before
++++++
++++++
++++++
n++d++
lrmil+
siiou+

h e c t i c 
t e a p o t 
g i r d e r 
s c o r e r 
_ _ _ _ _ _ _ _ 
_ _ _ _ 

After
++++++
++++++
++++++
n++d++
lrmil+
siiou+

h e c t i c 
t e a p o t 
g i r d e r 
s c o r e r 
_ _ _ _ _ _ _ _ 
_ _ _ _ 

0
Before
++++++
++++++
n+++++
r++d++
l+mil+
siiou+

h e c t i c 
t e a p o t 
g i r d e r 
s c o r e r 
_ _ _ _ _ _ _ _ 
_ _ _ _ 

After
++++++
++++++
n+++++
r++d++
l+mil+
siiou+

h e c t i c 
t e a p o t 
g i r d e r 
s c o r e r 
_ _ _ _ _ _ _ _ 
_ _ _ _ 

0
Before
++++++
++++++
++++++
n++d++
lrmil+
siiou+

h e c t i c 
t e a p o t 
g i r d e r 
s c o r e r 
_ _ _ _ _ _ _ _ 
_ _ _ _ 

After
++++++
++++++
++++++
n++d++
lrmil+
siiou+

h e c t i c 
t e a p o t 
g i r d e r 
s c o r e r 
_ _ _ _ _ _ _ _ 
_ _ _ _ 

0
Before
++++++
++++++
n+++++
r++d++
l+mil+
siiou+

h e c t i c 
t e a p o t 
g i r d e r 
s c o r e r 
_ _ _ _ _ _ _ _ 
_ _ _ _ 

After
++++++
++++++
n+++++
r++d++
l+mil+
siiou+

h e c t i c 
t e a p o t 
g i r d e r 
s c o r e r 
_ _ _ _ _ _ _ _ 
_ _ _ _ 

0
Before
++++++
++++++
++++++
n++dl+
r+miu+
liios+

h e c t i c 
t e a p o t 
g i r d e r 
c o r e r s 
_ _ _ _ _ _ _ _ 
_ _ _ _ 

After
++++++
++++++
++++++
n++dl+
r+miu+
liios+

h e c t i c 
t e a p o t 
g i r d e r 
c o r e r s 
_ _ _ _ _ _ _ _ 
_ _ _ _ 

0
Before
++++++
++++++
n++d++
r++il+
e++cu+
l+ios+

h e c t i c 
t e a p o t 
g i r d e r 
m o r r i s 
_ _ _ _ _ _ _ _ 
_ _ _ _ 

After
++++++
++++++
n++d++
r++il+
e++cu+
l+ios+

h e c t i c 
t e a p o t 
g i r d e r 
m o r r i s 
_ _ _ _ _ _ _ _ 
_ _ _ _ 

0
Before
++++++
++++++
+++d++
+++il+
n+mcu+
liios+

h e c t i c 
t e a p o t 
g i r d e r 
e r r o r s 
_ _ _ _ _ _ _ _ 
_ _ _ _ 

After
++++++
++++++
+++d++
+++il+
n+mcu+
liios+

h e c t i c 
t e a p o t 
g i r d e r 
e r r o r s 
_ _ _ _ _ _ _ _ 
_ _ _ _ 

0
Before
++++++
n+++++
r+++r+
eroil+
lrmcu+
siios+

h e c t i c 
t e a p o t 
g i r d e d 
_ _ _ _ _ _ 
_ _ _ _ _ _ _ _ 
_ _ _ _ 

After
++++++
n+++++
r+++r+
eroil+
lrmcu+
siios+

h e c t i c 
t e a p o t 
g i r d e d 
_ _ _ _ _ _ 
_ _ _ _ _ _ _ _ 
_ _ _ _ 

7
Before
++++++
++++++
++++++
n+++r+
lrmil+
siiou+

h e c t i c 
t e a p o t 
g i r d e d 
s c o r e r 
_ _ _ _ _ _ _ _ 
_ _ _ _ 

After
++++++
++++++
++++++
n+++r+
lrmil+
siiou+

h e c t i c 
t e a p o t 
g i r d e d 
s c o r e r 
_ _ _ _ _ _ _ _ 
_ _ _ _ 

0
Before
++++++
++++++
n+++++
r+++r+
l+mil+
siiou+

h e c t i c 
t e a p o t 
g i r d e d 
s c o r e r 
_ _ _ _ _ _ _ _ 
_ _ _ _ 

After
++++++
++++++
n+++++
r+++r+
l+mil+
siiou+

h e c t i c 
t e a p o t 
g i r d e d 
s c o r e r 
_ _ _ _ _ _ _ _ 
_ _ _ _ 

0
Before
++++++
++++++
++++++
n+++r+
lrmil+
siiou+

h e c t i c 
t e a p o t 
g i r d e d 
s c o r e r 
_ _ _ _ _ _ _ _ 
_ _ _ _ 

After
++++++
++++++
++++++
n+++r+
lrmil+
siiou+

h e c t i c 
t e a p o t 
g i r d e d 
s c o r e r 
_ _ _ _ _ _ _ _ 
_ _ _ _ 

0
Before
++++++
++++++
n+++++
r+++r+
l+mil+
siiou+

h e c t i c 
t e a p o t 
g i r d e d 
s c o r e r 
_ _ _ _ _ _ _ _ 
_ _ _ _ 

After
++++++
++++++
n+++++
r+++r+
l+mil+
siiou+

h e c t i c 
t e a p o t 
g i r d e d 
s c o r e r 
_ _ _ _ _ _ _ _ 
_ _ _ _ 

0
Before
++++++
++++++
++++r+
n+++l+
r+miu+
liios+

h e c t i c 
t e a p o t 
g i r d e d 
c o r e r s 
_ _ _ _ _ _ _ _ 
_ _ _ _ 

After
++++++
++++++
++++r+
n+++l+
r+miu+
liios+

h e c t i c 
t e a p o t 
g i r d e d 
c o r e r s 
_ _ _ _ _ _ _ _ 
_ _ _ _ 

0
Before
++++++
++++++
n+++r+
r++il+
e++cu+
l+ios+

h e c t i c 
t e a p o t 
g i r d e d 
m o r r i s 
_ _ _ _ _ _ _ _ 
_ _ _ _ 

After
++++++
++++++
n+++r+
r++il+
e++cu+
l+ios+

h e c t i c 
t e a p o t 
g i r d e d 
m o r r i s 
_ _ _ _ _ _ _ _ 
_ _ _ _ 

0
Before
++++++
++++++
++++r+
+++il+
n+mcu+
liios+

h e c t i c 
t e a p o t 
g i r d e d 
e r r o r s 
_ _ _ _ _ _ _ _ 
_ _ _ _ 

After
++++++
++++++
++++r+
+++il+
n+mcu+
liios+

h e c t i c 
t e a p o t 
g i r d e d 
e r r o r s 
_ _ _ _ _ _ _ _ 
_ _ _ _ 

0
Before
++++++
n+++++
r++d++
eroil+
lrmcu+
siios+

h e c t i c 
t e a p o t 
g i r d e r 
_ _ _ _ _ _ 
_ _ _ _ _ _ _ _ 
_ _ _ _ 

After
++++++
n+++++
r++d++
eroil+
lrmcu+
siios+

h e c t i c 
t e a p o t 
g i r d e r 
_ _ _ _ _ _ 
_ _ _ _ _ _ _ _ 
_ _ _ _ 

7
Before
++++++
++++++
++++++
n++d++
lrmil+
siiou+

h e c t i c 
t e a p o t 
g i r d e r 
s c o r e r 
_ _ _ _ _ _ _ _ 
_ _ _ _ 

After
++++++
++++++
++++++
n++d++
lrmil+
siiou+

h e c t i c 
t e a p o t 
g i r d e r 
s c o r e r 
_ _ _ _ _ _ _ _ 
_ _ _ _ 

0
Before
++++++
++++++
n+++++
r++d++
l+mil+
siiou+

h e c t i c 
t e a p o t 
g i r d e r 
s c o r e r 
_ _ _ _ _ _ _ _ 
_ _ _ _ 

After
++++++
++++++
n+++++
r++d++
l+mil+
siiou+

h e c t i c 
t e a p o t 
g i r d e r 
s c o r e r 
_ _ _ _ _ _ _ _ 
_ _ _ _ 

0
Before
++++++
++++++
++++++
n++d++
lrmil+
siiou+

h e c t i c 
t e a p o t 
g i r d e r 
s c o r e r 
_ _ _ _ _ _ _ _ 
_ _ _ _ 

After
++++++
++++++
++++++
n++d++
lrmil+
siiou+

h e c t i c 
t e a p o t 
g i r d e r 
s c o r e r 
_ _ _ _ _ _ _ _ 
_ _ _ _ 

0
Before
++++++
++++++
n+++++
r++d++
l+mil+
siiou+

h e c t i c 
t e a p o t 
g i r d e r 
s c o r e r 
_ _ _ _ _ _ _ _ 
_ _ _ _ 

After
++++++
++++++
n+++++
r++d++
l+mil+
siiou+

h e c t i c 
t e a p o t 
g i r d e r 
s c o r e r 
_ _ _ _ _ _ _ _ 
_ _ _ _ 

0
Before
++++++
++++++
++++++
n++dl+
r+miu+
liios+

h e c t i c 
t e a p o t 
g i r d e r 
c o r e r s 
_ _ _ _ _ _ _ _ 
_ _ _ _ 

After
++++++
++++++
++++++
n++dl+
r+miu+
liios+

h e c t i c 
t e a p o t 
g i r d e r 
c o r e r s 
_ _ _ _ _ _ _ _ 
_ _ _ _ 

0
Before
++++++
++++++
n++d++
r++il+
e++cu+
l+ios+

h e c t i c 
t e a p o t 
g i r d e r 
m o r r i s 
_ _ _ _ _ _ _ _ 
_ _ _ _ 

After
++++++
++++++
n++d++
r++il+
e++cu+
l+ios+

h e c t i c 
t e a p o t 
g i r d e r 
m o r r i s 
_ _ _ _ _ _ _ _ 
_ _ _ _ 

0
Before
++++++
++++++
+++d++
+++il+
n+mcu+
liios+

h e c t i c 
t e a p o t 
g i r d e r 
e r r o r s 
_ _ _ _ _ _ _ _ 
_ _ _ _ 

After
++++++
++++++
+++d++
+++il+
n+mcu+
liios+

h e c t i c 
t e a p o t 
g i r d e r 
e r r o r s 
_ _ _ _ _ _ _ _ 
_ _ _ _ 

0
Before
++++++
n+o+++
rgrd+t
erii+o
lrmclp
siiout

h e c t i c 
s e a r e d 
_ _ _ _ _ _ 
_ _ _ _ _ _ 
_ _ _ _ _ _ _ _ 
_ _ _ _ 

After
++++++
n+o+++
rgrd+t
erii+o
lrmclp
siiout

h e c t i c 
s e a r e d 
_ _ _ _ _ _ 
_ _ _ _ _ _ 
_ _ _ _ _ _ _ _ 
_ _ _ _ 

0
Before
++++++
n+o+++
rgrd+t
erii+o
lrmclp
siiout

h e c t i c 
s e a r e d 
_ _ _ _ _ _ 
_ _ _ _ _ _ 
_ _ _ _ _ _ _ _ 
_ _ _ _ 

After
++++++
n+o+++
rgrd+t
erii+o
lrmclp
siiout

h e c t i c 
s e a r e d 
_ _ _ _ _ _ 
_ _ _ _ _ _ 
_ _ _ _ _ _ _ _ 
_ _ _ _ 

0
Before
++++++
n+o++t
rgr++o
erid+p
lrmdee
siiist

h e c t i c 
o c u l a r 
_ _ _ _ _ _ 
_ _ _ _ _ _ 
_ _ _ _ _ _ _ _ 
_ _ _ _ 

After
++++++
n+o++t
rgr++o
erid+p
lrmdee
siiist

h e c t i c 
o c u l a r 
_ _ _ _ _ _ 
_ _ _ _ _ _ 
_ _ _ _ _ _ _ _ 
_ _ _ _ 

4
Before
++++++
+++++t
++o++o
ngr++p
rrid+e
sridet

h e c t i c 
o c u l a r 
s i m i l e 
_ _ _ _ _ _ 
_ _ _ _ _ _ _ _ 
_ _ _ _ 

After
++++++
+++++t
++o++o
ngr++p
rrid+e
sridet

h e c t i c 
o c u l a r 
s i m i l e 
_ _ _ _ _ _ 
_ _ _ _ _ _ _ _ 
_ _ _ _ 

1
Before
++++++
+++++t
+++++o
n++++p
rro++e
sri++t

h e c t i c 
o c u l a r 
s i m i l e 
g i r d e d 
_ _ _ _ _ _ _ _ 
_ _ _ _ 

After
++++++
+++++t
+++++o
n++++p
rro++e
sri++t

h e c t i c 
o c u l a r 
s i m i l e 
g i r d e d 
_ _ _ _ _ _ _ _ 
_ _ _ _ 

0
Before
++++++
n+++++
rgo++t
err++o
lri++p
siid+e

h e c t i c 
o c u l a r 
m i s t e d 
_ _ _ _ _ _ 
_ _ _ _ _ _ _ _ 
_ _ _ _ 

After
++++++
n+++++
rgo++t
err++o
lri++p
siid+e

h e c t i c 
o c u l a r 
m i s t e d 
_ _ _ _ _ _ 
_ _ _ _ _ _ _ _ 
_ _ _ _ 

0
Before
++++++
n+++++
rgo++t
err++o
lri++p
siid+e

h e c t i c 
o c u l a r 
m i s t e d 
_ _ _ _ _ _ 
_ _ _ _ _ _ _ _ 
_ _ _ _ 

After
++++++
n+++++
rgo++t
err++o
lri++p
siid+e

h e c t i c 
o c u l a r 
m i s t e d 
_ _ _ _ _ _ 
_ _ _ _ _ _ _ _ 
_ _ _ _ 

0
Before
++++++
n++++t
r++++o
ero++p
lrm++e
siiist

h e c t i c 
o c u l a r 
g i r d e d 
_ _ _ _ _ _ 
_ _ _ _ _ _ _ _ 
_ _ _ _ 

After
++++++
n++++t
r++++o
ero++p
lrm++e
siiist

h e c t i c 
o c u l a r 
g i r d e d 
_ _ _ _ _ _ 
_ _ _ _ _ _ _ _ 
_ _ _ _ 

3
Before
++++++
+++++t
+++++o
n++++p
rro++e
sri++t

h e c t i c 
o c u l a r 
g i r d e d 
s i m i l e 
_ _ _ _ _ _ _ _ 
_ _ _ _ 

After
++++++
+++++t
+++++o
n++++p
rro++e
sri++t

h e c t i c 
o c u l a r 
g i r d e d 
s i m i l e 
_ _ _ _ _ _ _ _ 
_ _ _ _ 

0
Before
++++++
+++++t
n++++o
r++++p
e++++e
l+iist

h e c t i c 
o c u l a r 
g i r d e d 
m o r r i s 
_ _ _ _ _ _ _ _ 
_ _ _ _ 

After
++++++
+++++t
n++++o
r++++p
e++++e
l+iist

h e c t i c 
o c u l a r 
g i r d e d 
m o r r i s 
_ _ _ _ _ _ _ _ 
_ _ _ _ 

0
Before
++++++
+++++t
+++++o
+++++p
n+m++e
liiist

h e c t i c 
o c u l a r 
g i r d e d 
e r r o r s 
_ _ _ _ _ _ _ _ 
_ _ _ _ 

After
++++++
+++++t
+++++o
+++++p
n+m++e
liiist

h e c t i c 
o c u l a r 
g i r d e d 
e r r o r s 
_ _ _ _ _ _ _ _ 
_ _ _ _ 

0
Before
++++++
+++++t
n+odeo
rgrdrp
ericua
lriost

h e c t i c 
s i m i l e 
_ _ _ _ _ _ 
_ _ _ _ _ _ 
_ _ _ _ _ _ _ _ 
_ _ _ _ 

After
++++++
+++++t
n+odeo
rgrdrp
ericua
lriost

h e c t i c 
s i m i l e 
_ _ _ _ _ _ 
_ _ _ _ _ _ 
_ _ _ _ _ _ _ _ 
_ _ _ _ 

18
Before
++++++
++++++
n+o+++
rgrd+t
erid+o
lriout

h e c t i c 
s i m i l e 
s c r a p e 
_ _ _ _ _ _ 
_ _ _ _ _ _ _ _ 
_ _ _ _ 

After
++++++
++++++
n+o+++
rgrd+t
erid+o
lriout

h e c t i c 
s i m i l e 
s c r a p e 
_ _ _ _ _ _ 
_ _ _ _ _ _ _ _ 
_ _ _ _ 

0
Before
++++++
+++++t
n+o++o
rgr++p
erid+a
lric+t

h e c t i c 
s i m i l e 
s o u r e d 
_ _ _ _ _ _ 
_ _ _ _ _ _ _ _ 
_ _ _ _ 

After
++++++
+++++t
n+o++o
rgr++p
erid+a
lric+t

h e c t i c 
s i m i l e 
s o u r e d 
_ _ _ _ _ _ 
_ _ _ _ _ _ _ _ 
_ _ _ _ 

0
Before
++++++
+++++t
n+o++o
rgr++p
erid+a
lric+t

h e c t i c 
s i m i l e 
s o u r e d 
_ _ _ _ _ _ 
_ _ _ _ _ _ _ _ 
_ _ _ _ 

After
++++++
+++++t
n+o++o
rgr++p
erid+a
lric+t

h e c t i c 
s i m i l e 
s o u r e d 
_ _ _ _ _ _ 
_ _ _ _ _ _ _ _ 
_ _ _ _ 

0
Before
++++++
++++++
n+od++
rgrd++
eric+t
lrioea

h e c t i c 
s i m i l e 
s t u p o r 
_ _ _ _ _ _ 
_ _ _ _ _ _ _ _ 
_ _ _ _ 

After
++++++
++++++
n+od++
rgrd++
eric+t
lrioea

h e c t i c 
s i m i l e 
s t u p o r 
_ _ _ _ _ _ 
_ _ _ _ _ _ _ _ 
_ _ _ _ 

0
Before
++++++
++++++
n++++t
rgo++o
errdep
lricra

h e c t i c 
s i m i l e 
s t u d i o 
_ _ _ _ _ _ 
_ _ _ _ _ _ _ _ 
_ _ _ _ 

After
++++++
++++++
n++++t
rgo++o
errdep
lricra

h e c t i c 
s i m i l e 
s t u d i o 
_ _ _ _ _ _ 
_ _ _ _ _ _ _ _ 
_ _ _ _ 

0
Before
++++++
++++++
n+o+++
rgrd+t
eric+o
lrioup

h e c t i c 
s i m i l e 
s t a r e d 
_ _ _ _ _ _ 
_ _ _ _ _ _ _ _ 
_ _ _ _ 

After
++++++
++++++
n+o+++
rgrd+t
eric+o
lrioup

h e c t i c 
s i m i l e 
s t a r e d 
_ _ _ _ _ _ 
_ _ _ _ _ _ _ _ 
_ _ _ _ 

0
Before
++++++
++++++
n+o+++
rgrd+t
eric+o
lrioup

h e c t i c 
s i m i l e 
s t a r e d 
_ _ _ _ _ _ 
_ _ _ _ _ _ _ _ 
_ _ _ _ 

After
++++++
++++++
n+o+++
rgrd+t
eric+o
lrioup

h e c t i c 
s i m i l e 
s t a r e d 
_ _ _ _ _ _ 
_ _ _ _ _ _ _ _ 
_ _ _ _ 

0
Before
++++++
++++++
n+o+++
rgr++t
erideo
lridup

h e c t i c 
s i m i l e 
c o s t a r 
_ _ _ _ _ _ 
_ _ _ _ _ _ _ _ 
_ _ _ _ 

After
++++++
++++++
n+o+++
rgr++t
erideo
lridup

h e c t i c 
s i m i l e 
c o s t a r 
_ _ _ _ _ _ 
_ _ _ _ _ _ _ _ 
_ _ _ _ 

1
Before
++++++
++++++
n+++++
r++++t
ero++o
lri+up

h e c t i c 
s i m i l e 
c o s t a r 
g i r d e d 
_ _ _ _ _ _ _ _ 
_ _ _ _ 

After
++++++
++++++
n+++++
r++++t
ero++o
lri+up

h e c t i c 
s i m i l e 
c o s t a r 
g i r d e d 
_ _ _ _ _ _ _ _ 
_ _ _ _ 

0
Before
++++++
++++++
n+od++
rgrd++
eric+t
lriouo

h e c t i c 
s i m i l e 
r e p a s t 
_ _ _ _ _ _ 
_ _ _ _ _ _ _ _ 
_ _ _ _ 

After
++++++
++++++
n+od++
rgrd++
eric+t
lriouo

h e c t i c 
s i m i l e 
r e p a s t 
_ _ _ _ _ _ 
_ _ _ _ _ _ _ _ 
_ _ _ _ 

0
Before
++++++
++++++
n+o+++
rgr++t
ericuo
lriost

h e c t i c 
s i m i l e 
d r a p e d 
_ _ _ _ _ _ 
_ _ _ _ _ _ _ _ 
_ _ _ _ 

After
++++++
++++++
n+o+++
rgr++t
ericuo
lriost

h e c t i c 
s i m i l e 
d r a p e d 
_ _ _ _ _ _ 
_ _ _ _ _ _ _ _ 
_ _ _ _ 

0
Before
++++++
+++++t
n++++o
r+++rp
erocua
lriost

h e c t i c 
s i m i l e 
g i r d e d 
_ _ _ _ _ _ 
_ _ _ _ _ _ _ _ 
_ _ _ _ 

After
++++++
+++++t
n++++o
r+++rp
erocua
lriost

h e c t i c 
s i m i l e 
g i r d e d 
_ _ _ _ _ _ 
_ _ _ _ _ _ _ _ 
_ _ _ _ 

6
Before
++++++
+++++t
+++++o
+++++p
n+++ra
lriout

h e c t i c 
s i m i l e 
g i r d e d 
s c o r e r 
_ _ _ _ _ _ _ _ 
_ _ _ _ 

After
++++++
+++++t
+++++o
+++++p
n+++ra
lriout

h e c t i c 
s i m i l e 
g i r d e d 
s c o r e r 
_ _ _ _ _ _ _ _ 
_ _ _ _ 

0
Before
++++++
+++++t
+++++o
n++++p
r+++ra
l+iout

h e c t i c 
s i m i l e 
g i r d e d 
s c o r e r 
_ _ _ _ _ _ _ _ 
_ _ _ _ 

After
++++++
+++++t
+++++o
n++++p
r+++ra
l+iout

h e c t i c 
s i m i l e 
g i r d e d 
s c o r e r 
_ _ _ _ _ _ _ _ 
_ _ _ _ 

0
Before
++++++
+++++t
+++++o
+++++p
n+++ra
lriout

h e c t i c 
s i m i l e 
g i r d e d 
s c o r e r 
_ _ _ _ _ _ _ _ 
_ _ _ _ 

After
++++++
+++++t
+++++o
+++++p
n+++ra
lriout

h e c t i c 
s i m i l e 
g i r d e d 
s c o r e r 
_ _ _ _ _ _ _ _ 
_ _ _ _ 

0
Before
++++++
+++++t
+++++o
n++++p
r+++ra
l+iout

h e c t i c 
s i m i l e 
g i r d e d 
s c o r e r 
_ _ _ _ _ _ _ _ 
_ _ _ _ 

After
++++++
+++++t
+++++o
n++++p
r+++ra
l+iout

h e c t i c 
s i m i l e 
g i r d e d 
s c o r e r 
_ _ _ _ _ _ _ _ 
_ _ _ _ 

0
Before
++++++
++++++
n+++++
r+++++
eroc+t
lrio+a

h e c t i c 
s i m i l e 
g i r d e d 
s t u p o r 
_ _ _ _ _ _ _ _ 
_ _ _ _ 

After
++++++
++++++
n+++++
r+++++
eroc+t
lrio+a

h e c t i c 
s i m i l e 
g i r d e d 
s t u p o r 
_ _ _ _ _ _ _ _ 
_ _ _ _ 

0
Before
++++++
++++++
n+++++
r++++t
ero++o
lri+up

h e c t i c 
s i m i l e 
g i r d e d 
c o s t a r 
_ _ _ _ _ _ _ _ 
_ _ _ _ 

After
++++++
++++++
n+++++
r++++t
ero++o
lri+up

h e c t i c 
s i m i l e 
g i r d e d 
c o s t a r 
_ _ _ _ _ _ _ _ 
_ _ _ _ 

0
Before
++++++
+++++t
n++++o
r++d+p
erocua
lriost

h e c t i c 
s i m i l e 
g i r d e r 
_ _ _ _ _ _ 
_ _ _ _ _ _ _ _ 
_ _ _ _ 

After
++++++
+++++t
n++++o
r++d+p
erocua
lriost

h e c t i c 
s i m i l e 
g i r d e r 
_ _ _ _ _ _ 
_ _ _ _ _ _ _ _ 
_ _ _ _ 

4
Before
++++++
+++++t
+++++o
+++++p
n++d+a
lriout

h e c t i c 
s i m i l e 
g i r d e r 
s c o r e r 
_ _ _ _ _ _ _ _ 
_ _ _ _ 

After
++++++
+++++t
+++++o
+++++p
n++d+a
lriout

h e c t i c 
s i m i l e 
g i r d e r 
s c o r e r 
_ _ _ _ _ _ _ _ 
_ _ _ _ 

0
Before
++++++
+++++t
+++++o
n++++p
r++d+a
l+iout

h e c t i c 
s i m i l e 
g i r d e r 
s c o r e r 
_ _ _ _ _ _ _ _ 
_ _ _ _ 

After
++++++
+++++t
+++++o
n++++p
r++d+a
l+iout

h e c t i c 
s i m i l e 
g i r d e r 
s c o r e r 
_ _ _ _ _ _ _ _ 
_ _ _ _ 

0
Before
++++++
+++++t
+++++o
+++++p
n++d+a
lriout

h e c t i c 
s i m i l e 
g i r d e r 
s c o r e r 
_ _ _ _ _ _ _ _ 
_ _ _ _ 

After
++++++
+++++t
+++++o
+++++p
n++d+a
lriout

h e c t i c 
s i m i l e 
g i r d e r 
s c o r e r 
_ _ _ _ _ _ _ _ 
_ _ _ _ 

0
Before
++++++
+++++t
+++++o
n++++p
r++d+a
l+iout

h e c t i c 
s i m i l e 
g i r d e r 
s c o r e r 
_ _ _ _ _ _ _ _ 
_ _ _ _ 

After
++++++
+++++t
+++++o
n++++p
r++d+a
l+iout

h e c t i c 
s i m i l e 
g i r d e r 
s c o r e r 
_ _ _ _ _ _ _ _ 
_ _ _ _ 

0
Before
++++++
+++++t
n++++o
r+++rp
erocua
lriost

h e c t i c 
s i m i l e 
g i r d e d 
_ _ _ _ _ _ 
_ _ _ _ _ _ _ _ 
_ _ _ _ 

After
++++++
+++++t
n++++o
r+++rp
erocua
lriost

h e c t i c 
s i m i l e 
g i r d e d 
_ _ _ _ _ _ 
_ _ _ _ _ _ _ _ 
_ _ _ _ 

6
Before
++++++
+++++t
+++++o
+++++p
n+++ra
lriout

h e c t i c 
s i m i l e 
g i r d e d 
s c o r e r 
_ _ _ _ _ _ _ _ 
_ _ _ _ 

After
++++++
+++++t
+++++o
+++++p
n+++ra
lriout

h e c t i c 
s i m i l e 
g i r d e d 
s c o r e r 
_ _ _ _ _ _ _ _ 
_ _ _ _ 

0
Before
++++++
+++++t
+++++o
n++++p
r+++ra
l+iout

h e c t i c 
s i m i l e 
g i r d e d 
s c o r e r 
_ _ _ _ _ _ _ _ 
_ _ _ _ 

After
++++++
+++++t
+++++o
n++++p
r+++ra
l+iout

h e c t i c 
s i m i l e 
g i r d e d 
s c o r e r 
_ _ _ _ _ _ _ _ 
_ _ _ _ 

0
Before
++++++
+++++t
+++++o
+++++p
n+++ra
lriout

h e c t i c 
s i m i l e 
g i r d e d 
s c o r e r 
_ _ _ _ _ _ _ _ 
_ _ _ _ 

After
++++++
+++++t
+++++o
+++++p
n+++ra
lriout

h e c t i c 
s i m i l e 
g i r d e d 
s c o r e r 
_ _ _ _ _ _ _ _ 
_ _ _ _ 

0
Before
++++++
+++++t
+++++o
n++++p
r+++ra
l+iout

h e c t i c 
s i m i l e 
g i r d e d 
s c o r e r 
_ _ _ _ _ _ _ _ 
_ _ _ _ 

After
++++++
+++++t
+++++o
n++++p
r+++ra
l+iout

h e c t i c 
s i m i l e 
g i r d e d 
s c o r e r 
_ _ _ _ _ _ _ _ 
_ _ _ _ 

0
Before
++++++
++++++
n+++++
r+++++
eroc+t
lrio+a

h e c t i c 
s i m i l e 
g i r d e d 
s t u p o r 
_ _ _ _ _ _ _ _ 
_ _ _ _ 

After
++++++
++++++
n+++++
r+++++
eroc+t
lrio+a

h e c t i c 
s i m i l e 
g i r d e d 
s t u p o r 
_ _ _ _ _ _ _ _ 
_ _ _ _ 

0
Before
++++++
++++++
n+++++
r++++t
ero++o
lri+up

h e c t i c 
s i m i l e 
g i r d e d 
c o s t a r 
_ _ _ _ _ _ _ _ 
_ _ _ _ 

After
++++++
++++++
n+++++
r++++t
ero++o
lri+up

h e c t i c 
s i m i l e 
g i r d e d 
c o s t a r 
_ _ _ _ _ _ _ _ 
_ _ _ _ 

0
Before
++++++
+++++t
n++++o
r++d+p
erocua
lriost

h e c t i c 
s i m i l e 
g i r d e r 
_ _ _ _ _ _ 
_ _ _ _ _ _ _ _ 
_ _ _ _ 

After
++++++
+++++t
n++++o
r++d+p
erocua
lriost

h e c t i c 
s i m i l e 
g i r d e r 
_ _ _ _ _ _ 
_ _ _ _ _ _ _ _ 
_ _ _ _ 

4
Before
++++++
+++++t
+++++o
+++++p
n++d+a
lriout

h e c t i c 
s i m i l e 
g i r d e r 
s c o r e r 
_ _ _ _ _ _ _ _ 
_ _ _ _ 

After
++++++
+++++t
+++++o
+++++p
n++d+a
lriout

h e c t i c 
s i m i l e 
g i r d e r 
s c o r e r 
_ _ _ _ _ _ _ _ 
_ _ _ _ 

0
Before
++++++
+++++t
+++++o
n++++p
r++d+a
l+iout

h e c t i c 
s i m i l e 
g i r d e r 
s c o r e r 
_ _ _ _ _ _ _ _ 
_ _ _ _ 

After
++++++
+++++t
+++++o
n++++p
r++d+a
l+iout

h e c t i c 
s i m i l e 
g i r d e r 
s c o r e r 
_ _ _ _ _ _ _ _ 
_ _ _ _ 

0
Before
++++++
+++++t
+++++o
+++++p
n++d+a
lriout

h e c t i c 
s i m i l e 
g i r d e r 
s c o r e r 
_ _ _ _ _ _ _ _ 
_ _ _ _ 

After
++++++
+++++t
+++++o
+++++p
n++d+a
lriout

h e c t i c 
s i m i l e 
g i r d e r 
s c o r e r 
_ _ _ _ _ _ _ _ 
_ _ _ _ 

0
Before
++++++
+++++t
+++++o
n++++p
r++d+a
l+iout

h e c t i c 
s i m i l e 
g i r d e r 
s c o r e r 
_ _ _ _ _ _ _ _ 
_ _ _ _ 

After
++++++
+++++t
+++++o
n++++p
r++d+a
l+iout

h e c t i c 
s i m i l e 
g i r d e r 
s c o r e r 
_ _ _ _ _ _ _ _ 
_ _ _ _ 

0
Before
++++++
++++++
n+od++
rgrd++
eric+t
lriout

h e c t i c 
s i m i l e 
o p e r a s 
_ _ _ _ _ _ 
_ _ _ _ _ _ _ _ 
_ _ _ _ 

After
++++++
++++++
n+od++
rgrd++
eric+t
lriout

h e c t i c 
s i m i l e 
o p e r a s 
_ _ _ _ _ _ 
_ _ _ _ _ _ _ _ 
_ _ _ _ 

0
Before
++++++
++++++
n+o+++
rgr++t
ericuo
lriost

h e c t i c 
s i m i l e 
d r a p e d 
_ _ _ _ _ _ 
_ _ _ _ _ _ _ _ 
_ _ _ _ 

After
++++++
++++++
n+o+++
rgr++t
ericuo
lriost

h e c t i c 
s i m i l e 
d r a p e d 
_ _ _ _ _ _ 
_ _ _ _ _ _ _ _ 
_ _ _ _ 

0
Before
++++++
+++++t
n++++o
rg+++p
errdea
lricrt

h e c t i c 
s i m i l e 
o d i o u s 
_ _ _ _ _ _ 
_ _ _ _ _ _ _ _ 
_ _ _ _ 

After
++++++
+++++t
n++++o
rg+++p
errdea
lricrt

h e c t i c 
s i m i l e 
o d i o u s 
_ _ _ _ _ _ 
_ _ _ _ _ _ _ _ 
_ _ _ _ 

5
Before
++++++
++++++
n+++++
rg++++
errd++
lricr+

h e c t i c 
s i m i l e 
o d i o u s 
t e a p o t 
_ _ _ _ _ _ _ _ 
_ _ _ _ 

After
++++++
++++++
n+++++
rg++++
errd++
lricr+

h e c t i c 
s i m i l e 
o d i o u s 
t e a p o t 
_ _ _ _ _ _ _ _ 
_ _ _ _ 

0
Before
++++++
++++++
n+++++
rg+++t
err++o
lri++p

h e c t i c 
s i m i l e 
o d i o u s 
c r a t e d 
_ _ _ _ _ _ _ _ 
_ _ _ _ 

After
++++++
++++++
n+++++
rg+++t
err++o
lri++p

h e c t i c 
s i m i l e 
o d i o u s 
c r a t e d 
_ _ _ _ _ _ _ _ 
_ _ _ _ 

0
Before
++++++
++++++
n+++++
rg++++
err++t
lric+o

h e c t i c 
s i m i l e 
o d i o u s 
d e p a r t 
_ _ _ _ _ _ _ _ 
_ _ _ _ 

After
++++++
++++++
n+++++
rg++++
err++t
lric+o

h e c t i c 
s i m i l e 
o d i o u s 
d e p a r t 
_ _ _ _ _ _ _ _ 
_ _ _ _ 

0
Before
++++++
++++++
n+++++
rg++++
err++t
lric+o

h e c t i c 
s i m i l e 
o d i o u s 
p e t a r d 
_ _ _ _ _ _ _ _ 
_ _ _ _ 

After
++++++
++++++
n+++++
rg++++
err++t
lric+o

h e c t i c 
s i m i l e 
o d i o u s 
p e t a r d 
_ _ _ _ _ _ _ _ 
_ _ _ _ 

0
Before
++++++
++++++
n+++++
rg++++
err++t
lric+o

h e c t i c 
s i m i l e 
o d i o u s 
p a r t e d 
_ _ _ _ _ _ _ _ 
_ _ _ _ 

After
++++++
++++++
n+++++
rg++++
err++t
lric+o

h e c t i c 
s i m i l e 
o d i o u s 
p a r t e d 
_ _ _ _ _ _ _ _ 
_ _ _ _ 

0
Before
++++++
+++++t
n++++o
rg+d+p
eric+a
lriost

h e c t i c 
s i m i l e 
o r d u r e 
_ _ _ _ _ _ 
_ _ _ _ _ _ _ _ 
_ _ _ _ 

After
++++++
+++++t
n++++o
rg+d+p
eric+a
lriost

h e c t i c 
s i m i l e 
o r d u r e 
_ _ _ _ _ _ 
_ _ _ _ _ _ _ _ 
_ _ _ _ 

0
Before
++++++
n+o++t
rgr++o
eri+ep
lrmdra
siiost

h e c t i c 
e u c l i d 
_ _ _ _ _ _ 
_ _ _ _ _ _ 
_ _ _ _ _ _ _ _ 
_ _ _ _ 

After
++++++
n+o++t
rgr++o
eri+ep
lrmdra
siiost

h e c t i c 
e u c l i d 
_ _ _ _ _ _ 
_ _ _ _ _ _ 
_ _ _ _ _ _ _ _ 
_ _ _ _ 

10
Before
++++++
n+o+++
rgr+++
eri+++
lrmd+t
siio+o

h e c t i c 
e u c l i d 
t a p e r s 
_ _ _ _ _ _ 
_ _ _ _ _ _ _ _ 
_ _ _ _ 

After
++++++
n+o+++
rgr+++
eri+++
lrmd+t
siio+o

h e c t i c 
e u c l i d 
t a p e r s 
_ _ _ _ _ _ 
_ _ _ _ _ _ _ _ 
_ _ _ _ 

0
Before
++++++
n+o+++
rgr++t
eri++o
lrm++p
sii++a

h e c t i c 
e u c l i d 
s t r o d e 
_ _ _ _ _ _ 
_ _ _ _ _ _ _ _ 
_ _ _ _ 

After
++++++
n+o+++
rgr++t
eri++o
lrm++p
sii++a

h e c t i c 
e u c l i d 
s t r o d e 
_ _ _ _ _ _ 
_ _ _ _ _ _ _ _ 
_ _ _ _ 

0
Before
++++++
n+o+++
rgr+++
eri++t
lrm++o
siio+p

h e c t i c 
e u c l i d 
s t a r e d 
_ _ _ _ _ _ 
_ _ _ _ _ _ _ _ 
_ _ _ _ 

After
++++++
n+o+++
rgr+++
eri++t
lrm++o
siio+p

h e c t i c 
e u c l i d 
s t a r e d 
_ _ _ _ _ _ 
_ _ _ _ _ _ _ _ 
_ _ _ _ 

0
Before
++++++
n+o+++
rgr+++
eri+++
lrmd+t
siio+o

h e c t i c 
e u c l i d 
r e p a s t 
_ _ _ _ _ _ 
_ _ _ _ _ _ _ _ 
_ _ _ _ 

After
++++++
n+o+++
rgr+++
eri+++
lrmd+t
siio+o

h e c t i c 
e u c l i d 
r e p a s t 
_ _ _ _ _ _ 
_ _ _ _ _ _ _ _ 
_ _ _ _ 

0
Before
++++++
n+o+++
rgr+++
eri+++
lrm++t
siioso

h e c t i c 
e u c l i d 
d e p a r t 
_ _ _ _ _ _ 
_ _ _ _ _ _ _ _ 
_ _ _ _ 

After
++++++
n+o+++
rgr+++
eri+++
lrm++t
siioso

h e c t i c 
e u c l i d 
d e p a r t 
_ _ _ _ _ _ 
_ _ _ _ _ _ _ _ 
_ _ _ _ 

0
Before
++++++
n++++t
r+o++o
egr++p
lrm++a
siio+t

h e c t i c 
e u c l i d 
r i d e r s 
_ _ _ _ _ _ 
_ _ _ _ _ _ _ _ 
_ _ _ _ 

After
++++++
n++++t
r+o++o
egr++p
lrm++a
siio+t

h e c t i c 
e u c l i d 
r i d e r s 
_ _ _ _ _ _ 
_ _ _ _ _ _ _ _ 
_ _ _ _ 

0
Before
++++++
n++++t
r+o++o
egr++p
lri++a
simo+t

h e c t i c 
e u c l i d 
r i d e r s 
_ _ _ _ _ _ 
_ _ _ _ _ _ _ _ 
_ _ _ _ 

After
++++++
n++++t
r+o++o
egr++p
lri++a
simo+t

h e c t i c 
e u c l i d 
r i d e r s 
_ _ _ _ _ _ 
_ _ _ _ _ _ _ _ 
_ _ _ _ 

0
Before
++++++
n++++t
r+o++o
egr++p
lrm++a
siio+t

h e c t i c 
e u c l i d 
r i d e r s 
_ _ _ _ _ _ 
_ _ _ _ _ _ _ _ 
_ _ _ _ 

After
++++++
n++++t
r+o++o
egr++p
lrm++a
siio+t

h e c t i c 
e u c l i d 
r i d e r s 
_ _ _ _ _ _ 
_ _ _ _ _ _ _ _ 
_ _ _ _ 

0
Before
++++++
n+o+++
rgr+++
eri+++
lrmd+t
siio+t

h e c t i c 
e u c l i d 
o p e r a s 
_ _ _ _ _ _ 
_ _ _ _ _ _ _ _ 
_ _ _ _ 

After
++++++
n+o+++
rgr+++
eri+++
lrmd+t
siio+t

h e c t i c 
e u c l i d 
o p e r a s 
_ _ _ _ _ _ 
_ _ _ _ _ _ _ _ 
_ _ _ _ 

0
Before
++++++
n++++t
rg+++o
ero++p
lrm++a
siio+t

h e c t i c 
e u c l i d 
r i d e r s 
_ _ _ _ _ _ 
_ _ _ _ _ _ _ _ 
_ _ _ _ 

After
++++++
n++++t
rg+++o
ero++p
lrm++a
siio+t

h e c t i c 
e u c l i d 
r i d e r s 
_ _ _ _ _ _ 
_ _ _ _ _ _ _ _ 
_ _ _ _ 

2
Before
++++++
+++++t
n++++o
r++++p
e++++a
lgio+t

h e c t i c 
e u c l i d 
r i d e r s 
m o r r i s 
_ _ _ _ _ _ _ _ 
_ _ _ _ 

After
++++++
+++++t
n++++o
r++++p
e++++a
lgio+t

h e c t i c 
e u c l i d 
r i d e r s 
m o r r i s 
_ _ _ _ _ _ _ _ 
_ _ _ _ 

0
Before
++++++
+++++t
+++++o
+++++p
ngm++a
liio+t

h e c t i c 
e u c l i d 
r i d e r s 
e r r o r s 
_ _ _ _ _ _ _ _ 
_ _ _ _ 

After
++++++
+++++t
+++++o
+++++p
ngm++a
liio+t

h e c t i c 
e u c l i d 
r i d e r s 
e r r o r s 
_ _ _ _ _ _ _ _ 
_ _ _ _ 

0
Before
++++++
n+o+++
rgrd+t
erid+o
lrmiep
siiort

h e c t i c 
c l a u s e 
_ _ _ _ _ _ 
_ _ _ _ _ _ 
_ _ _ _ _ _ _ _ 
_ _ _ _ 

After
++++++
n+o+++
rgrd+t
erid+o
lrmiep
siiort

h e c t i c 
c l a u s e 
_ _ _ _ _ _ 
_ _ _ _ _ _ 
_ _ _ _ _ _ _ _ 
_ _ _ _ 

1
Before
++++++
n+++++
r++++t
erod+o
lrmi+p
siio+t

h e c t i c 
c l a u s e 
g i r d e r 
_ _ _ _ _ _ 
_ _ _ _ _ _ _ _ 
_ _ _ _ 

After
++++++
n+++++
r++++t
erod+o
lrmi+p
siio+t

h e c t i c 
c l a u s e 
g i r d e r 
_ _ _ _ _ _ 
_ _ _ _ _ _ _ _ 
_ _ _ _ 

2
Before
++++++
++++++
n++++t
r++d+o
e++i+p
l+io+t

h e c t i c 
c l a u s e 
g i r d e r 
m o r r i s 
_ _ _ _ _ _ _ _ 
_ _ _ _ 

After
++++++
++++++
n++++t
r++d+o
e++i+p
l+io+t

h e c t i c 
c l a u s e 
g i r d e r 
m o r r i s 
_ _ _ _ _ _ _ _ 
_ _ _ _ 

0
Before
++++++
++++++
+++++t
+++d+o
n+mi+p
liio+t

h e c t i c 
c l a u s e 
g i r d e r 
e r r o r s 
_ _ _ _ _ _ _ _ 
_ _ _ _ 

After
++++++
++++++
+++++t
+++d+o
n+mi+p
liio+t

h e c t i c 
c l a u s e 
g i r d e r 
e r r o r s 
_ _ _ _ _ _ _ _ 
_ _ _ _ 

0
Before
++++++
n+o+++
rgrd+o
erid+p
lrmiue
siiost

h e c t i c 
c l a r e t 
_ _ _ _ _ _ 
_ _ _ _ _ _ 
_ _ _ _ _ _ _ _ 
_ _ _ _ 

After
++++++
n+o+++
rgrd+o
erid+p
lrmiue
siiost

h e c t i c 
c l a r e t 
_ _ _ _ _ _ 
_ _ _ _ _ _ 
_ _ _ _ _ _ _ _ 
_ _ _ _ 

2
Before
++++++
++++++
++o++o
ngrd+p
rrid+e
sriout

h e c t i c 
c l a r e t 
s i m i l e 
_ _ _ _ _ _ 
_ _ _ _ _ _ _ _ 
_ _ _ _ 

After
++++++
++++++
++o++o
ngrd+p
rrid+e
sriout

h e c t i c 
c l a r e t 
s i m i l e 
_ _ _ _ _ _ 
_ _ _ _ _ _ _ _ 
_ _ _ _ 

0
Before
++++++
n+o+++
rgr+++
eri++o
lrm++p
siid+e

h e c t i c 
c l a r e t 
s t u d i o 
_ _ _ _ _ _ 
_ _ _ _ _ _ _ _ 
_ _ _ _ 

After
++++++
n+o+++
rgr+++
eri++o
lrm++p
siid+e

h e c t i c 
c l a r e t 
s t u d i o 
_ _ _ _ _ _ 
_ _ _ _ _ _ _ _ 
_ _ _ _ 

0
Before
+++++t
n++++o
rgo++p
errd+a
lricue
siiost

h e c t i c 
m i l d e r 
_ _ _ _ _ _ 
_ _ _ _ _ _ 
_ _ _ _ _ _ _ _ 
_ _ _ _ 

After
+++++t
n++++o
rgo++p
errd+a
lricue
siiost

h e c t i c 
m i l d e r 
_ _ _ _ _ _ 
_ _ _ _ _ _ 
_ _ _ _ _ _ _ _ 
_ _ _ _ 

4
Before
++++++
n+++++
rgo+++
errd++
lricu+
siios+

h e c t i c 
m i l d e r 
t e a p o t 
_ _ _ _ _ _ 
_ _ _ _ _ _ _ _ 
_ _ _ _ 

After
++++++
n+++++
rgo+++
errd++
lricu+
siios+

h e c t i c 
m i l d e r 
t e a p o t 
_ _ _ _ _ _ 
_ _ _ _ _ _ _ _ 
_ _ _ _ 

1
Before
++++++
n+++++
rg++++
er++++
lrr+++
siic++

h e c t i c 
m i l d e r 
t e a p o t 
o d i o u s 
_ _ _ _ _ _ _ _ 
_ _ _ _ 

After
++++++
n+++++
rg++++
er++++
lrr+++
siic++

h e c t i c 
m i l d e r 
t e a p o t 
o d i o u s 
_ _ _ _ _ _ _ _ 
_ _ _ _ 

0
Before
++++++
n++++t
rg+++o
ero++p
lrr++a
siic+e

h e c t i c 
m i l d e r 
s t u d i o 
_ _ _ _ _ _ 
_ _ _ _ _ _ _ _ 
_ _ _ _ 

After
++++++
n++++t
rg+++o
ero++p
lrr++a
siic+e

h e c t i c 
m i l d e r 
s t u d i o 
_ _ _ _ _ _ 
_ _ _ _ _ _ _ _ 
_ _ _ _ 

2
Before
++++++
+++++t
+++++o
+++++p
ngr++a
liic+e

h e c t i c 
m i l d e r 
s t u d i o 
e r r o r s 
_ _ _ _ _ _ _ _ 
_ _ _ _ 

After
++++++
+++++t
+++++o
+++++p
ngr++a
liic+e

h e c t i c 
m i l d e r 
s t u d i o 
e r r o r s 
_ _ _ _ _ _ _ _ 
_ _ _ _ 

0
Before
++++++
+++++t
+++++o
n++++p
rg+++a
liic+e

h e c t i c 
m i l d e r 
s t u d i o 
e r r o r s 
_ _ _ _ _ _ _ _ 
_ _ _ _ 

After
++++++
+++++t
+++++o
n++++p
rg+++a
liic+e

h e c t i c 
m i l d e r 
s t u d i o 
e r r o r s 
_ _ _ _ _ _ _ _ 
_ _ _ _ 

0
Before
++++++
n++++t
rg+++o
err++p
lri++a
siio+t

h e c t i c 
m i l d e r 
e s c u d o 
_ _ _ _ _ _ 
_ _ _ _ _ _ _ _ 
_ _ _ _ 

After
++++++
n++++t
rg+++o
err++p
lri++a
siio+t

h e c t i c 
m i l d e r 
e s c u d o 
_ _ _ _ _ _ 
_ _ _ _ _ _ _ _ 
_ _ _ _ 

0
Before
+++++t
n++++o
rg+++p
er+++a
lrr++e
siic+t

h e c t i c 
m i l d e r 
o d i o u s 
_ _ _ _ _ _ 
_ _ _ _ _ _ _ _ 
_ _ _ _ 

After
+++++t
n++++o
rg+++p
er+++a
lrr++e
siic+t

h e c t i c 
m i l d e r 
o d i o u s 
_ _ _ _ _ _ 
_ _ _ _ _ _ _ _ 
_ _ _ _ 

1
Before
++++++
n+++++
rg++++
er++++
lrr+++
siic++

h e c t i c 
m i l d e r 
o d i o u s 
t e a p o t 
_ _ _ _ _ _ _ _ 
_ _ _ _ 

After
++++++
n+++++
rg++++
er++++
lrr+++
siic++

h e c t i c 
m i l d e r 
o d i o u s 
t e a p o t 
_ _ _ _ _ _ _ _ 
_ _ _ _ 

0
Before
++++++
n+o+++
rgrd++
eriirt
lrmcuo
siiost

h e c t i c 
l e a p e d 
_ _ _ _ _ _ 
_ _ _ _ _ _ 
_ _ _ _ _ _ _ _ 
_ _ _ _ 

After
++++++
n+o+++
rgrd++
eriirt
lrmcuo
siiost

h e c t i c 
l e a p e d 
_ _ _ _ _ _ 
_ _ _ _ _ _ 
_ _ _ _ _ _ _ _ 
_ _ _ _ 

3
Before
++++++
n+++++
rgo+++
err+++
lrid+t
siiout

h e c t i c 
l e a p e d 
m i c r o s 
_ _ _ _ _ _ 
_ _ _ _ _ _ _ _ 
_ _ _ _ 

After
++++++
n+++++
rgo+++
err+++
lrid+t
siiout

h e c t i c 
l e a p e d 
m i c r o s 
_ _ _ _ _ _ 
_ _ _ _ _ _ _ _ 
_ _ _ _ 

0
Before
++++++
n+++++
rg++++
erod++
lrri+t
siiout

h e c t i c 
l e a p e d 
m i c r o s 
_ _ _ _ _ _ 
_ _ _ _ _ _ _ _ 
_ _ _ _ 

After
++++++
n+++++
rg++++
erod++
lrri+t
siiout

h e c t i c 
l e a p e d 
m i c r o s 
_ _ _ _ _ _ 
_ _ _ _ _ _ _ _ 
_ _ _ _ 

2
Before
++++++
++++++
++++++
+++d++
ngri+t
liiout

h e c t i c 
l e a p e d 
m i c r o s 
e r r o r s 
_ _ _ _ _ _ _ _ 
_ _ _ _ 

After
++++++
++++++
++++++
+++d++
ngri+t
liiout

h e c t i c 
l e a p e d 
m i c r o s 
e r r o r s 
_ _ _ _ _ _ _ _ 
_ _ _ _ 

0
Before
++++++
++++++
++++++
n++d++
rg+i+t
liiout

h e c t i c 
l e a p e d 
m i c r o s 
e r r o r s 
_ _ _ _ _ _ _ _ 
_ _ _ _ 

After
++++++
++++++
++++++
n++d++
rg+i+t
liiout

h e c t i c 
l e a p e d 
m i c r o s 
e r r o r s 
_ _ _ _ _ _ _ _ 
_ _ _ _ 

0
Before
++++++
n+++++
rg++++
erod++
lrri+t
siiout

h e c t i c 
l e a p e d 
m i c r o s 
_ _ _ _ _ _ 
_ _ _ _ _ _ _ _ 
_ _ _ _ 

After
++++++
n+++++
rg++++
erod++
lrri+t
siiout

h e c t i c 
l e a p e d 
m i c r o s 
_ _ _ _ _ _ 
_ _ _ _ _ _ _ _ 
_ _ _ _ 

2
Before
++++++
++++++
++++++
+++d++
ngri+t
liiout

h e c t i c 
l e a p e d 
m i c r o s 
e r r o r s 
_ _ _ _ _ _ _ _ 
_ _ _ _ 

After
++++++
++++++
++++++
+++d++
ngri+t
liiout

h e c t i c 
l e a p e d 
m i c r o s 
e r r o r s 
_ _ _ _ _ _ _ _ 
_ _ _ _ 

0
Before
++++++
++++++
++++++
n++d++
rg+i+t
liiout

h e c t i c 
l e a p e d 
m i c r o s 
e r r o r s 
_ _ _ _ _ _ _ _ 
_ _ _ _ 

After
++++++
++++++
++++++
n++d++
rg+i+t
liiout

h e c t i c 
l e a p e d 
m i c r o s 
e r r o r s 
_ _ _ _ _ _ _ _ 
_ _ _ _ 

0
Before
++++++
n+o+++
rgrd++
eriirt
lrmcuo
siiost

h e c t i c 
l e a p e d 
_ _ _ _ _ _ 
_ _ _ _ _ _ 
_ _ _ _ _ _ _ _ 
_ _ _ _ 

After
++++++
n+o+++
rgrd++
eriirt
lrmcuo
siiost

h e c t i c 
l e a p e d 
_ _ _ _ _ _ 
_ _ _ _ _ _ 
_ _ _ _ _ _ _ _ 
_ _ _ _ 

3
Before
++++++
n+++++
rgo+++
err+++
lrid+t
siiout

h e c t i c 
l e a p e d 
m i c r o s 
_ _ _ _ _ _ 
_ _ _ _ _ _ _ _ 
_ _ _ _ 

After
++++++
n+++++
rgo+++
err+++
lrid+t
siiout

h e c t i c 
l e a p e d 
m i c r o s 
_ _ _ _ _ _ 
_ _ _ _ _ _ _ _ 
_ _ _ _ 

0
Before
++++++
n+++++
rg++++
erod++
lrri+t
siiout

h e c t i c 
l e a p e d 
m i c r o s 
_ _ _ _ _ _ 
_ _ _ _ _ _ _ _ 
_ _ _ _ 

After
++++++
n+++++
rg++++
erod++
lrri+t
siiout

h e c t i c 
l e a p e d 
m i c r o s 
_ _ _ _ _ _ 
_ _ _ _ _ _ _ _ 
_ _ _ _ 

2
Before
++++++
++++++
++++++
+++d++
ngri+t
liiout

h e c t i c 
l e a p e d 
m i c r o s 
e r r o r s 
_ _ _ _ _ _ _ _ 
_ _ _ _ 

After
++++++
++++++
++++++
+++d++
ngri+t
liiout

h e c t i c 
l e a p e d 
m i c r o s 
e r r o r s 
_ _ _ _ _ _ _ _ 
_ _ _ _ 

0
Before
++++++
++++++
++++++
n++d++
rg+i+t
liiout

h e c t i c 
l e a p e d 
m i c r o s 
e r r o r s 
_ _ _ _ _ _ _ _ 
_ _ _ _ 

After
++++++
++++++
++++++
n++d++
rg+i+t
liiout

h e c t i c 
l e a p e d 
m i c r o s 
e r r o r s 
_ _ _ _ _ _ _ _ 
_ _ _ _ 

0
Before
++++++
n+++++
rg++++
erod++
lrri+t
siiout

h e c t i c 
l e a p e d 
m i c r o s 
_ _ _ _ _ _ 
_ _ _ _ _ _ _ _ 
_ _ _ _ 

After
++++++
n+++++
rg++++
erod++
lrri+t
siiout

h e c t i c 
l e a p e d 
m i c r o s 
_ _ _ _ _ _ 
_ _ _ _ _ _ _ _ 
_ _ _ _ 

2
Before
++++++
++++++
++++++
+++d++
ngri+t
liiout

h e c t i c 
l e a p e d 
m i c r o s 
e r r o r s 
_ _ _ _ _ _ _ _ 
_ _ _ _ 

After
++++++
++++++
++++++
+++d++
ngri+t
liiout

h e c t i c 
l e a p e d 
m i c r o s 
e r r o r s 
_ _ _ _ _ _ _ _ 
_ _ _ _ 

0
Before
++++++
++++++
++++++
n++d++
rg+i+t
liiout

h e c t i c 
l e a p e d 
m i c r o s 
e r r o r s 
_ _ _ _ _ _ _ _ 
_ _ _ _ 

After
++++++
++++++
++++++
n++d++
rg+i+t
liiout

h e c t i c 
l e a p e d 
m i c r o s 
e r r o r s 
_ _ _ _ _ _ _ _ 
_ _ _ _ 

0
Before
++++++
n+o+++
rgr++t
eriiro
lrmcua
siiost

h e c t i c 
p e d d l e 
_ _ _ _ _ _ 
_ _ _ _ _ _ 
_ _ _ _ _ _ _ _ 
_ _ _ _ 

After
++++++
n+o+++
rgr++t
eriiro
lrmcua
siiost

h e c t i c 
p e d d l e 
_ _ _ _ _ _ 
_ _ _ _ _ _ 
_ _ _ _ _ _ _ _ 
_ _ _ _ 

2
Before
++++++
n+o+++
rgr+++
eri+++
lrmi++
siiout

h e c t i c 
p e d d l e 
c r o a t s 
_ _ _ _ _ _ 
_ _ _ _ _ _ _ _ 
_ _ _ _ 

After
++++++
n+o+++
rgr+++
eri+++
lrmi++
siiout

h e c t i c 
p e d d l e 
c r o a t s 
_ _ _ _ _ _ 
_ _ _ _ _ _ _ _ 
_ _ _ _ 

0
Before
++++++
n+o+++
rgr+++
eri+++
lrm++t
siiiuo

h e c t i c 
p e d d l e 
c o s t a r 
_ _ _ _ _ _ 
_ _ _ _ _ _ _ _ 
_ _ _ _ 

After
++++++
n+o+++
rgr+++
eri+++
lrm++t
siiiuo

h e c t i c 
p e d d l e 
c o s t a r 
_ _ _ _ _ _ 
_ _ _ _ _ _ _ _ 
_ _ _ _ 

0
Before
++++++
n+o++t
rgr++o
eri+la
lrmcue
siiost

h e c t i c 
p r i d e d 
_ _ _ _ _ _ 
_ _ _ _ _ _ 
_ _ _ _ _ _ _ _ 
_ _ _ _ 

After
++++++
n+o++t
rgr++o
eri+la
lrmcue
siiost

h e c t i c 
p r i d e d 
_ _ _ _ _ _ 
_ _ _ _ _ _ 
_ _ _ _ _ _ _ _ 
_ _ _ _ 

1
Before
++++++
n+o+++
rgr+++
eri++t
lrm++o
siio+t

h e c t i c 
p r i d e d 
c l a u s e 
_ _ _ _ _ _ 
_ _ _ _ _ _ _ _ 
_ _ _ _ 

After
++++++
n+o+++
rgr+++
eri++t
lrm++o
siio+t

h e c t i c 
p r i d e d 
c l a u s e 
_ _ _ _ _ _ 
_ _ _ _ _ _ _ _ 
_ _ _ _ 

0
Before
++++++
n+od++
rgrd++
eriie+
lrmcrt
siiouo

h e c t i c 
p a l e s t 
_ _ _ _ _ _ 
_ _ _ _ _ _ 
_ _ _ _ _ _ _ _ 
_ _ _ _ 

After
++++++
n+od++
rgrd++
eriie+
lrmcrt
siiouo

h e c t i c 
p a l e s t 
_ _ _ _ _ _ 
_ _ _ _ _ _ 
_ _ _ _ _ _ _ _ 
_ _ _ _ 

6
Before
++++++
n+o+++
rgrd++
erii++
lrmc++
siio++

h e c t i c 
p a l e s t 
t o u r e d 
_ _ _ _ _ _ 
_ _ _ _ _ _ _ _ 
_ _ _ _ 

After
++++++
n+o+++
rgrd++
erii++
lrmc++
siio++

h e c t i c 
p a l e s t 
t o u r e d 
_ _ _ _ _ _ 
_ _ _ _ _ _ _ _ 
_ _ _ _ 

0
Before
++++++
n+o+++
rgr+++
erid++
lrmi++
siic+o

h e c t i c 
p a l e s t 
r o u t e d 
_ _ _ _ _ _ 
_ _ _ _ _ _ _ _ 
_ _ _ _ 

After
++++++
n+o+++
rgr+++
erid++
lrmi++
siic+o

h e c t i c 
p a l e s t 
r o u t e d 
_ _ _ _ _ _ 
_ _ _ _ _ _ _ _ 
_ _ _ _ 

0
Before
++++++
n+o+++
rgrd++
erii++
lrmc++
siio++

h e c t i c 
p a l e s t 
r o u t e d 
_ _ _ _ _ _ 
_ _ _ _ _ _ _ _ 
_ _ _ _ 

After
++++++
n+o+++
rgrd++
erii++
lrmc++
siio++

h e c t i c 
p a l e s t 
r o u t e d 
_ _ _ _ _ _ 
_ _ _ _ _ _ _ _ 
_ _ _ _ 

0
Before
++++++
n+++++
rgo+++
err+++
lrmd+t
siiouo

h e c t i c 
p a l e s t 
d i c i e r 
_ _ _ _ _ _ 
_ _ _ _ _ _ _ _ 
_ _ _ _ 

After
++++++
n+++++
rgo+++
err+++
lrmd+t
siiouo

h e c t i c 
p a l e s t 
d i c i e r 
_ _ _ _ _ _ 
_ _ _ _ _ _ _ _ 
_ _ _ _ 

4
Before
++++++
n+++++
r+++++
e+++++
l++d+t
sgiouo

h e c t i c 
p a l e s t 
d i c i e r 
m i r r o r 
_ _ _ _ _ _ _ _ 
_ _ _ _ 

After
++++++
n+++++
r+++++
e+++++
l++d+t
sgiouo

h e c t i c 
p a l e s t 
d i c i e r 
m i r r o r 
_ _ _ _ _ _ _ _ 
_ _ _ _ 

0
Before
++++++
n+++++
r+++++
e+++++
l++d+t
sgiouo

h e c t i c 
p a l e s t 
d i c i e r 
m i r r o r 
_ _ _ _ _ _ _ _ 
_ _ _ _ 

After
++++++
n+++++
r+++++
e+++++
l++d+t
sgiouo

h e c t i c 
p a l e s t 
d i c i e r 
m i r r o r 
_ _ _ _ _ _ _ _ 
_ _ _ _ 

0
Before
++++++
n+++++
r+++++
e+++++
lg+d+t
si+ouo

h e c t i c 
p a l e s t 
d i c i e r 
m i r r o r 
_ _ _ _ _ _ _ _ 
_ _ _ _ 

After
++++++
n+++++
r+++++
e+++++
lg+d+t
si+ouo

h e c t i c 
p a l e s t 
d i c i e r 
m i r r o r 
_ _ _ _ _ _ _ _ 
_ _ _ _ 

0
Before
++++++
n+++++
r+++++
e+++++
lg+d+t
si+ouo

h e c t i c 
p a l e s t 
d i c i e r 
m i r r o r 
_ _ _ _ _ _ _ _ 
_ _ _ _ 

After
++++++
n+++++
r+++++
e+++++
lg+d+t
si+ouo

h e c t i c 
p a l e s t 
d i c i e r 
m i r r o r 
_ _ _ _ _ _ _ _ 
_ _ _ _ 

0
Before
++++++
n+o+++
rgrd++
erii++
lrmc++
siio++

h e c t i c 
p a l e s t 
d e t o u r 
_ _ _ _ _ _ 
_ _ _ _ _ _ _ _ 
_ _ _ _ 

After
++++++
n+o+++
rgrd++
erii++
lrmc++
siio++

h e c t i c 
p a l e s t 
d e t o u r 
_ _ _ _ _ _ 
_ _ _ _ _ _ _ _ 
_ _ _ _ 

0
Before
++++++
n+++++
r++d++
eroi++
lrmc+t
siiouo

h e c t i c 
p a l e s t 
g i r d e r 
_ _ _ _ _ _ 
_ _ _ _ _ _ _ _ 
_ _ _ _ 

After
++++++
n+++++
r++d++
eroi++
lrmc+t
siiouo

h e c t i c 
p a l e s t 
g i r d e r 
_ _ _ _ _ _ 
_ _ _ _ _ _ _ _ 
_ _ _ _ 

3
Before
++++++
++++++
++++++
n++d++
r+mi+t
liiouo

h e c t i c 
p a l e s t 
g i r d e r 
c o r e r s 
_ _ _ _ _ _ _ _ 
_ _ _ _ 

After
++++++
++++++
++++++
n++d++
r+mi+t
liiouo

h e c t i c 
p a l e s t 
g i r d e r 
c o r e r s 
_ _ _ _ _ _ _ _ 
_ _ _ _ 

0
Before
++++++
++++++
n++d++
r++i++
e++c+t
l+iouo

h e c t i c 
p a l e s t 
g i r d e r 
m o r r i s 
_ _ _ _ _ _ _ _ 
_ _ _ _ 

After
++++++
++++++
n++d++
r++i++
e++c+t
l+iouo

h e c t i c 
p a l e s t 
g i r d e r 
m o r r i s 
_ _ _ _ _ _ _ _ 
_ _ _ _ 

0
Before
++++++
++++++
+++d++
+++i++
n+mc+t
liiouo

h e c t i c 
p a l e s t 
g i r d e r 
e r r o r s 
_ _ _ _ _ _ _ _ 
_ _ _ _ 

After
++++++
++++++
+++d++
+++i++
n+mc+t
liiouo

h e c t i c 
p a l e s t 
g i r d e r 
e r r o r s 
_ _ _ _ _ _ _ _ 
_ _ _ _ 

0
Before
++++++
n+o+++
rgr++t
eriilo
lrmcue
siiost

h e c t i c 
d r a p e d 
_ _ _ _ _ _ 
_ _ _ _ _ _ 
_ _ _ _ _ _ _ _ 
_ _ _ _ 

After
++++++
n+o+++
rgr++t
eriilo
lrmcue
siiost

h e c t i c 
d r a p e d 
_ _ _ _ _ _ 
_ _ _ _ _ _ 
_ _ _ _ _ _ _ _ 
_ _ _ _ 

2
Before
++++++
++++++
n+o+++
rgr++t
ericuo
lriost

h e c t i c 
d r a p e d 
s i m i l e 
_ _ _ _ _ _ 
_ _ _ _ _ _ _ _ 
_ _ _ _ 

After
++++++
++++++
n+o+++
rgr++t
ericuo
lriost

h e c t i c 
d r a p e d 
s i m i l e 
_ _ _ _ _ _ 
_ _ _ _ _ _ _ _ 
_ _ _ _ 

0
Before
++++++
n+o+++
rgr+++
eri+++
lrmi+t
siio+e

h e c t i c 
d r a p e d 
c l o u t s 
_ _ _ _ _ _ 
_ _ _ _ _ _ _ _ 
_ _ _ _ 

After
++++++
n+o+++
rgr+++
eri+++
lrmi+t
siio+e

h e c t i c 
d r a p e d 
c l o u t s 
_ _ _ _ _ _ 
_ _ _ _ _ _ _ _ 
_ _ _ _ 

0
Before
++++++
n+o+++
rgr++t
erideo
lrmcrp
siiosa

h e c t i c 
d i l u t e 
_ _ _ _ _ _ 
_ _ _ _ _ _ 
_ _ _ _ _ _ _ _ 
_ _ _ _ 

After
++++++
n+o+++
rgr++t
erideo
lrmcrp
siiosa

h e c t i c 
d i l u t e 
_ _ _ _ _ _ 
_ _ _ _ _ _ 
_ _ _ _ _ _ _ _ 
_ _ _ _ 

14
Before
++++++
n+o+++
rgr+++
eri+++
lrmc+t
siio+o

h e c t i c 
d i l u t e 
s p a r e d 
_ _ _ _ _ _ 
_ _ _ _ _ _ _ _ 
_ _ _ _ 

After
++++++
n+o+++
rgr+++
eri+++
lrmc+t
siio+o

h e c t i c 
d i l u t e 
s p a r e d 
_ _ _ _ _ _ 
_ _ _ _ _ _ _ _ 
_ _ _ _ 

0
Before
++++++
n+o+++
rgr+++
eri+++
lrmd+t
siio+o

h e c t i c 
d i l u t e 
s c r a p e 
_ _ _ _ _ _ 
_ _ _ _ _ _ _ _ 
_ _ _ _ 

After
++++++
n+o+++
rgr+++
eri+++
lrmd+t
siio+o

h e c t i c 
d i l u t e 
s c r a p e 
_ _ _ _ _ _ 
_ _ _ _ _ _ _ _ 
_ _ _ _ 

0
Before
++++++
n+o+++
rgr++t
eri++o
lrm++p
sii++a

h e c t i c 
d i l u t e 
s c o r e d 
_ _ _ _ _ _ 
_ _ _ _ _ _ _ _ 
_ _ _ _ 

After
++++++
n+o+++
rgr++t
eri++o
lrm++p
sii++a

h e c t i c 
d i l u t e 
s c o r e d 
_ _ _ _ _ _ 
_ _ _ _ _ _ _ _ 
_ _ _ _ 

0
Before
++++++
n+o+++
rgr+++
eri+++
lrmc+t
siio+o

h e c t i c 
d i l u t e 
r a s p e d 
_ _ _ _ _ _ 
_ _ _ _ _ _ _ _ 
_ _ _ _ 

After
++++++
n+o+++
rgr+++
eri+++
lrmc+t
siio+o

h e c t i c 
d i l u t e 
r a s p e d 
_ _ _ _ _ _ 
_ _ _ _ _ _ _ _ 
_ _ _ _ 

0
Before
++++++
n+++++
rgo++t
err++o
lrm++p
siio+a

h e c t i c 
d i l u t e 
c i d e r s 
_ _ _ _ _ _ 
_ _ _ _ _ _ _ _ 
_ _ _ _ 

After
++++++
n+++++
rgo++t
err++o
lrm++p
siio+a

h e c t i c 
d i l u t e 
c i d e r s 
_ _ _ _ _ _ 
_ _ _ _ _ _ _ _ 
_ _ _ _ 

4
Before
++++++
n+++++
r++++t
e++++o
l++++p
sgio+a

h e c t i c 
d i l u t e 
c i d e r s 
m i r r o r 
_ _ _ _ _ _ _ _ 
_ _ _ _ 

After
++++++
n+++++
r++++t
e++++o
l++++p
sgio+a

h e c t i c 
d i l u t e 
c i d e r s 
m i r r o r 
_ _ _ _ _ _ _ _ 
_ _ _ _ 

0
Before
++++++
n+++++
r++++t
e++++o
l++++p
sgio+a

h e c t i c 
d i l u t e 
c i d e r s 
m i r r o r 
_ _ _ _ _ _ _ _ 
_ _ _ _ 

After
++++++
n+++++
r++++t
e++++o
l++++p
sgio+a

h e c t i c 
d i l u t e 
c i d e r s 
m i r r o r 
_ _ _ _ _ _ _ _ 
_ _ _ _ 

0
Before
++++++
n+++++
r++++t
e++++o
lg+++p
si+o+a

h e c t i c 
d i l u t e 
c i d e r s 
m i r r o r 
_ _ _ _ _ _ _ _ 
_ _ _ _ 

After
++++++
n+++++
r++++t
e++++o
lg+++p
si+o+a

h e c t i c 
d i l u t e 
c i d e r s 
m i r r o r 
_ _ _ _ _ _ _ _ 
_ _ _ _ 

0
Before
++++++
n+++++
r++++t
e++++o
lg+++p
si+o+a

h e c t i c 
d i l u t e 
c i d e r s 
m i r r o r 
_ _ _ _ _ _ _ _ 
_ _ _ _ 

After
++++++
n+++++
r++++t
e++++o
lg+++p
si+o+a

h e c t i c 
d i l u t e 
c i d e r s 
m i r r o r 
_ _ _ _ _ _ _ _ 
_ _ _ _ 

0
Before
++++++
n+++++
rg+++t
ero++o
lrr++p
siidea

h e c t i c 
d i l u t e 
m i c r o s 
_ _ _ _ _ _ 
_ _ _ _ _ _ _ _ 
_ _ _ _ 

After
++++++
n+++++
rg+++t
ero++o
lrr++p
siidea

h e c t i c 
d i l u t e 
m i c r o s 
_ _ _ _ _ _ 
_ _ _ _ _ _ _ _ 
_ _ _ _ 

2
Before
++++++
++++++
+++++t
+++++o
ngr++p
liidea

h e c t i c 
d i l u t e 
m i c r o s 
e r r o r s 
_ _ _ _ _ _ _ _ 
_ _ _ _ 

After
++++++
++++++
+++++t
+++++o
ngr++p
liidea

h e c t i c 
d i l u t e 
m i c r o s 
e r r o r s 
_ _ _ _ _ _ _ _ 
_ _ _ _ 

0
Before
++++++
++++++
+++++t
n++++o
rg+++p
liidea

h e c t i c 
d i l u t e 
m i c r o s 
e r r o r s 
_ _ _ _ _ _ _ _ 
_ _ _ _ 

After
++++++
++++++
+++++t
n++++o
rg+++p
liidea

h e c t i c 
d i l u t e 
m i c r o s 
e r r o r s 
_ _ _ _ _ _ _ _ 
_ _ _ _ 

0
Before
++++++
n+++++
rg+++t
ero++o
lrr++p
siidea

h e c t i c 
d i l u t e 
m i c r o s 
_ _ _ _ _ _ 
_ _ _ _ _ _ _ _ 
_ _ _ _ 

After
++++++
n+++++
rg+++t
ero++o
lrr++p
siidea

h e c t i c 
d i l u t e 
m i c r o s 
_ _ _ _ _ _ 
_ _ _ _ _ _ _ _ 
_ _ _ _ 

2
Before
++++++
++++++
+++++t
+++++o
ngr++p
liidea

h e c t i c 
d i l u t e 
m i c r o s 
e r r o r s 
_ _ _ _ _ _ _ _ 
_ _ _ _ 

After
++++++
++++++
+++++t
+++++o
ngr++p
liidea

h e c t i c 
d i l u t e 
m i c r o s 
e r r o r s 
_ _ _ _ _ _ _ _ 
_ _ _ _ 

0
Before
++++++
++++++
+++++t
n++++o
rg+++p
liidea

h e c t i c 
d i l u t e 
m i c r o s 
e r r o r s 
_ _ _ _ _ _ _ _ 
_ _ _ _ 

After
++++++
++++++
+++++t
n++++o
rg+++p
liidea

h e c t i c 
d i l u t e 
m i c r o s 
e r r o r s 
_ _ _ _ _ _ _ _ 
_ _ _ _ 

0
Before
++++++
n+++++
r+o++t
egr++o
lrmc+p
siio+a

h e c t i c 
d i l u t e 
r i d e r s 
_ _ _ _ _ _ 
_ _ _ _ _ _ _ _ 
_ _ _ _ 

After
++++++
n+++++
r+o++t
egr++o
lrmc+p
siio+a

h e c t i c 
d i l u t e 
r i d e r s 
_ _ _ _ _ _ 
_ _ _ _ _ _ _ _ 
_ _ _ _ 

0
Before
++++++
n+o+++
rgr+++
erid++
lrmc++
siio+t

h e c t i c 
d i l u t e 
o p e r a s 
_ _ _ _ _ _ 
_ _ _ _ _ _ _ _ 
_ _ _ _ 

After
++++++
n+o+++
rgr+++
erid++
lrmc++
siio+t

h e c t i c 
d i l u t e 
o p e r a s 
_ _ _ _ _ _ 
_ _ _ _ _ _ _ _ 
_ _ _ _ 

0
Before
++++++
n+o+++
rgr++t
eri++o
lrm++p
sii++a

h e c t i c 
d i l u t e 
d e c o r s 
_ _ _ _ _ _ 
_ _ _ _ _ _ _ _ 
_ _ _ _ 

After
++++++
n+o+++
rgr++t
eri++o
lrm++p
sii++a

h e c t i c 
d i l u t e 
d e c o r s 
_ _ _ _ _ _ 
_ _ _ _ _ _ _ _ 
_ _ _ _ 

0
Before
++++++
n+++++
r+o++t
egr++o
lrmc+p
siio+a

h e c t i c 
d i l u t e 
r i d e r s 
_ _ _ _ _ _ 
_ _ _ _ _ _ _ _ 
_ _ _ _ 

After
++++++
n+++++
r+o++t
egr++o
lrmc+p
siio+a

h e c t i c 
d i l u t e 
r i d e r s 
_ _ _ _ _ _ 
_ _ _ _ _ _ _ _ 
_ _ _ _ 

0
Before
++++++
n+++++
rg+++t
ero++o
lrmc+p
siio+a

h e c t i c 
d i l u t e 
r i d e r s 
_ _ _ _ _ _ 
_ _ _ _ _ _ _ _ 
_ _ _ _ 

After
++++++
n+++++
rg+++t
ero++o
lrmc+p
siio+a

h e c t i c 
d i l u t e 
r i d e r s 
_ _ _ _ _ _ 
_ _ _ _ _ _ _ _ 
_ _ _ _ 

3
Before
++++++
++++++
+++++t
n++++o
rgm++p
liio+a

h e c t i c 
d i l u t e 
r i d e r s 
c o r e r s 
_ _ _ _ _ _ _ _ 
_ _ _ _ 

After
++++++
++++++
+++++t
n++++o
rgm++p
liio+a

h e c t i c 
d i l u t e 
r i d e r s 
c o r e r s 
_ _ _ _ _ _ _ _ 
_ _ _ _ 

0
Before
++++++
++++++
n++++t
r++++o
e++c+p
lgio+a

h e c t i c 
d i l u t e 
r i d e r s 
m o r r i s 
_ _ _ _ _ _ _ _ 
_ _ _ _ 

After
++++++
++++++
n++++t
r++++o
e++c+p
lgio+a

h e c t i c 
d i l u t e 
r i d e r s 
m o r r i s 
_ _ _ _ _ _ _ _ 
_ _ _ _ 

0
Before
++++++
++++++
+++++t
+++++o
ngmc+p
liio+a

h e c t i c 
d i l u t e 
r i d e r s 
e r r o r s 
_ _ _ _ _ _ _ _ 
_ _ _ _ 

After
++++++
++++++
+++++t
+++++o
ngmc+p
liio+a

h e c t i c 
d i l u t e 
r i d e r s 
e r r o r s 
_ _ _ _ _ _ _ _ 
_ _ _ _ 

0
Before
++++++
n+++++
r++++t
ero++o
lrmc+p
siiosa

h e c t i c 
d i l u t e 
g i r d e r 
_ _ _ _ _ _ 
_ _ _ _ _ _ _ _ 
_ _ _ _ 

After
++++++
n+++++
r++++t
ero++o
lrmc+p
siiosa

h e c t i c 
d i l u t e 
g i r d e r 
_ _ _ _ _ _ 
_ _ _ _ _ _ _ _ 
_ _ _ _ 

7
Before
++++++
++++++
+++++t
n++++o
lrm++p
siio+a

h e c t i c 
d i l u t e 
g i r d e r 
s c o r e r 
_ _ _ _ _ _ _ _ 
_ _ _ _ 

After
++++++
++++++
+++++t
n++++o
lrm++p
siio+a

h e c t i c 
d i l u t e 
g i r d e r 
s c o r e r 
_ _ _ _ _ _ _ _ 
_ _ _ _ 

0
Before
++++++
++++++
n++++t
r++++o
l+m++p
siio+a

h e c t i c 
d i l u t e 
g i r d e r 
s c o r e r 
_ _ _ _ _ _ _ _ 
_ _ _ _ 

After
++++++
++++++
n++++t
r++++o
l+m++p
siio+a

h e c t i c 
d i l u t e 
g i r d e r 
s c o r e r 
_ _ _ _ _ _ _ _ 
_ _ _ _ 

0
Before
++++++
++++++
+++++t
n++++o
lrm++p
siio+a

h e c t i c 
d i l u t e 
g i r d e r 
s c o r e r 
_ _ _ _ _ _ _ _ 
_ _ _ _ 

After
++++++
++++++
+++++t
n++++o
lrm++p
siio+a

h e c t i c 
d i l u t e 
g i r d e r 
s c o r e r 
_ _ _ _ _ _ _ _ 
_ _ _ _ 

0
Before
++++++
++++++
n++++t
r++++o
l+m++p
siio+a

h e c t i c 
d i l u t e 
g i r d e r 
s c o r e r 
_ _ _ _ _ _ _ _ 
_ _ _ _ 

After
++++++
++++++
n++++t
r++++o
l+m++p
siio+a

h e c t i c 
d i l u t e 
g i r d e r 
s c o r e r 
_ _ _ _ _ _ _ _ 
_ _ _ _ 

0
Before
++++++
++++++
+++++t
n++++o
r+m++p
liiosa

h e c t i c 
d i l u t e 
g i r d e r 
c o r e r s 
_ _ _ _ _ _ _ _ 
_ _ _ _ 

After
++++++
++++++
+++++t
n++++o
r+m++p
liiosa

h e c t i c 
d i l u t e 
g i r d e r 
c o r e r s 
_ _ _ _ _ _ _ _ 
_ _ _ _ 

0
Before
++++++
++++++
n++++t
r++++o
e++c+p
l+iosa

h e c t i c 
d i l u t e 
g i r d e r 
m o r r i s 
_ _ _ _ _ _ _ _ 
_ _ _ _ 

After
++++++
++++++
n++++t
r++++o
e++c+p
l+iosa

h e c t i c 
d i l u t e 
g i r d e r 
m o r r i s 
_ _ _ _ _ _ _ _ 
_ _ _ _ 

0
Before
++++++
++++++
+++++t
+++++o
n+mc+p
liiosa

h e c t i c 
d i l u t e 
g i r d e r 
e r r o r s 
_ _ _ _ _ _ _ _ 
_ _ _ _ 

After
++++++
++++++
+++++t
+++++o
n+mc+p
liiosa

h e c t i c 
d i l u t e 
g i r d e r 
e r r o r s 
_ _ _ _ _ _ _ _ 
_ _ _ _ 

0
Before
++++++
n+++++
rg+++t
eri++o
lrmc+p
siio+a

h e c t i c 
d i l u t e 
o r d e r s 
_ _ _ _ _ _ 
_ _ _ _ _ _ _ _ 
_ _ _ _ 

After
++++++
n+++++
rg+++t
eri++o
lrmc+p
siio+a

h e c t i c 
d i l u t e 
o r d e r s 
_ _ _ _ _ _ 
_ _ _ _ _ _ _ _ 
_ _ _ _ 

0
Before
+++++t
n++++o
r+++rp
eroila
lrmcue
siiost

h e c t i c 
g i r d e d 
_ _ _ _ _ _ 
_ _ _ _ _ _ 
_ _ _ _ _ _ _ _ 
_ _ _ _ 

After
+++++t
n++++o
r+++rp
eroila
lrmcue
siiost

h e c t i c 
g i r d e d 
_ _ _ _ _ _ 
_ _ _ _ _ _ 
_ _ _ _ _ _ _ _ 
_ _ _ _ 

13
Before
++++++
n+++++
r+++r+
eroil+
lrmcu+
siios+

h e c t i c 
g i r d e d 
t e a p o t 
_ _ _ _ _ _ 
_ _ _ _ _ _ _ _ 
_ _ _ _ 

After
++++++
n+++++
r+++r+
eroil+
lrmcu+
siios+

h e c t i c 
g i r d e d 
t e a p o t 
_ _ _ _ _ _ 
_ _ _ _ _ _ _ _ 
_ _ _ _ 

7
Before
++++++
++++++
++++++
n+++r+
lrmil+
siiou+

h e c t i c 
g i r d e d 
t e a p o t 
s c o r e r 
_ _ _ _ _ _ _ _ 
_ _ _ _ 

After
++++++
++++++
++++++
n+++r+
lrmil+
siiou+

h e c t i c 
g i r d e d 
t e a p o t 
s c o r e r 
_ _ _ _ _ _ _ _ 
_ _ _ _ 

0
Before
++++++
++++++
n+++++
r+++r+
l+mil+
siiou+

h e c t i c 
g i r d e d 
t e a p o t 
s c o r e r 
_ _ _ _ _ _ _ _ 
_ _ _ _ 

After
++++++
++++++
n+++++
r+++r+
l+mil+
siiou+

h e c t i c 
g i r d e d 
t e a p o t 
s c o r e r 
_ _ _ _ _ _ _ _ 
_ _ _ _ 

0
Before
++++++
++++++
++++++
n+++r+
lrmil+
siiou+

h e c t i c 
g i r d e d 
t e a p o t 
s c o r e r 
_ _ _ _ _ _ _ _ 
_ _ _ _ 

After
++++++
++++++
++++++
n+++r+
lrmil+
siiou+

h e c t i c 
g i r d e d 
t e a p o t 
s c o r e r 
_ _ _ _ _ _ _ _ 
_ _ _ _ 

0
Before
++++++
++++++
n+++++
r+++r+
l+mil+
siiou+

h e c t i c 
g i r d e d 
t e a p o t 
s c o r e r 
_ _ _ _ _ _ _ _ 
_ _ _ _ 

After
++++++
++++++
n+++++
r+++r+
l+mil+
siiou+

h e c t i c 
g i r d e d 
t e a p o t 
s c o r e r 
_ _ _ _ _ _ _ _ 
_ _ _ _ 

0
Before
++++++
++++++
++++r+
n+++l+
r+miu+
liios+

h e c t i c 
g i r d e d 
t e a p o t 
c o r e r s 
_ _ _ _ _ _ _ _ 
_ _ _ _ 

After
++++++
++++++
++++r+
n+++l+
r+miu+
liios+

h e c t i c 
g i r d e d 
t e a p o t 
c o r e r s 
_ _ _ _ _ _ _ _ 
_ _ _ _ 

0
Before
++++++
++++++
n+++r+
r++il+
e++cu+
l+ios+

h e c t i c 
g i r d e d 
t e a p o t 
m o r r i s 
_ _ _ _ _ _ _ _ 
_ _ _ _ 

After
++++++
++++++
n+++r+
r++il+
e++cu+
l+ios+

h e c t i c 
g i r d e d 
t e a p o t 
m o r r i s 
_ _ _ _ _ _ _ _ 
_ _ _ _ 

0
Before
++++++
++++++
++++r+
+++il+
n+mcu+
liios+

h e c t i c 
g i r d e d 
t e a p o t 
e r r o r s 
_ _ _ _ _ _ _ _ 
_ _ _ _ 

After
++++++
++++++
++++r+
+++il+
n+mcu+
liios+

h e c t i c 
g i r d e d 
t e a p o t 
e r r o r s 
_ _ _ _ _ _ _ _ 
_ _ _ _ 

0
Before
+++++t
+++++o
+++++p
n+++ra
lrmile
siiout

h e c t i c 
g i r d e d 
s c o r e r 
_ _ _ _ _ _ 
_ _ _ _ _ _ _ _ 
_ _ _ _ 

After
+++++t
+++++o
+++++p
n+++ra
lrmile
siiout

h e c t i c 
g i r d e d 
s c o r e r 
_ _ _ _ _ _ 
_ _ _ _ _ _ _ _ 
_ _ _ _ 

2
Before
++++++
++++++
++++++
n+++r+
lrmil+
siiou+

h e c t i c 
g i r d e d 
s c o r e r 
t e a p o t 
_ _ _ _ _ _ _ _ 
_ _ _ _ 

After
++++++
++++++
++++++
n+++r+
lrmil+
siiou+

h e c t i c 
g i r d e d 
s c o r e r 
t e a p o t 
_ _ _ _ _ _ _ _ 
_ _ _ _ 

0
Before
++++++
+++++t
+++++o
+++++p
n+++ra
lriout

h e c t i c 
g i r d e d 
s c o r e r 
s i m i l e 
_ _ _ _ _ _ _ _ 
_ _ _ _ 

After
++++++
+++++t
+++++o
+++++p
n+++ra
lriout

h e c t i c 
g i r d e d 
s c o r e r 
s i m i l e 
_ _ _ _ _ _ _ _ 
_ _ _ _ 

0
Before
+++++t
+++++o
n++++p
r+++ra
l+mile
siiout

h e c t i c 
g i r d e d 
s c o r e r 
_ _ _ _ _ _ 
_ _ _ _ _ _ _ _ 
_ _ _ _ 

After
+++++t
+++++o
n++++p
r+++ra
l+mile
siiout

h e c t i c 
g i r d e d 
s c o r e r 
_ _ _ _ _ _ 
_ _ _ _ _ _ _ _ 
_ _ _ _ 

2
Before
++++++
++++++
n+++++
r+++r+
l+mil+
siiou+

h e c t i c 
g i r d e d 
s c o r e r 
t e a p o t 
_ _ _ _ _ _ _ _ 
_ _ _ _ 

After
++++++
++++++
n+++++
r+++r+
l+mil+
siiou+

h e c t i c 
g i r d e d 
s c o r e r 
t e a p o t 
_ _ _ _ _ _ _ _ 
_ _ _ _ 

0
Before
++++++
+++++t
+++++o
n++++p
r+++ra
l+iout

h e c t i c 
g i r d e d 
s c o r e r 
s i m i l e 
_ _ _ _ _ _ _ _ 
_ _ _ _ 

After
++++++
+++++t
+++++o
n++++p
r+++ra
l+iout

h e c t i c 
g i r d e d 
s c o r e r 
s i m i l e 
_ _ _ _ _ _ _ _ 
_ _ _ _ 

0
Before
+++++t
+++++o
+++++p
n+++ra
lrmile
siiout

h e c t i c 
g i r d e d 
s c o r e r 
_ _ _ _ _ _ 
_ _ _ _ _ _ _ _ 
_ _ _ _ 

After
+++++t
+++++o
+++++p
n+++ra
lrmile
siiout

h e c t i c 
g i r d e d 
s c o r e r 
_ _ _ _ _ _ 
_ _ _ _ _ _ _ _ 
_ _ _ _ 

2
Before
++++++
++++++
++++++
n+++r+
lrmil+
siiou+

h e c t i c 
g i r d e d 
s c o r e r 
t e a p o t 
_ _ _ _ _ _ _ _ 
_ _ _ _ 

After
++++++
++++++
++++++
n+++r+
lrmil+
siiou+

h e c t i c 
g i r d e d 
s c o r e r 
t e a p o t 
_ _ _ _ _ _ _ _ 
_ _ _ _ 

0
Before
++++++
+++++t
+++++o
+++++p
n+++ra
lriout

h e c t i c 
g i r d e d 
s c o r e r 
s i m i l e 
_ _ _ _ _ _ _ _ 
_ _ _ _ 

After
++++++
+++++t
+++++o
+++++p
n+++ra
lriout

h e c t i c 
g i r d e d 
s c o r e r 
s i m i l e 
_ _ _ _ _ _ _ _ 
_ _ _ _ 

0
Before
+++++t
+++++o
n++++p
r+++ra
l+mile
siiout

h e c t i c 
g i r d e d 
s c o r e r 
_ _ _ _ _ _ 
_ _ _ _ _ _ _ _ 
_ _ _ _ 

After
+++++t
+++++o
n++++p
r+++ra
l+mile
siiout

h e c t i c 
g i r d e d 
s c o r e r 
_ _ _ _ _ _ 
_ _ _ _ _ _ _ _ 
_ _ _ _ 

2
Before
++++++
++++++
n+++++
r+++r+
l+mil+
siiou+

h e c t i c 
g i r d e d 
s c o r e r 
t e a p o t 
_ _ _ _ _ _ _ _ 
_ _ _ _ 

After
++++++
++++++
n+++++
r+++r+
l+mil+
siiou+

h e c t i c 
g i r d e d 
s c o r e r 
t e a p o t 
_ _ _ _ _ _ _ _ 
_ _ _ _ 

0
Before
++++++
+++++t
+++++o
n++++p
r+++ra
l+iout

h e c t i c 
g i r d e d 
s c o r e r 
s i m i l e 
_ _ _ _ _ _ _ _ 
_ _ _ _ 

After
++++++
+++++t
+++++o
n++++p
r+++ra
l+iout

h e c t i c 
g i r d e d 
s c o r e r 
s i m i l e 
_ _ _ _ _ _ _ _ 
_ _ _ _ 

0
Before
++++++
n++++t
r++++o
ero++p
lrm++e
siiist

h e c t i c 
g i r d e d 
o c u l a r 
_ _ _ _ _ _ 
_ _ _ _ _ _ _ _ 
_ _ _ _ 

After
++++++
n++++t
r++++o
ero++p
lrm++e
siiist

h e c t i c 
g i r d e d 
o c u l a r 
_ _ _ _ _ _ 
_ _ _ _ _ _ _ _ 
_ _ _ _ 

3
Before
++++++
+++++t
+++++o
n++++p
rro++e
sri++t

h e c t i c 
g i r d e d 
o c u l a r 
s i m i l e 
_ _ _ _ _ _ _ _ 
_ _ _ _ 

After
++++++
+++++t
+++++o
n++++p
rro++e
sri++t

h e c t i c 
g i r d e d 
o c u l a r 
s i m i l e 
_ _ _ _ _ _ _ _ 
_ _ _ _ 

0
Before
++++++
+++++t
n++++o
r++++p
e++++e
l+iist

h e c t i c 
g i r d e d 
o c u l a r 
m o r r i s 
_ _ _ _ _ _ _ _ 
_ _ _ _ 

After
++++++
+++++t
n++++o
r++++p
e++++e
l+iist

h e c t i c 
g i r d e d 
o c u l a r 
m o r r i s 
_ _ _ _ _ _ _ _ 
_ _ _ _ 

0
Before
++++++
+++++t
+++++o
+++++p
n+m++e
liiist

h e c t i c 
g i r d e d 
o c u l a r 
e r r o r s 
_ _ _ _ _ _ _ _ 
_ _ _ _ 

After
++++++
+++++t
+++++o
+++++p
n+m++e
liiist

h e c t i c 
g i r d e d 
o c u l a r 
e r r o r s 
_ _ _ _ _ _ _ _ 
_ _ _ _ 

0
Before
++++++
+++++t
n++++o
r+++rp
erocua
lriost

h e c t i c 
g i r d e d 
s i m i l e 
_ _ _ _ _ _ 
_ _ _ _ _ _ _ _ 
_ _ _ _ 

After
++++++
+++++t
n++++o
r+++rp
erocua
lriost

h e c t i c 
g i r d e d 
s i m i l e 
_ _ _ _ _ _ 
_ _ _ _ _ _ _ _ 
_ _ _ _ 

6
Before
++++++
+++++t
+++++o
+++++p
n+++ra
lriout

h e c t i c 
g i r d e d 
s i m i l e 
s c o r e r 
_ _ _ _ _ _ _ _ 
_ _ _ _ 

After
++++++
+++++t
+++++o
+++++p
n+++ra
lriout

h e c t i c 
g i r d e d 
s i m i l e 
s c o r e r 
_ _ _ _ _ _ _ _ 
_ _ _ _ 

0
Before
++++++
+++++t
+++++o
n++++p
r+++ra
l+iout

h e c t i c 
g i r d e d 
s i m i l e 
s c o r e r 
_ _ _ _ _ _ _ _ 
_ _ _ _ 

After
++++++
+++++t
+++++o
n++++p
r+++ra
l+iout

h e c t i c 
g i r d e d 
s i m i l e 
s c o r e r 
_ _ _ _ _ _ _ _ 
_ _ _ _ 

0
Before
++++++
+++++t
+++++o
+++++p
n+++ra
lriout

h e c t i c 
g i r d e d 
s i m i l e 
s c o r e r 
_ _ _ _ _ _ _ _ 
_ _ _ _ 

After
++++++
+++++t
+++++o
+++++p
n+++ra
lriout

h e c t i c 
g i r d e d 
s i m i l e 
s c o r e r 
_ _ _ _ _ _ _ _ 
_ _ _ _ 

0
Before
++++++
+++++t
+++++o
n++++p
r+++ra
l+iout

h e c t i c 
g i r d e d 
s i m i l e 
s c o r e r 
_ _ _ _ _ _ _ _ 
_ _ _ _ 

After
++++++
+++++t
+++++o
n++++p
r+++ra
l+iout

h e c t i c 
g i r d e d 
s i m i l e 
s c o r e r 
_ _ _ _ _ _ _ _ 
_ _ _ _ 

0
Before
++++++
++++++
n+++++
r+++++
eroc+t
lrio+a

h e c t i c 
g i r d e d 
s i m i l e 
s t u p o r 
_ _ _ _ _ _ _ _ 
_ _ _ _ 

After
++++++
++++++
n+++++
r+++++
eroc+t
lrio+a

h e c t i c 
g i r d e d 
s i m i l e 
s t u p o r 
_ _ _ _ _ _ _ _ 
_ _ _ _ 

0
Before
++++++
++++++
n+++++
r++++t
ero++o
lri+up

h e c t i c 
g i r d e d 
s i m i l e 
c o s t a r 
_ _ _ _ _ _ _ _ 
_ _ _ _ 

After
++++++
++++++
n+++++
r++++t
ero++o
lri+up

h e c t i c 
g i r d e d 
s i m i l e 
c o s t a r 
_ _ _ _ _ _ _ _ 
_ _ _ _ 

0
Before
++++++
n+++++
r++++t
ero++o
lrmi+p
siiort

h e c t i c 
g i r d e d 
c l a u s e 
_ _ _ _ _ _ 
_ _ _ _ _ _ _ _ 
_ _ _ _ 

After
++++++
n+++++
r++++t
ero++o
lrmi+p
siiort

h e c t i c 
g i r d e d 
c l a u s e 
_ _ _ _ _ _ 
_ _ _ _ _ _ _ _ 
_ _ _ _ 

2
Before
++++++
++++++
n++++t
r++++o
e++i+p
l+iort

h e c t i c 
g i r d e d 
c l a u s e 
m o r r i s 
_ _ _ _ _ _ _ _ 
_ _ _ _ 

After
++++++
++++++
n++++t
r++++o
e++i+p
l+iort

h e c t i c 
g i r d e d 
c l a u s e 
m o r r i s 
_ _ _ _ _ _ _ _ 
_ _ _ _ 

0
Before
++++++
++++++
+++++t
+++++o
n+mi+p
liiort

h e c t i c 
g i r d e d 
c l a u s e 
e r r o r s 
_ _ _ _ _ _ _ _ 
_ _ _ _ 

After
++++++
++++++
+++++t
+++++o
n+mi+p
liiort

h e c t i c 
g i r d e d 
c l a u s e 
e r r o r s 
_ _ _ _ _ _ _ _ 
_ _ _ _ 

0
Before
+++++t
+++++o
++++rp
n+++la
r+miue
liiost

h e c t i c 
g i r d e d 
c o r e r s 
_ _ _ _ _ _ 
_ _ _ _ _ _ _ _ 
_ _ _ _ 

After
+++++t
+++++o
++++rp
n+++la
r+miue
liiost

h e c t i c 
g i r d e d 
c o r e r s 
_ _ _ _ _ _ 
_ _ _ _ _ _ _ _ 
_ _ _ _ 

2
Before
++++++
++++++
++++r+
n+++l+
r+miu+
liios+

h e c t i c 
g i r d e d 
c o r e r s 
t e a p o t 
_ _ _ _ _ _ _ _ 
_ _ _ _ 

After
++++++
++++++
++++r+
n+++l+
r+miu+
liios+

h e c t i c 
g i r d e d 
c o r e r s 
t e a p o t 
_ _ _ _ _ _ _ _ 
_ _ _ _ 

0
Before
++++++
++++++
++++++
n+++++
r+mirt
liiouo

h e c t i c 
g i r d e d 
c o r e r s 
p a l e s t 
_ _ _ _ _ _ _ _ 
_ _ _ _ 

After
++++++
++++++
++++++
n+++++
r+mirt
liiouo

h e c t i c 
g i r d e d 
c o r e r s 
p a l e s t 
_ _ _ _ _ _ _ _ 
_ _ _ _ 

0
Before
+++++t
+++++o
n+++rp
r++ila
e++cue
l+iost

h e c t i c 
g i r d e d 
m o r r i s 
_ _ _ _ _ _ 
_ _ _ _ _ _ _ _ 
_ _ _ _ 

After
+++++t
+++++o
n+++rp
r++ila
e++cue
l+iost

h e c t i c 
g i r d e d 
m o r r i s 
_ _ _ _ _ _ 
_ _ _ _ _ _ _ _ 
_ _ _ _ 

4
Before
++++++
++++++
n+++r+
r++il+
e++cu+
l+ios+

h e c t i c 
g i r d e d 
m o r r i s 
t e a p o t 
_ _ _ _ _ _ _ _ 
_ _ _ _ 

After
++++++
++++++
n+++r+
r++il+
e++cu+
l+ios+

h e c t i c 
g i r d e d 
m o r r i s 
t e a p o t 
_ _ _ _ _ _ _ _ 
_ _ _ _ 

0
Before
++++++
+++++t
n++++o
r++++p
e++++e
l+iist

h e c t i c 
g i r d e d 
m o r r i s 
o c u l a r 
_ _ _ _ _ _ _ _ 
_ _ _ _ 

After
++++++
+++++t
n++++o
r++++p
e++++e
l+iist

h e c t i c 
g i r d e d 
m o r r i s 
o c u l a r 
_ _ _ _ _ _ _ _ 
_ _ _ _ 

0
Before
++++++
++++++
n++++t
r++++o
e++i+p
l+iort

h e c t i c 
g i r d e d 
m o r r i s 
c l a u s e 
_ _ _ _ _ _ _ _ 
_ _ _ _ 

After
++++++
++++++
n++++t
r++++o
e++i+p
l+iort

h e c t i c 
g i r d e d 
m o r r i s 
c l a u s e 
_ _ _ _ _ _ _ _ 
_ _ _ _ 

0
Before
++++++
++++++
n+++++
r++i++
e++crt
l+iouo

h e c t i c 
g i r d e d 
m o r r i s 
p a l e s t 
_ _ _ _ _ _ _ _ 
_ _ _ _ 

After
++++++
++++++
n+++++
r++i++
e++crt
l+iouo

h e c t i c 
g i r d e d 
m o r r i s 
p a l e s t 
_ _ _ _ _ _ _ _ 
_ _ _ _ 

0
Before
++++++
n++++t
r++++o
er+++p
lrmi+e
siiost

h e c t i c 
g i r d e d 
o c u l a r 
_ _ _ _ _ _ 
_ _ _ _ _ _ _ _ 
_ _ _ _ 

After
++++++
n++++t
r++++o
er+++p
lrmi+e
siiost

h e c t i c 
g i r d e d 
o c u l a r 
_ _ _ _ _ _ 
_ _ _ _ _ _ _ _ 
_ _ _ _ 

1
Before
++++++
+++++t
+++++o
n++++p
rr+++e
srio+t

h e c t i c 
g i r d e d 
o c u l a r 
s i m i l e 
_ _ _ _ _ _ _ _ 
_ _ _ _ 

After
++++++
+++++t
+++++o
n++++p
rr+++e
srio+t

h e c t i c 
g i r d e d 
o c u l a r 
s i m i l e 
_ _ _ _ _ _ _ _ 
_ _ _ _ 

0
Before
+++++t
+++++o
++++rp
+++ila
n+mcue
liiost

h e c t i c 
g i r d e d 
e r r o r s 
_ _ _ _ _ _ 
_ _ _ _ _ _ _ _ 
_ _ _ _ 

After
+++++t
+++++o
++++rp
+++ila
n+mcue
liiost

h e c t i c 
g i r d e d 
e r r o r s 
_ _ _ _ _ _ 
_ _ _ _ _ _ _ _ 
_ _ _ _ 

4
Before
++++++
++++++
++++r+
+++il+
n+mcu+
liios+

h e c t i c 
g i r d e d 
e r r o r s 
t e a p o t 
_ _ _ _ _ _ _ _ 
_ _ _ _ 

After
++++++
++++++
++++r+
+++il+
n+mcu+
liios+

h e c t i c 
g i r d e d 
e r r o r s 
t e a p o t 
_ _ _ _ _ _ _ _ 
_ _ _ _ 

0
Before
++++++
+++++t
+++++o
+++++p
n+m++e
liiist

h e c t i c 
g i r d e d 
e r r o r s 
o c u l a r 
_ _ _ _ _ _ _ _ 
_ _ _ _ 

After
++++++
+++++t
+++++o
+++++p
n+m++e
liiist

h e c t i c 
g i r d e d 
e r r o r s 
o c u l a r 
_ _ _ _ _ _ _ _ 
_ _ _ _ 

0
Before
++++++
++++++
+++++t
+++++o
n+mi+p
liiort

h e c t i c 
g i r d e d 
e r r o r s 
c l a u s e 
_ _ _ _ _ _ _ _ 
_ _ _ _ 

After
++++++
++++++
+++++t
+++++o
n+mi+p
liiort

h e c t i c 
g i r d e d 
e r r o r s 
c l a u s e 
_ _ _ _ _ _ _ _ 
_ _ _ _ 

0
Before
++++++
++++++
++++++
+++i++
n+mcrt
liiouo

h e c t i c 
g i r d e d 
e r r o r s 
p a l e s t 
_ _ _ _ _ _ _ _ 
_ _ _ _ 

After
++++++
++++++
++++++
+++i++
n+mcrt
liiouo

h e c t i c 
g i r d e d 
e r r o r s 
p a l e s t 
_ _ _ _ _ _ _ _ 
_ _ _ _ 

0
Before
++++++
n+++++
r+++++
eroi++
lrmcrt
siiouo

h e c t i c 
g i r d e d 
p a l e s t 
_ _ _ _ _ _ 
_ _ _ _ _ _ _ _ 
_ _ _ _ 

After
++++++
n+++++
r+++++
eroi++
lrmcrt
siiouo

h e c t i c 
g i r d e d 
p a l e s t 
_ _ _ _ _ _ 
_ _ _ _ _ _ _ _ 
_ _ _ _ 

3
Before
++++++
++++++
++++++
n+++++
r+mirt
liiouo

h e c t i c 
g i r d e d 
p a l e s t 
c o r e r s 
_ _ _ _ _ _ _ _ 
_ _ _ _ 

After
++++++
++++++
++++++
n+++++
r+mirt
liiouo

h e c t i c 
g i r d e d 
p a l e s t 
c o r e r s 
_ _ _ _ _ _ _ _ 
_ _ _ _ 

0
Before
++++++
++++++
n+++++
r++i++
e++crt
l+iouo

h e c t i c 
g i r d e d 
p a l e s t 
m o r r i s 
_ _ _ _ _ _ _ _ 
_ _ _ _ 

After
++++++
++++++
n+++++
r++i++
e++crt
l+iouo

h e c t i c 
g i r d e d 
p a l e s t 
m o r r i s 
_ _ _ _ _ _ _ _ 
_ _ _ _ 

0
Before
++++++
++++++
++++++
+++i++
n+mcrt
liiouo

h e c t i c 
g i r d e d 
p a l e s t 
e r r o r s 
_ _ _ _ _ _ _ _ 
_ _ _ _ 

After
++++++
++++++
++++++
+++i++
n+mcrt
liiouo

h e c t i c 
g i r d e d 
p a l e s t 
e r r o r s 
_ _ _ _ _ _ _ _ 
_ _ _ _ 

0
Before
+++++t
n++++o
r++d+p
eroila
lrmcue
siiost

h e c t i c 
g i r d e r 
_ _ _ _ _ _ 
_ _ _ _ _ _ 
_ _ _ _ _ _ _ _ 
_ _ _ _ 

After
+++++t
n++++o
r++d+p
eroila
lrmcue
siiost

h e c t i c 
g i r d e r 
_ _ _ _ _ _ 
_ _ _ _ _ _ 
_ _ _ _ _ _ _ _ 
_ _ _ _ 

15
Before
++++++
n+++++
r++d++
eroil+
lrmcu+
siios+

h e c t i c 
g i r d e r 
t e a p o t 
_ _ _ _ _ _ 
_ _ _ _ _ _ _ _ 
_ _ _ _ 

After
++++++
n+++++
r++d++
eroil+
lrmcu+
siios+

h e c t i c 
g i r d e r 
t e a p o t 
_ _ _ _ _ _ 
_ _ _ _ _ _ _ _ 
_ _ _ _ 

7
Before
++++++
++++++
++++++
n++d++
lrmil+
siiou+

h e c t i c 
g i r d e r 
t e a p o t 
s c o r e r 
_ _ _ _ _ _ _ _ 
_ _ _ _ 

After
++++++
++++++
++++++
n++d++
lrmil+
siiou+

h e c t i c 
g i r d e r 
t e a p o t 
s c o r e r 
_ _ _ _ _ _ _ _ 
_ _ _ _ 

0
Before
++++++
++++++
n+++++
r++d++
l+mil+
siiou+

h e c t i c 
g i r d e r 
t e a p o t 
s c o r e r 
_ _ _ _ _ _ _ _ 
_ _ _ _ 

After
++++++
++++++
n+++++
r++d++
l+mil+
siiou+

h e c t i c 
g i r d e r 
t e a p o t 
s c o r e r 
_ _ _ _ _ _ _ _ 
_ _ _ _ 

0
Before
++++++
++++++
++++++
n++d++
lrmil+
siiou+

h e c t i c 
g i r d e r 
t e a p o t 
s c o r e r 
_ _ _ _ _ _ _ _ 
_ _ _ _ 

After
++++++
++++++
++++++
n++d++
lrmil+
siiou+

h e c t i c 
g i r d e r 
t e a p o t 
s c o r e r 
_ _ _ _ _ _ _ _ 
_ _ _ _ 

0
Before
++++++
++++++
n+++++
r++d++
l+mil+
siiou+

h e c t i c 
g i r d e r 
t e a p o t 
s c o r e r 
_ _ _ _ _ _ _ _ 
_ _ _ _ 

After
++++++
++++++
n+++++
r++d++
l+mil+
siiou+

h e c t i c 
g i r d e r 
t e a p o t 
s c o r e r 
_ _ _ _ _ _ _ _ 
_ _ _ _ 

0
Before
++++++
++++++
++++++
n++dl+
r+miu+
liios+

h e c t i c 
g i r d e r 
t e a p o t 
c o r e r s 
_ _ _ _ _ _ _ _ 
_ _ _ _ 

After
++++++
++++++
++++++
n++dl+
r+miu+
liios+

h e c t i c 
g i r d e r 
t e a p o t 
c o r e r s 
_ _ _ _ _ _ _ _ 
_ _ _ _ 

0
Before
++++++
++++++
n++d++
r++il+
e++cu+
l+ios+

h e c t i c 
g i r d e r 
t e a p o t 
m o r r i s 
_ _ _ _ _ _ _ _ 
_ _ _ _ 

After
++++++
++++++
n++d++
r++il+
e++cu+
l+ios+

h e c t i c 
g i r d e r 
t e a p o t 
m o r r i s 
_ _ _ _ _ _ _ _ 
_ _ _ _ 

0
Before
++++++
++++++
+++d++
+++il+
n+mcu+
liios+

h e c t i c 
g i r d e r 
t e a p o t 
e r r o r s 
_ _ _ _ _ _ _ _ 
_ _ _ _ 

After
++++++
++++++
+++d++
+++il+
n+mcu+
liios+

h e c t i c 
g i r d e r 
t e a p o t 
e r r o r s 
_ _ _ _ _ _ _ _ 
_ _ _ _ 

0
Before
++++++
n++++t
r++++o
er+i+p
lr+c+a
siiout

h e c t i c 
g i r d e r 
s e l d o m 
_ _ _ _ _ _ 
_ _ _ _ _ _ _ _ 
_ _ _ _ 

After
++++++
n++++t
r++++o
er+i+p
lr+c+a
siiout

h e c t i c 
g i r d e r 
s e l d o m 
_ _ _ _ _ _ 
_ _ _ _ _ _ _ _ 
_ _ _ _ 

0
Before
+++++t
+++++o
+++++p
n++d+a
lrmile
siiout

h e c t i c 
g i r d e r 
s c o r e r 
_ _ _ _ _ _ 
_ _ _ _ _ _ _ _ 
_ _ _ _ 

After
+++++t
+++++o
+++++p
n++d+a
lrmile
siiout

h e c t i c 
g i r d e r 
s c o r e r 
_ _ _ _ _ _ 
_ _ _ _ _ _ _ _ 
_ _ _ _ 

3
Before
++++++
++++++
++++++
n++d++
lrmil+
siiou+

h e c t i c 
g i r d e r 
s c o r e r 
t e a p o t 
_ _ _ _ _ _ _ _ 
_ _ _ _ 

After
++++++
++++++
++++++
n++d++
lrmil+
siiou+

h e c t i c 
g i r d e r 
s c o r e r 
t e a p o t 
_ _ _ _ _ _ _ _ 
_ _ _ _ 

0
Before
++++++
+++++t
+++++o
+++++p
n++d+a
lriout

h e c t i c 
g i r d e r 
s c o r e r 
s i m i l e 
_ _ _ _ _ _ _ _ 
_ _ _ _ 

After
++++++
+++++t
+++++o
+++++p
n++d+a
lriout

h e c t i c 
g i r d e r 
s c o r e r 
s i m i l e 
_ _ _ _ _ _ _ _ 
_ _ _ _ 

0
Before
++++++
++++++
+++++t
n++++o
lrm++p
siio+a

h e c t i c 
g i r d e r 
s c o r e r 
d i l u t e 
_ _ _ _ _ _ _ _ 
_ _ _ _ 

After
++++++
++++++
+++++t
n++++o
lrm++p
siio+a

h e c t i c 
g i r d e r 
s c o r e r 
d i l u t e 
_ _ _ _ _ _ _ _ 
_ _ _ _ 

0
Before
+++++t
+++++o
n++++p
r++d+a
l+mile
siiout

h e c t i c 
g i r d e r 
s c o r e r 
_ _ _ _ _ _ 
_ _ _ _ _ _ _ _ 
_ _ _ _ 

After
+++++t
+++++o
n++++p
r++d+a
l+mile
siiout

h e c t i c 
g i r d e r 
s c o r e r 
_ _ _ _ _ _ 
_ _ _ _ _ _ _ _ 
_ _ _ _ 

3
Before
++++++
++++++
n+++++
r++d++
l+mil+
siiou+

h e c t i c 
g i r d e r 
s c o r e r 
t e a p o t 
_ _ _ _ _ _ _ _ 
_ _ _ _ 

After
++++++
++++++
n+++++
r++d++
l+mil+
siiou+

h e c t i c 
g i r d e r 
s c o r e r 
t e a p o t 
_ _ _ _ _ _ _ _ 
_ _ _ _ 

0
Before
++++++
+++++t
+++++o
n++++p
r++d+a
l+iout

h e c t i c 
g i r d e r 
s c o r e r 
s i m i l e 
_ _ _ _ _ _ _ _ 
_ _ _ _ 

After
++++++
+++++t
+++++o
n++++p
r++d+a
l+iout

h e c t i c 
g i r d e r 
s c o r e r 
s i m i l e 
_ _ _ _ _ _ _ _ 
_ _ _ _ 

0
Before
++++++
++++++
n++++t
r++++o
l+m++p
siio+a

h e c t i c 
g i r d e r 
s c o r e r 
d i l u t e 
_ _ _ _ _ _ _ _ 
_ _ _ _ 

After
++++++
++++++
n++++t
r++++o
l+m++p
siio+a

h e c t i c 
g i r d e r 
s c o r e r 
d i l u t e 
_ _ _ _ _ _ _ _ 
_ _ _ _ 

0
Before
+++++t
+++++o
+++++p
n++d+a
lrmile
siiout

h e c t i c 
g i r d e r 
s c o r e r 
_ _ _ _ _ _ 
_ _ _ _ _ _ _ _ 
_ _ _ _ 

After
+++++t
+++++o
+++++p
n++d+a
lrmile
siiout

h e c t i c 
g i r d e r 
s c o r e r 
_ _ _ _ _ _ 
_ _ _ _ _ _ _ _ 
_ _ _ _ 

3
Before
++++++
++++++
++++++
n++d++
lrmil+
siiou+

h e c t i c 
g i r d e r 
s c o r e r 
t e a p o t 
_ _ _ _ _ _ _ _ 
_ _ _ _ 

After
++++++
++++++
++++++
n++d++
lrmil+
siiou+

h e c t i c 
g i r d e r 
s c o r e r 
t e a p o t 
_ _ _ _ _ _ _ _ 
_ _ _ _ 

0
Before
++++++
+++++t
+++++o
+++++p
n++d+a
lriout

h e c t i c 
g i r d e r 
s c o r e r 
s i m i l e 
_ _ _ _ _ _ _ _ 
_ _ _ _ 

After
++++++
+++++t
+++++o
+++++p
n++d+a
lriout

h e c t i c 
g i r d e r 
s c o r e r 
s i m i l e 
_ _ _ _ _ _ _ _ 
_ _ _ _ 

0
Before
++++++
++++++
+++++t
n++++o
lrm++p
siio+a

h e c t i c 
g i r d e r 
s c o r e r 
d i l u t e 
_ _ _ _ _ _ _ _ 
_ _ _ _ 

After
++++++
++++++
+++++t
n++++o
lrm++p
siio+a

h e c t i c 
g i r d e r 
s c o r e r 
d i l u t e 
_ _ _ _ _ _ _ _ 
_ _ _ _ 

0
Before
+++++t
+++++o
n++++p
r++d+a
l+mile
siiout

h e c t i c 
g i r d e r 
s c o r e r 
_ _ _ _ _ _ 
_ _ _ _ _ _ _ _ 
_ _ _ _ 

After
+++++t
+++++o
n++++p
r++d+a
l+mile
siiout

h e c t i c 
g i r d e r 
s c o r e r 
_ _ _ _ _ _ 
_ _ _ _ _ _ _ _ 
_ _ _ _ 

3
Before
++++++
++++++
n+++++
r++d++
l+mil+
siiou+

h e c t i c 
g i r d e r 
s c o r e r 
t e a p o t 
_ _ _ _ _ _ _ _ 
_ _ _ _ 

After
++++++
++++++
n+++++
r++d++
l+mil+
siiou+

h e c t i c 
g i r d e r 
s c o r e r 
t e a p o t 
_ _ _ _ _ _ _ _ 
_ _ _ _ 

0
Before
++++++
+++++t
+++++o
n++++p
r++d+a
l+iout

h e c t i c 
g i r d e r 
s c o r e r 
s i m i l e 
_ _ _ _ _ _ _ _ 
_ _ _ _ 

After
++++++
+++++t
+++++o
n++++p
r++d+a
l+iout

h e c t i c 
g i r d e r 
s c o r e r 
s i m i l e 
_ _ _ _ _ _ _ _ 
_ _ _ _ 

0
Before
++++++
++++++
n++++t
r++++o
l+m++p
siio+a

h e c t i c 
g i r d e r 
s c o r e r 
d i l u t e 
_ _ _ _ _ _ _ _ 
_ _ _ _ 

After
++++++
++++++
n++++t
r++++o
l+m++p
siio+a

h e c t i c 
g i r d e r 
s c o r e r 
d i l u t e 
_ _ _ _ _ _ _ _ 
_ _ _ _ 

0
Before
++++++
+++++t
n++++o
r++d+p
erocua
lriost

h e c t i c 
g i r d e r 
s i m i l e 
_ _ _ _ _ _ 
_ _ _ _ _ _ _ _ 
_ _ _ _ 

After
++++++
+++++t
n++++o
r++d+p
erocua
lriost

h e c t i c 
g i r d e r 
s i m i l e 
_ _ _ _ _ _ 
_ _ _ _ _ _ _ _ 
_ _ _ _ 

4
Before
++++++
+++++t
+++++o
+++++p
n++d+a
lriout

h e c t i c 
g i r d e r 
s i m i l e 
s c o r e r 
_ _ _ _ _ _ _ _ 
_ _ _ _ 

After
++++++
+++++t
+++++o
+++++p
n++d+a
lriout

h e c t i c 
g i r d e r 
s i m i l e 
s c o r e r 
_ _ _ _ _ _ _ _ 
_ _ _ _ 

0
Before
++++++
+++++t
+++++o
n++++p
r++d+a
l+iout

h e c t i c 
g i r d e r 
s i m i l e 
s c o r e r 
_ _ _ _ _ _ _ _ 
_ _ _ _ 

After
++++++
+++++t
+++++o
n++++p
r++d+a
l+iout

h e c t i c 
g i r d e r 
s i m i l e 
s c o r e r 
_ _ _ _ _ _ _ _ 
_ _ _ _ 

0
Before
++++++
+++++t
+++++o
+++++p
n++d+a
lriout

h e c t i c 
g i r d e r 
s i m i l e 
s c o r e r 
_ _ _ _ _ _ _ _ 
_ _ _ _ 

After
++++++
+++++t
+++++o
+++++p
n++d+a
lriout

h e c t i c 
g i r d e r 
s i m i l e 
s c o r e r 
_ _ _ _ _ _ _ _ 
_ _ _ _ 

0
Before
++++++
+++++t
+++++o
n++++p
r++d+a
l+iout

h e c t i c 
g i r d e r 
s i m i l e 
s c o r e r 
_ _ _ _ _ _ _ _ 
_ _ _ _ 

After
++++++
+++++t
+++++o
n++++p
r++d+a
l+iout

h e c t i c 
g i r d e r 
s i m i l e 
s c o r e r 
_ _ _ _ _ _ _ _ 
_ _ _ _ 

0
Before
++++++
n++++t
r++++o
ero++p
lrm++a
siiost

h e c t i c 
g i r d e r 
e u c l i d 
_ _ _ _ _ _ 
_ _ _ _ _ _ _ _ 
_ _ _ _ 

After
++++++
n++++t
r++++o
ero++p
lrm++a
siiost

h e c t i c 
g i r d e r 
e u c l i d 
_ _ _ _ _ _ 
_ _ _ _ _ _ _ _ 
_ _ _ _ 

2
Before
++++++
+++++t
n++++o
r++++p
e++++a
l+iost

h e c t i c 
g i r d e r 
e u c l i d 
m o r r i s 
_ _ _ _ _ _ _ _ 
_ _ _ _ 

After
++++++
+++++t
n++++o
r++++p
e++++a
l+iost

h e c t i c 
g i r d e r 
e u c l i d 
m o r r i s 
_ _ _ _ _ _ _ _ 
_ _ _ _ 

0
Before
++++++
+++++t
+++++o
+++++p
n+m++a
liiost

h e c t i c 
g i r d e r 
e u c l i d 
e r r o r s 
_ _ _ _ _ _ _ _ 
_ _ _ _ 

After
++++++
+++++t
+++++o
+++++p
n+m++a
liiost

h e c t i c 
g i r d e r 
e u c l i d 
e r r o r s 
_ _ _ _ _ _ _ _ 
_ _ _ _ 

0
Before
++++++
n+++++
r++++t
erod+o
lrmi+p
siio+t

h e c t i c 
g i r d e r 
c l a u s e 
_ _ _ _ _ _ 
_ _ _ _ _ _ _ _ 
_ _ _ _ 

After
++++++
n+++++
r++++t
erod+o
lrmi+p
siio+t

h e c t i c 
g i r d e r 
c l a u s e 
_ _ _ _ _ _ 
_ _ _ _ _ _ _ _ 
_ _ _ _ 

2
Before
++++++
++++++
n++++t
r++d+o
e++i+p
l+io+t

h e c t i c 
g i r d e r 
c l a u s e 
m o r r i s 
_ _ _ _ _ _ _ _ 
_ _ _ _ 

After
++++++
++++++
n++++t
r++d+o
e++i+p
l+io+t

h e c t i c 
g i r d e r 
c l a u s e 
m o r r i s 
_ _ _ _ _ _ _ _ 
_ _ _ _ 

0
Before
++++++
++++++
+++++t
+++d+o
n+mi+p
liio+t

h e c t i c 
g i r d e r 
c l a u s e 
e r r o r s 
_ _ _ _ _ _ _ _ 
_ _ _ _ 

After
++++++
++++++
+++++t
+++d+o
n+mi+p
liio+t

h e c t i c 
g i r d e r 
c l a u s e 
e r r o r s 
_ _ _ _ _ _ _ _ 
_ _ _ _ 

0
Before
+++++t
+++++o
+++++p
n++dla
r+miue
liiost

h e c t i c 
g i r d e r 
c o r e r s 
_ _ _ _ _ _ 
_ _ _ _ _ _ _ _ 
_ _ _ _ 

After
+++++t
+++++o
+++++p
n++dla
r+miue
liiost

h e c t i c 
g i r d e r 
c o r e r s 
_ _ _ _ _ _ 
_ _ _ _ _ _ _ _ 
_ _ _ _ 

4
Before
++++++
++++++
++++++
n++dl+
r+miu+
liios+

h e c t i c 
g i r d e r 
c o r e r s 
t e a p o t 
_ _ _ _ _ _ _ _ 
_ _ _ _ 

After
++++++
++++++
++++++
n++dl+
r+miu+
liios+

h e c t i c 
g i r d e r 
c o r e r s 
t e a p o t 
_ _ _ _ _ _ _ _ 
_ _ _ _ 

0
Before
++++++
+++++t
+++++o
n++++p
r+m++a
lii+le

h e c t i c 
g i r d e r 
c o r e r s 
s t u d i o 
_ _ _ _ _ _ _ _ 
_ _ _ _ 

After
++++++
+++++t
+++++o
n++++p
r+m++a
lii+le

h e c t i c 
g i r d e r 
c o r e r s 
s t u d i o 
_ _ _ _ _ _ _ _ 
_ _ _ _ 

0
Before
++++++
++++++
+++++t
n++++o
r+m++p
liiosa

h e c t i c 
g i r d e r 
c o r e r s 
d i l u t e 
_ _ _ _ _ _ _ _ 
_ _ _ _ 

After
++++++
++++++
+++++t
n++++o
r+m++p
liiosa

h e c t i c 
g i r d e r 
c o r e r s 
d i l u t e 
_ _ _ _ _ _ _ _ 
_ _ _ _ 

0
Before
++++++
++++++
++++++
n++d++
r+mi+t
liiouo

h e c t i c 
g i r d e r 
c o r e r s 
p a l e s t 
_ _ _ _ _ _ _ _ 
_ _ _ _ 

After
++++++
++++++
++++++
n++d++
r+mi+t
liiouo

h e c t i c 
g i r d e r 
c o r e r s 
p a l e s t 
_ _ _ _ _ _ _ _ 
_ _ _ _ 

0
Before
+++++t
+++++o
n++d+p
r++ila
e++cue
l+iost

h e c t i c 
g i r d e r 
m o r r i s 
_ _ _ _ _ _ 
_ _ _ _ _ _ _ _ 
_ _ _ _ 

After
+++++t
+++++o
n++d+p
r++ila
e++cue
l+iost

h e c t i c 
g i r d e r 
m o r r i s 
_ _ _ _ _ _ 
_ _ _ _ _ _ _ _ 
_ _ _ _ 

5
Before
++++++
++++++
n++d++
r++il+
e++cu+
l+ios+

h e c t i c 
g i r d e r 
m o r r i s 
t e a p o t 
_ _ _ _ _ _ _ _ 
_ _ _ _ 

After
++++++
++++++
n++d++
r++il+
e++cu+
l+ios+

h e c t i c 
g i r d e r 
m o r r i s 
t e a p o t 
_ _ _ _ _ _ _ _ 
_ _ _ _ 

0
Before
++++++
+++++t
n++++o
r++++p
e++++a
l+iost

h e c t i c 
g i r d e r 
m o r r i s 
e u c l i d 
_ _ _ _ _ _ _ _ 
_ _ _ _ 

After
++++++
+++++t
n++++o
r++++p
e++++a
l+iost

h e c t i c 
g i r d e r 
m o r r i s 
e u c l i d 
_ _ _ _ _ _ _ _ 
_ _ _ _ 

0
Before
++++++
++++++
n++++t
r++d+o
e++i+p
l+io+t

h e c t i c 
g i r d e r 
m o r r i s 
c l a u s e 
_ _ _ _ _ _ _ _ 
_ _ _ _ 

After
++++++
++++++
n++++t
r++d+o
e++i+p
l+io+t

h e c t i c 
g i r d e r 
m o r r i s 
c l a u s e 
_ _ _ _ _ _ _ _ 
_ _ _ _ 

0
Before
++++++
++++++
n++d++
r++i++
e++c+t
l+iouo

h e c t i c 
g i r d e r 
m o r r i s 
p a l e s t 
_ _ _ _ _ _ _ _ 
_ _ _ _ 

After
++++++
++++++
n++d++
r++i++
e++c+t
l+iouo

h e c t i c 
g i r d e r 
m o r r i s 
p a l e s t 
_ _ _ _ _ _ _ _ 
_ _ _ _ 

0
Before
++++++
++++++
n++++t
r++++o
e++c+p
l+iosa

h e c t i c 
g i r d e r 
m o r r i s 
d i l u t e 
_ _ _ _ _ _ _ _ 
_ _ _ _ 

After
++++++
++++++
n++++t
r++++o
e++c+p
l+iosa

h e c t i c 
g i r d e r 
m o r r i s 
d i l u t e 
_ _ _ _ _ _ _ _ 
_ _ _ _ 

0
Before
+++++t
+++++o
+++d+p
+++ila
n+mcue
liiost

h e c t i c 
g i r d e r 
e r r o r s 
_ _ _ _ _ _ 
_ _ _ _ _ _ _ _ 
_ _ _ _ 

After
+++++t
+++++o
+++d+p
+++ila
n+mcue
liiost

h e c t i c 
g i r d e r 
e r r o r s 
_ _ _ _ _ _ 
_ _ _ _ _ _ _ _ 
_ _ _ _ 

5
Before
++++++
++++++
+++d++
+++il+
n+mcu+
liios+

h e c t i c 
g i r d e r 
e r r o r s 
t e a p o t 
_ _ _ _ _ _ _ _ 
_ _ _ _ 

After
++++++
++++++
+++d++
+++il+
n+mcu+
liios+

h e c t i c 
g i r d e r 
e r r o r s 
t e a p o t 
_ _ _ _ _ _ _ _ 
_ _ _ _ 

0
Before
++++++
+++++t
+++++o
+++++p
n+m++a
liiost

h e c t i c 
g i r d e r 
e r r o r s 
e u c l i d 
_ _ _ _ _ _ _ _ 
_ _ _ _ 

After
++++++
+++++t
+++++o
+++++p
n+m++a
liiost

h e c t i c 
g i r d e r 
e r r o r s 
e u c l i d 
_ _ _ _ _ _ _ _ 
_ _ _ _ 

0
Before
++++++
++++++
+++++t
+++d+o
n+mi+p
liio+t

h e c t i c 
g i r d e r 
e r r o r s 
c l a u s e 
_ _ _ _ _ _ _ _ 
_ _ _ _ 

After
++++++
++++++
+++++t
+++d+o
n+mi+p
liio+t

h e c t i c 
g i r d e r 
e r r o r s 
c l a u s e 
_ _ _ _ _ _ _ _ 
_ _ _ _ 

0
Before
++++++
++++++
+++d++
+++i++
n+mc+t
liiouo

h e c t i c 
g i r d e r 
e r r o r s 
p a l e s t 
_ _ _ _ _ _ _ _ 
_ _ _ _ 

After
++++++
++++++
+++d++
+++i++
n+mc+t
liiouo

h e c t i c 
g i r d e r 
e r r o r s 
p a l e s t 
_ _ _ _ _ _ _ _ 
_ _ _ _ 

0
Before
++++++
++++++
+++++t
+++++o
n+mc+p
liiosa

h e c t i c 
g i r d e r 
e r r o r s 
d i l u t e 
_ _ _ _ _ _ _ _ 
_ _ _ _ 

After
++++++
++++++
+++++t
+++++o
n+mc+p
liiosa

h e c t i c 
g i r d e r 
e r r o r s 
d i l u t e 
_ _ _ _ _ _ _ _ 
_ _ _ _ 

0
Before
++++++
n+++++
r++d++
eroi++
lrmc+t
siiouo

h e c t i c 
g i r d e r 
p a l e s t 
_ _ _ _ _ _ 
_ _ _ _ _ _ _ _ 
_ _ _ _ 

After
++++++
n+++++
r++d++
eroi++
lrmc+t
siiouo

h e c t i c 
g i r d e r 
p a l e s t 
_ _ _ _ _ _ 
_ _ _ _ _ _ _ _ 
_ _ _ _ 

3
Before
++++++
++++++
++++++
n++d++
r+mi+t
liiouo

h e c t i c 
g i r d e r 
p a l e s t 
c o r e r s 
_ _ _ _ _ _ _ _ 
_ _ _ _ 

After
++++++
++++++
++++++
n++d++
r+mi+t
liiouo

h e c t i c 
g i r d e r 
p a l e s t 
c o r e r s 
_ _ _ _ _ _ _ _ 
_ _ _ _ 

0
Before
++++++
++++++
n++d++
r++i++
e++c+t
l+iouo

h e c t i c 
g i r d e r 
p a l e s t 
m o r r i s 
_ _ _ _ _ _ _ _ 
_ _ _ _ 

After
++++++
++++++
n++d++
r++i++
e++c+t
l+iouo

h e c t i c 
g i r d e r 
p a l e s t 
m o r r i s 
_ _ _ _ _ _ _ _ 
_ _ _ _ 

0
Before
++++++
++++++
+++d++
+++i++
n+mc+t
liiouo

h e c t i c 
g i r d e r 
p a l e s t 
e r r o r s 
_ _ _ _ _ _ _ _ 
_ _ _ _ 

After
++++++
++++++
+++d++
+++i++
n+mc+t
liiouo

h e c t i c 
g i r d e r 
p a l e s t 
e r r o r s 
_ _ _ _ _ _ _ _ 
_ _ _ _ 

0
Before
++++++
n++++t
r++++o
er+++p
lrm+ua
siiost

h e c t i c 
g i r d e r 
d o c i l e 
_ _ _ _ _ _ 
_ _ _ _ _ _ _ _ 
_ _ _ _ 

After
++++++
n++++t
r++++o
er+++p
lrm+ua
siiost

h e c t i c 
g i r d e r 
d o c i l e 
_ _ _ _ _ _ 
_ _ _ _ _ _ _ _ 
_ _ _ _ 

0
Before
++++++
n+++++
r++++t
ero++o
lrmc+p
siiosa

h e c t i c 
g i r d e r 
d i l u t e 
_ _ _ _ _ _ 
_ _ _ _ _ _ _ _ 
_ _ _ _ 

After
++++++
n+++++
r++++t
ero++o
lrmc+p
siiosa

h e c t i c 
g i r d e r 
d i l u t e 
_ _ _ _ _ _ 
_ _ _ _ _ _ _ _ 
_ _ _ _ 

7
Before
++++++
++++++
+++++t
n++++o
lrm++p
siio+a

h e c t i c 
g i r d e r 
d i l u t e 
s c o r e r 
_ _ _ _ _ _ _ _ 
_ _ _ _ 

After
++++++
++++++
+++++t
n++++o
lrm++p
siio+a

h e c t i c 
g i r d e r 
d i l u t e 
s c o r e r 
_ _ _ _ _ _ _ _ 
_ _ _ _ 

0
Before
++++++
++++++
n++++t
r++++o
l+m++p
siio+a

h e c t i c 
g i r d e r 
d i l u t e 
s c o r e r 
_ _ _ _ _ _ _ _ 
_ _ _ _ 

After
++++++
++++++
n++++t
r++++o
l+m++p
siio+a

h e c t i c 
g i r d e r 
d i l u t e 
s c o r e r 
_ _ _ _ _ _ _ _ 
_ _ _ _ 

0
Before
++++++
++++++
+++++t
n++++o
lrm++p
siio+a

h e c t i c 
g i r d e r 
d i l u t e 
s c o r e r 
_ _ _ _ _ _ _ _ 
_ _ _ _ 

After
++++++
++++++
+++++t
n++++o
lrm++p
siio+a

h e c t i c 
g i r d e r 
d i l u t e 
s c o r e r 
_ _ _ _ _ _ _ _ 
_ _ _ _ 

0
Before
++++++
++++++
n++++t
r++++o
l+m++p
siio+a

h e c t i c 
g i r d e r 
d i l u t e 
s c o r e r 
_ _ _ _ _ _ _ _ 
_ _ _ _ 

After
++++++
++++++
n++++t
r++++o
l+m++p
siio+a

h e c t i c 
g i r d e r 
d i l u t e 
s c o r e r 
_ _ _ _ _ _ _ _ 
_ _ _ _ 

0
Before
++++++
++++++
+++++t
n++++o
r+m++p
liiosa

h e c t i c 
g i r d e r 
d i l u t e 
c o r e r s 
_ _ _ _ _ _ _ _ 
_ _ _ _ 

After
++++++
++++++
+++++t
n++++o
r+m++p
liiosa

h e c t i c 
g i r d e r 
d i l u t e 
c o r e r s 
_ _ _ _ _ _ _ _ 
_ _ _ _ 

0
Before
++++++
++++++
n++++t
r++++o
e++c+p
l+iosa

h e c t i c 
g i r d e r 
d i l u t e 
m o r r i s 
_ _ _ _ _ _ _ _ 
_ _ _ _ 

After
++++++
++++++
n++++t
r++++o
e++c+p
l+iosa

h e c t i c 
g i r d e r 
d i l u t e 
m o r r i s 
_ _ _ _ _ _ _ _ 
_ _ _ _ 

0
Before
++++++
++++++
+++++t
+++++o
n+mc+p
liiosa

h e c t i c 
g i r d e r 
d i l u t e 
e r r o r s 
_ _ _ _ _ _ _ _ 
_ _ _ _ 

After
++++++
++++++
+++++t
+++++o
n+mc+p
liiosa

h e c t i c 
g i r d e r 
d i l u t e 
e r r o r s 
_ _ _ _ _ _ _ _ 
_ _ _ _ 

0
Before
+++++t
n++++o
r+++rp
eroila
lrmcue
siiost

h e c t i c 
g i r d e d 
_ _ _ _ _ _ 
_ _ _ _ _ _ 
_ _ _ _ _ _ _ _ 
_ _ _ _ 

After
+++++t
n++++o
r+++rp
eroila
lrmcue
siiost

h e c t i c 
g i r d e d 
_ _ _ _ _ _ 
_ _ _ _ _ _ 
_ _ _ _ _ _ _ _ 
_ _ _ _ 

13
Before
++++++
n+++++
r+++r+
eroil+
lrmcu+
siios+

h e c t i c 
g i r d e d 
t e a p o t 
_ _ _ _ _ _ 
_ _ _ _ _ _ _ _ 
_ _ _ _ 

After
++++++
n+++++
r+++r+
eroil+
lrmcu+
siios+

h e c t i c 
g i r d e d 
t e a p o t 
_ _ _ _ _ _ 
_ _ _ _ _ _ _ _ 
_ _ _ _ 

7
Before
++++++
++++++
++++++
n+++r+
lrmil+
siiou+

h e c t i c 
g i r d e d 
t e a p o t 
s c o r e r 
_ _ _ _ _ _ _ _ 
_ _ _ _ 

After
++++++
++++++
++++++
n+++r+
lrmil+
siiou+

h e c t i c 
g i r d e d 
t e a p o t 
s c o r e r 
_ _ _ _ _ _ _ _ 
_ _ _ _ 

0
Before
++++++
++++++
n+++++
r+++r+
l+mil+
siiou+

h e c t i c 
g i r d e d 
t e a p o t 
s c o r e r 
_ _ _ _ _ _ _ _ 
_ _ _ _ 

After
++++++
++++++
n+++++
r+++r+
l+mil+
siiou+

h e c t i c 
g i r d e d 
t e a p o t 
s c o r e r 
_ _ _ _ _ _ _ _ 
_ _ _ _ 

0
Before
++++++
++++++
++++++
n+++r+
lrmil+
siiou+

h e c t i c 
g i r d e d 
t e a p o t 
s c o r e r 
_ _ _ _ _ _ _ _ 
_ _ _ _ 

After
++++++
++++++
++++++
n+++r+
lrmil+
siiou+

h e c t i c 
g i r d e d 
t e a p o t 
s c o r e r 
_ _ _ _ _ _ _ _ 
_ _ _ _ 

0
Before
++++++
++++++
n+++++
r+++r+
l+mil+
siiou+

h e c t i c 
g i r d e d 
t e a p o t 
s c o r e r 
_ _ _ _ _ _ _ _ 
_ _ _ _ 

After
++++++
++++++
n+++++
r+++r+
l+mil+
siiou+

h e c t i c 
g i r d e d 
t e a p o t 
s c o r e r 
_ _ _ _ _ _ _ _ 
_ _ _ _ 

0
Before
++++++
++++++
++++r+
n+++l+
r+miu+
liios+

h e c t i c 
g i r d e d 
t e a p o t 
c o r e r s 
_ _ _ _ _ _ _ _ 
_ _ _ _ 

After
++++++
++++++
++++r+
n+++l+
r+miu+
liios+

h e c t i c 
g i r d e d 
t e a p o t 
c o r e r s 
_ _ _ _ _ _ _ _ 
_ _ _ _ 

0
Before
++++++
++++++
n+++r+
r++il+
e++cu+
l+ios+

h e c t i c 
g i r d e d 
t e a p o t 
m o r r i s 
_ _ _ _ _ _ _ _ 
_ _ _ _ 

After
++++++
++++++
n+++r+
r++il+
e++cu+
l+ios+

h e c t i c 
g i r d e d 
t e a p o t 
m o r r i s 
_ _ _ _ _ _ _ _ 
_ _ _ _ 

0
Before
++++++
++++++
++++r+
+++il+
n+mcu+
liios+

h e c t i c 
g i r d e d 
t e a p o t 
e r r o r s 
_ _ _ _ _ _ _ _ 
_ _ _ _ 

After
++++++
++++++
++++r+
+++il+
n+mcu+
liios+

h e c t i c 
g i r d e d 
t e a p o t 
e r r o r s 
_ _ _ _ _ _ _ _ 
_ _ _ _ 

0
Before
+++++t
+++++o
+++++p
n+++ra
lrmile
siiout

h e c t i c 
g i r d e d 
s c o r e r 
_ _ _ _ _ _ 
_ _ _ _ _ _ _ _ 
_ _ _ _ 

After
+++++t
+++++o
+++++p
n+++ra
lrmile
siiout

h e c t i c 
g i r d e d 
s c o r e r 
_ _ _ _ _ _ 
_ _ _ _ _ _ _ _ 
_ _ _ _ 

2
Before
++++++
++++++
++++++
n+++r+
lrmil+
siiou+

h e c t i c 
g i r d e d 
s c o r e r 
t e a p o t 
_ _ _ _ _ _ _ _ 
_ _ _ _ 

After
++++++
++++++
++++++
n+++r+
lrmil+
siiou+

h e c t i c 
g i r d e d 
s c o r e r 
t e a p o t 
_ _ _ _ _ _ _ _ 
_ _ _ _ 

0
Before
++++++
+++++t
+++++o
+++++p
n+++ra
lriout

h e c t i c 
g i r d e d 
s c o r e r 
s i m i l e 
_ _ _ _ _ _ _ _ 
_ _ _ _ 

After
++++++
+++++t
+++++o
+++++p
n+++ra
lriout

h e c t i c 
g i r d e d 
s c o r e r 
s i m i l e 
_ _ _ _ _ _ _ _ 
_ _ _ _ 

0
Before
+++++t
+++++o
n++++p
r+++ra
l+mile
siiout

h e c t i c 
g i r d e d 
s c o r e r 
_ _ _ _ _ _ 
_ _ _ _ _ _ _ _ 
_ _ _ _ 

After
+++++t
+++++o
n++++p
r+++ra
l+mile
siiout

h e c t i c 
g i r d e d 
s c o r e r 
_ _ _ _ _ _ 
_ _ _ _ _ _ _ _ 
_ _ _ _ 

2
Before
++++++
++++++
n+++++
r+++r+
l+mil+
siiou+

h e c t i c 
g i r d e d 
s c o r e r 
t e a p o t 
_ _ _ _ _ _ _ _ 
_ _ _ _ 

After
++++++
++++++
n+++++
r+++r+
l+mil+
siiou+

h e c t i c 
g i r d e d 
s c o r e r 
t e a p o t 
_ _ _ _ _ _ _ _ 
_ _ _ _ 

0
Before
++++++
+++++t
+++++o
n++++p
r+++ra
l+iout

h e c t i c 
g i r d e d 
s c o r e r 
s i m i l e 
_ _ _ _ _ _ _ _ 
_ _ _ _ 

After
++++++
+++++t
+++++o
n++++p
r+++ra
l+iout

h e c t i c 
g i r d e d 
s c o r e r 
s i m i l e 
_ _ _ _ _ _ _ _ 
_ _ _ _ 

0
Before
+++++t
+++++o
+++++p
n+++ra
lrmile
siiout

h e c t i c 
g i r d e d 
s c o r e r 
_ _ _ _ _ _ 
_ _ _ _ _ _ _ _ 
_ _ _ _ 

After
+++++t
+++++o
+++++p
n+++ra
lrmile
siiout

h e c t i c 
g i r d e d 
s c o r e r 
_ _ _ _ _ _ 
_ _ _ _ _ _ _ _ 
_ _ _ _ 

2
Before
++++++
++++++
++++++
n+++r+
lrmil+
siiou+

h e c t i c 
g i r d e d 
s c o r e r 
t e a p o t 
_ _ _ _ _ _ _ _ 
_ _ _ _ 

After
++++++
++++++
++++++
n+++r+
lrmil+
siiou+

h e c t i c 
g i r d e d 
s c o r e r 
t e a p o t 
_ _ _ _ _ _ _ _ 
_ _ _ _ 

0
Before
++++++
+++++t
+++++o
+++++p
n+++ra
lriout

h e c t i c 
g i r d e d 
s c o r e r 
s i m i l e 
_ _ _ _ _ _ _ _ 
_ _ _ _ 

After
++++++
+++++t
+++++o
+++++p
n+++ra
lriout

h e c t i c 
g i r d e d 
s c o r e r 
s i m i l e 
_ _ _ _ _ _ _ _ 
_ _ _ _ 

0
Before
+++++t
+++++o
n++++p
r+++ra
l+mile
siiout

h e c t i c 
g i r d e d 
s c o r e r 
_ _ _ _ _ _ 
_ _ _ _ _ _ _ _ 
_ _ _ _ 

After
+++++t
+++++o
n++++p
r+++ra
l+mile
siiout

h e c t i c 
g i r d e d 
s c o r e r 
_ _ _ _ _ _ 
_ _ _ _ _ _ _ _ 
_ _ _ _ 

2
Before
++++++
++++++
n+++++
r+++r+
l+mil+
siiou+

h e c t i c 
g i r d e d 
s c o r e r 
t e a p o t 
_ _ _ _ _ _ _ _ 
_ _ _ _ 

After
++++++
++++++
n+++++
r+++r+
l+mil+
siiou+

h e c t i c 
g i r d e d 
s c o r e r 
t e a p o t 
_ _ _ _ _ _ _ _ 
_ _ _ _ 

0
Before
++++++
+++++t
+++++o
n++++p
r+++ra
l+iout

h e c t i c 
g i r d e d 
s c o r e r 
s i m i l e 
_ _ _ _ _ _ _ _ 
_ _ _ _ 

After
++++++
+++++t
+++++o
n++++p
r+++ra
l+iout

h e c t i c 
g i r d e d 
s c o r e r 
s i m i l e 
_ _ _ _ _ _ _ _ 
_ _ _ _ 

0
Before
++++++
n++++t
r++++o
ero++p
lrm++e
siiist

h e c t i c 
g i r d e d 
o c u l a r 
_ _ _ _ _ _ 
_ _ _ _ _ _ _ _ 
_ _ _ _ 

After
++++++
n++++t
r++++o
ero++p
lrm++e
siiist

h e c t i c 
g i r d e d 
o c u l a r 
_ _ _ _ _ _ 
_ _ _ _ _ _ _ _ 
_ _ _ _ 

3
Before
++++++
+++++t
+++++o
n++++p
rro++e
sri++t

h e c t i c 
g i r d e d 
o c u l a r 
s i m i l e 
_ _ _ _ _ _ _ _ 
_ _ _ _ 

After
++++++
+++++t
+++++o
n++++p
rro++e
sri++t

h e c t i c 
g i r d e d 
o c u l a r 
s i m i l e 
_ _ _ _ _ _ _ _ 
_ _ _ _ 

0
Before
++++++
+++++t
n++++o
r++++p
e++++e
l+iist

h e c t i c 
g i r d e d 
o c u l a r 
m o r r i s 
_ _ _ _ _ _ _ _ 
_ _ _ _ 

After
++++++
+++++t
n++++o
r++++p
e++++e
l+iist

h e c t i c 
g i r d e d 
o c u l a r 
m o r r i s 
_ _ _ _ _ _ _ _ 
_ _ _ _ 

0
Before
++++++
+++++t
+++++o
+++++p
n+m++e
liiist

h e c t i c 
g i r d e d 
o c u l a r 
e r r o r s 
_ _ _ _ _ _ _ _ 
_ _ _ _ 

After
++++++
+++++t
+++++o
+++++p
n+m++e
liiist

h e c t i c 
g i r d e d 
o c u l a r 
e r r o r s 
_ _ _ _ _ _ _ _ 
_ _ _ _ 

0
Before
++++++
+++++t
n++++o
r+++rp
erocua
lriost

h e c t i c 
g i r d e d 
s i m i l e 
_ _ _ _ _ _ 
_ _ _ _ _ _ _ _ 
_ _ _ _ 

After
++++++
+++++t
n++++o
r+++rp
erocua
lriost

h e c t i c 
g i r d e d 
s i m i l e 
_ _ _ _ _ _ 
_ _ _ _ _ _ _ _ 
_ _ _ _ 

6
Before
++++++
+++++t
+++++o
+++++p
n+++ra
lriout

h e c t i c 
g i r d e d 
s i m i l e 
s c o r e r 
_ _ _ _ _ _ _ _ 
_ _ _ _ 

After
++++++
+++++t
+++++o
+++++p
n+++ra
lriout

h e c t i c 
g i r d e d 
s i m i l e 
s c o r e r 
_ _ _ _ _ _ _ _ 
_ _ _ _ 

0
Before
++++++
+++++t
+++++o
n++++p
r+++ra
l+iout

h e c t i c 
g i r d e d 
s i m i l e 
s c o r e r 
_ _ _ _ _ _ _ _ 
_ _ _ _ 

After
++++++
+++++t
+++++o
n++++p
r+++ra
l+iout

h e c t i c 
g i r d e d 
s i m i l e 
s c o r e r 
_ _ _ _ _ _ _ _ 
_ _ _ _ 

0
Before
++++++
+++++t
+++++o
+++++p
n+++ra
lriout

h e c t i c 
g i r d e d 
s i m i l e 
s c o r e r 
_ _ _ _ _ _ _ _ 
_ _ _ _ 

After
++++++
+++++t
+++++o
+++++p
n+++ra
lriout

h e c t i c 
g i r d e d 
s i m i l e 
s c o r e r 
_ _ _ _ _ _ _ _ 
_ _ _ _ 

0
Before
++++++
+++++t
+++++o
n++++p
r+++ra
l+iout

h e c t i c 
g i r d e d 
s i m i l e 
s c o r e r 
_ _ _ _ _ _ _ _ 
_ _ _ _ 

After
++++++
+++++t
+++++o
n++++p
r+++ra
l+iout

h e c t i c 
g i r d e d 
s i m i l e 
s c o r e r 
_ _ _ _ _ _ _ _ 
_ _ _ _ 

0
Before
++++++
++++++
n+++++
r+++++
eroc+t
lrio+a

h e c t i c 
g i r d e d 
s i m i l e 
s t u p o r 
_ _ _ _ _ _ _ _ 
_ _ _ _ 

After
++++++
++++++
n+++++
r+++++
eroc+t
lrio+a

h e c t i c 
g i r d e d 
s i m i l e 
s t u p o r 
_ _ _ _ _ _ _ _ 
_ _ _ _ 

0
Before
++++++
++++++
n+++++
r++++t
ero++o
lri+up

h e c t i c 
g i r d e d 
s i m i l e 
c o s t a r 
_ _ _ _ _ _ _ _ 
_ _ _ _ 

After
++++++
++++++
n+++++
r++++t
ero++o
lri+up

h e c t i c 
g i r d e d 
s i m i l e 
c o s t a r 
_ _ _ _ _ _ _ _ 
_ _ _ _ 

0
Before
++++++
n+++++
r++++t
ero++o
lrmi+p
siiort

h e c t i c 
g i r d e d 
c l a u s e 
_ _ _ _ _ _ 
_ _ _ _ _ _ _ _ 
_ _ _ _ 

After
++++++
n+++++
r++++t
ero++o
lrmi+p
siiort

h e c t i c 
g i r d e d 
c l a u s e 
_ _ _ _ _ _ 
_ _ _ _ _ _ _ _ 
_ _ _ _ 

2
Before
++++++
++++++
n++++t
r++++o
e++i+p
l+iort

h e c t i c 
g i r d e d 
c l a u s e 
m o r r i s 
_ _ _ _ _ _ _ _ 
_ _ _ _ 

After
++++++
++++++
n++++t
r++++o
e++i+p
l+iort

h e c t i c 
g i r d e d 
c l a u s e 
m o r r i s 
_ _ _ _ _ _ _ _ 
_ _ _ _ 

0
Before
++++++
++++++
+++++t
+++++o
n+mi+p
liiort

h e c t i c 
g i r d e d 
c l a u s e 
e r r o r s 
_ _ _ _ _ _ _ _ 
_ _ _ _ 

After
++++++
++++++
+++++t
+++++o
n+mi+p
liiort

h e c t i c 
g i r d e d 
c l a u s e 
e r r o r s 
_ _ _ _ _ _ _ _ 
_ _ _ _ 

0
Before
+++++t
+++++o
++++rp
n+++la
r+miue
liiost

h e c t i c 
g i r d e d 
c o r e r s 
_ _ _ _ _ _ 
_ _ _ _ _ _ _ _ 
_ _ _ _ 

After
+++++t
+++++o
++++rp
n+++la
r+miue
liiost

h e c t i c 
g i r d e d 
c o r e r s 
_ _ _ _ _ _ 
_ _ _ _ _ _ _ _ 
_ _ _ _ 

2
Before
++++++
++++++
++++r+
n+++l+
r+miu+
liios+

h e c t i c 
g i r d e d 
c o r e r s 
t e a p o t 
_ _ _ _ _ _ _ _ 
_ _ _ _ 

After
++++++
++++++
++++r+
n+++l+
r+miu+
liios+

h e c t i c 
g i r d e d 
c o r e r s 
t e a p o t 
_ _ _ _ _ _ _ _ 
_ _ _ _ 

0
Before
++++++
++++++
++++++
n+++++
r+mirt
liiouo

h e c t i c 
g i r d e d 
c o r e r s 
p a l e s t 
_ _ _ _ _ _ _ _ 
_ _ _ _ 

After
++++++
++++++
++++++
n+++++
r+mirt
liiouo

h e c t i c 
g i r d e d 
c o r e r s 
p a l e s t 
_ _ _ _ _ _ _ _ 
_ _ _ _ 

0
Before
+++++t
+++++o
n+++rp
r++ila
e++cue
l+iost

h e c t i c 
g i r d e d 
m o r r i s 
_ _ _ _ _ _ 
_ _ _ _ _ _ _ _ 
_ _ _ _ 

After
+++++t
+++++o
n+++rp
r++ila
e++cue
l+iost

h e c t i c 
g i r d e d 
m o r r i s 
_ _ _ _ _ _ 
_ _ _ _ _ _ _ _ 
_ _ _ _ 

4
Before
++++++
++++++
n+++r+
r++il+
e++cu+
l+ios+

h e c t i c 
g i r d e d 
m o r r i s 
t e a p o t 
_ _ _ _ _ _ _ _ 
_ _ _ _ 

After
++++++
++++++
n+++r+
r++il+
e++cu+
l+ios+

h e c t i c 
g i r d e d 
m o r r i s 
t e a p o t 
_ _ _ _ _ _ _ _ 
_ _ _ _ 

0
Before
++++++
+++++t
n++++o
r++++p
e++++e
l+iist

h e c t i c 
g i r d e d 
m o r r i s 
o c u l a r 
_ _ _ _ _ _ _ _ 
_ _ _ _ 

After
++++++
+++++t
n++++o
r++++p
e++++e
l+iist

h e c t i c 
g i r d e d 
m o r r i s 
o c u l a r 
_ _ _ _ _ _ _ _ 
_ _ _ _ 

0
Before
++++++
++++++
n++++t
r++++o
e++i+p
l+iort

h e c t i c 
g i r d e d 
m o r r i s 
c l a u s e 
_ _ _ _ _ _ _ _ 
_ _ _ _ 

After
++++++
++++++
n++++t
r++++o
e++i+p
l+iort

h e c t i c 
g i r d e d 
m o r r i s 
c l a u s e 
_ _ _ _ _ _ _ _ 
_ _ _ _ 

0
Before
++++++
++++++
n+++++
r++i++
e++crt
l+iouo

h e c t i c 
g i r d e d 
m o r r i s 
p a l e s t 
_ _ _ _ _ _ _ _ 
_ _ _ _ 

After
++++++
++++++
n+++++
r++i++
e++crt
l+iouo

h e c t i c 
g i r d e d 
m o r r i s 
p a l e s t 
_ _ _ _ _ _ _ _ 
_ _ _ _ 

0
Before
++++++
n++++t
r++++o
er+++p
lrmi+e
siiost

h e c t i c 
g i r d e d 
o c u l a r 
_ _ _ _ _ _ 
_ _ _ _ _ _ _ _ 
_ _ _ _ 

After
++++++
n++++t
r++++o
er+++p
lrmi+e
siiost

h e c t i c 
g i r d e d 
o c u l a r 
_ _ _ _ _ _ 
_ _ _ _ _ _ _ _ 
_ _ _ _ 

1
Before
++++++
+++++t
+++++o
n++++p
rr+++e
srio+t

h e c t i c 
g i r d e d 
o c u l a r 
s i m i l e 
_ _ _ _ _ _ _ _ 
_ _ _ _ 

After
++++++
+++++t
+++++o
n++++p
rr+++e
srio+t

h e c t i c 
g i r d e d 
o c u l a r 
s i m i l e 
_ _ _ _ _ _ _ _ 
_ _ _ _ 

0
Before
+++++t
+++++o
++++rp
+++ila
n+mcue
liiost

h e c t i c 
g i r d e d 
e r r o r s 
_ _ _ _ _ _ 
_ _ _ _ _ _ _ _ 
_ _ _ _ 

After
+++++t
+++++o
++++rp
+++ila
n+mcue
liiost

h e c t i c 
g i r d e d 
e r r o r s 
_ _ _ _ _ _ 
_ _ _ _ _ _ _ _ 
_ _ _ _ 

4
Before
++++++
++++++
++++r+
+++il+
n+mcu+
liios+

h e c t i c 
g i r d e d 
e r r o r s 
t e a p o t 
_ _ _ _ _ _ _ _ 
_ _ _ _ 

After
++++++
++++++
++++r+
+++il+
n+mcu+
liios+

h e c t i c 
g i r d e d 
e r r o r s 
t e a p o t 
_ _ _ _ _ _ _ _ 
_ _ _ _ 

0
Before
++++++
+++++t
+++++o
+++++p
n+m++e
liiist

h e c t i c 
g i r d e d 
e r r o r s 
o c u l a r 
_ _ _ _ _ _ _ _ 
_ _ _ _ 

After
++++++
+++++t
+++++o
+++++p
n+m++e
liiist

h e c t i c 
g i r d e d 
e r r o r s 
o c u l a r 
_ _ _ _ _ _ _ _ 
_ _ _ _ 

0
Before
++++++
++++++
+++++t
+++++o
n+mi+p
liiort

h e c t i c 
g i r d e d 
e r r o r s 
c l a u s e 
_ _ _ _ _ _ _ _ 
_ _ _ _ 

After
++++++
++++++
+++++t
+++++o
n+mi+p
liiort

h e c t i c 
g i r d e d 
e r r o r s 
c l a u s e 
_ _ _ _ _ _ _ _ 
_ _ _ _ 

0
Before
++++++
++++++
++++++
+++i++
n+mcrt
liiouo

h e c t i c 
g i r d e d 
e r r o r s 
p a l e s t 
_ _ _ _ _ _ _ _ 
_ _ _ _ 

After
++++++
++++++
++++++
+++i++
n+mcrt
liiouo

h e c t i c 
g i r d e d 
e r r o r s 
p a l e s t 
_ _ _ _ _ _ _ _ 
_ _ _ _ 

0
Before
++++++
n+++++
r+++++
eroi++
lrmcrt
siiouo

h e c t i c 
g i r d e d 
p a l e s t 
_ _ _ _ _ _ 
_ _ _ _ _ _ _ _ 
_ _ _ _ 

After
++++++
n+++++
r+++++
eroi++
lrmcrt
siiouo

h e c t i c 
g i r d e d 
p a l e s t 
_ _ _ _ _ _ 
_ _ _ _ _ _ _ _ 
_ _ _ _ 

3
Before
++++++
++++++
++++++
n+++++
r+mirt
liiouo

h e c t i c 
g i r d e d 
p a l e s t 
c o r e r s 
_ _ _ _ _ _ _ _ 
_ _ _ _ 

After
++++++
++++++
++++++
n+++++
r+mirt
liiouo

h e c t i c 
g i r d e d 
p a l e s t 
c o r e r s 
_ _ _ _ _ _ _ _ 
_ _ _ _ 

0
Before
++++++
++++++
n+++++
r++i++
e++crt
l+iouo

h e c t i c 
g i r d e d 
p a l e s t 
m o r r i s 
_ _ _ _ _ _ _ _ 
_ _ _ _ 

After
++++++
++++++
n+++++
r++i++
e++crt
l+iouo

h e c t i c 
g i r d e d 
p a l e s t 
m o r r i s 
_ _ _ _ _ _ _ _ 
_ _ _ _ 

0
Before
++++++
++++++
++++++
+++i++
n+mcrt
liiouo

h e c t i c 
g i r d e d 
p a l e s t 
e r r o r s 
_ _ _ _ _ _ _ _ 
_ _ _ _ 

After
++++++
++++++
++++++
+++i++
n+mcrt
liiouo

h e c t i c 
g i r d e d 
p a l e s t 
e r r o r s 
_ _ _ _ _ _ _ _ 
_ _ _ _ 

0
Before
+++++t
n++++o
r++d+p
eroila
lrmcue
siiost

h e c t i c 
g i r d e r 
_ _ _ _ _ _ 
_ _ _ _ _ _ 
_ _ _ _ _ _ _ _ 
_ _ _ _ 

After
+++++t
n++++o
r++d+p
eroila
lrmcue
siiost

h e c t i c 
g i r d e r 
_ _ _ _ _ _ 
_ _ _ _ _ _ 
_ _ _ _ _ _ _ _ 
_ _ _ _ 

15
Before
++++++
n+++++
r++d++
eroil+
lrmcu+
siios+

h e c t i c 
g i r d e r 
t e a p o t 
_ _ _ _ _ _ 
_ _ _ _ _ _ _ _ 
_ _ _ _ 

After
++++++
n+++++
r++d++
eroil+
lrmcu+
siios+

h e c t i c 
g i r d e r 
t e a p o t 
_ _ _ _ _ _ 
_ _ _ _ _ _ _ _ 
_ _ _ _ 

7
Before
++++++
++++++
++++++
n++d++
lrmil+
siiou+

h e c t i c 
g i r d e r 
t e a p o t 
s c o r e r 
_ _ _ _ _ _ _ _ 
_ _ _ _ 

After
++++++
++++++
++++++
n++d++
lrmil+
siiou+

h e c t i c 
g i r d e r 
t e a p o t 
s c o r e r 
_ _ _ _ _ _ _ _ 
_ _ _ _ 

0
Before
++++++
++++++
n+++++
r++d++
l+mil+
siiou+

h e c t i c 
g i r d e r 
t e a p o t 
s c o r e r 
_ _ _ _ _ _ _ _ 
_ _ _ _ 

After
++++++
++++++
n+++++
r++d++
l+mil+
siiou+

h e c t i c 
g i r d e r 
t e a p o t 
s c o r e r 
_ _ _ _ _ _ _ _ 
_ _ _ _ 

0
Before
++++++
++++++
++++++
n++d++
lrmil+
siiou+

h e c t i c 
g i r d e r 
t e a p o t 
s c o r e r 
_ _ _ _ _ _ _ _ 
_ _ _ _ 

After
++++++
++++++
++++++
n++d++
lrmil+
siiou+

h e c t i c 
g i r d e r 
t e a p o t 
s c o r e r 
_ _ _ _ _ _ _ _ 
_ _ _ _ 

0
Before
++++++
++++++
n+++++
r++d++
l+mil+
siiou+

h e c t i c 
g i r d e r 
t e a p o t 
s c o r e r 
_ _ _ _ _ _ _ _ 
_ _ _ _ 

After
++++++
++++++
n+++++
r++d++
l+mil+
siiou+

h e c t i c 
g i r d e r 
t e a p o t 
s c o r e r 
_ _ _ _ _ _ _ _ 
_ _ _ _ 

0
Before
++++++
++++++
++++++
n++dl+
r+miu+
liios+

h e c t i c 
g i r d e r 
t e a p o t 
c o r e r s 
_ _ _ _ _ _ _ _ 
_ _ _ _ 

After
++++++
++++++
++++++
n++dl+
r+miu+
liios+

h e c t i c 
g i r d e r 
t e a p o t 
c o r e r s 
_ _ _ _ _ _ _ _ 
_ _ _ _ 

0
Before
++++++
++++++
n++d++
r++il+
e++cu+
l+ios+

h e c t i c 
g i r d e r 
t e a p o t 
m o r r i s 
_ _ _ _ _ _ _ _ 
_ _ _ _ 

After
++++++
++++++
n++d++
r++il+
e++cu+
l+ios+

h e c t i c 
g i r d e r 
t e a p o t 
m o r r i s 
_ _ _ _ _ _ _ _ 
_ _ _ _ 

0
Before
++++++
++++++
+++d++
+++il+
n+mcu+
liios+

h e c t i c 
g i r d e r 
t e a p o t 
e r r o r s 
_ _ _ _ _ _ _ _ 
_ _ _ _ 

After
++++++
++++++
+++d++
+++il+
n+mcu+
liios+

h e c t i c 
g i r d e r 
t e a p o t 
e r r o r s 
_ _ _ _ _ _ _ _ 
_ _ _ _ 

0
Before
++++++
n++++t
r++++o
er+i+p
lr+c+a
siiout

h e c t i c 
g i r d e r 
s e l d o m 
_ _ _ _ _ _ 
_ _ _ _ _ _ _ _ 
_ _ _ _ 

After
++++++
n++++t
r++++o
er+i+p
lr+c+a
siiout

h e c t i c 
g i r d e r 
s e l d o m 
_ _ _ _ _ _ 
_ _ _ _ _ _ _ _ 
_ _ _ _ 

0
Before
+++++t
+++++o
+++++p
n++d+a
lrmile
siiout

h e c t i c 
g i r d e r 
s c o r e r 
_ _ _ _ _ _ 
_ _ _ _ _ _ _ _ 
_ _ _ _ 

After
+++++t
+++++o
+++++p
n++d+a
lrmile
siiout

h e c t i c 
g i r d e r 
s c o r e r 
_ _ _ _ _ _ 
_ _ _ _ _ _ _ _ 
_ _ _ _ 

3
Before
++++++
++++++
++++++
n++d++
lrmil+
siiou+

h e c t i c 
g i r d e r 
s c o r e r 
t e a p o t 
_ _ _ _ _ _ _ _ 
_ _ _ _ 

After
++++++
++++++
++++++
n++d++
lrmil+
siiou+

h e c t i c 
g i r d e r 
s c o r e r 
t e a p o t 
_ _ _ _ _ _ _ _ 
_ _ _ _ 

0
Before
++++++
+++++t
+++++o
+++++p
n++d+a
lriout

h e c t i c 
g i r d e r 
s c o r e r 
s i m i l e 
_ _ _ _ _ _ _ _ 
_ _ _ _ 

After
++++++
+++++t
+++++o
+++++p
n++d+a
lriout

h e c t i c 
g i r d e r 
s c o r e r 
s i m i l e 
_ _ _ _ _ _ _ _ 
_ _ _ _ 

0
Before
++++++
++++++
+++++t
n++++o
lrm++p
siio+a

h e c t i c 
g i r d e r 
s c o r e r 
d i l u t e 
_ _ _ _ _ _ _ _ 
_ _ _ _ 

After
++++++
++++++
+++++t
n++++o
lrm++p
siio+a

h e c t i c 
g i r d e r 
s c o r e r 
d i l u t e 
_ _ _ _ _ _ _ _ 
_ _ _ _ 

0
Before
+++++t
+++++o
n++++p
r++d+a
l+mile
siiout

h e c t i c 
g i r d e r 
s c o r e r 
_ _ _ _ _ _ 
_ _ _ _ _ _ _ _ 
_ _ _ _ 

After
+++++t
+++++o
n++++p
r++d+a
l+mile
siiout

h e c t i c 
g i r d e r 
s c o r e r 
_ _ _ _ _ _ 
_ _ _ _ _ _ _ _ 
_ _ _ _ 

3
Before
++++++
++++++
n+++++
r++d++
l+mil+
siiou+

h e c t i c 
g i r d e r 
s c o r e r 
t e a p o t 
_ _ _ _ _ _ _ _ 
_ _ _ _ 

After
++++++
++++++
n+++++
r++d++
l+mil+
siiou+

h e c t i c 
g i r d e r 
s c o r e r 
t e a p o t 
_ _ _ _ _ _ _ _ 
_ _ _ _ 

0
Before
++++++
+++++t
+++++o
n++++p
r++d+a
l+iout

h e c t i c 
g i r d e r 
s c o r e r 
s i m i l e 
_ _ _ _ _ _ _ _ 
_ _ _ _ 

After
++++++
+++++t
+++++o
n++++p
r++d+a
l+iout

h e c t i c 
g i r d e r 
s c o r e r 
s i m i l e 
_ _ _ _ _ _ _ _ 
_ _ _ _ 

0
Before
++++++
++++++
n++++t
r++++o
l+m++p
siio+a

h e c t i c 
g i r d e r 
s c o r e r 
d i l u t e 
_ _ _ _ _ _ _ _ 
_ _ _ _ 

After
++++++
++++++
n++++t
r++++o
l+m++p
siio+a

h e c t i c 
g i r d e r 
s c o r e r 
d i l u t e 
_ _ _ _ _ _ _ _ 
_ _ _ _ 

0
Before
+++++t
+++++o
+++++p
n++d+a
lrmile
siiout

h e c t i c 
g i r d e r 
s c o r e r 
_ _ _ _ _ _ 
_ _ _ _ _ _ _ _ 
_ _ _ _ 

After
+++++t
+++++o
+++++p
n++d+a
lrmile
siiout

h e c t i c 
g i r d e r 
s c o r e r 
_ _ _ _ _ _ 
_ _ _ _ _ _ _ _ 
_ _ _ _ 

3
Before
++++++
++++++
++++++
n++d++
lrmil+
siiou+

h e c t i c 
g i r d e r 
s c o r e r 
t e a p o t 
_ _ _ _ _ _ _ _ 
_ _ _ _ 

After
++++++
++++++
++++++
n++d++
lrmil+
siiou+

h e c t i c 
g i r d e r 
s c o r e r 
t e a p o t 
_ _ _ _ _ _ _ _ 
_ _ _ _ 

0
Before
++++++
+++++t
+++++o
+++++p
n++d+a
lriout

h e c t i c 
g i r d e r 
s c o r e r 
s i m i l e 
_ _ _ _ _ _ _ _ 
_ _ _ _ 

After
++++++
+++++t
+++++o
+++++p
n++d+a
lriout

h e c t i c 
g i r d e r 
s c o r e r 
s i m i l e 
_ _ _ _ _ _ _ _ 
_ _ _ _ 

0
Before
++++++
++++++
+++++t
n++++o
lrm++p
siio+a

h e c t i c 
g i r d e r 
s c o r e r 
d i l u t e 
_ _ _ _ _ _ _ _ 
_ _ _ _ 

After
++++++
++++++
+++++t
n++++o
lrm++p
siio+a

h e c t i c 
g i r d e r 
s c o r e r 
d i l u t e 
_ _ _ _ _ _ _ _ 
_ _ _ _ 

0
Before
+++++t
+++++o
n++++p
r++d+a
l+mile
siiout

h e c t i c 
g i r d e r 
s c o r e r 
_ _ _ _ _ _ 
_ _ _ _ _ _ _ _ 
_ _ _ _ 

After
+++++t
+++++o
n++++p
r++d+a
l+mile
siiout

h e c t i c 
g i r d e r 
s c o r e r 
_ _ _ _ _ _ 
_ _ _ _ _ _ _ _ 
_ _ _ _ 

3
Before
++++++
++++++
n+++++
r++d++
l+mil+
siiou+

h e c t i c 
g i r d e r 
s c o r e r 
t e a p o t 
_ _ _ _ _ _ _ _ 
_ _ _ _ 

After
++++++
++++++
n+++++
r++d++
l+mil+
siiou+

h e c t i c 
g i r d e r 
s c o r e r 
t e a p o t 
_ _ _ _ _ _ _ _ 
_ _ _ _ 

0
Before
++++++
+++++t
+++++o
n++++p
r++d+a
l+iout

h e c t i c 
g i r d e r 
s c o r e r 
s i m i l e 
_ _ _ _ _ _ _ _ 
_ _ _ _ 

After
++++++
+++++t
+++++o
n++++p
r++d+a
l+iout

h e c t i c 
g i r d e r 
s c o r e r 
s i m i l e 
_ _ _ _ _ _ _ _ 
_ _ _ _ 

0
Before
++++++
++++++
n++++t
r++++o
l+m++p
siio+a

h e c t i c 
g i r d e r 
s c o r e r 
d i l u t e 
_ _ _ _ _ _ _ _ 
_ _ _ _ 

After
++++++
++++++
n++++t
r++++o
l+m++p
siio+a

h e c t i c 
g i r d e r 
s c o r e r 
d i l u t e 
_ _ _ _ _ _ _ _ 
_ _ _ _ 

0
Before
++++++
+++++t
n++++o
r++d+p
erocua
lriost

h e c t i c 
g i r d e r 
s i m i l e 
_ _ _ _ _ _ 
_ _ _ _ _ _ _ _ 
_ _ _ _ 

After
++++++
+++++t
n++++o
r++d+p
erocua
lriost

h e c t i c 
g i r d e r 
s i m i l e 
_ _ _ _ _ _ 
_ _ _ _ _ _ _ _ 
_ _ _ _ 

4
Before
++++++
+++++t
+++++o
+++++p
n++d+a
lriout

h e c t i c 
g i r d e r 
s i m i l e 
s c o r e r 
_ _ _ _ _ _ _ _ 
_ _ _ _ 

After
++++++
+++++t
+++++o
+++++p
n++d+a
lriout

h e c t i c 
g i r d e r 
s i m i l e 
s c o r e r 
_ _ _ _ _ _ _ _ 
_ _ _ _ 

0
Before
++++++
+++++t
+++++o
n++++p
r++d+a
l+iout

h e c t i c 
g i r d e r 
s i m i l e 
s c o r e r 
_ _ _ _ _ _ _ _ 
_ _ _ _ 

After
++++++
+++++t
+++++o
n++++p
r++d+a
l+iout

h e c t i c 
g i r d e r 
s i m i l e 
s c o r e r 
_ _ _ _ _ _ _ _ 
_ _ _ _ 

0
Before
++++++
+++++t
+++++o
+++++p
n++d+a
lriout

h e c t i c 
g i r d e r 
s i m i l e 
s c o r e r 
_ _ _ _ _ _ _ _ 
_ _ _ _ 

After
++++++
+++++t
+++++o
+++++p
n++d+a
lriout

h e c t i c 
g i r d e r 
s i m i l e 
s c o r e r 
_ _ _ _ _ _ _ _ 
_ _ _ _ 

0
Before
++++++
+++++t
+++++o
n++++p
r++d+a
l+iout

h e c t i c 
g i r d e r 
s i m i l e 
s c o r e r 
_ _ _ _ _ _ _ _ 
_ _ _ _ 

After
++++++
+++++t
+++++o
n++++p
r++d+a
l+iout

h e c t i c 
g i r d e r 
s i m i l e 
s c o r e r 
_ _ _ _ _ _ _ _ 
_ _ _ _ 

0
Before
++++++
n++++t
r++++o
ero++p
lrm++a
siiost

h e c t i c 
g i r d e r 
e u c l i d 
_ _ _ _ _ _ 
_ _ _ _ _ _ _ _ 
_ _ _ _ 

After
++++++
n++++t
r++++o
ero++p
lrm++a
siiost

h e c t i c 
g i r d e r 
e u c l i d 
_ _ _ _ _ _ 
_ _ _ _ _ _ _ _ 
_ _ _ _ 

2
Before
++++++
+++++t
n++++o
r++++p
e++++a
l+iost

h e c t i c 
g i r d e r 
e u c l i d 
m o r r i s 
_ _ _ _ _ _ _ _ 
_ _ _ _ 

After
++++++
+++++t
n++++o
r++++p
e++++a
l+iost

h e c t i c 
g i r d e r 
e u c l i d 
m o r r i s 
_ _ _ _ _ _ _ _ 
_ _ _ _ 

0
Before
++++++
+++++t
+++++o
+++++p
n+m++a
liiost

h e c t i c 
g i r d e r 
e u c l i d 
e r r o r s 
_ _ _ _ _ _ _ _ 
_ _ _ _ 

After
++++++
+++++t
+++++o
+++++p
n+m++a
liiost

h e c t i c 
g i r d e r 
e u c l i d 
e r r o r s 
_ _ _ _ _ _ _ _ 
_ _ _ _ 

0
Before
++++++
n+++++
r++++t
erod+o
lrmi+p
siio+t

h e c t i c 
g i r d e r 
c l a u s e 
_ _ _ _ _ _ 
_ _ _ _ _ _ _ _ 
_ _ _ _ 

After
++++++
n+++++
r++++t
erod+o
lrmi+p
siio+t

h e c t i c 
g i r d e r 
c l a u s e 
_ _ _ _ _ _ 
_ _ _ _ _ _ _ _ 
_ _ _ _ 

2
Before
++++++
++++++
n++++t
r++d+o
e++i+p
l+io+t

h e c t i c 
g i r d e r 
c l a u s e 
m o r r i s 
_ _ _ _ _ _ _ _ 
_ _ _ _ 

After
++++++
++++++
n++++t
r++d+o
e++i+p
l+io+t

h e c t i c 
g i r d e r 
c l a u s e 
m o r r i s 
_ _ _ _ _ _ _ _ 
_ _ _ _ 

0
Before
++++++
++++++
+++++t
+++d+o
n+mi+p
liio+t

h e c t i c 
g i r d e r 
c l a u s e 
e r r o r s 
_ _ _ _ _ _ _ _ 
_ _ _ _ 

After
++++++
++++++
+++++t
+++d+o
n+mi+p
liio+t

h e c t i c 
g i r d e r 
c l a u s e 
e r r o r s 
_ _ _ _ _ _ _ _ 
_ _ _ _ 

0
Before
+++++t
+++++o
+++++p
n++dla
r+miue
liiost

h e c t i c 
g i r d e r 
c o r e r s 
_ _ _ _ _ _ 
_ _ _ _ _ _ _ _ 
_ _ _ _ 

After
+++++t
+++++o
+++++p
n++dla
r+miue
liiost

h e c t i c 
g i r d e r 
c o r e r s 
_ _ _ _ _ _ 
_ _ _ _ _ _ _ _ 
_ _ _ _ 

4
Before
++++++
++++++
++++++
n++dl+
r+miu+
liios+

h e c t i c 
g i r d e r 
c o r e r s 
t e a p o t 
_ _ _ _ _ _ _ _ 
_ _ _ _ 

After
++++++
++++++
++++++
n++dl+
r+miu+
liios+

h e c t i c 
g i r d e r 
c o r e r s 
t e a p o t 
_ _ _ _ _ _ _ _ 
_ _ _ _ 

0
Before
++++++
+++++t
+++++o
n++++p
r+m++a
lii+le

h e c t i c 
g i r d e r 
c o r e r s 
s t u d i o 
_ _ _ _ _ _ _ _ 
_ _ _ _ 

After
++++++
+++++t
+++++o
n++++p
r+m++a
lii+le

h e c t i c 
g i r d e r 
c o r e r s 
s t u d i o 
_ _ _ _ _ _ _ _ 
_ _ _ _ 

0
Before
++++++
++++++
+++++t
n++++o
r+m++p
liiosa

h e c t i c 
g i r d e r 
c o r e r s 
d i l u t e 
_ _ _ _ _ _ _ _ 
_ _ _ _ 

After
++++++
++++++
+++++t
n++++o
r+m++p
liiosa

h e c t i c 
g i r d e r 
c o r e r s 
d i l u t e 
_ _ _ _ _ _ _ _ 
_ _ _ _ 

0
Before
++++++
++++++
++++++
n++d++
r+mi+t
liiouo

h e c t i c 
g i r d e r 
c o r e r s 
p a l e s t 
_ _ _ _ _ _ _ _ 
_ _ _ _ 

After
++++++
++++++
++++++
n++d++
r+mi+t
liiouo

h e c t i c 
g i r d e r 
c o r e r s 
p a l e s t 
_ _ _ _ _ _ _ _ 
_ _ _ _ 

0
Before
+++++t
+++++o
n++d+p
r++ila
e++cue
l+iost

h e c t i c 
g i r d e r 
m o r r i s 
_ _ _ _ _ _ 
_ _ _ _ _ _ _ _ 
_ _ _ _ 

After
+++++t
+++++o
n++d+p
r++ila
e++cue
l+iost

h e c t i c 
g i r d e r 
m o r r i s 
_ _ _ _ _ _ 
_ _ _ _ _ _ _ _ 
_ _ _ _ 

5
Before
++++++
++++++
n++d++
r++il+
e++cu+
l+ios+

h e c t i c 
g i r d e r 
m o r r i s 
t e a p o t 
_ _ _ _ _ _ _ _ 
_ _ _ _ 

After
++++++
++++++
n++d++
r++il+
e++cu+
l+ios+

h e c t i c 
g i r d e r 
m o r r i s 
t e a p o t 
_ _ _ _ _ _ _ _ 
_ _ _ _ 

0
Before
++++++
+++++t
n++++o
r++++p
e++++a
l+iost

h e c t i c 
g i r d e r 
m o r r i s 
e u c l i d 
_ _ _ _ _ _ _ _ 
_ _ _ _ 

After
++++++
+++++t
n++++o
r++++p
e++++a
l+iost

h e c t i c 
g i r d e r 
m o r r i s 
e u c l i d 
_ _ _ _ _ _ _ _ 
_ _ _ _ 

0
Before
++++++
++++++
n++++t
r++d+o
e++i+p
l+io+t

h e c t i c 
g i r d e r 
m o r r i s 
c l a u s e 
_ _ _ _ _ _ _ _ 
_ _ _ _ 

After
++++++
++++++
n++++t
r++d+o
e++i+p
l+io+t

h e c t i c 
g i r d e r 
m o r r i s 
c l a u s e 
_ _ _ _ _ _ _ _ 
_ _ _ _ 

0
Before
++++++
++++++
n++d++
r++i++
e++c+t
l+iouo

h e c t i c 
g i r d e r 
m o r r i s 
p a l e s t 
_ _ _ _ _ _ _ _ 
_ _ _ _ 

After
++++++
++++++
n++d++
r++i++
e++c+t
l+iouo

h e c t i c 
g i r d e r 
m o r r i s 
p a l e s t 
_ _ _ _ _ _ _ _ 
_ _ _ _ 

0
Before
++++++
++++++
n++++t
r++++o
e++c+p
l+iosa

h e c t i c 
g i r d e r 
m o r r i s 
d i l u t e 
_ _ _ _ _ _ _ _ 
_ _ _ _ 

After
++++++
++++++
n++++t
r++++o
e++c+p
l+iosa

h e c t i c 
g i r d e r 
m o r r i s 
d i l u t e 
_ _ _ _ _ _ _ _ 
_ _ _ _ 

0
Before
+++++t
+++++o
+++d+p
+++ila
n+mcue
liiost

h e c t i c 
g i r d e r 
e r r o r s 
_ _ _ _ _ _ 
_ _ _ _ _ _ _ _ 
_ _ _ _ 

After
+++++t
+++++o
+++d+p
+++ila
n+mcue
liiost

h e c t i c 
g i r d e r 
e r r o r s 
_ _ _ _ _ _ 
_ _ _ _ _ _ _ _ 
_ _ _ _ 

5
Before
++++++
++++++
+++d++
+++il+
n+mcu+
liios+

h e c t i c 
g i r d e r 
e r r o r s 
t e a p o t 
_ _ _ _ _ _ _ _ 
_ _ _ _ 

After
++++++
++++++
+++d++
+++il+
n+mcu+
liios+

h e c t i c 
g i r d e r 
e r r o r s 
t e a p o t 
_ _ _ _ _ _ _ _ 
_ _ _ _ 

0
Before
++++++
+++++t
+++++o
+++++p
n+m++a
liiost

h e c t i c 
g i r d e r 
e r r o r s 
e u c l i d 
_ _ _ _ _ _ _ _ 
_ _ _ _ 

After
++++++
+++++t
+++++o
+++++p
n+m++a
liiost

h e c t i c 
g i r d e r 
e r r o r s 
e u c l i d 
_ _ _ _ _ _ _ _ 
_ _ _ _ 

0
Before
++++++
++++++
+++++t
+++d+o
n+mi+p
liio+t

h e c t i c 
g i r d e r 
e r r o r s 
c l a u s e 
_ _ _ _ _ _ _ _ 
_ _ _ _ 

After
++++++
++++++
+++++t
+++d+o
n+mi+p
liio+t

h e c t i c 
g i r d e r 
e r r o r s 
c l a u s e 
_ _ _ _ _ _ _ _ 
_ _ _ _ 

0
Before
++++++
++++++
+++d++
+++i++
n+mc+t
liiouo

h e c t i c 
g i r d e r 
e r r o r s 
p a l e s t 
_ _ _ _ _ _ _ _ 
_ _ _ _ 

After
++++++
++++++
+++d++
+++i++
n+mc+t
liiouo

h e c t i c 
g i r d e r 
e r r o r s 
p a l e s t 
_ _ _ _ _ _ _ _ 
_ _ _ _ 

0
Before
++++++
++++++
+++++t
+++++o
n+mc+p
liiosa

h e c t i c 
g i r d e r 
e r r o r s 
d i l u t e 
_ _ _ _ _ _ _ _ 
_ _ _ _ 

After
++++++
++++++
+++++t
+++++o
n+mc+p
liiosa

h e c t i c 
g i r d e r 
e r r o r s 
d i l u t e 
_ _ _ _ _ _ _ _ 
_ _ _ _ 

0
Before
++++++
n+++++
r++d++
eroi++
lrmc+t
siiouo

h e c t i c 
g i r d e r 
p a l e s t 
_ _ _ _ _ _ 
_ _ _ _ _ _ _ _ 
_ _ _ _ 

After
++++++
n+++++
r++d++
eroi++
lrmc+t
siiouo

h e c t i c 
g i r d e r 
p a l e s t 
_ _ _ _ _ _ 
_ _ _ _ _ _ _ _ 
_ _ _ _ 

3
Before
++++++
++++++
++++++
n++d++
r+mi+t
liiouo

h e c t i c 
g i r d e r 
p a l e s t 
c o r e r s 
_ _ _ _ _ _ _ _ 
_ _ _ _ 

After
++++++
++++++
++++++
n++d++
r+mi+t
liiouo

h e c t i c 
g i r d e r 
p a l e s t 
c o r e r s 
_ _ _ _ _ _ _ _ 
_ _ _ _ 

0
Before
++++++
++++++
n++d++
r++i++
e++c+t
l+iouo

h e c t i c 
g i r d e r 
p a l e s t 
m o r r i s 
_ _ _ _ _ _ _ _ 
_ _ _ _ 

After
++++++
++++++
n++d++
r++i++
e++c+t
l+iouo

h e c t i c 
g i r d e r 
p a l e s t 
m o r r i s 
_ _ _ _ _ _ _ _ 
_ _ _ _ 

0
Before
++++++
++++++
+++d++
+++i++
n+mc+t
liiouo

h e c t i c 
g i r d e r 
p a l e s t 
e r r o r s 
_ _ _ _ _ _ _ _ 
_ _ _ _ 

After
++++++
++++++
+++d++
+++i++
n+mc+t
liiouo

h e c t i c 
g i r d e r 
p a l e s t 
e r r o r s 
_ _ _ _ _ _ _ _ 
_ _ _ _ 

0
Before
++++++
n++++t
r++++o
er+++p
lrm+ua
siiost

h e c t i c 
g i r d e r 
d o c i l e 
_ _ _ _ _ _ 
_ _ _ _ _ _ _ _ 
_ _ _ _ 

After
++++++
n++++t
r++++o
er+++p
lrm+ua
siiost

h e c t i c 
g i r d e r 
d o c i l e 
_ _ _ _ _ _ 
_ _ _ _ _ _ _ _ 
_ _ _ _ 

0
Before
++++++
n+++++
r++++t
ero++o
lrmc+p
siiosa

h e c t i c 
g i r d e r 
d i l u t e 
_ _ _ _ _ _ 
_ _ _ _ _ _ _ _ 
_ _ _ _ 

After
++++++
n+++++
r++++t
ero++o
lrmc+p
siiosa

h e c t i c 
g i r d e r 
d i l u t e 
_ _ _ _ _ _ 
_ _ _ _ _ _ _ _ 
_ _ _ _ 

7
Before
++++++
++++++
+++++t
n++++o
lrm++p
siio+a

h e c t i c 
g i r d e r 
d i l u t e 
s c o r e r 
_ _ _ _ _ _ _ _ 
_ _ _ _ 

After
++++++
++++++
+++++t
n++++o
lrm++p
siio+a

h e c t i c 
g i r d e r 
d i l u t e 
s c o r e r 
_ _ _ _ _ _ _ _ 
_ _ _ _ 

0
Before
++++++
++++++
n++++t
r++++o
l+m++p
siio+a

h e c t i c 
g i r d e r 
d i l u t e 
s c o r e r 
_ _ _ _ _ _ _ _ 
_ _ _ _ 

After
++++++
++++++
n++++t
r++++o
l+m++p
siio+a

h e c t i c 
g i r d e r 
d i l u t e 
s c o r e r 
_ _ _ _ _ _ _ _ 
_ _ _ _ 

0
Before
++++++
++++++
+++++t
n++++o
lrm++p
siio+a

h e c t i c 
g i r d e r 
d i l u t e 
s c o r e r 
_ _ _ _ _ _ _ _ 
_ _ _ _ 

After
++++++
++++++
+++++t
n++++o
lrm++p
siio+a

h e c t i c 
g i r d e r 
d i l u t e 
s c o r e r 
_ _ _ _ _ _ _ _ 
_ _ _ _ 

0
Before
++++++
++++++
n++++t
r++++o
l+m++p
siio+a

h e c t i c 
g i r d e r 
d i l u t e 
s c o r e r 
_ _ _ _ _ _ _ _ 
_ _ _ _ 

After
++++++
++++++
n++++t
r++++o
l+m++p
siio+a

h e c t i c 
g i r d e r 
d i l u t e 
s c o r e r 
_ _ _ _ _ _ _ _ 
_ _ _ _ 

0
Before
++++++
++++++
+++++t
n++++o
r+m++p
liiosa

h e c t i c 
g i r d e r 
d i l u t e 
c o r e r s 
_ _ _ _ _ _ _ _ 
_ _ _ _ 

After
++++++
++++++
+++++t
n++++o
r+m++p
liiosa

h e c t i c 
g i r d e r 
d i l u t e 
c o r e r s 
_ _ _ _ _ _ _ _ 
_ _ _ _ 

0
Before
++++++
++++++
n++++t
r++++o
e++c+p
l+iosa

h e c t i c 
g i r d e r 
d i l u t e 
m o r r i s 
_ _ _ _ _ _ _ _ 
_ _ _ _ 

After
++++++
++++++
n++++t
r++++o
e++c+p
l+iosa

h e c t i c 
g i r d e r 
d i l u t e 
m o r r i s 
_ _ _ _ _ _ _ _ 
_ _ _ _ 

0
Before
++++++
++++++
+++++t
+++++o
n+mc+p
liiosa

h e c t i c 
g i r d e r 
d i l u t e 
e r r o r s 
_ _ _ _ _ _ _ _ 
_ _ _ _ 

After
++++++
++++++
+++++t
+++++o
n+mc+p
liiosa

h e c t i c 
g i r d e r 
d i l u t e 
e r r o r s 
_ _ _ _ _ _ _ _ 
_ _ _ _ 

0
Before
++++++
n++++t
r++deo
eroirp
lrmcua
siiost

h e c t i c 
g i r d l e 
_ _ _ _ _ _ 
_ _ _ _ _ _ 
_ _ _ _ _ _ _ _ 
_ _ _ _ 

After
++++++
n++++t
r++deo
eroirp
lrmcua
siiost

h e c t i c 
g i r d l e 
_ _ _ _ _ _ 
_ _ _ _ _ _ 
_ _ _ _ _ _ _ _ 
_ _ _ _ 

15
Before
++++++
n+++++
r+++++
erod+t
lrmi+o
siiout

h e c t i c 
g i r d l e 
s c r a p e 
_ _ _ _ _ _ 
_ _ _ _ _ _ _ _ 
_ _ _ _ 

After
++++++
n+++++
r+++++
erod+t
lrmi+o
siiout

h e c t i c 
g i r d l e 
s c r a p e 
_ _ _ _ _ _ 
_ _ _ _ _ _ _ _ 
_ _ _ _ 

2
Before
++++++
++++++
n+++++
r++d+t
e++i+o
l+iout

h e c t i c 
g i r d l e 
s c r a p e 
m o r r i s 
_ _ _ _ _ _ _ _ 
_ _ _ _ 

After
++++++
++++++
n+++++
r++d+t
e++i+o
l+iout

h e c t i c 
g i r d l e 
s c r a p e 
m o r r i s 
_ _ _ _ _ _ _ _ 
_ _ _ _ 

0
Before
++++++
++++++
++++++
+++d+t
n+mi+o
liiout

h e c t i c 
g i r d l e 
s c r a p e 
e r r o r s 
_ _ _ _ _ _ _ _ 
_ _ _ _ 

After
++++++
++++++
++++++
+++d+t
n+mi+o
liiout

h e c t i c 
g i r d l e 
s c r a p e 
e r r o r s 
_ _ _ _ _ _ _ _ 
_ _ _ _ 

0
Before
++++++
+++++t
+++++o
n++dep
lrmira
siiout

h e c t i c 
g i r d l e 
s c o r e r 
_ _ _ _ _ _ 
_ _ _ _ _ _ _ _ 
_ _ _ _ 

After
++++++
+++++t
+++++o
n++dep
lrmira
siiout

h e c t i c 
g i r d l e 
s c o r e r 
_ _ _ _ _ _ 
_ _ _ _ _ _ _ _ 
_ _ _ _ 

1
Before
++++++
++++++
++++++
n+++++
lrmi+t
siiouo

h e c t i c 
g i r d l e 
s c o r e r 
d e p a r t 
_ _ _ _ _ _ _ _ 
_ _ _ _ 

After
++++++
++++++
++++++
n+++++
lrmi+t
siiouo

h e c t i c 
g i r d l e 
s c o r e r 
d e p a r t 
_ _ _ _ _ _ _ _ 
_ _ _ _ 

0
Before
++++++
+++++t
n++++o
r++dep
l+mira
siiout

h e c t i c 
g i r d l e 
s c o r e r 
_ _ _ _ _ _ 
_ _ _ _ _ _ _ _ 
_ _ _ _ 

After
++++++
+++++t
n++++o
r++dep
l+mira
siiout

h e c t i c 
g i r d l e 
s c o r e r 
_ _ _ _ _ _ 
_ _ _ _ _ _ _ _ 
_ _ _ _ 

1
Before
++++++
++++++
n+++++
r+++++
l+mi+t
siiouo

h e c t i c 
g i r d l e 
s c o r e r 
d e p a r t 
_ _ _ _ _ _ _ _ 
_ _ _ _ 

After
++++++
++++++
n+++++
r+++++
l+mi+t
siiouo

h e c t i c 
g i r d l e 
s c o r e r 
d e p a r t 
_ _ _ _ _ _ _ _ 
_ _ _ _ 

0
Before
++++++
+++++t
+++++o
n++dep
lrmira
siiout

h e c t i c 
g i r d l e 
s c o r e r 
_ _ _ _ _ _ 
_ _ _ _ _ _ _ _ 
_ _ _ _ 

After
++++++
+++++t
+++++o
n++dep
lrmira
siiout

h e c t i c 
g i r d l e 
s c o r e r 
_ _ _ _ _ _ 
_ _ _ _ _ _ _ _ 
_ _ _ _ 

1
Before
++++++
++++++
++++++
n+++++
lrmi+t
siiouo

h e c t i c 
g i r d l e 
s c o r e r 
d e p a r t 
_ _ _ _ _ _ _ _ 
_ _ _ _ 

After
++++++
++++++
++++++
n+++++
lrmi+t
siiouo

h e c t i c 
g i r d l e 
s c o r e r 
d e p a r t 
_ _ _ _ _ _ _ _ 
_ _ _ _ 

0
Before
++++++
+++++t
n++++o
r++dep
l+mira
siiout

h e c t i c 
g i r d l e 
s c o r e r 
_ _ _ _ _ _ 
_ _ _ _ _ _ _ _ 
_ _ _ _ 

After
++++++
+++++t
n++++o
r++dep
l+mira
siiout

h e c t i c 
g i r d l e 
s c o r e r 
_ _ _ _ _ _ 
_ _ _ _ _ _ _ _ 
_ _ _ _ 

1
Before
++++++
++++++
n+++++
r+++++
l+mi+t
siiouo

h e c t i c 
g i r d l e 
s c o r e r 
d e p a r t 
_ _ _ _ _ _ _ _ 
_ _ _ _ 

After
++++++
++++++
n+++++
r+++++
l+mi+t
siiouo

h e c t i c 
g i r d l e 
s c o r e r 
d e p a r t 
_ _ _ _ _ _ _ _ 
_ _ _ _ 

0
Before
++++++
n++++t
r++++o
ero++p
lrmi+a
siic+t

h e c t i c 
g i r d l e 
s o u r e d 
_ _ _ _ _ _ 
_ _ _ _ _ _ _ _ 
_ _ _ _ 

After
++++++
n++++t
r++++o
ero++p
lrmi+a
siic+t

h e c t i c 
g i r d l e 
s o u r e d 
_ _ _ _ _ _ 
_ _ _ _ _ _ _ _ 
_ _ _ _ 

2
Before
++++++
+++++t
n++++o
r++++p
e++i+a
l+ic+t

h e c t i c 
g i r d l e 
s o u r e d 
m o r r i s 
_ _ _ _ _ _ _ _ 
_ _ _ _ 

After
++++++
+++++t
n++++o
r++++p
e++i+a
l+ic+t

h e c t i c 
g i r d l e 
s o u r e d 
m o r r i s 
_ _ _ _ _ _ _ _ 
_ _ _ _ 

0
Before
++++++
+++++t
+++++o
+++++p
n+mi+a
liic+t

h e c t i c 
g i r d l e 
s o u r e d 
e r r o r s 
_ _ _ _ _ _ _ _ 
_ _ _ _ 

After
++++++
+++++t
+++++o
+++++p
n+mi+a
liic+t

h e c t i c 
g i r d l e 
s o u r e d 
e r r o r s 
_ _ _ _ _ _ _ _ 
_ _ _ _ 

0
Before
++++++
n+++++
r++d++
eroi++
lrmc+t
siioea

h e c t i c 
g i r d l e 
s t u p o r 
_ _ _ _ _ _ 
_ _ _ _ _ _ _ _ 
_ _ _ _ 

After
++++++
n+++++
r++d++
eroi++
lrmc+t
siioea

h e c t i c 
g i r d l e 
s t u p o r 
_ _ _ _ _ _ 
_ _ _ _ _ _ _ _ 
_ _ _ _ 

3
Before
++++++
++++++
++++++
n++d++
r+mi+t
liioea

h e c t i c 
g i r d l e 
s t u p o r 
c o r e r s 
_ _ _ _ _ _ _ _ 
_ _ _ _ 

After
++++++
++++++
++++++
n++d++
r+mi+t
liioea

h e c t i c 
g i r d l e 
s t u p o r 
c o r e r s 
_ _ _ _ _ _ _ _ 
_ _ _ _ 

0
Before
++++++
++++++
n++d++
r++i++
e++c+t
l+ioea

h e c t i c 
g i r d l e 
s t u p o r 
m o r r i s 
_ _ _ _ _ _ _ _ 
_ _ _ _ 

After
++++++
++++++
n++d++
r++i++
e++c+t
l+ioea

h e c t i c 
g i r d l e 
s t u p o r 
m o r r i s 
_ _ _ _ _ _ _ _ 
_ _ _ _ 

0
Before
++++++
++++++
+++d++
+++i++
n+mc+t
liioea

h e c t i c 
g i r d l e 
s t u p o r 
e r r o r s 
_ _ _ _ _ _ _ _ 
_ _ _ _ 

After
++++++
++++++
+++d++
+++i++
n+mc+t
liioea

h e c t i c 
g i r d l e 
s t u p o r 
e r r o r s 
_ _ _ _ _ _ _ _ 
_ _ _ _ 

0
Before
++++++
n+++++
r+++++
eroi+t
lrmc+o
siioup

h e c t i c 
g i r d l e 
s t a r e d 
_ _ _ _ _ _ 
_ _ _ _ _ _ _ _ 
_ _ _ _ 

After
++++++
n+++++
r+++++
eroi+t
lrmc+o
siioup

h e c t i c 
g i r d l e 
s t a r e d 
_ _ _ _ _ _ 
_ _ _ _ _ _ _ _ 
_ _ _ _ 

3
Before
++++++
++++++
++++++
n++++t
r+mi+o
liioup

h e c t i c 
g i r d l e 
s t a r e d 
c o r e r s 
_ _ _ _ _ _ _ _ 
_ _ _ _ 

After
++++++
++++++
++++++
n++++t
r+mi+o
liioup

h e c t i c 
g i r d l e 
s t a r e d 
c o r e r s 
_ _ _ _ _ _ _ _ 
_ _ _ _ 

0
Before
++++++
++++++
n+++++
r++i+t
e++c+o
l+ioup

h e c t i c 
g i r d l e 
s t a r e d 
m o r r i s 
_ _ _ _ _ _ _ _ 
_ _ _ _ 

After
++++++
++++++
n+++++
r++i+t
e++c+o
l+ioup

h e c t i c 
g i r d l e 
s t a r e d 
m o r r i s 
_ _ _ _ _ _ _ _ 
_ _ _ _ 

0
Before
++++++
++++++
++++++
+++i+t
n+mc+o
liioup

h e c t i c 
g i r d l e 
s t a r e d 
e r r o r s 
_ _ _ _ _ _ _ _ 
_ _ _ _ 

After
++++++
++++++
++++++
+++i+t
n+mc+o
liioup

h e c t i c 
g i r d l e 
s t a r e d 
e r r o r s 
_ _ _ _ _ _ _ _ 
_ _ _ _ 

0
Before
++++++
+++++t
++++eo
n++drp
r+miua
liiost

h e c t i c 
g i r d l e 
c o r e r s 
_ _ _ _ _ _ 
_ _ _ _ _ _ _ _ 
_ _ _ _ 

After
++++++
+++++t
++++eo
n++drp
r+miua
liiost

h e c t i c 
g i r d l e 
c o r e r s 
_ _ _ _ _ _ 
_ _ _ _ _ _ _ _ 
_ _ _ _ 

7
Before
++++++
+++++t
+++++o
n++++p
r+m++a
liii+t

h e c t i c 
g i r d l e 
c o r e r s 
s o u r e d 
_ _ _ _ _ _ _ _ 
_ _ _ _ 

After
++++++
+++++t
+++++o
n++++p
r+m++a
liii+t

h e c t i c 
g i r d l e 
c o r e r s 
s o u r e d 
_ _ _ _ _ _ _ _ 
_ _ _ _ 

0
Before
++++++
++++++
++++++
n++d++
r+mi+t
liioea

h e c t i c 
g i r d l e 
c o r e r s 
s t u p o r 
_ _ _ _ _ _ _ _ 
_ _ _ _ 

After
++++++
++++++
++++++
n++d++
r+mi+t
liioea

h e c t i c 
g i r d l e 
c o r e r s 
s t u p o r 
_ _ _ _ _ _ _ _ 
_ _ _ _ 

0
Before
++++++
++++++
+++++t
n++++o
r+m+ep
lii+ra

h e c t i c 
g i r d l e 
c o r e r s 
s t u d i o 
_ _ _ _ _ _ _ _ 
_ _ _ _ 

After
++++++
++++++
+++++t
n++++o
r+m+ep
lii+ra

h e c t i c 
g i r d l e 
c o r e r s 
s t u d i o 
_ _ _ _ _ _ _ _ 
_ _ _ _ 

0
Before
++++++
++++++
++++++
n++++t
r+mi+o
liioup

h e c t i c 
g i r d l e 
c o r e r s 
s t a r e d 
_ _ _ _ _ _ _ _ 
_ _ _ _ 

After
++++++
++++++
++++++
n++++t
r+mi+o
liioup

h e c t i c 
g i r d l e 
c o r e r s 
s t a r e d 
_ _ _ _ _ _ _ _ 
_ _ _ _ 

0
Before
++++++
++++++
++++++
n++++t
r+md+o
liioea

h e c t i c 
g i r d l e 
c o r e r s 
p u r i s t 
_ _ _ _ _ _ _ _ 
_ _ _ _ 

After
++++++
++++++
++++++
n++++t
r+md+o
liioea

h e c t i c 
g i r d l e 
c o r e r s 
p u r i s t 
_ _ _ _ _ _ _ _ 
_ _ _ _ 

0
Before
++++++
++++++
++++++
n++d++
r+mi+t
liiouo

h e c t i c 
g i r d l e 
c o r e r s 
r e p a s t 
_ _ _ _ _ _ _ _ 
_ _ _ _ 

After
++++++
++++++
++++++
n++d++
r+mi+t
liiouo

h e c t i c 
g i r d l e 
c o r e r s 
r e p a s t 
_ _ _ _ _ _ _ _ 
_ _ _ _ 

0
Before
++++++
++++++
++++++
n++d++
r+mi+t
liiout

h e c t i c 
g i r d l e 
c o r e r s 
o p e r a s 
_ _ _ _ _ _ _ _ 
_ _ _ _ 

After
++++++
++++++
++++++
n++d++
r+mi+t
liiout

h e c t i c 
g i r d l e 
c o r e r s 
o p e r a s 
_ _ _ _ _ _ _ _ 
_ _ _ _ 

0
Before
++++++
n+++++
r+++++
ero++t
lrmdeo
siiiup

h e c t i c 
g i r d l e 
c o s t a r 
_ _ _ _ _ _ 
_ _ _ _ _ _ _ _ 
_ _ _ _ 

After
++++++
n+++++
r+++++
ero++t
lrmdeo
siiiup

h e c t i c 
g i r d l e 
c o s t a r 
_ _ _ _ _ _ 
_ _ _ _ _ _ _ _ 
_ _ _ _ 

2
Before
++++++
++++++
n+++++
r++++t
e++deo
l+iiup

h e c t i c 
g i r d l e 
c o s t a r 
m o r r i s 
_ _ _ _ _ _ _ _ 
_ _ _ _ 

After
++++++
++++++
n+++++
r++++t
e++deo
l+iiup

h e c t i c 
g i r d l e 
c o s t a r 
m o r r i s 
_ _ _ _ _ _ _ _ 
_ _ _ _ 

0
Before
++++++
++++++
++++++
+++++t
n+mdeo
liiiup

h e c t i c 
g i r d l e 
c o s t a r 
e r r o r s 
_ _ _ _ _ _ _ _ 
_ _ _ _ 

After
++++++
++++++
++++++
+++++t
n+mdeo
liiiup

h e c t i c 
g i r d l e 
c o s t a r 
e r r o r s 
_ _ _ _ _ _ _ _ 
_ _ _ _ 

0
Before
++++++
+++++t
n++deo
r++irp
e++cua
l+iost

h e c t i c 
g i r d l e 
m o r r i s 
_ _ _ _ _ _ 
_ _ _ _ _ _ _ _ 
_ _ _ _ 

After
++++++
+++++t
n++deo
r++irp
e++cua
l+iost

h e c t i c 
g i r d l e 
m o r r i s 
_ _ _ _ _ _ 
_ _ _ _ _ _ _ _ 
_ _ _ _ 

7
Before
++++++
++++++
n+++++
r++d+t
e++i+o
l+iout

h e c t i c 
g i r d l e 
m o r r i s 
s c r a p e 
_ _ _ _ _ _ _ _ 
_ _ _ _ 

After
++++++
++++++
n+++++
r++d+t
e++i+o
l+iout

h e c t i c 
g i r d l e 
m o r r i s 
s c r a p e 
_ _ _ _ _ _ _ _ 
_ _ _ _ 

0
Before
++++++
+++++t
n++++o
r++++p
e++i+a
l+ic+t

h e c t i c 
g i r d l e 
m o r r i s 
s o u r e d 
_ _ _ _ _ _ _ _ 
_ _ _ _ 

After
++++++
+++++t
n++++o
r++++p
e++i+a
l+ic+t

h e c t i c 
g i r d l e 
m o r r i s 
s o u r e d 
_ _ _ _ _ _ _ _ 
_ _ _ _ 

0
Before
++++++
++++++
n++d++
r++i++
e++c+t
l+ioea

h e c t i c 
g i r d l e 
m o r r i s 
s t u p o r 
_ _ _ _ _ _ _ _ 
_ _ _ _ 

After
++++++
++++++
n++d++
r++i++
e++c+t
l+ioea

h e c t i c 
g i r d l e 
m o r r i s 
s t u p o r 
_ _ _ _ _ _ _ _ 
_ _ _ _ 

0
Before
++++++
++++++
n+++++
r++i+t
e++c+o
l+ioup

h e c t i c 
g i r d l e 
m o r r i s 
s t a r e d 
_ _ _ _ _ _ _ _ 
_ _ _ _ 

After
++++++
++++++
n+++++
r++i+t
e++c+o
l+ioup

h e c t i c 
g i r d l e 
m o r r i s 
s t a r e d 
_ _ _ _ _ _ _ _ 
_ _ _ _ 

0
Before
++++++
++++++
n+++++
r++++t
e++deo
l+iiup

h e c t i c 
g i r d l e 
m o r r i s 
c o s t a r 
_ _ _ _ _ _ _ _ 
_ _ _ _ 

After
++++++
++++++
n+++++
r++++t
e++deo
l+iiup

h e c t i c 
g i r d l e 
m o r r i s 
c o s t a r 
_ _ _ _ _ _ _ _ 
_ _ _ _ 

0
Before
++++++
++++++
n++d++
r++i++
e++c+t
l+iouo

h e c t i c 
g i r d l e 
m o r r i s 
r e p a s t 
_ _ _ _ _ _ _ _ 
_ _ _ _ 

After
++++++
++++++
n++d++
r++i++
e++c+t
l+iouo

h e c t i c 
g i r d l e 
m o r r i s 
r e p a s t 
_ _ _ _ _ _ _ _ 
_ _ _ _ 

0
Before
++++++
++++++
n++d++
r++i++
e++c+t
l+iout

h e c t i c 
g i r d l e 
m o r r i s 
o p e r a s 
_ _ _ _ _ _ _ _ 
_ _ _ _ 

After
++++++
++++++
n++d++
r++i++
e++c+t
l+iout

h e c t i c 
g i r d l e 
m o r r i s 
o p e r a s 
_ _ _ _ _ _ _ _ 
_ _ _ _ 

0
Before
++++++
n+++++
r++++t
er+++o
lrmcua
siiost

h e c t i c 
g i r d l e 
p e r i o d 
_ _ _ _ _ _ 
_ _ _ _ _ _ _ _ 
_ _ _ _ 

After
++++++
n+++++
r++++t
er+++o
lrmcua
siiost

h e c t i c 
g i r d l e 
p e r i o d 
_ _ _ _ _ _ 
_ _ _ _ _ _ _ _ 
_ _ _ _ 

0
Before
++++++
n+++++
r++d++
eroi++
lrmc+t
siiouo

h e c t i c 
g i r d l e 
r e p a s t 
_ _ _ _ _ _ 
_ _ _ _ _ _ _ _ 
_ _ _ _ 

After
++++++
n+++++
r++d++
eroi++
lrmc+t
siiouo

h e c t i c 
g i r d l e 
r e p a s t 
_ _ _ _ _ _ 
_ _ _ _ _ _ _ _ 
_ _ _ _ 

3
Before
++++++
++++++
++++++
n++d++
r+mi+t
liiouo

h e c t i c 
g i r d l e 
r e p a s t 
c o r e r s 
_ _ _ _ _ _ _ _ 
_ _ _ _ 

After
++++++
++++++
++++++
n++d++
r+mi+t
liiouo

h e c t i c 
g i r d l e 
r e p a s t 
c o r e r s 
_ _ _ _ _ _ _ _ 
_ _ _ _ 

0
Before
++++++
++++++
n++d++
r++i++
e++c+t
l+iouo

h e c t i c 
g i r d l e 
r e p a s t 
m o r r i s 
_ _ _ _ _ _ _ _ 
_ _ _ _ 

After
++++++
++++++
n++d++
r++i++
e++c+t
l+iouo

h e c t i c 
g i r d l e 
r e p a s t 
m o r r i s 
_ _ _ _ _ _ _ _ 
_ _ _ _ 

0
Before
++++++
++++++
+++d++
+++i++
n+mc+t
liiouo

h e c t i c 
g i r d l e 
r e p a s t 
e r r o r s 
_ _ _ _ _ _ _ _ 
_ _ _ _ 

After
++++++
++++++
+++d++
+++i++
n+mc+t
liiouo

h e c t i c 
g i r d l e 
r e p a s t 
e r r o r s 
_ _ _ _ _ _ _ _ 
_ _ _ _ 

0
Before
++++++
+++++t
+++deo
+++irp
n+mcua
liiost

h e c t i c 
g i r d l e 
e r r o r s 
_ _ _ _ _ _ 
_ _ _ _ _ _ _ _ 
_ _ _ _ 

After
++++++
+++++t
+++deo
+++irp
n+mcua
liiost

h e c t i c 
g i r d l e 
e r r o r s 
_ _ _ _ _ _ 
_ _ _ _ _ _ _ _ 
_ _ _ _ 

7
Before
++++++
++++++
++++++
+++d+t
n+mi+o
liiout

h e c t i c 
g i r d l e 
e r r o r s 
s c r a p e 
_ _ _ _ _ _ _ _ 
_ _ _ _ 

After
++++++
++++++
++++++
+++d+t
n+mi+o
liiout

h e c t i c 
g i r d l e 
e r r o r s 
s c r a p e 
_ _ _ _ _ _ _ _ 
_ _ _ _ 

0
Before
++++++
+++++t
+++++o
+++++p
n+mi+a
liic+t

h e c t i c 
g i r d l e 
e r r o r s 
s o u r e d 
_ _ _ _ _ _ _ _ 
_ _ _ _ 

After
++++++
+++++t
+++++o
+++++p
n+mi+a
liic+t

h e c t i c 
g i r d l e 
e r r o r s 
s o u r e d 
_ _ _ _ _ _ _ _ 
_ _ _ _ 

0
Before
++++++
++++++
+++d++
+++i++
n+mc+t
liioea

h e c t i c 
g i r d l e 
e r r o r s 
s t u p o r 
_ _ _ _ _ _ _ _ 
_ _ _ _ 

After
++++++
++++++
+++d++
+++i++
n+mc+t
liioea

h e c t i c 
g i r d l e 
e r r o r s 
s t u p o r 
_ _ _ _ _ _ _ _ 
_ _ _ _ 

0
Before
++++++
++++++
++++++
+++i+t
n+mc+o
liioup

h e c t i c 
g i r d l e 
e r r o r s 
s t a r e d 
_ _ _ _ _ _ _ _ 
_ _ _ _ 

After
++++++
++++++
++++++
+++i+t
n+mc+o
liioup

h e c t i c 
g i r d l e 
e r r o r s 
s t a r e d 
_ _ _ _ _ _ _ _ 
_ _ _ _ 

0
Before
++++++
++++++
++++++
+++++t
n+mdeo
liiiup

h e c t i c 
g i r d l e 
e r r o r s 
c o s t a r 
_ _ _ _ _ _ _ _ 
_ _ _ _ 

After
++++++
++++++
++++++
+++++t
n+mdeo
liiiup

h e c t i c 
g i r d l e 
e r r o r s 
c o s t a r 
_ _ _ _ _ _ _ _ 
_ _ _ _ 

0
Before
++++++
++++++
+++d++
+++i++
n+mc+t
liiouo

h e c t i c 
g i r d l e 
e r r o r s 
r e p a s t 
_ _ _ _ _ _ _ _ 
_ _ _ _ 

After
++++++
++++++
+++d++
+++i++
n+mc+t
liiouo

h e c t i c 
g i r d l e 
e r r o r s 
r e p a s t 
_ _ _ _ _ _ _ _ 
_ _ _ _ 

0
Before
++++++
++++++
+++d++
+++i++
n+mc+t
liiout

h e c t i c 
g i r d l e 
e r r o r s 
o p e r a s 
_ _ _ _ _ _ _ _ 
_ _ _ _ 

After
++++++
++++++
+++d++
+++i++
n+mc+t
liiout

h e c t i c 
g i r d l e 
e r r o r s 
o p e r a s 
_ _ _ _ _ _ _ _ 
_ _ _ _ 

0
Before
++++++
n+++++
r++d++
eroi++
lrmc+t
siiout

h e c t i c 
g i r d l e 
o p e r a s 
_ _ _ _ _ _ 
_ _ _ _ _ _ _ _ 
_ _ _ _ 

After
++++++
n+++++
r++d++
eroi++
lrmc+t
siiout

h e c t i c 
g i r d l e 
o p e r a s 
_ _ _ _ _ _ 
_ _ _ _ _ _ _ _ 
_ _ _ _ 

3
Before
++++++
++++++
++++++
n++d++
r+mi+t
liiout

h e c t i c 
g i r d l e 
o p e r a s 
c o r e r s 
_ _ _ _ _ _ _ _ 
_ _ _ _ 

After
++++++
++++++
++++++
n++d++
r+mi+t
liiout

h e c t i c 
g i r d l e 
o p e r a s 
c o r e r s 
_ _ _ _ _ _ _ _ 
_ _ _ _ 

0
Before
++++++
++++++
n++d++
r++i++
e++c+t
l+iout

h e c t i c 
g i r d l e 
o p e r a s 
m o r r i s 
_ _ _ _ _ _ _ _ 
_ _ _ _ 

After
++++++
++++++
n++d++
r++i++
e++c+t
l+iout

h e c t i c 
g i r d l e 
o p e r a s 
m o r r i s 
_ _ _ _ _ _ _ _ 
_ _ _ _ 

0
Before
++++++
++++++
+++d++
+++i++
n+mc+t
liiout

h e c t i c 
g i r d l e 
o p e r a s 
e r r o r s 
_ _ _ _ _ _ _ _ 
_ _ _ _ 

After
++++++
++++++
+++d++
+++i++
n+mc+t
liiout

h e c t i c 
g i r d l e 
o p e r a s 
e r r o r s 
_ _ _ _ _ _ _ _ 
_ _ _ _ 

0
Before
++++++
n+o+++
rgr++t
eriilo
lrmcue
siiost

h e c t i c 
d r a p e d 
_ _ _ _ _ _ 
_ _ _ _ _ _ 
_ _ _ _ _ _ _ _ 
_ _ _ _ 

After
++++++
n+o+++
rgr++t
eriilo
lrmcue
siiost

h e c t i c 
d r a p e d 
_ _ _ _ _ _ 
_ _ _ _ _ _ 
_ _ _ _ _ _ _ _ 
_ _ _ _ 

2
Before
++++++
++++++
n+o+++
rgr++t
ericuo
lriost

h e c t i c 
d r a p e d 
s i m i l e 
_ _ _ _ _ _ 
_ _ _ _ _ _ _ _ 
_ _ _ _ 

After
++++++
++++++
n+o+++
rgr++t
ericuo
lriost

h e c t i c 
d r a p e d 
s i m i l e 
_ _ _ _ _ _ 
_ _ _ _ _ _ _ _ 
_ _ _ _ 

0
Before
++++++
n+o+++
rgr+++
eri+++
lrmi+t
siio+e

h e c t i c 
d r a p e d 
c l o u t s 
_ _ _ _ _ _ 
_ _ _ _ _ _ _ _ 
_ _ _ _ 

After
++++++
n+o+++
rgr+++
eri+++
lrmi+t
siio+e

h e c t i c 
d r a p e d 
c l o u t s 
_ _ _ _ _ _ 
_ _ _ _ _ _ _ _ 
_ _ _ _ 

0
Before
n++++t
rg++eo
erodrp
lrrdla
ciiiue
simost

h e c t i c 
_ _ _ _ _ _ 
_ _ _ _ _ _ 
_ _ _ _ _ _ 
_ _ _ _ _ _ _ _ 
_ _ _ _ 

After
n++++t
rg++eo
erodrp
lrrdla
ciiiue
simost

h e c t i c 
_ _ _ _ _ _ 
_ _ _ _ _ _ 
_ _ _ _ _ _ 
_ _ _ _ _ _ _ _ 
_ _ _ _ 

36
Before
n+++++
rg++++
ero+++
lrrdlt
ciiiuo
simosp

h e c t i c 
t e a r e d 
_ _ _ _ _ _ 
_ _ _ _ _ _ 
_ _ _ _ _ _ _ _ 
_ _ _ _ 

After
n+++++
rg++++
ero+++
lrrdlt
ciiiuo
simosp

h e c t i c 
t e a r e d 
_ _ _ _ _ _ 
_ _ _ _ _ _ 
_ _ _ _ _ _ _ _ 
_ _ _ _ 

18
Before
++++++
++++++
ng++++
rro++t
crrdlo
siioup

h e c t i c 
t e a r e d 
s i m i l e 
_ _ _ _ _ _ 
_ _ _ _ _ _ _ _ 
_ _ _ _ 

After
++++++
++++++
ng++++
rro++t
crrdlo
siioup

h e c t i c 
t e a r e d 
s i m i l e 
_ _ _ _ _ _ 
_ _ _ _ _ _ _ _ 
_ _ _ _ 

0
Before
n+++++
r+++++
e+++++
lg++lt
ci+duo
siiosp

h e c t i c 
t e a r e d 
m i r r o r 
_ _ _ _ _ _ 
_ _ _ _ _ _ _ _ 
_ _ _ _ 

After
n+++++
r+++++
e+++++
lg++lt
ci+duo
siiosp

h e c t i c 
t e a r e d 
m i r r o r 
_ _ _ _ _ _ 
_ _ _ _ _ _ _ _ 
_ _ _ _ 

1
Before
++++++
++++++
++++++
++++lt
+g+duo
niiosp

h e c t i c 
t e a r e d 
m i r r o r 
r e l i c s 
_ _ _ _ _ _ _ _ 
_ _ _ _ 

After
++++++
++++++
++++++
++++lt
+g+duo
niiosp

h e c t i c 
t e a r e d 
m i r r o r 
r e l i c s 
_ _ _ _ _ _ _ _ 
_ _ _ _ 

0
Before
n+++++
r+++++
e+++++
lg++lt
ci+duo
siiosp

h e c t i c 
t e a r e d 
m i r r o r 
_ _ _ _ _ _ 
_ _ _ _ _ _ _ _ 
_ _ _ _ 

After
n+++++
r+++++
e+++++
lg++lt
ci+duo
siiosp

h e c t i c 
t e a r e d 
m i r r o r 
_ _ _ _ _ _ 
_ _ _ _ _ _ _ _ 
_ _ _ _ 

1
Before
++++++
++++++
++++++
++++lt
+g+duo
niiosp

h e c t i c 
t e a r e d 
m i r r o r 
r e l i c s 
_ _ _ _ _ _ _ _ 
_ _ _ _ 

After
++++++
++++++
++++++
++++lt
+g+duo
niiosp

h e c t i c 
t e a r e d 
m i r r o r 
r e l i c s 
_ _ _ _ _ _ _ _ 
_ _ _ _ 

0
Before
n+++++
r+++++
e+++++
l++dlt
cg+iuo
siiosp

h e c t i c 
t e a r e d 
m i r r o r 
_ _ _ _ _ _ 
_ _ _ _ _ _ _ _ 
_ _ _ _ 

After
n+++++
r+++++
e+++++
l++dlt
cg+iuo
siiosp

h e c t i c 
t e a r e d 
m i r r o r 
_ _ _ _ _ _ 
_ _ _ _ _ _ _ _ 
_ _ _ _ 

0
Before
n+++++
r+++++
e+++++
l++dlt
cg+iuo
siiosp

h e c t i c 
t e a r e d 
m i r r o r 
_ _ _ _ _ _ 
_ _ _ _ _ _ _ _ 
_ _ _ _ 

After
n+++++
r+++++
e+++++
l++dlt
cg+iuo
siiosp

h e c t i c 
t e a r e d 
m i r r o r 
_ _ _ _ _ _ 
_ _ _ _ _ _ _ _ 
_ _ _ _ 

0
Before
n+++++
r+++++
e+++++
l++dlt
cg+iuo
siiosp

h e c t i c 
t e a r e d 
m i r r o r 
_ _ _ _ _ _ 
_ _ _ _ _ _ _ _ 
_ _ _ _ 

After
n+++++
r+++++
e+++++
l++dlt
cg+iuo
siiosp

h e c t i c 
t e a r e d 
m i r r o r 
_ _ _ _ _ _ 
_ _ _ _ _ _ _ _ 
_ _ _ _ 

0
Before
n+++++
r+++++
e+++++
l++dlt
cg+iuo
siiosp

h e c t i c 
t e a r e d 
m i r r o r 
_ _ _ _ _ _ 
_ _ _ _ _ _ _ _ 
_ _ _ _ 

After
n+++++
r+++++
e+++++
l++dlt
cg+iuo
siiosp

h e c t i c 
t e a r e d 
m i r r o r 
_ _ _ _ _ _ 
_ _ _ _ _ _ _ _ 
_ _ _ _ 

0
Before
n+++++
r+++++
e+++++
lg+dlt
ci+iuo
si+osp

h e c t i c 
t e a r e d 
m i r r o r 
_ _ _ _ _ _ 
_ _ _ _ _ _ _ _ 
_ _ _ _ 

After
n+++++
r+++++
e+++++
lg+dlt
ci+iuo
si+osp

h e c t i c 
t e a r e d 
m i r r o r 
_ _ _ _ _ _ 
_ _ _ _ _ _ _ _ 
_ _ _ _ 

1
Before
++++++
++++++
++++++
+++dlt
+g+iuo
ni+osp

h e c t i c 
t e a r e d 
m i r r o r 
r e l i c s 
_ _ _ _ _ _ _ _ 
_ _ _ _ 

After
++++++
++++++
++++++
+++dlt
+g+iuo
ni+osp

h e c t i c 
t e a r e d 
m i r r o r 
r e l i c s 
_ _ _ _ _ _ _ _ 
_ _ _ _ 

0
Before
n+++++
r+++++
e+++++
lg+dlt
ci+iuo
si+osp

h e c t i c 
t e a r e d 
m i r r o r 
_ _ _ _ _ _ 
_ _ _ _ _ _ _ _ 
_ _ _ _ 

After
n+++++
r+++++
e+++++
lg+dlt
ci+iuo
si+osp

h e c t i c 
t e a r e d 
m i r r o r 
_ _ _ _ _ _ 
_ _ _ _ _ _ _ _ 
_ _ _ _ 

1
Before
++++++
++++++
++++++
+++dlt
+g+iuo
ni+osp

h e c t i c 
t e a r e d 
m i r r o r 
r e l i c s 
_ _ _ _ _ _ _ _ 
_ _ _ _ 

After
++++++
++++++
++++++
+++dlt
+g+iuo
ni+osp

h e c t i c 
t e a r e d 
m i r r o r 
r e l i c s 
_ _ _ _ _ _ _ _ 
_ _ _ _ 

0
Before
n+++++
r+++++
e+++++
lg+dlt
ci+iuo
si+osp

h e c t i c 
t e a r e d 
m i r r o r 
_ _ _ _ _ _ 
_ _ _ _ _ _ _ _ 
_ _ _ _ 

After
n+++++
r+++++
e+++++
lg+dlt
ci+iuo
si+osp

h e c t i c 
t e a r e d 
m i r r o r 
_ _ _ _ _ _ 
_ _ _ _ _ _ _ _ 
_ _ _ _ 

1
Before
++++++
++++++
++++++
+++dlt
+g+iuo
ni+osp

h e c t i c 
t e a r e d 
m i r r o r 
r e l i c s 
_ _ _ _ _ _ _ _ 
_ _ _ _ 

After
++++++
++++++
++++++
+++dlt
+g+iuo
ni+osp

h e c t i c 
t e a r e d 
m i r r o r 
r e l i c s 
_ _ _ _ _ _ _ _ 
_ _ _ _ 

0
Before
n+++++
r+++++
e+++++
lg+dlt
ci+iuo
si+osp

h e c t i c 
t e a r e d 
m i r r o r 
_ _ _ _ _ _ 
_ _ _ _ _ _ _ _ 
_ _ _ _ 

After
n+++++
r+++++
e+++++
lg+dlt
ci+iuo
si+osp

h e c t i c 
t e a r e d 
m i r r o r 
_ _ _ _ _ _ 
_ _ _ _ _ _ _ _ 
_ _ _ _ 

1
Before
++++++
++++++
++++++
+++dlt
+g+iuo
ni+osp

h e c t i c 
t e a r e d 
m i r r o r 
r e l i c s 
_ _ _ _ _ _ _ _ 
_ _ _ _ 

After
++++++
++++++
++++++
+++dlt
+g+iuo
ni+osp

h e c t i c 
t e a r e d 
m i r r o r 
r e l i c s 
_ _ _ _ _ _ _ _ 
_ _ _ _ 

0
Before
++++++
n+++++
rg++++
ero++t
lrid+o
cimolp

h e c t i c 
t e a r e d 
s i r i u s 
_ _ _ _ _ _ 
_ _ _ _ _ _ _ _ 
_ _ _ _ 

After
++++++
n+++++
rg++++
ero++t
lrid+o
cimolp

h e c t i c 
t e a r e d 
s i r i u s 
_ _ _ _ _ _ 
_ _ _ _ _ _ _ _ 
_ _ _ _ 

0
Before
++++++
++++++
++++++
ngodlt
rrriuo
criosp

h e c t i c 
t e a r e d 
s i m i l e 
_ _ _ _ _ _ 
_ _ _ _ _ _ _ _ 
_ _ _ _ 

After
++++++
++++++
++++++
ngodlt
rrriuo
criosp

h e c t i c 
t e a r e d 
s i m i l e 
_ _ _ _ _ _ 
_ _ _ _ _ _ _ _ 
_ _ _ _ 

2
Before
++++++
++++++
++++++
ng+++t
rrr++o
cri+lp

h e c t i c 
t e a r e d 
s i m i l e 
o d i o u s 
_ _ _ _ _ _ _ _ 
_ _ _ _ 

After
++++++
++++++
++++++
ng+++t
rrr++o
cri+lp

h e c t i c 
t e a r e d 
s i m i l e 
o d i o u s 
_ _ _ _ _ _ _ _ 
_ _ _ _ 

0
Before
++++++
++++++
++++++
n+++++
rrod+t
criilo

h e c t i c 
t e a r e d 
s i m i l e 
g r o u p s 
_ _ _ _ _ _ _ _ 
_ _ _ _ 

After
++++++
++++++
++++++
n+++++
rrod+t
criilo

h e c t i c 
t e a r e d 
s i m i l e 
g r o u p s 
_ _ _ _ _ _ _ _ 
_ _ _ _ 

0
Before
++++++
++++++
++o+++
+grdlt
nriiuo
rimosp

h e c t i c 
t e a r e d 
r e l i c s 
_ _ _ _ _ _ 
_ _ _ _ _ _ _ _ 
_ _ _ _ 

After
++++++
++++++
++o+++
+grdlt
nriiuo
rimosp

h e c t i c 
t e a r e d 
r e l i c s 
_ _ _ _ _ _ 
_ _ _ _ _ _ _ _ 
_ _ _ _ 

5
Before
++++++
++++++
++++++
++o+lt
++i+uo
rrmosp

h e c t i c 
t e a r e d 
r e l i c s 
i n g r i d 
_ _ _ _ _ _ _ _ 
_ _ _ _ 

After
++++++
++++++
++++++
++o+lt
++i+uo
rrmosp

h e c t i c 
t e a r e d 
r e l i c s 
i n g r i d 
_ _ _ _ _ _ _ _ 
_ _ _ _ 

0
Before
++++++
++++++
++++++
++++lt
++oiuo
rrmosp

h e c t i c 
t e a r e d 
r e l i c s 
i n g r i d 
_ _ _ _ _ _ _ _ 
_ _ _ _ 

After
++++++
++++++
++++++
++++lt
++oiuo
rrmosp

h e c t i c 
t e a r e d 
r e l i c s 
i n g r i d 
_ _ _ _ _ _ _ _ 
_ _ _ _ 

0
Before
++++++
++++++
++++++
++o+lt
++riuo
r+mosp

h e c t i c 
t e a r e d 
r e l i c s 
i n g r i d 
_ _ _ _ _ _ _ _ 
_ _ _ _ 

After
++++++
++++++
++++++
++o+lt
++riuo
r+mosp

h e c t i c 
t e a r e d 
r e l i c s 
i n g r i d 
_ _ _ _ _ _ _ _ 
_ _ _ _ 

0
Before
++++++
++++++
++++++
+g+++t
nrr++o
rimilp

h e c t i c 
t e a r e d 
r e l i c s 
o d i o u s 
_ _ _ _ _ _ _ _ 
_ _ _ _ 

After
++++++
++++++
++++++
+g+++t
nrr++o
rimilp

h e c t i c 
t e a r e d 
r e l i c s 
o d i o u s 
_ _ _ _ _ _ _ _ 
_ _ _ _ 

0
Before
++++++
++++++
++++++
+gr++t
nri++o
rim+lp

h e c t i c 
t e a r e d 
r e l i c s 
o d i o u s 
_ _ _ _ _ _ _ _ 
_ _ _ _ 

After
++++++
++++++
++++++
+gr++t
nri++o
rim+lp

h e c t i c 
t e a r e d 
r e l i c s 
o d i o u s 
_ _ _ _ _ _ _ _ 
_ _ _ _ 

0
Before
n+++++
rg++++
er++++
lr+++t
cir++o
similp

h e c t i c 
t e a r e d 
o d i o u s 
_ _ _ _ _ _ 
_ _ _ _ _ _ _ _ 
_ _ _ _ 

After
n+++++
rg++++
er++++
lr+++t
cir++o
similp

h e c t i c 
t e a r e d 
o d i o u s 
_ _ _ _ _ _ 
_ _ _ _ _ _ _ _ 
_ _ _ _ 

4
Before
++++++
++++++
++++++
ng+++t
rr+++o
crrilp

h e c t i c 
t e a r e d 
o d i o u s 
s i m i l e 
_ _ _ _ _ _ _ _ 
_ _ _ _ 

After
++++++
++++++
++++++
ng+++t
rr+++o
crrilp

h e c t i c 
t e a r e d 
o d i o u s 
s i m i l e 
_ _ _ _ _ _ _ _ 
_ _ _ _ 

0
Before
++++++
++++++
++++++
+g+++t
nrr++o
rimilp

h e c t i c 
t e a r e d 
o d i o u s 
r e l i c s 
_ _ _ _ _ _ _ _ 
_ _ _ _ 

After
++++++
++++++
++++++
+g+++t
nrr++o
rimilp

h e c t i c 
t e a r e d 
o d i o u s 
r e l i c s 
_ _ _ _ _ _ _ _ 
_ _ _ _ 

0
Before
++++++
++++++
++++++
+g+++t
nrr++o
rimilp

h e c t i c 
t e a r e d 
o d i o u s 
r e l i c s 
_ _ _ _ _ _ _ _ 
_ _ _ _ 

After
++++++
++++++
++++++
+g+++t
nrr++o
rimilp

h e c t i c 
t e a r e d 
o d i o u s 
r e l i c s 
_ _ _ _ _ _ _ _ 
_ _ _ _ 

0
Before
++++++
++++++
+g++++
+r+++t
+rr++o
nimilp

h e c t i c 
t e a r e d 
o d i o u s 
r e l i c s 
_ _ _ _ _ _ _ _ 
_ _ _ _ 

After
++++++
++++++
+g++++
+r+++t
+rr++o
nimilp

h e c t i c 
t e a r e d 
o d i o u s 
r e l i c s 
_ _ _ _ _ _ _ _ 
_ _ _ _ 

0
Before
n+++++
rg++++
er++++
lrr++t
cii++o
sim+lp

h e c t i c 
t e a r e d 
o d i o u s 
_ _ _ _ _ _ 
_ _ _ _ _ _ _ _ 
_ _ _ _ 

After
n+++++
rg++++
er++++
lrr++t
cii++o
sim+lp

h e c t i c 
t e a r e d 
o d i o u s 
_ _ _ _ _ _ 
_ _ _ _ _ _ _ _ 
_ _ _ _ 

4
Before
++++++
++++++
++++++
ng+++t
rrr++o
cri+lp

h e c t i c 
t e a r e d 
o d i o u s 
s i m i l e 
_ _ _ _ _ _ _ _ 
_ _ _ _ 

After
++++++
++++++
++++++
ng+++t
rrr++o
cri+lp

h e c t i c 
t e a r e d 
o d i o u s 
s i m i l e 
_ _ _ _ _ _ _ _ 
_ _ _ _ 

0
Before
++++++
++++++
++++++
+gr++t
nri++o
rim+lp

h e c t i c 
t e a r e d 
o d i o u s 
r e l i c s 
_ _ _ _ _ _ _ _ 
_ _ _ _ 

After
++++++
++++++
++++++
+gr++t
nri++o
rim+lp

h e c t i c 
t e a r e d 
o d i o u s 
r e l i c s 
_ _ _ _ _ _ _ _ 
_ _ _ _ 

0
Before
++++++
++++++
++++++
+gr++t
nri++o
rim+lp

h e c t i c 
t e a r e d 
o d i o u s 
r e l i c s 
_ _ _ _ _ _ _ _ 
_ _ _ _ 

After
++++++
++++++
++++++
+gr++t
nri++o
rim+lp

h e c t i c 
t e a r e d 
o d i o u s 
r e l i c s 
_ _ _ _ _ _ _ _ 
_ _ _ _ 

0
Before
++++++
++++++
+g++++
+rr++t
+ri++o
nim+lp

h e c t i c 
t e a r e d 
o d i o u s 
r e l i c s 
_ _ _ _ _ _ _ _ 
_ _ _ _ 

After
++++++
++++++
+g++++
+rr++t
+ri++o
nim+lp

h e c t i c 
t e a r e d 
o d i o u s 
r e l i c s 
_ _ _ _ _ _ _ _ 
_ _ _ _ 

0
Before
++++++
++++++
++o+++
+grdlt
nriiuo
rimosp

h e c t i c 
t e a r e d 
r e l i c s 
_ _ _ _ _ _ 
_ _ _ _ _ _ _ _ 
_ _ _ _ 

After
++++++
++++++
++o+++
+grdlt
nriiuo
rimosp

h e c t i c 
t e a r e d 
r e l i c s 
_ _ _ _ _ _ 
_ _ _ _ _ _ _ _ 
_ _ _ _ 

5
Before
++++++
++++++
++++++
++o+lt
++i+uo
rrmosp

h e c t i c 
t e a r e d 
r e l i c s 
i n g r i d 
_ _ _ _ _ _ _ _ 
_ _ _ _ 

After
++++++
++++++
++++++
++o+lt
++i+uo
rrmosp

h e c t i c 
t e a r e d 
r e l i c s 
i n g r i d 
_ _ _ _ _ _ _ _ 
_ _ _ _ 

0
Before
++++++
++++++
++++++
++++lt
++oiuo
rrmosp

h e c t i c 
t e a r e d 
r e l i c s 
i n g r i d 
_ _ _ _ _ _ _ _ 
_ _ _ _ 

After
++++++
++++++
++++++
++++lt
++oiuo
rrmosp

h e c t i c 
t e a r e d 
r e l i c s 
i n g r i d 
_ _ _ _ _ _ _ _ 
_ _ _ _ 

0
Before
++++++
++++++
++++++
++o+lt
++riuo
r+mosp

h e c t i c 
t e a r e d 
r e l i c s 
i n g r i d 
_ _ _ _ _ _ _ _ 
_ _ _ _ 

After
++++++
++++++
++++++
++o+lt
++riuo
r+mosp

h e c t i c 
t e a r e d 
r e l i c s 
i n g r i d 
_ _ _ _ _ _ _ _ 
_ _ _ _ 

0
Before
++++++
++++++
++++++
+g+++t
nrr++o
rimilp

h e c t i c 
t e a r e d 
r e l i c s 
o d i o u s 
_ _ _ _ _ _ _ _ 
_ _ _ _ 

After
++++++
++++++
++++++
+g+++t
nrr++o
rimilp

h e c t i c 
t e a r e d 
r e l i c s 
o d i o u s 
_ _ _ _ _ _ _ _ 
_ _ _ _ 

0
Before
++++++
++++++
++++++
+gr++t
nri++o
rim+lp

h e c t i c 
t e a r e d 
r e l i c s 
o d i o u s 
_ _ _ _ _ _ _ _ 
_ _ _ _ 

After
++++++
++++++
++++++
+gr++t
nri++o
rim+lp

h e c t i c 
t e a r e d 
r e l i c s 
o d i o u s 
_ _ _ _ _ _ _ _ 
_ _ _ _ 

0
Before
++++++
++++++
+go+++
+rrdlt
+riiuo
nimosp

h e c t i c 
t e a r e d 
r e l i c s 
_ _ _ _ _ _ 
_ _ _ _ _ _ _ _ 
_ _ _ _ 

After
++++++
++++++
+go+++
+rrdlt
+riiuo
nimosp

h e c t i c 
t e a r e d 
r e l i c s 
_ _ _ _ _ _ 
_ _ _ _ _ _ _ _ 
_ _ _ _ 

6
Before
++++++
++++++
++++++
+++dlt
+++iuo
ngiosp

h e c t i c 
t e a r e d 
r e l i c s 
m i r r o r 
_ _ _ _ _ _ _ _ 
_ _ _ _ 

After
++++++
++++++
++++++
+++dlt
+++iuo
ngiosp

h e c t i c 
t e a r e d 
r e l i c s 
m i r r o r 
_ _ _ _ _ _ _ _ 
_ _ _ _ 

0
Before
++++++
++++++
++++++
+++dlt
+++iuo
ngiosp

h e c t i c 
t e a r e d 
r e l i c s 
m i r r o r 
_ _ _ _ _ _ _ _ 
_ _ _ _ 

After
++++++
++++++
++++++
+++dlt
+++iuo
ngiosp

h e c t i c 
t e a r e d 
r e l i c s 
m i r r o r 
_ _ _ _ _ _ _ _ 
_ _ _ _ 

0
Before
++++++
++++++
++++++
+++dlt
+g+iuo
ni+osp

h e c t i c 
t e a r e d 
r e l i c s 
m i r r o r 
_ _ _ _ _ _ _ _ 
_ _ _ _ 

After
++++++
++++++
++++++
+++dlt
+g+iuo
ni+osp

h e c t i c 
t e a r e d 
r e l i c s 
m i r r o r 
_ _ _ _ _ _ _ _ 
_ _ _ _ 

0
Before
++++++
++++++
++++++
+++dlt
+g+iuo
ni+osp

h e c t i c 
t e a r e d 
r e l i c s 
m i r r o r 
_ _ _ _ _ _ _ _ 
_ _ _ _ 

After
++++++
++++++
++++++
+++dlt
+g+iuo
ni+osp

h e c t i c 
t e a r e d 
r e l i c s 
m i r r o r 
_ _ _ _ _ _ _ _ 
_ _ _ _ 

0
Before
++++++
++++++
+g++++
+r+++t
+rr++o
nimilp

h e c t i c 
t e a r e d 
r e l i c s 
o d i o u s 
_ _ _ _ _ _ _ _ 
_ _ _ _ 

After
++++++
++++++
+g++++
+r+++t
+rr++o
nimilp

h e c t i c 
t e a r e d 
r e l i c s 
o d i o u s 
_ _ _ _ _ _ _ _ 
_ _ _ _ 

0
Before
++++++
++++++
+g++++
+rr++t
+ri++o
nim+lp

h e c t i c 
t e a r e d 
r e l i c s 
o d i o u s 
_ _ _ _ _ _ _ _ 
_ _ _ _ 

After
++++++
++++++
+g++++
+rr++t
+ri++o
nim+lp

h e c t i c 
t e a r e d 
r e l i c s 
o d i o u s 
_ _ _ _ _ _ _ _ 
_ _ _ _ 

0
Before
n+++++
rg++e+
erodr+
lrrdl+
ciiiu+
simos+

h e c t i c 
t e a p o t 
_ _ _ _ _ _ 
_ _ _ _ _ _ 
_ _ _ _ _ _ _ _ 
_ _ _ _ 

After
n+++++
rg++e+
erodr+
lrrdl+
ciiiu+
simos+

h e c t i c 
t e a p o t 
_ _ _ _ _ _ 
_ _ _ _ _ _ 
_ _ _ _ _ _ _ _ 
_ _ _ _ 

19
Before
++++++
++++++
ng++e+
rrodr+
crrdl+
siiou+

h e c t i c 
t e a p o t 
s i m i l e 
_ _ _ _ _ _ 
_ _ _ _ _ _ _ _ 
_ _ _ _ 

After
++++++
++++++
ng++e+
rrodr+
crrdl+
siiou+

h e c t i c 
t e a p o t 
s i m i l e 
_ _ _ _ _ _ 
_ _ _ _ _ _ _ _ 
_ _ _ _ 

0
Before
n+++++
rg++++
er++++
lro+++
cirdu+
siios+

h e c t i c 
t e a p o t 
m i l d e r 
_ _ _ _ _ _ 
_ _ _ _ _ _ _ _ 
_ _ _ _ 

After
n+++++
rg++++
er++++
lro+++
cirdu+
siios+

h e c t i c 
t e a p o t 
m i l d e r 
_ _ _ _ _ _ 
_ _ _ _ _ _ _ _ 
_ _ _ _ 

5
Before
++++++
++++++
ng++++
rr++++
cio+++
siidu+

h e c t i c 
t e a p o t 
m i l d e r 
s o r r e l 
_ _ _ _ _ _ _ _ 
_ _ _ _ 

After
++++++
++++++
ng++++
rr++++
cio+++
siidu+

h e c t i c 
t e a p o t 
m i l d e r 
s o r r e l 
_ _ _ _ _ _ _ _ 
_ _ _ _ 

0
Before
n+++++
rg++++
er++++
lr++++
ci++++
sir+++

h e c t i c 
t e a p o t 
m i l d e r 
o d i o u s 
_ _ _ _ _ _ _ _ 
_ _ _ _ 

After
n+++++
rg++++
er++++
lr++++
ci++++
sir+++

h e c t i c 
t e a p o t 
m i l d e r 
o d i o u s 
_ _ _ _ _ _ _ _ 
_ _ _ _ 

0
Before
++++++
++++++
++++++
+go+++
nrrdu+
riios+

h e c t i c 
t e a p o t 
m i l d e r 
r e l i c s 
_ _ _ _ _ _ _ _ 
_ _ _ _ 

After
++++++
++++++
++++++
+go+++
nrrdu+
riios+

h e c t i c 
t e a p o t 
m i l d e r 
r e l i c s 
_ _ _ _ _ _ _ _ 
_ _ _ _ 

0
Before
++++++
++++++
++++++
+go+++
nrrdu+
riios+

h e c t i c 
t e a p o t 
m i l d e r 
r e l i c s 
_ _ _ _ _ _ _ _ 
_ _ _ _ 

After
++++++
++++++
++++++
+go+++
nrrdu+
riios+

h e c t i c 
t e a p o t 
m i l d e r 
r e l i c s 
_ _ _ _ _ _ _ _ 
_ _ _ _ 

0
Before
++++++
++++++
+g++++
+ro+++
+rrdu+
niios+

h e c t i c 
t e a p o t 
m i l d e r 
r e l i c s 
_ _ _ _ _ _ _ _ 
_ _ _ _ 

After
++++++
++++++
+g++++
+ro+++
+rrdu+
niios+

h e c t i c 
t e a p o t 
m i l d e r 
r e l i c s 
_ _ _ _ _ _ _ _ 
_ _ _ _ 

0
Before
n+++++
r+++e+
e+++r+
lg+dl+
ci+du+
siios+

h e c t i c 
t e a p o t 
m i r r o r 
_ _ _ _ _ _ 
_ _ _ _ _ _ _ _ 
_ _ _ _ 

After
n+++++
r+++e+
e+++r+
lg+dl+
ci+du+
siios+

h e c t i c 
t e a p o t 
m i r r o r 
_ _ _ _ _ _ 
_ _ _ _ _ _ _ _ 
_ _ _ _ 

1
Before
++++++
++++e+
++++r+
+++dl+
+g+du+
niios+

h e c t i c 
t e a p o t 
m i r r o r 
r e l i c s 
_ _ _ _ _ _ _ _ 
_ _ _ _ 

After
++++++
++++e+
++++r+
+++dl+
+g+du+
niios+

h e c t i c 
t e a p o t 
m i r r o r 
r e l i c s 
_ _ _ _ _ _ _ _ 
_ _ _ _ 

0
Before
n+++++
r+++e+
e+++r+
lg+dl+
ci+du+
siios+

h e c t i c 
t e a p o t 
m i r r o r 
_ _ _ _ _ _ 
_ _ _ _ _ _ _ _ 
_ _ _ _ 

After
n+++++
r+++e+
e+++r+
lg+dl+
ci+du+
siios+

h e c t i c 
t e a p o t 
m i r r o r 
_ _ _ _ _ _ 
_ _ _ _ _ _ _ _ 
_ _ _ _ 

1
Before
++++++
++++e+
++++r+
+++dl+
+g+du+
niios+

h e c t i c 
t e a p o t 
m i r r o r 
r e l i c s 
_ _ _ _ _ _ _ _ 
_ _ _ _ 

After
++++++
++++e+
++++r+
+++dl+
+g+du+
niios+

h e c t i c 
t e a p o t 
m i r r o r 
r e l i c s 
_ _ _ _ _ _ _ _ 
_ _ _ _ 

0
Before
n+++++
r+++e+
e++dr+
l++dl+
cg+iu+
siios+

h e c t i c 
t e a p o t 
m i r r o r 
_ _ _ _ _ _ 
_ _ _ _ _ _ _ _ 
_ _ _ _ 

After
n+++++
r+++e+
e++dr+
l++dl+
cg+iu+
siios+

h e c t i c 
t e a p o t 
m i r r o r 
_ _ _ _ _ _ 
_ _ _ _ _ _ _ _ 
_ _ _ _ 

0
Before
n+++++
r+++e+
e++dr+
l++dl+
cg+iu+
siios+

h e c t i c 
t e a p o t 
m i r r o r 
_ _ _ _ _ _ 
_ _ _ _ _ _ _ _ 
_ _ _ _ 

After
n+++++
r+++e+
e++dr+
l++dl+
cg+iu+
siios+

h e c t i c 
t e a p o t 
m i r r o r 
_ _ _ _ _ _ 
_ _ _ _ _ _ _ _ 
_ _ _ _ 

0
Before
n+++++
r+++e+
e++dr+
l++dl+
cg+iu+
siios+

h e c t i c 
t e a p o t 
m i r r o r 
_ _ _ _ _ _ 
_ _ _ _ _ _ _ _ 
_ _ _ _ 

After
n+++++
r+++e+
e++dr+
l++dl+
cg+iu+
siios+

h e c t i c 
t e a p o t 
m i r r o r 
_ _ _ _ _ _ 
_ _ _ _ _ _ _ _ 
_ _ _ _ 

0
Before
n+++++
r+++e+
e++dr+
l++dl+
cg+iu+
siios+

h e c t i c 
t e a p o t 
m i r r o r 
_ _ _ _ _ _ 
_ _ _ _ _ _ _ _ 
_ _ _ _ 

After
n+++++
r+++e+
e++dr+
l++dl+
cg+iu+
siios+

h e c t i c 
t e a p o t 
m i r r o r 
_ _ _ _ _ _ 
_ _ _ _ _ _ _ _ 
_ _ _ _ 

0
Before
n+++++
r+++e+
e++dr+
lg+dl+
ci+iu+
si+os+

h e c t i c 
t e a p o t 
m i r r o r 
_ _ _ _ _ _ 
_ _ _ _ _ _ _ _ 
_ _ _ _ 

After
n+++++
r+++e+
e++dr+
lg+dl+
ci+iu+
si+os+

h e c t i c 
t e a p o t 
m i r r o r 
_ _ _ _ _ _ 
_ _ _ _ _ _ _ _ 
_ _ _ _ 

1
Before
++++++
++++e+
+++dr+
+++dl+
+g+iu+
ni+os+

h e c t i c 
t e a p o t 
m i r r o r 
r e l i c s 
_ _ _ _ _ _ _ _ 
_ _ _ _ 

After
++++++
++++e+
+++dr+
+++dl+
+g+iu+
ni+os+

h e c t i c 
t e a p o t 
m i r r o r 
r e l i c s 
_ _ _ _ _ _ _ _ 
_ _ _ _ 

0
Before
n+++++
r+++e+
e++dr+
lg+dl+
ci+iu+
si+os+

h e c t i c 
t e a p o t 
m i r r o r 
_ _ _ _ _ _ 
_ _ _ _ _ _ _ _ 
_ _ _ _ 

After
n+++++
r+++e+
e++dr+
lg+dl+
ci+iu+
si+os+

h e c t i c 
t e a p o t 
m i r r o r 
_ _ _ _ _ _ 
_ _ _ _ _ _ _ _ 
_ _ _ _ 

1
Before
++++++
++++e+
+++dr+
+++dl+
+g+iu+
ni+os+

h e c t i c 
t e a p o t 
m i r r o r 
r e l i c s 
_ _ _ _ _ _ _ _ 
_ _ _ _ 

After
++++++
++++e+
+++dr+
+++dl+
+g+iu+
ni+os+

h e c t i c 
t e a p o t 
m i r r o r 
r e l i c s 
_ _ _ _ _ _ _ _ 
_ _ _ _ 

0
Before
n+++++
r+++e+
e++dr+
lg+dl+
ci+iu+
si+os+

h e c t i c 
t e a p o t 
m i r r o r 
_ _ _ _ _ _ 
_ _ _ _ _ _ _ _ 
_ _ _ _ 

After
n+++++
r+++e+
e++dr+
lg+dl+
ci+iu+
si+os+

h e c t i c 
t e a p o t 
m i r r o r 
_ _ _ _ _ _ 
_ _ _ _ _ _ _ _ 
_ _ _ _ 

1
Before
++++++
++++e+
+++dr+
+++dl+
+g+iu+
ni+os+

h e c t i c 
t e a p o t 
m i r r o r 
r e l i c s 
_ _ _ _ _ _ _ _ 
_ _ _ _ 

After
++++++
++++e+
+++dr+
+++dl+
+g+iu+
ni+os+

h e c t i c 
t e a p o t 
m i r r o r 
r e l i c s 
_ _ _ _ _ _ _ _ 
_ _ _ _ 

0
Before
n+++++
r+++e+
e++dr+
lg+dl+
ci+iu+
si+os+

h e c t i c 
t e a p o t 
m i r r o r 
_ _ _ _ _ _ 
_ _ _ _ _ _ _ _ 
_ _ _ _ 

After
n+++++
r+++e+
e++dr+
lg+dl+
ci+iu+
si+os+

h e c t i c 
t e a p o t 
m i r r o r 
_ _ _ _ _ _ 
_ _ _ _ _ _ _ _ 
_ _ _ _ 

1
Before
++++++
++++e+
+++dr+
+++dl+
+g+iu+
ni+os+

h e c t i c 
t e a p o t 
m i r r o r 
r e l i c s 
_ _ _ _ _ _ _ _ 
_ _ _ _ 

After
++++++
++++e+
+++dr+
+++dl+
+g+iu+
ni+os+

h e c t i c 
t e a p o t 
m i r r o r 
r e l i c s 
_ _ _ _ _ _ _ _ 
_ _ _ _ 

0
Before
++++++
n+++++
rg++++
erode+
lridr+
cimol+

h e c t i c 
t e a p o t 
s i r i u s 
_ _ _ _ _ _ 
_ _ _ _ _ _ _ _ 
_ _ _ _ 

After
++++++
n+++++
rg++++
erode+
lridr+
cimol+

h e c t i c 
t e a p o t 
s i r i u s 
_ _ _ _ _ _ 
_ _ _ _ _ _ _ _ 
_ _ _ _ 

8
Before
++++++
n+++++
rg++++
ero+++
lri+++
cim+++

h e c t i c 
t e a p o t 
s i r i u s 
l o r d e d 
_ _ _ _ _ _ _ _ 
_ _ _ _ 

After
++++++
n+++++
rg++++
ero+++
lri+++
cim+++

h e c t i c 
t e a p o t 
s i r i u s 
l o r d e d 
_ _ _ _ _ _ _ _ 
_ _ _ _ 

0
Before
++++++
n+++++
rg++++
ero+++
lri+++
cim+++

h e c t i c 
t e a p o t 
s i r i u s 
l o r d e d 
_ _ _ _ _ _ _ _ 
_ _ _ _ 

After
++++++
n+++++
rg++++
ero+++
lri+++
cim+++

h e c t i c 
t e a p o t 
s i r i u s 
l o r d e d 
_ _ _ _ _ _ _ _ 
_ _ _ _ 

0
Before
++++++
n+++++
rg++++
er++++
lro+++
cii+r+

h e c t i c 
t e a p o t 
s i r i u s 
m o l d e d 
_ _ _ _ _ _ _ _ 
_ _ _ _ 

After
++++++
n+++++
rg++++
er++++
lro+++
cii+r+

h e c t i c 
t e a p o t 
s i r i u s 
m o l d e d 
_ _ _ _ _ _ _ _ 
_ _ _ _ 

0
Before
++++++
n+++++
rg++++
er++++
lro+++
ciid++

h e c t i c 
t e a p o t 
s i r i u s 
m o l d e r 
_ _ _ _ _ _ _ _ 
_ _ _ _ 

After
++++++
n+++++
rg++++
er++++
lro+++
ciid++

h e c t i c 
t e a p o t 
s i r i u s 
m o l d e r 
_ _ _ _ _ _ _ _ 
_ _ _ _ 

0
Before
++++++
++++++
n+++++
rg++++
lri+r+
cimol+

h e c t i c 
t e a p o t 
s i r i u s 
e r o d e d 
_ _ _ _ _ _ _ _ 
_ _ _ _ 

After
++++++
++++++
n+++++
rg++++
lri+r+
cimol+

h e c t i c 
t e a p o t 
s i r i u s 
e r o d e d 
_ _ _ _ _ _ _ _ 
_ _ _ _ 

0
Before
++++++
++++++
n+++++
rg++++
lri+r+
cimol+

h e c t i c 
t e a p o t 
s i r i u s 
e r o d e d 
_ _ _ _ _ _ _ _ 
_ _ _ _ 

After
++++++
++++++
n+++++
rg++++
lri+r+
cimol+

h e c t i c 
t e a p o t 
s i r i u s 
e r o d e d 
_ _ _ _ _ _ _ _ 
_ _ _ _ 

0
Before
++++++
++++++
n+++++
rg++++
lri+r+
cimol+

h e c t i c 
t e a p o t 
s i r i u s 
e r o d e d 
_ _ _ _ _ _ _ _ 
_ _ _ _ 

After
++++++
++++++
n+++++
rg++++
lri+r+
cimol+

h e c t i c 
t e a p o t 
s i r i u s 
e r o d e d 
_ _ _ _ _ _ _ _ 
_ _ _ _ 

0
Before
++++++
++++++
n+++++
rg++++
lri+r+
cimol+

h e c t i c 
t e a p o t 
s i r i u s 
e r o d e d 
_ _ _ _ _ _ _ _ 
_ _ _ _ 

After
++++++
++++++
n+++++
rg++++
lri+r+
cimol+

h e c t i c 
t e a p o t 
s i r i u s 
e r o d e d 
_ _ _ _ _ _ _ _ 
_ _ _ _ 

0
Before
++++++
++++e+
+++dr+
ngodl+
rrriu+
crios+

h e c t i c 
t e a p o t 
s i m i l e 
_ _ _ _ _ _ 
_ _ _ _ _ _ _ _ 
_ _ _ _ 

After
++++++
++++e+
+++dr+
ngodl+
rrriu+
crios+

h e c t i c 
t e a p o t 
s i m i l e 
_ _ _ _ _ _ 
_ _ _ _ _ _ _ _ 
_ _ _ _ 

1
Before
++++++
++++++
++++++
ng++e+
rrr+r+
cridl+

h e c t i c 
t e a p o t 
s i m i l e 
o d i o u s 
_ _ _ _ _ _ _ _ 
_ _ _ _ 

After
++++++
++++++
++++++
ng++e+
rrr+r+
cridl+

h e c t i c 
t e a p o t 
s i m i l e 
o d i o u s 
_ _ _ _ _ _ _ _ 
_ _ _ _ 

0
Before
++++++
++++e+
++odr+
+grdl+
nriiu+
rimos+

h e c t i c 
t e a p o t 
r e l i c s 
_ _ _ _ _ _ 
_ _ _ _ _ _ _ _ 
_ _ _ _ 

After
++++++
++++e+
++odr+
+grdl+
nriiu+
rimos+

h e c t i c 
t e a p o t 
r e l i c s 
_ _ _ _ _ _ 
_ _ _ _ _ _ _ _ 
_ _ _ _ 

7
Before
++++++
++++++
++++++
+go+++
nrrdu+
riios+

h e c t i c 
t e a p o t 
r e l i c s 
m i l d e r 
_ _ _ _ _ _ _ _ 
_ _ _ _ 

After
++++++
++++++
++++++
+go+++
nrrdu+
riios+

h e c t i c 
t e a p o t 
r e l i c s 
m i l d e r 
_ _ _ _ _ _ _ _ 
_ _ _ _ 

0
Before
++++++
++++e+
++++r+
++o+l+
++idu+
rrmos+

h e c t i c 
t e a p o t 
r e l i c s 
i n g r i d 
_ _ _ _ _ _ _ _ 
_ _ _ _ 

After
++++++
++++e+
++++r+
++o+l+
++idu+
rrmos+

h e c t i c 
t e a p o t 
r e l i c s 
i n g r i d 
_ _ _ _ _ _ _ _ 
_ _ _ _ 

0
Before
++++++
++++e+
++++r+
+++dl+
++oiu+
rrmos+

h e c t i c 
t e a p o t 
r e l i c s 
i n g r i d 
_ _ _ _ _ _ _ _ 
_ _ _ _ 

After
++++++
++++e+
++++r+
+++dl+
++oiu+
rrmos+

h e c t i c 
t e a p o t 
r e l i c s 
i n g r i d 
_ _ _ _ _ _ _ _ 
_ _ _ _ 

0
Before
++++++
++++e+
++++r+
++odl+
++riu+
r+mos+

h e c t i c 
t e a p o t 
r e l i c s 
i n g r i d 
_ _ _ _ _ _ _ _ 
_ _ _ _ 

After
++++++
++++e+
++++r+
++odl+
++riu+
r+mos+

h e c t i c 
t e a p o t 
r e l i c s 
i n g r i d 
_ _ _ _ _ _ _ _ 
_ _ _ _ 

0
Before
++++++
++++++
++++++
+++dl+
nroiu+
rimos+

h e c t i c 
t e a p o t 
r e l i c s 
g i r d e r 
_ _ _ _ _ _ _ _ 
_ _ _ _ 

After
++++++
++++++
++++++
+++dl+
nroiu+
rimos+

h e c t i c 
t e a p o t 
r e l i c s 
g i r d e r 
_ _ _ _ _ _ _ _ 
_ _ _ _ 

0
Before
++++++
++++++
++++++
+g++e+
nrrdr+
rimil+

h e c t i c 
t e a p o t 
r e l i c s 
o d i o u s 
_ _ _ _ _ _ _ _ 
_ _ _ _ 

After
++++++
++++++
++++++
+g++e+
nrrdr+
rimil+

h e c t i c 
t e a p o t 
r e l i c s 
o d i o u s 
_ _ _ _ _ _ _ _ 
_ _ _ _ 

0
Before
++++++
++++++
++++++
+gr+e+
nri+r+
rimdl+

h e c t i c 
t e a p o t 
r e l i c s 
o d i o u s 
_ _ _ _ _ _ _ _ 
_ _ _ _ 

After
++++++
++++++
++++++
+gr+e+
nri+r+
rimdl+

h e c t i c 
t e a p o t 
r e l i c s 
o d i o u s 
_ _ _ _ _ _ _ _ 
_ _ _ _ 

0
Before
n+++++
rg++++
er++++
lr++e+
cirdr+
simil+

h e c t i c 
t e a p o t 
o d i o u s 
_ _ _ _ _ _ 
_ _ _ _ _ _ _ _ 
_ _ _ _ 

After
n+++++
rg++++
er++++
lr++e+
cirdr+
simil+

h e c t i c 
t e a p o t 
o d i o u s 
_ _ _ _ _ _ 
_ _ _ _ _ _ _ _ 
_ _ _ _ 

5
Before
n+++++
rg++++
er++++
lr++++
ci++++
sir+++

h e c t i c 
t e a p o t 
o d i o u s 
m i l d e r 
_ _ _ _ _ _ _ _ 
_ _ _ _ 

After
n+++++
rg++++
er++++
lr++++
ci++++
sir+++

h e c t i c 
t e a p o t 
o d i o u s 
m i l d e r 
_ _ _ _ _ _ _ _ 
_ _ _ _ 

0
Before
++++++
++++++
++++++
ng++e+
rr+dr+
crril+

h e c t i c 
t e a p o t 
o d i o u s 
s i m i l e 
_ _ _ _ _ _ _ _ 
_ _ _ _ 

After
++++++
++++++
++++++
ng++e+
rr+dr+
crril+

h e c t i c 
t e a p o t 
o d i o u s 
s i m i l e 
_ _ _ _ _ _ _ _ 
_ _ _ _ 

0
Before
++++++
++++++
++++++
+g++e+
nrrdr+
rimil+

h e c t i c 
t e a p o t 
o d i o u s 
r e l i c s 
_ _ _ _ _ _ _ _ 
_ _ _ _ 

After
++++++
++++++
++++++
+g++e+
nrrdr+
rimil+

h e c t i c 
t e a p o t 
o d i o u s 
r e l i c s 
_ _ _ _ _ _ _ _ 
_ _ _ _ 

0
Before
++++++
++++++
++++++
+g++e+
nrrdr+
rimil+

h e c t i c 
t e a p o t 
o d i o u s 
r e l i c s 
_ _ _ _ _ _ _ _ 
_ _ _ _ 

After
++++++
++++++
++++++
+g++e+
nrrdr+
rimil+

h e c t i c 
t e a p o t 
o d i o u s 
r e l i c s 
_ _ _ _ _ _ _ _ 
_ _ _ _ 

0
Before
++++++
++++++
+g++++
+r++e+
+rrdr+
nimil+

h e c t i c 
t e a p o t 
o d i o u s 
r e l i c s 
_ _ _ _ _ _ _ _ 
_ _ _ _ 

After
++++++
++++++
+g++++
+r++e+
+rrdr+
nimil+

h e c t i c 
t e a p o t 
o d i o u s 
r e l i c s 
_ _ _ _ _ _ _ _ 
_ _ _ _ 

0
Before
n+++++
rg++++
er++++
lrr+e+
cii+r+
simdl+

h e c t i c 
t e a p o t 
o d i o u s 
_ _ _ _ _ _ 
_ _ _ _ _ _ _ _ 
_ _ _ _ 

After
n+++++
rg++++
er++++
lrr+e+
cii+r+
simdl+

h e c t i c 
t e a p o t 
o d i o u s 
_ _ _ _ _ _ 
_ _ _ _ _ _ _ _ 
_ _ _ _ 

4
Before
++++++
++++++
++++++
ng++e+
rrr+r+
cridl+

h e c t i c 
t e a p o t 
o d i o u s 
s i m i l e 
_ _ _ _ _ _ _ _ 
_ _ _ _ 

After
++++++
++++++
++++++
ng++e+
rrr+r+
cridl+

h e c t i c 
t e a p o t 
o d i o u s 
s i m i l e 
_ _ _ _ _ _ _ _ 
_ _ _ _ 

0
Before
++++++
++++++
++++++
+gr+e+
nri+r+
rimdl+

h e c t i c 
t e a p o t 
o d i o u s 
r e l i c s 
_ _ _ _ _ _ _ _ 
_ _ _ _ 

After
++++++
++++++
++++++
+gr+e+
nri+r+
rimdl+

h e c t i c 
t e a p o t 
o d i o u s 
r e l i c s 
_ _ _ _ _ _ _ _ 
_ _ _ _ 

0
Before
++++++
++++++
++++++
+gr+e+
nri+r+
rimdl+

h e c t i c 
t e a p o t 
o d i o u s 
r e l i c s 
_ _ _ _ _ _ _ _ 
_ _ _ _ 

After
++++++
++++++
++++++
+gr+e+
nri+r+
rimdl+

h e c t i c 
t e a p o t 
o d i o u s 
r e l i c s 
_ _ _ _ _ _ _ _ 
_ _ _ _ 

0
Before
++++++
++++++
+g++++
+rr+e+
+ri+r+
nimdl+

h e c t i c 
t e a p o t 
o d i o u s 
r e l i c s 
_ _ _ _ _ _ _ _ 
_ _ _ _ 

After
++++++
++++++
+g++++
+rr+e+
+ri+r+
nimdl+

h e c t i c 
t e a p o t 
o d i o u s 
r e l i c s 
_ _ _ _ _ _ _ _ 
_ _ _ _ 

0
Before
++++++
++++e+
++odr+
+grdl+
nriiu+
rimos+

h e c t i c 
t e a p o t 
r e l i c s 
_ _ _ _ _ _ 
_ _ _ _ _ _ _ _ 
_ _ _ _ 

After
++++++
++++e+
++odr+
+grdl+
nriiu+
rimos+

h e c t i c 
t e a p o t 
r e l i c s 
_ _ _ _ _ _ 
_ _ _ _ _ _ _ _ 
_ _ _ _ 

7
Before
++++++
++++++
++++++
+go+++
nrrdu+
riios+

h e c t i c 
t e a p o t 
r e l i c s 
m i l d e r 
_ _ _ _ _ _ _ _ 
_ _ _ _ 

After
++++++
++++++
++++++
+go+++
nrrdu+
riios+

h e c t i c 
t e a p o t 
r e l i c s 
m i l d e r 
_ _ _ _ _ _ _ _ 
_ _ _ _ 

0
Before
++++++
++++e+
++++r+
++o+l+
++idu+
rrmos+

h e c t i c 
t e a p o t 
r e l i c s 
i n g r i d 
_ _ _ _ _ _ _ _ 
_ _ _ _ 

After
++++++
++++e+
++++r+
++o+l+
++idu+
rrmos+

h e c t i c 
t e a p o t 
r e l i c s 
i n g r i d 
_ _ _ _ _ _ _ _ 
_ _ _ _ 

0
Before
++++++
++++e+
++++r+
+++dl+
++oiu+
rrmos+

h e c t i c 
t e a p o t 
r e l i c s 
i n g r i d 
_ _ _ _ _ _ _ _ 
_ _ _ _ 

After
++++++
++++e+
++++r+
+++dl+
++oiu+
rrmos+

h e c t i c 
t e a p o t 
r e l i c s 
i n g r i d 
_ _ _ _ _ _ _ _ 
_ _ _ _ 

0
Before
++++++
++++e+
++++r+
++odl+
++riu+
r+mos+

h e c t i c 
t e a p o t 
r e l i c s 
i n g r i d 
_ _ _ _ _ _ _ _ 
_ _ _ _ 

After
++++++
++++e+
++++r+
++odl+
++riu+
r+mos+

h e c t i c 
t e a p o t 
r e l i c s 
i n g r i d 
_ _ _ _ _ _ _ _ 
_ _ _ _ 

0
Before
++++++
++++++
++++++
+++dl+
nroiu+
rimos+

h e c t i c 
t e a p o t 
r e l i c s 
g i r d e r 
_ _ _ _ _ _ _ _ 
_ _ _ _ 

After
++++++
++++++
++++++
+++dl+
nroiu+
rimos+

h e c t i c 
t e a p o t 
r e l i c s 
g i r d e r 
_ _ _ _ _ _ _ _ 
_ _ _ _ 

0
Before
++++++
++++++
++++++
+g++e+
nrrdr+
rimil+

h e c t i c 
t e a p o t 
r e l i c s 
o d i o u s 
_ _ _ _ _ _ _ _ 
_ _ _ _ 

After
++++++
++++++
++++++
+g++e+
nrrdr+
rimil+

h e c t i c 
t e a p o t 
r e l i c s 
o d i o u s 
_ _ _ _ _ _ _ _ 
_ _ _ _ 

0
Before
++++++
++++++
++++++
+gr+e+
nri+r+
rimdl+

h e c t i c 
t e a p o t 
r e l i c s 
o d i o u s 
_ _ _ _ _ _ _ _ 
_ _ _ _ 

After
++++++
++++++
++++++
+gr+e+
nri+r+
rimdl+

h e c t i c 
t e a p o t 
r e l i c s 
o d i o u s 
_ _ _ _ _ _ _ _ 
_ _ _ _ 

0
Before
++++++
++++e+
+godr+
+rrdl+
+riiu+
nimos+

h e c t i c 
t e a p o t 
r e l i c s 
_ _ _ _ _ _ 
_ _ _ _ _ _ _ _ 
_ _ _ _ 

After
++++++
++++e+
+godr+
+rrdl+
+riiu+
nimos+

h e c t i c 
t e a p o t 
r e l i c s 
_ _ _ _ _ _ 
_ _ _ _ _ _ _ _ 
_ _ _ _ 

7
Before
++++++
++++++
+g++++
+ro+++
+rrdu+
niios+

h e c t i c 
t e a p o t 
r e l i c s 
m i l d e r 
_ _ _ _ _ _ _ _ 
_ _ _ _ 

After
++++++
++++++
+g++++
+ro+++
+rrdu+
niios+

h e c t i c 
t e a p o t 
r e l i c s 
m i l d e r 
_ _ _ _ _ _ _ _ 
_ _ _ _ 

0
Before
++++++
++++e+
+++dr+
+++dl+
+++iu+
ngios+

h e c t i c 
t e a p o t 
r e l i c s 
m i r r o r 
_ _ _ _ _ _ _ _ 
_ _ _ _ 

After
++++++
++++e+
+++dr+
+++dl+
+++iu+
ngios+

h e c t i c 
t e a p o t 
r e l i c s 
m i r r o r 
_ _ _ _ _ _ _ _ 
_ _ _ _ 

0
Before
++++++
++++e+
+++dr+
+++dl+
+++iu+
ngios+

h e c t i c 
t e a p o t 
r e l i c s 
m i r r o r 
_ _ _ _ _ _ _ _ 
_ _ _ _ 

After
++++++
++++e+
+++dr+
+++dl+
+++iu+
ngios+

h e c t i c 
t e a p o t 
r e l i c s 
m i r r o r 
_ _ _ _ _ _ _ _ 
_ _ _ _ 

0
Before
++++++
++++e+
+++dr+
+++dl+
+g+iu+
ni+os+

h e c t i c 
t e a p o t 
r e l i c s 
m i r r o r 
_ _ _ _ _ _ _ _ 
_ _ _ _ 

After
++++++
++++e+
+++dr+
+++dl+
+g+iu+
ni+os+

h e c t i c 
t e a p o t 
r e l i c s 
m i r r o r 
_ _ _ _ _ _ _ _ 
_ _ _ _ 

0
Before
++++++
++++e+
+++dr+
+++dl+
+g+iu+
ni+os+

h e c t i c 
t e a p o t 
r e l i c s 
m i r r o r 
_ _ _ _ _ _ _ _ 
_ _ _ _ 

After
++++++
++++e+
+++dr+
+++dl+
+g+iu+
ni+os+

h e c t i c 
t e a p o t 
r e l i c s 
m i r r o r 
_ _ _ _ _ _ _ _ 
_ _ _ _ 

0
Before
++++++
++++++
+g++++
+r++e+
+rrdr+
nimil+

h e c t i c 
t e a p o t 
r e l i c s 
o d i o u s 
_ _ _ _ _ _ _ _ 
_ _ _ _ 

After
++++++
++++++
+g++++
+r++e+
+rrdr+
nimil+

h e c t i c 
t e a p o t 
r e l i c s 
o d i o u s 
_ _ _ _ _ _ _ _ 
_ _ _ _ 

0
Before
++++++
++++++
+g++++
+rr+e+
+ri+r+
nimdl+

h e c t i c 
t e a p o t 
r e l i c s 
o d i o u s 
_ _ _ _ _ _ _ _ 
_ _ _ _ 

After
++++++
++++++
+g++++
+rr+e+
+ri+r+
nimdl+

h e c t i c 
t e a p o t 
r e l i c s 
o d i o u s 
_ _ _ _ _ _ _ _ 
_ _ _ _ 

0
Before
n+++++
rg++++
ero++t
lrrd+o
ciiilp
simout

h e c t i c 
s e a r e d 
_ _ _ _ _ _ 
_ _ _ _ _ _ 
_ _ _ _ _ _ _ _ 
_ _ _ _ 

After
n+++++
rg++++
ero++t
lrrd+o
ciiilp
simout

h e c t i c 
s e a r e d 
_ _ _ _ _ _ 
_ _ _ _ _ _ 
_ _ _ _ _ _ _ _ 
_ _ _ _ 

14
Before
n+++++
r+++++
e++++t
lg+++o
ci+dlp
siiout

h e c t i c 
s e a r e d 
m i r r o r 
_ _ _ _ _ _ 
_ _ _ _ _ _ _ _ 
_ _ _ _ 

After
n+++++
r+++++
e++++t
lg+++o
ci+dlp
siiout

h e c t i c 
s e a r e d 
m i r r o r 
_ _ _ _ _ _ 
_ _ _ _ _ _ _ _ 
_ _ _ _ 

1
Before
++++++
++++++
+++++t
+++++o
+g+dlp
niiout

h e c t i c 
s e a r e d 
m i r r o r 
r e l i c s 
_ _ _ _ _ _ _ _ 
_ _ _ _ 

After
++++++
++++++
+++++t
+++++o
+g+dlp
niiout

h e c t i c 
s e a r e d 
m i r r o r 
r e l i c s 
_ _ _ _ _ _ _ _ 
_ _ _ _ 

0
Before
n+++++
r+++++
e++++t
lg+++o
ci+dlp
siiout

h e c t i c 
s e a r e d 
m i r r o r 
_ _ _ _ _ _ 
_ _ _ _ _ _ _ _ 
_ _ _ _ 

After
n+++++
r+++++
e++++t
lg+++o
ci+dlp
siiout

h e c t i c 
s e a r e d 
m i r r o r 
_ _ _ _ _ _ 
_ _ _ _ _ _ _ _ 
_ _ _ _ 

1
Before
++++++
++++++
+++++t
+++++o
+g+dlp
niiout

h e c t i c 
s e a r e d 
m i r r o r 
r e l i c s 
_ _ _ _ _ _ _ _ 
_ _ _ _ 

After
++++++
++++++
+++++t
+++++o
+g+dlp
niiout

h e c t i c 
s e a r e d 
m i r r o r 
r e l i c s 
_ _ _ _ _ _ _ _ 
_ _ _ _ 

0
Before
n+++++
r+++++
e++++t
l++d+o
cg+ilp
siiout

h e c t i c 
s e a r e d 
m i r r o r 
_ _ _ _ _ _ 
_ _ _ _ _ _ _ _ 
_ _ _ _ 

After
n+++++
r+++++
e++++t
l++d+o
cg+ilp
siiout

h e c t i c 
s e a r e d 
m i r r o r 
_ _ _ _ _ _ 
_ _ _ _ _ _ _ _ 
_ _ _ _ 

0
Before
n+++++
r+++++
e++++t
l++d+o
cg+ilp
siiout

h e c t i c 
s e a r e d 
m i r r o r 
_ _ _ _ _ _ 
_ _ _ _ _ _ _ _ 
_ _ _ _ 

After
n+++++
r+++++
e++++t
l++d+o
cg+ilp
siiout

h e c t i c 
s e a r e d 
m i r r o r 
_ _ _ _ _ _ 
_ _ _ _ _ _ _ _ 
_ _ _ _ 

0
Before
n+++++
r+++++
e++++t
l++d+o
cg+ilp
siiout

h e c t i c 
s e a r e d 
m i r r o r 
_ _ _ _ _ _ 
_ _ _ _ _ _ _ _ 
_ _ _ _ 

After
n+++++
r+++++
e++++t
l++d+o
cg+ilp
siiout

h e c t i c 
s e a r e d 
m i r r o r 
_ _ _ _ _ _ 
_ _ _ _ _ _ _ _ 
_ _ _ _ 

0
Before
n+++++
r+++++
e++++t
l++d+o
cg+ilp
siiout

h e c t i c 
s e a r e d 
m i r r o r 
_ _ _ _ _ _ 
_ _ _ _ _ _ _ _ 
_ _ _ _ 

After
n+++++
r+++++
e++++t
l++d+o
cg+ilp
siiout

h e c t i c 
s e a r e d 
m i r r o r 
_ _ _ _ _ _ 
_ _ _ _ _ _ _ _ 
_ _ _ _ 

0
Before
n+++++
r+++++
e++++t
lg+d+o
ci+ilp
si+out

h e c t i c 
s e a r e d 
m i r r o r 
_ _ _ _ _ _ 
_ _ _ _ _ _ _ _ 
_ _ _ _ 

After
n+++++
r+++++
e++++t
lg+d+o
ci+ilp
si+out

h e c t i c 
s e a r e d 
m i r r o r 
_ _ _ _ _ _ 
_ _ _ _ _ _ _ _ 
_ _ _ _ 

1
Before
++++++
++++++
+++++t
+++d+o
+g+ilp
ni+out

h e c t i c 
s e a r e d 
m i r r o r 
r e l i c s 
_ _ _ _ _ _ _ _ 
_ _ _ _ 

After
++++++
++++++
+++++t
+++d+o
+g+ilp
ni+out

h e c t i c 
s e a r e d 
m i r r o r 
r e l i c s 
_ _ _ _ _ _ _ _ 
_ _ _ _ 

0
Before
n+++++
r+++++
e++++t
lg+d+o
ci+ilp
si+out

h e c t i c 
s e a r e d 
m i r r o r 
_ _ _ _ _ _ 
_ _ _ _ _ _ _ _ 
_ _ _ _ 

After
n+++++
r+++++
e++++t
lg+d+o
ci+ilp
si+out

h e c t i c 
s e a r e d 
m i r r o r 
_ _ _ _ _ _ 
_ _ _ _ _ _ _ _ 
_ _ _ _ 

1
Before
++++++
++++++
+++++t
+++d+o
+g+ilp
ni+out

h e c t i c 
s e a r e d 
m i r r o r 
r e l i c s 
_ _ _ _ _ _ _ _ 
_ _ _ _ 

After
++++++
++++++
+++++t
+++d+o
+g+ilp
ni+out

h e c t i c 
s e a r e d 
m i r r o r 
r e l i c s 
_ _ _ _ _ _ _ _ 
_ _ _ _ 

0
Before
n+++++
r+++++
e++++t
lg+d+o
ci+ilp
si+out

h e c t i c 
s e a r e d 
m i r r o r 
_ _ _ _ _ _ 
_ _ _ _ _ _ _ _ 
_ _ _ _ 

After
n+++++
r+++++
e++++t
lg+d+o
ci+ilp
si+out

h e c t i c 
s e a r e d 
m i r r o r 
_ _ _ _ _ _ 
_ _ _ _ _ _ _ _ 
_ _ _ _ 

1
Before
++++++
++++++
+++++t
+++d+o
+g+ilp
ni+out

h e c t i c 
s e a r e d 
m i r r o r 
r e l i c s 
_ _ _ _ _ _ _ _ 
_ _ _ _ 

After
++++++
++++++
+++++t
+++d+o
+g+ilp
ni+out

h e c t i c 
s e a r e d 
m i r r o r 
r e l i c s 
_ _ _ _ _ _ _ _ 
_ _ _ _ 

0
Before
n+++++
r+++++
e++++t
lg+d+o
ci+ilp
si+out

h e c t i c 
s e a r e d 
m i r r o r 
_ _ _ _ _ _ 
_ _ _ _ _ _ _ _ 
_ _ _ _ 

After
n+++++
r+++++
e++++t
lg+d+o
ci+ilp
si+out

h e c t i c 
s e a r e d 
m i r r o r 
_ _ _ _ _ _ 
_ _ _ _ _ _ _ _ 
_ _ _ _ 

1
Before
++++++
++++++
+++++t
+++d+o
+g+ilp
ni+out

h e c t i c 
s e a r e d 
m i r r o r 
r e l i c s 
_ _ _ _ _ _ _ _ 
_ _ _ _ 

After
++++++
++++++
+++++t
+++d+o
+g+ilp
ni+out

h e c t i c 
s e a r e d 
m i r r o r 
r e l i c s 
_ _ _ _ _ _ _ _ 
_ _ _ _ 

0
Before
++++++
++++++
+++++t
ngod+o
rrrilp
criout

h e c t i c 
s e a r e d 
s i m i l e 
_ _ _ _ _ _ 
_ _ _ _ _ _ _ _ 
_ _ _ _ 

After
++++++
++++++
+++++t
ngod+o
rrrilp
criout

h e c t i c 
s e a r e d 
s i m i l e 
_ _ _ _ _ _ 
_ _ _ _ _ _ _ _ 
_ _ _ _ 

0
Before
++++++
++++++
++o++t
+grd+o
nriilp
rimout

h e c t i c 
s e a r e d 
r e l i c s 
_ _ _ _ _ _ 
_ _ _ _ _ _ _ _ 
_ _ _ _ 

After
++++++
++++++
++o++t
+grd+o
nriilp
rimout

h e c t i c 
s e a r e d 
r e l i c s 
_ _ _ _ _ _ 
_ _ _ _ _ _ _ _ 
_ _ _ _ 

3
Before
++++++
++++++
+++++t
++o++o
++i+lp
rrmout

h e c t i c 
s e a r e d 
r e l i c s 
i n g r i d 
_ _ _ _ _ _ _ _ 
_ _ _ _ 

After
++++++
++++++
+++++t
++o++o
++i+lp
rrmout

h e c t i c 
s e a r e d 
r e l i c s 
i n g r i d 
_ _ _ _ _ _ _ _ 
_ _ _ _ 

0
Before
++++++
++++++
+++++t
+++++o
++oilp
rrmout

h e c t i c 
s e a r e d 
r e l i c s 
i n g r i d 
_ _ _ _ _ _ _ _ 
_ _ _ _ 

After
++++++
++++++
+++++t
+++++o
++oilp
rrmout

h e c t i c 
s e a r e d 
r e l i c s 
i n g r i d 
_ _ _ _ _ _ _ _ 
_ _ _ _ 

0
Before
++++++
++++++
+++++t
++o++o
++rilp
r+mout

h e c t i c 
s e a r e d 
r e l i c s 
i n g r i d 
_ _ _ _ _ _ _ _ 
_ _ _ _ 

After
++++++
++++++
+++++t
++o++o
++rilp
r+mout

h e c t i c 
s e a r e d 
r e l i c s 
i n g r i d 
_ _ _ _ _ _ _ _ 
_ _ _ _ 

0
Before
++++++
++++++
++o++t
+grd+o
nriilp
rimout

h e c t i c 
s e a r e d 
r e l i c s 
_ _ _ _ _ _ 
_ _ _ _ _ _ _ _ 
_ _ _ _ 

After
++++++
++++++
++o++t
+grd+o
nriilp
rimout

h e c t i c 
s e a r e d 
r e l i c s 
_ _ _ _ _ _ 
_ _ _ _ _ _ _ _ 
_ _ _ _ 

3
Before
++++++
++++++
+++++t
++o++o
++i+lp
rrmout

h e c t i c 
s e a r e d 
r e l i c s 
i n g r i d 
_ _ _ _ _ _ _ _ 
_ _ _ _ 

After
++++++
++++++
+++++t
++o++o
++i+lp
rrmout

h e c t i c 
s e a r e d 
r e l i c s 
i n g r i d 
_ _ _ _ _ _ _ _ 
_ _ _ _ 

0
Before
++++++
++++++
+++++t
+++++o
++oilp
rrmout

h e c t i c 
s e a r e d 
r e l i c s 
i n g r i d 
_ _ _ _ _ _ _ _ 
_ _ _ _ 

After
++++++
++++++
+++++t
+++++o
++oilp
rrmout

h e c t i c 
s e a r e d 
r e l i c s 
i n g r i d 
_ _ _ _ _ _ _ _ 
_ _ _ _ 

0
Before
++++++
++++++
+++++t
++o++o
++rilp
r+mout

h e c t i c 
s e a r e d 
r e l i c s 
i n g r i d 
_ _ _ _ _ _ _ _ 
_ _ _ _ 

After
++++++
++++++
+++++t
++o++o
++rilp
r+mout

h e c t i c 
s e a r e d 
r e l i c s 
i n g r i d 
_ _ _ _ _ _ _ _ 
_ _ _ _ 

0
Before
++++++
++++++
+go++t
+rrd+o
+riilp
nimout

h e c t i c 
s e a r e d 
r e l i c s 
_ _ _ _ _ _ 
_ _ _ _ _ _ _ _ 
_ _ _ _ 

After
++++++
++++++
+go++t
+rrd+o
+riilp
nimout

h e c t i c 
s e a r e d 
r e l i c s 
_ _ _ _ _ _ 
_ _ _ _ _ _ _ _ 
_ _ _ _ 

4
Before
++++++
++++++
+++++t
+++d+o
+++ilp
ngiout

h e c t i c 
s e a r e d 
r e l i c s 
m i r r o r 
_ _ _ _ _ _ _ _ 
_ _ _ _ 

After
++++++
++++++
+++++t
+++d+o
+++ilp
ngiout

h e c t i c 
s e a r e d 
r e l i c s 
m i r r o r 
_ _ _ _ _ _ _ _ 
_ _ _ _ 

0
Before
++++++
++++++
+++++t
+++d+o
+++ilp
ngiout

h e c t i c 
s e a r e d 
r e l i c s 
m i r r o r 
_ _ _ _ _ _ _ _ 
_ _ _ _ 

After
++++++
++++++
+++++t
+++d+o
+++ilp
ngiout

h e c t i c 
s e a r e d 
r e l i c s 
m i r r o r 
_ _ _ _ _ _ _ _ 
_ _ _ _ 

0
Before
++++++
++++++
+++++t
+++d+o
+g+ilp
ni+out

h e c t i c 
s e a r e d 
r e l i c s 
m i r r o r 
_ _ _ _ _ _ _ _ 
_ _ _ _ 

After
++++++
++++++
+++++t
+++d+o
+g+ilp
ni+out

h e c t i c 
s e a r e d 
r e l i c s 
m i r r o r 
_ _ _ _ _ _ _ _ 
_ _ _ _ 

0
Before
++++++
++++++
+++++t
+++d+o
+g+ilp
ni+out

h e c t i c 
s e a r e d 
r e l i c s 
m i r r o r 
_ _ _ _ _ _ _ _ 
_ _ _ _ 

After
++++++
++++++
+++++t
+++d+o
+g+ilp
ni+out

h e c t i c 
s e a r e d 
r e l i c s 
m i r r o r 
_ _ _ _ _ _ _ _ 
_ _ _ _ 

0
Before
+++++t
+++++o
ng++ep
rrodra
crrdle
siiout

h e c t i c 
s i m i l e 
_ _ _ _ _ _ 
_ _ _ _ _ _ 
_ _ _ _ _ _ _ _ 
_ _ _ _ 

After
+++++t
+++++o
ng++ep
rrodra
crrdle
siiout

h e c t i c 
s i m i l e 
_ _ _ _ _ _ 
_ _ _ _ _ _ 
_ _ _ _ _ _ _ _ 
_ _ _ _ 

13
Before
++++++
+++++t
+++++o
ng++ep
rrrdra
ciiole

h e c t i c 
s i m i l e 
t u d o r s 
_ _ _ _ _ _ 
_ _ _ _ _ _ _ _ 
_ _ _ _ 

After
++++++
+++++t
+++++o
ng++ep
rrrdra
ciiole

h e c t i c 
s i m i l e 
t u d o r s 
_ _ _ _ _ _ 
_ _ _ _ _ _ _ _ 
_ _ _ _ 

7
Before
++++++
++++++
++++++
ng++++
rrr++t
ciioro

h e c t i c 
s i m i l e 
t u d o r s 
l e a p e d 
_ _ _ _ _ _ _ _ 
_ _ _ _ 

After
++++++
++++++
++++++
ng++++
rrr++t
ciioro

h e c t i c 
s i m i l e 
t u d o r s 
l e a p e d 
_ _ _ _ _ _ _ _ 
_ _ _ _ 

0
Before
++++++
++++++
+++++t
ng+++o
rrr++p
cii++e

h e c t i c 
s i m i l e 
t u d o r s 
o r d e a l 
_ _ _ _ _ _ _ _ 
_ _ _ _ 

After
++++++
++++++
+++++t
ng+++o
rrr++p
cii++e

h e c t i c 
s i m i l e 
t u d o r s 
o r d e a l 
_ _ _ _ _ _ _ _ 
_ _ _ _ 

0
Before
++++++
++++++
+++++t
ng+++o
rr+++p
cii+re

h e c t i c 
s i m i l e 
t u d o r s 
o r d e a l 
_ _ _ _ _ _ _ _ 
_ _ _ _ 

After
++++++
++++++
+++++t
ng+++o
rr+++p
cii+re

h e c t i c 
s i m i l e 
t u d o r s 
o r d e a l 
_ _ _ _ _ _ _ _ 
_ _ _ _ 

0
Before
++++++
++++++
++++++
ng++++
rrr++t
ciiolo

h e c t i c 
s i m i l e 
t u d o r s 
r e a p e d 
_ _ _ _ _ _ _ _ 
_ _ _ _ 

After
++++++
++++++
++++++
ng++++
rrr++t
ciiolo

h e c t i c 
s i m i l e 
t u d o r s 
r e a p e d 
_ _ _ _ _ _ _ _ 
_ _ _ _ 

0
Before
++++++
++++++
++++++
ng+++t
rrr++o
ciio+p

h e c t i c 
s i m i l e 
t u d o r s 
d e a l e r 
_ _ _ _ _ _ _ _ 
_ _ _ _ 

After
++++++
++++++
++++++
ng+++t
rrr++o
ciio+p

h e c t i c 
s i m i l e 
t u d o r s 
d e a l e r 
_ _ _ _ _ _ _ _ 
_ _ _ _ 

0
Before
++++++
++++++
++++++
ng++++
rrr++t
ciideo

h e c t i c 
s i m i l e 
t u d o r s 
p a r o l e 
_ _ _ _ _ _ _ _ 
_ _ _ _ 

After
++++++
++++++
++++++
ng++++
rrr++t
ciideo

h e c t i c 
s i m i l e 
t u d o r s 
p a r o l e 
_ _ _ _ _ _ _ _ 
_ _ _ _ 

0
Before
++++++
++++++
++++++
ng+++t
rr+++o
ciidee

h e c t i c 
s i m i l e 
t u d o r s 
p a r l o r 
_ _ _ _ _ _ _ _ 
_ _ _ _ 

After
++++++
++++++
++++++
ng+++t
rr+++o
ciidee

h e c t i c 
s i m i l e 
t u d o r s 
p a r l o r 
_ _ _ _ _ _ _ _ 
_ _ _ _ 

0
Before
++++++
++++++
ng++++
rro++t
crrdlo
siioup

h e c t i c 
s i m i l e 
t e a r e d 
_ _ _ _ _ _ 
_ _ _ _ _ _ _ _ 
_ _ _ _ 

After
++++++
++++++
ng++++
rro++t
crrdlo
siioup

h e c t i c 
s i m i l e 
t e a r e d 
_ _ _ _ _ _ 
_ _ _ _ _ _ _ _ 
_ _ _ _ 

0
Before
++++++
++++++
ng++e+
rrodr+
crrdl+
siiou+

h e c t i c 
s i m i l e 
t e a p o t 
_ _ _ _ _ _ 
_ _ _ _ _ _ _ _ 
_ _ _ _ 

After
++++++
++++++
ng++e+
rrodr+
crrdl+
siiou+

h e c t i c 
s i m i l e 
t e a p o t 
_ _ _ _ _ _ 
_ _ _ _ _ _ _ _ 
_ _ _ _ 

0
Before
++++++
+++++t
ng+++o
rr+++p
cro+re
siidut

h e c t i c 
s i m i l e 
o r d e a l 
_ _ _ _ _ _ 
_ _ _ _ _ _ _ _ 
_ _ _ _ 

After
++++++
+++++t
ng+++o
rr+++p
cro+re
siidut

h e c t i c 
s i m i l e 
o r d e a l 
_ _ _ _ _ _ 
_ _ _ _ _ _ _ _ 
_ _ _ _ 

1
Before
++++++
++++++
+++++t
ng+++o
rr+++p
cii+re

h e c t i c 
s i m i l e 
o r d e a l 
t u d o r s 
_ _ _ _ _ _ _ _ 
_ _ _ _ 

After
++++++
++++++
+++++t
ng+++o
rr+++p
cii+re

h e c t i c 
s i m i l e 
o r d e a l 
t u d o r s 
_ _ _ _ _ _ _ _ 
_ _ _ _ 

0
Before
++++++
++++++
ng++++
rro++t
crrdro
siiout

h e c t i c 
s i m i l e 
l e a p e d 
_ _ _ _ _ _ 
_ _ _ _ _ _ _ _ 
_ _ _ _ 

After
++++++
++++++
ng++++
rro++t
crrdro
siiout

h e c t i c 
s i m i l e 
l e a p e d 
_ _ _ _ _ _ 
_ _ _ _ _ _ _ _ 
_ _ _ _ 

1
Before
++++++
++++++
++++++
ng++++
rrr++t
ciioro

h e c t i c 
s i m i l e 
l e a p e d 
t u d o r s 
_ _ _ _ _ _ _ _ 
_ _ _ _ 

After
++++++
++++++
++++++
ng++++
rrr++t
ciioro

h e c t i c 
s i m i l e 
l e a p e d 
t u d o r s 
_ _ _ _ _ _ _ _ 
_ _ _ _ 

0
Before
++++++
++++++
ng+++t
rro++o
crr+le
siiout

h e c t i c 
s i m i l e 
d r a p e d 
_ _ _ _ _ _ 
_ _ _ _ _ _ _ _ 
_ _ _ _ 

After
++++++
++++++
ng+++t
rro++o
crr+le
siiout

h e c t i c 
s i m i l e 
d r a p e d 
_ _ _ _ _ _ 
_ _ _ _ _ _ _ _ 
_ _ _ _ 

0
Before
++++++
+++++t
ng+++o
rr++ep
cr++ra
sioout

h e c t i c 
s i m i l e 
r i d d l e 
_ _ _ _ _ _ 
_ _ _ _ _ _ _ _ 
_ _ _ _ 

After
++++++
+++++t
ng+++o
rr++ep
cr++ra
sioout

h e c t i c 
s i m i l e 
r i d d l e 
_ _ _ _ _ _ 
_ _ _ _ _ _ _ _ 
_ _ _ _ 

0
Before
++++++
+++++t
n++++o
rg++ep
cro+ra
sirout

h e c t i c 
s i m i l e 
r i d d l e 
_ _ _ _ _ _ 
_ _ _ _ _ _ _ _ 
_ _ _ _ 

After
++++++
+++++t
n++++o
rg++ep
cro+ra
sirout

h e c t i c 
s i m i l e 
r i d d l e 
_ _ _ _ _ _ 
_ _ _ _ _ _ _ _ 
_ _ _ _ 

0
Before
++++++
++++++
ng++++
rro++t
crrdlo
siiout

h e c t i c 
s i m i l e 
r e a p e d 
_ _ _ _ _ _ 
_ _ _ _ _ _ _ _ 
_ _ _ _ 

After
++++++
++++++
ng++++
rro++t
crrdlo
siiout

h e c t i c 
s i m i l e 
r e a p e d 
_ _ _ _ _ _ 
_ _ _ _ _ _ _ _ 
_ _ _ _ 

1
Before
++++++
++++++
++++++
ng++++
rrr++t
ciiolo

h e c t i c 
s i m i l e 
r e a p e d 
t u d o r s 
_ _ _ _ _ _ _ _ 
_ _ _ _ 

After
++++++
++++++
++++++
ng++++
rrr++t
ciiolo

h e c t i c 
s i m i l e 
r e a p e d 
t u d o r s 
_ _ _ _ _ _ _ _ 
_ _ _ _ 

0
Before
++++++
++++++
ng+++t
rro++o
crrd+p
siiout

h e c t i c 
s i m i l e 
d e a l e r 
_ _ _ _ _ _ 
_ _ _ _ _ _ _ _ 
_ _ _ _ 

After
++++++
++++++
ng+++t
rro++o
crrd+p
siiout

h e c t i c 
s i m i l e 
d e a l e r 
_ _ _ _ _ _ 
_ _ _ _ _ _ _ _ 
_ _ _ _ 

1
Before
++++++
++++++
++++++
ng+++t
rrr++o
ciio+p

h e c t i c 
s i m i l e 
d e a l e r 
t u d o r s 
_ _ _ _ _ _ _ _ 
_ _ _ _ 

After
++++++
++++++
++++++
ng+++t
rrr++o
ciio+p

h e c t i c 
s i m i l e 
d e a l e r 
t u d o r s 
_ _ _ _ _ _ _ _ 
_ _ _ _ 

0
Before
++++++
+++++t
ng+++o
rr+++p
cr+dre
siiout

h e c t i c 
s i m i l e 
o r d e a l 
_ _ _ _ _ _ 
_ _ _ _ _ _ _ _ 
_ _ _ _ 

After
++++++
+++++t
ng+++o
rr+++p
cr+dre
siiout

h e c t i c 
s i m i l e 
o r d e a l 
_ _ _ _ _ _ 
_ _ _ _ _ _ _ _ 
_ _ _ _ 

0
Before
++++++
++++++
ng+++t
rro++o
crr+ra
siiout

h e c t i c 
s i m i l e 
p e d d l e 
_ _ _ _ _ _ 
_ _ _ _ _ _ _ _ 
_ _ _ _ 

After
++++++
++++++
ng+++t
rro++o
crr+ra
siiout

h e c t i c 
s i m i l e 
p e d d l e 
_ _ _ _ _ _ 
_ _ _ _ _ _ _ _ 
_ _ _ _ 

0
Before
++++++
++++++
ng+++t
rr+++o
crodee
siidut

h e c t i c 
s i m i l e 
p a r l o r 
_ _ _ _ _ _ 
_ _ _ _ _ _ _ _ 
_ _ _ _ 

After
++++++
++++++
ng+++t
rr+++o
crodee
siidut

h e c t i c 
s i m i l e 
p a r l o r 
_ _ _ _ _ _ 
_ _ _ _ _ _ _ _ 
_ _ _ _ 

4
Before
++++++
++++++
++++++
ng+++t
rr+++o
ciidee

h e c t i c 
s i m i l e 
p a r l o r 
t u d o r s 
_ _ _ _ _ _ _ _ 
_ _ _ _ 

After
++++++
++++++
++++++
ng+++t
rr+++o
ciidee

h e c t i c 
s i m i l e 
p a r l o r 
t u d o r s 
_ _ _ _ _ _ _ _ 
_ _ _ _ 

0
Before
++++++
++++++
++++++
ng+++t
rr+++o
ciidee

h e c t i c 
s i m i l e 
p a r l o r 
t u d o r s 
_ _ _ _ _ _ _ _ 
_ _ _ _ 

After
++++++
++++++
++++++
ng+++t
rr+++o
ciidee

h e c t i c 
s i m i l e 
p a r l o r 
t u d o r s 
_ _ _ _ _ _ _ _ 
_ _ _ _ 

0
Before
++++++
++++++
n++++t
rg+++o
cr+++e
sr++ut

h e c t i c 
s i m i l e 
p a r l o r 
i o d i d e 
_ _ _ _ _ _ _ _ 
_ _ _ _ 

After
++++++
++++++
n++++t
rg+++o
cr+++e
sr++ut

h e c t i c 
s i m i l e 
p a r l o r 
i o d i d e 
_ _ _ _ _ _ _ _ 
_ _ _ _ 

0
Before
++++++
++++++
n++++t
rg+++o
cr+++e
sr++ut

h e c t i c 
s i m i l e 
p a r l o r 
i o d i d e 
_ _ _ _ _ _ _ _ 
_ _ _ _ 

After
++++++
++++++
n++++t
rg+++o
cr+++e
sr++ut

h e c t i c 
s i m i l e 
p a r l o r 
i o d i d e 
_ _ _ _ _ _ _ _ 
_ _ _ _ 

0
Before
n+++++
rg+++t
er+++o
lro+ep
cirdra
simile

h e c t i c 
s t u d i o 
_ _ _ _ _ _ 
_ _ _ _ _ _ 
_ _ _ _ _ _ _ _ 
_ _ _ _ 

After
n+++++
rg+++t
er+++o
lro+ep
cirdra
simile

h e c t i c 
s t u d i o 
_ _ _ _ _ _ 
_ _ _ _ _ _ 
_ _ _ _ _ _ _ _ 
_ _ _ _ 

16
Before
n+++++
rg++++
er++++
lro+++
cir++t
simiro

h e c t i c 
s t u d i o 
l e a p e d 
_ _ _ _ _ _ 
_ _ _ _ _ _ _ _ 
_ _ _ _ 

After
n+++++
rg++++
er++++
lro+++
cir++t
simiro

h e c t i c 
s t u d i o 
l e a p e d 
_ _ _ _ _ _ 
_ _ _ _ _ _ _ _ 
_ _ _ _ 

9
Before
n+++++
r+++++
e+++++
l+++++
cg+++t
si+iro

h e c t i c 
s t u d i o 
l e a p e d 
m i r r o r 
_ _ _ _ _ _ _ _ 
_ _ _ _ 

After
n+++++
r+++++
e+++++
l+++++
cg+++t
si+iro

h e c t i c 
s t u d i o 
l e a p e d 
m i r r o r 
_ _ _ _ _ _ _ _ 
_ _ _ _ 

0
Before
n+++++
r+++++
e+++++
l+++++
cg+++t
si+iro

h e c t i c 
s t u d i o 
l e a p e d 
m i r r o r 
_ _ _ _ _ _ _ _ 
_ _ _ _ 

After
n+++++
r+++++
e+++++
l+++++
cg+++t
si+iro

h e c t i c 
s t u d i o 
l e a p e d 
m i r r o r 
_ _ _ _ _ _ _ _ 
_ _ _ _ 

0
Before
n+++++
r+++++
e+++++
l+++++
cg+++t
si+iro

h e c t i c 
s t u d i o 
l e a p e d 
m i r r o r 
_ _ _ _ _ _ _ _ 
_ _ _ _ 

After
n+++++
r+++++
e+++++
l+++++
cg+++t
si+iro

h e c t i c 
s t u d i o 
l e a p e d 
m i r r o r 
_ _ _ _ _ _ _ _ 
_ _ _ _ 

0
Before
n+++++
r+++++
e+++++
l+++++
cg+++t
si+iro

h e c t i c 
s t u d i o 
l e a p e d 
m i r r o r 
_ _ _ _ _ _ _ _ 
_ _ _ _ 

After
n+++++
r+++++
e+++++
l+++++
cg+++t
si+iro

h e c t i c 
s t u d i o 
l e a p e d 
m i r r o r 
_ _ _ _ _ _ _ _ 
_ _ _ _ 

0
Before
n+++++
r+++++
e+++++
lg++++
ci+++t
si++ro

h e c t i c 
s t u d i o 
l e a p e d 
m i r r o r 
_ _ _ _ _ _ _ _ 
_ _ _ _ 

After
n+++++
r+++++
e+++++
lg++++
ci+++t
si++ro

h e c t i c 
s t u d i o 
l e a p e d 
m i r r o r 
_ _ _ _ _ _ _ _ 
_ _ _ _ 

0
Before
++++++
++++++
++++++
ng++++
rro++t
crriro

h e c t i c 
s t u d i o 
l e a p e d 
s i m i l e 
_ _ _ _ _ _ _ _ 
_ _ _ _ 

After
++++++
++++++
++++++
ng++++
rro++t
crriro

h e c t i c 
s t u d i o 
l e a p e d 
s i m i l e 
_ _ _ _ _ _ _ _ 
_ _ _ _ 

0
Before
++++++
++++++
++++++
+go+++
nrr++t
rimiro

h e c t i c 
s t u d i o 
l e a p e d 
r e l i c s 
_ _ _ _ _ _ _ _ 
_ _ _ _ 

After
++++++
++++++
++++++
+go+++
nrr++t
rimiro

h e c t i c 
s t u d i o 
l e a p e d 
r e l i c s 
_ _ _ _ _ _ _ _ 
_ _ _ _ 

0
Before
++++++
++++++
++++++
+go+++
nrr++t
rimiro

h e c t i c 
s t u d i o 
l e a p e d 
r e l i c s 
_ _ _ _ _ _ _ _ 
_ _ _ _ 

After
++++++
++++++
++++++
+go+++
nrr++t
rimiro

h e c t i c 
s t u d i o 
l e a p e d 
r e l i c s 
_ _ _ _ _ _ _ _ 
_ _ _ _ 

0
Before
++++++
++++++
+g++++
+ro+++
+rr++t
nimiro

h e c t i c 
s t u d i o 
l e a p e d 
r e l i c s 
_ _ _ _ _ _ _ _ 
_ _ _ _ 

After
++++++
++++++
+g++++
+ro+++
+rr++t
nimiro

h e c t i c 
s t u d i o 
l e a p e d 
r e l i c s 
_ _ _ _ _ _ _ _ 
_ _ _ _ 

0
Before
n+++++
r++++t
e++++o
l+++ep
cg+dra
si+ile

h e c t i c 
s t u d i o 
m i r r o r 
_ _ _ _ _ _ 
_ _ _ _ _ _ _ _ 
_ _ _ _ 

After
n+++++
r++++t
e++++o
l+++ep
cg+dra
si+ile

h e c t i c 
s t u d i o 
m i r r o r 
_ _ _ _ _ _ 
_ _ _ _ _ _ _ _ 
_ _ _ _ 

3
Before
n+++++
r+++++
e+++++
l+++++
cg+++t
si+iro

h e c t i c 
s t u d i o 
m i r r o r 
l e a p e d 
_ _ _ _ _ _ _ _ 
_ _ _ _ 

After
n+++++
r+++++
e+++++
l+++++
cg+++t
si+iro

h e c t i c 
s t u d i o 
m i r r o r 
l e a p e d 
_ _ _ _ _ _ _ _ 
_ _ _ _ 

0
Before
n+++++
r+++++
e+++++
l+++++
cg+++t
si+ilo

h e c t i c 
s t u d i o 
m i r r o r 
r e a p e d 
_ _ _ _ _ _ _ _ 
_ _ _ _ 

After
n+++++
r+++++
e+++++
l+++++
cg+++t
si+ilo

h e c t i c 
s t u d i o 
m i r r o r 
r e a p e d 
_ _ _ _ _ _ _ _ 
_ _ _ _ 

0
Before
n+++++
r+++++
e+++++
l++++t
cg+++o
si+i+p

h e c t i c 
s t u d i o 
m i r r o r 
d e a l e r 
_ _ _ _ _ _ _ _ 
_ _ _ _ 

After
n+++++
r+++++
e+++++
l++++t
cg+++o
si+i+p

h e c t i c 
s t u d i o 
m i r r o r 
d e a l e r 
_ _ _ _ _ _ _ _ 
_ _ _ _ 

0
Before
n+++++
r++++t
e++++o
l+++ep
cg+dra
si+ile

h e c t i c 
s t u d i o 
m i r r o r 
_ _ _ _ _ _ 
_ _ _ _ _ _ _ _ 
_ _ _ _ 

After
n+++++
r++++t
e++++o
l+++ep
cg+dra
si+ile

h e c t i c 
s t u d i o 
m i r r o r 
_ _ _ _ _ _ 
_ _ _ _ _ _ _ _ 
_ _ _ _ 

3
Before
n+++++
r+++++
e+++++
l+++++
cg+++t
si+iro

h e c t i c 
s t u d i o 
m i r r o r 
l e a p e d 
_ _ _ _ _ _ _ _ 
_ _ _ _ 

After
n+++++
r+++++
e+++++
l+++++
cg+++t
si+iro

h e c t i c 
s t u d i o 
m i r r o r 
l e a p e d 
_ _ _ _ _ _ _ _ 
_ _ _ _ 

0
Before
n+++++
r+++++
e+++++
l+++++
cg+++t
si+ilo

h e c t i c 
s t u d i o 
m i r r o r 
r e a p e d 
_ _ _ _ _ _ _ _ 
_ _ _ _ 

After
n+++++
r+++++
e+++++
l+++++
cg+++t
si+ilo

h e c t i c 
s t u d i o 
m i r r o r 
r e a p e d 
_ _ _ _ _ _ _ _ 
_ _ _ _ 

0
Before
n+++++
r+++++
e+++++
l++++t
cg+++o
si+i+p

h e c t i c 
s t u d i o 
m i r r o r 
d e a l e r 
_ _ _ _ _ _ _ _ 
_ _ _ _ 

After
n+++++
r+++++
e+++++
l++++t
cg+++o
si+i+p

h e c t i c 
s t u d i o 
m i r r o r 
d e a l e r 
_ _ _ _ _ _ _ _ 
_ _ _ _ 

0
Before
n+++++
r++++t
e++++o
l+++ep
cg+dra
si+ile

h e c t i c 
s t u d i o 
m i r r o r 
_ _ _ _ _ _ 
_ _ _ _ _ _ _ _ 
_ _ _ _ 

After
n+++++
r++++t
e++++o
l+++ep
cg+dra
si+ile

h e c t i c 
s t u d i o 
m i r r o r 
_ _ _ _ _ _ 
_ _ _ _ _ _ _ _ 
_ _ _ _ 

3
Before
n+++++
r+++++
e+++++
l+++++
cg+++t
si+iro

h e c t i c 
s t u d i o 
m i r r o r 
l e a p e d 
_ _ _ _ _ _ _ _ 
_ _ _ _ 

After
n+++++
r+++++
e+++++
l+++++
cg+++t
si+iro

h e c t i c 
s t u d i o 
m i r r o r 
l e a p e d 
_ _ _ _ _ _ _ _ 
_ _ _ _ 

0
Before
n+++++
r+++++
e+++++
l+++++
cg+++t
si+ilo

h e c t i c 
s t u d i o 
m i r r o r 
r e a p e d 
_ _ _ _ _ _ _ _ 
_ _ _ _ 

After
n+++++
r+++++
e+++++
l+++++
cg+++t
si+ilo

h e c t i c 
s t u d i o 
m i r r o r 
r e a p e d 
_ _ _ _ _ _ _ _ 
_ _ _ _ 

0
Before
n+++++
r+++++
e+++++
l++++t
cg+++o
si+i+p

h e c t i c 
s t u d i o 
m i r r o r 
d e a l e r 
_ _ _ _ _ _ _ _ 
_ _ _ _ 

After
n+++++
r+++++
e+++++
l++++t
cg+++o
si+i+p

h e c t i c 
s t u d i o 
m i r r o r 
d e a l e r 
_ _ _ _ _ _ _ _ 
_ _ _ _ 

0
Before
n+++++
r++++t
e++++o
l+++ep
cg+dra
si+ile

h e c t i c 
s t u d i o 
m i r r o r 
_ _ _ _ _ _ 
_ _ _ _ _ _ _ _ 
_ _ _ _ 

After
n+++++
r++++t
e++++o
l+++ep
cg+dra
si+ile

h e c t i c 
s t u d i o 
m i r r o r 
_ _ _ _ _ _ 
_ _ _ _ _ _ _ _ 
_ _ _ _ 

3
Before
n+++++
r+++++
e+++++
l+++++
cg+++t
si+iro

h e c t i c 
s t u d i o 
m i r r o r 
l e a p e d 
_ _ _ _ _ _ _ _ 
_ _ _ _ 

After
n+++++
r+++++
e+++++
l+++++
cg+++t
si+iro

h e c t i c 
s t u d i o 
m i r r o r 
l e a p e d 
_ _ _ _ _ _ _ _ 
_ _ _ _ 

0
Before
n+++++
r+++++
e+++++
l+++++
cg+++t
si+ilo

h e c t i c 
s t u d i o 
m i r r o r 
r e a p e d 
_ _ _ _ _ _ _ _ 
_ _ _ _ 

After
n+++++
r+++++
e+++++
l+++++
cg+++t
si+ilo

h e c t i c 
s t u d i o 
m i r r o r 
r e a p e d 
_ _ _ _ _ _ _ _ 
_ _ _ _ 

0
Before
n+++++
r+++++
e+++++
l++++t
cg+++o
si+i+p

h e c t i c 
s t u d i o 
m i r r o r 
d e a l e r 
_ _ _ _ _ _ _ _ 
_ _ _ _ 

After
n+++++
r+++++
e+++++
l++++t
cg+++o
si+i+p

h e c t i c 
s t u d i o 
m i r r o r 
d e a l e r 
_ _ _ _ _ _ _ _ 
_ _ _ _ 

0
Before
n+++++
r++++t
e++++o
lg++ep
ci++ra
si+dle

h e c t i c 
s t u d i o 
m i r r o r 
_ _ _ _ _ _ 
_ _ _ _ _ _ _ _ 
_ _ _ _ 

After
n+++++
r++++t
e++++o
lg++ep
ci++ra
si+dle

h e c t i c 
s t u d i o 
m i r r o r 
_ _ _ _ _ _ 
_ _ _ _ _ _ _ _ 
_ _ _ _ 

1
Before
++++++
+++++t
+++++o
++++ep
+g++ra
ni+dle

h e c t i c 
s t u d i o 
m i r r o r 
r e l i c s 
_ _ _ _ _ _ _ _ 
_ _ _ _ 

After
++++++
+++++t
+++++o
++++ep
+g++ra
ni+dle

h e c t i c 
s t u d i o 
m i r r o r 
r e l i c s 
_ _ _ _ _ _ _ _ 
_ _ _ _ 

0
Before
n+++++
rg+++t
er+++o
lr+++p
cio++a
sir++e

h e c t i c 
s t u d i o 
m i l d e r 
_ _ _ _ _ _ 
_ _ _ _ _ _ _ _ 
_ _ _ _ 

After
n+++++
rg+++t
er+++o
lr+++p
cio++a
sir++e

h e c t i c 
s t u d i o 
m i l d e r 
_ _ _ _ _ _ 
_ _ _ _ _ _ _ _ 
_ _ _ _ 

3
Before
++++++
+++++t
+++++o
+g+++p
nro++a
rir++e

h e c t i c 
s t u d i o 
m i l d e r 
r e l i c s 
_ _ _ _ _ _ _ _ 
_ _ _ _ 

After
++++++
+++++t
+++++o
+g+++p
nro++a
rir++e

h e c t i c 
s t u d i o 
m i l d e r 
r e l i c s 
_ _ _ _ _ _ _ _ 
_ _ _ _ 

0
Before
++++++
+++++t
+++++o
+g+++p
nro++a
rir++e

h e c t i c 
s t u d i o 
m i l d e r 
r e l i c s 
_ _ _ _ _ _ _ _ 
_ _ _ _ 

After
++++++
+++++t
+++++o
+g+++p
nro++a
rir++e

h e c t i c 
s t u d i o 
m i l d e r 
r e l i c s 
_ _ _ _ _ _ _ _ 
_ _ _ _ 

0
Before
++++++
+++++t
+g+++o
+r+++p
+ro++a
nir++e

h e c t i c 
s t u d i o 
m i l d e r 
r e l i c s 
_ _ _ _ _ _ _ _ 
_ _ _ _ 

After
++++++
+++++t
+g+++o
+r+++p
+ro++a
nir++e

h e c t i c 
s t u d i o 
m i l d e r 
r e l i c s 
_ _ _ _ _ _ _ _ 
_ _ _ _ 

0
Before
++++++
n+++++
rg+++t
er+++o
lro+ep
cirdra

h e c t i c 
s t u d i o 
s i m i l e 
_ _ _ _ _ _ 
_ _ _ _ _ _ _ _ 
_ _ _ _ 

After
++++++
n+++++
rg+++t
er+++o
lro+ep
cirdra

h e c t i c 
s t u d i o 
s i m i l e 
_ _ _ _ _ _ 
_ _ _ _ _ _ _ _ 
_ _ _ _ 

0
Before
++++++
+++++t
+++++o
ng++ep
rrodra
crrile

h e c t i c 
s t u d i o 
s i m i l e 
_ _ _ _ _ _ 
_ _ _ _ _ _ _ _ 
_ _ _ _ 

After
++++++
+++++t
+++++o
ng++ep
rrodra
crrile

h e c t i c 
s t u d i o 
s i m i l e 
_ _ _ _ _ _ 
_ _ _ _ _ _ _ _ 
_ _ _ _ 

5
Before
++++++
++++++
++++++
ng++++
rro++t
crriro

h e c t i c 
s t u d i o 
s i m i l e 
l e a p e d 
_ _ _ _ _ _ _ _ 
_ _ _ _ 

After
++++++
++++++
++++++
ng++++
rro++t
crriro

h e c t i c 
s t u d i o 
s i m i l e 
l e a p e d 
_ _ _ _ _ _ _ _ 
_ _ _ _ 

0
Before
++++++
++++++
++++++
ng++++
rro++t
crrilo

h e c t i c 
s t u d i o 
s i m i l e 
r e a p e d 
_ _ _ _ _ _ _ _ 
_ _ _ _ 

After
++++++
++++++
++++++
ng++++
rro++t
crrilo

h e c t i c 
s t u d i o 
s i m i l e 
r e a p e d 
_ _ _ _ _ _ _ _ 
_ _ _ _ 

0
Before
++++++
++++++
++++++
ng+++t
rro++o
crri+p

h e c t i c 
s t u d i o 
s i m i l e 
d e a l e r 
_ _ _ _ _ _ _ _ 
_ _ _ _ 

After
++++++
++++++
++++++
ng+++t
rro++o
crri+p

h e c t i c 
s t u d i o 
s i m i l e 
d e a l e r 
_ _ _ _ _ _ _ _ 
_ _ _ _ 

0
Before
++++++
++++++
+++++t
ng+++o
rr+++p
cr+ire

h e c t i c 
s t u d i o 
s i m i l e 
o r d e a l 
_ _ _ _ _ _ _ _ 
_ _ _ _ 

After
++++++
++++++
+++++t
ng+++o
rr+++p
cr+ire

h e c t i c 
s t u d i o 
s i m i l e 
o r d e a l 
_ _ _ _ _ _ _ _ 
_ _ _ _ 

0
Before
++++++
++++++
+++++t
ng+++o
rr+++a
crr+le

h e c t i c 
s t u d i o 
s i m i l e 
p e r i o d 
_ _ _ _ _ _ _ _ 
_ _ _ _ 

After
++++++
++++++
+++++t
ng+++o
rr+++a
crr+le

h e c t i c 
s t u d i o 
s i m i l e 
p e r i o d 
_ _ _ _ _ _ _ _ 
_ _ _ _ 

0
Before
++++++
n+++++
rg+++t
er+++o
lro+ep
cirdra

h e c t i c 
s t u d i o 
s i m i l e 
_ _ _ _ _ _ 
_ _ _ _ _ _ _ _ 
_ _ _ _ 

After
++++++
n+++++
rg+++t
er+++o
lro+ep
cirdra

h e c t i c 
s t u d i o 
s i m i l e 
_ _ _ _ _ _ 
_ _ _ _ _ _ _ _ 
_ _ _ _ 

0
Before
n+++++
rg++++
er++++
lro+++
cir++t
similo

h e c t i c 
s t u d i o 
r e a p e d 
_ _ _ _ _ _ 
_ _ _ _ _ _ _ _ 
_ _ _ _ 

After
n+++++
rg++++
er++++
lro+++
cir++t
similo

h e c t i c 
s t u d i o 
r e a p e d 
_ _ _ _ _ _ 
_ _ _ _ _ _ _ _ 
_ _ _ _ 

9
Before
n+++++
r+++++
e+++++
l+++++
cg+++t
si+ilo

h e c t i c 
s t u d i o 
r e a p e d 
m i r r o r 
_ _ _ _ _ _ _ _ 
_ _ _ _ 

After
n+++++
r+++++
e+++++
l+++++
cg+++t
si+ilo

h e c t i c 
s t u d i o 
r e a p e d 
m i r r o r 
_ _ _ _ _ _ _ _ 
_ _ _ _ 

0
Before
n+++++
r+++++
e+++++
l+++++
cg+++t
si+ilo

h e c t i c 
s t u d i o 
r e a p e d 
m i r r o r 
_ _ _ _ _ _ _ _ 
_ _ _ _ 

After
n+++++
r+++++
e+++++
l+++++
cg+++t
si+ilo

h e c t i c 
s t u d i o 
r e a p e d 
m i r r o r 
_ _ _ _ _ _ _ _ 
_ _ _ _ 

0
Before
n+++++
r+++++
e+++++
l+++++
cg+++t
si+ilo

h e c t i c 
s t u d i o 
r e a p e d 
m i r r o r 
_ _ _ _ _ _ _ _ 
_ _ _ _ 

After
n+++++
r+++++
e+++++
l+++++
cg+++t
si+ilo

h e c t i c 
s t u d i o 
r e a p e d 
m i r r o r 
_ _ _ _ _ _ _ _ 
_ _ _ _ 

0
Before
n+++++
r+++++
e+++++
l+++++
cg+++t
si+ilo

h e c t i c 
s t u d i o 
r e a p e d 
m i r r o r 
_ _ _ _ _ _ _ _ 
_ _ _ _ 

After
n+++++
r+++++
e+++++
l+++++
cg+++t
si+ilo

h e c t i c 
s t u d i o 
r e a p e d 
m i r r o r 
_ _ _ _ _ _ _ _ 
_ _ _ _ 

0
Before
n+++++
r+++++
e+++++
lg++++
ci+++t
si++lo

h e c t i c 
s t u d i o 
r e a p e d 
m i r r o r 
_ _ _ _ _ _ _ _ 
_ _ _ _ 

After
n+++++
r+++++
e+++++
lg++++
ci+++t
si++lo

h e c t i c 
s t u d i o 
r e a p e d 
m i r r o r 
_ _ _ _ _ _ _ _ 
_ _ _ _ 

0
Before
++++++
++++++
++++++
ng++++
rro++t
crrilo

h e c t i c 
s t u d i o 
r e a p e d 
s i m i l e 
_ _ _ _ _ _ _ _ 
_ _ _ _ 

After
++++++
++++++
++++++
ng++++
rro++t
crrilo

h e c t i c 
s t u d i o 
r e a p e d 
s i m i l e 
_ _ _ _ _ _ _ _ 
_ _ _ _ 

0
Before
++++++
++++++
++++++
+go+++
nrr++t
rimilo

h e c t i c 
s t u d i o 
r e a p e d 
r e l i c s 
_ _ _ _ _ _ _ _ 
_ _ _ _ 

After
++++++
++++++
++++++
+go+++
nrr++t
rimilo

h e c t i c 
s t u d i o 
r e a p e d 
r e l i c s 
_ _ _ _ _ _ _ _ 
_ _ _ _ 

0
Before
++++++
++++++
++++++
+go+++
nrr++t
rimilo

h e c t i c 
s t u d i o 
r e a p e d 
r e l i c s 
_ _ _ _ _ _ _ _ 
_ _ _ _ 

After
++++++
++++++
++++++
+go+++
nrr++t
rimilo

h e c t i c 
s t u d i o 
r e a p e d 
r e l i c s 
_ _ _ _ _ _ _ _ 
_ _ _ _ 

0
Before
++++++
++++++
+g++++
+ro+++
+rr++t
nimilo

h e c t i c 
s t u d i o 
r e a p e d 
r e l i c s 
_ _ _ _ _ _ _ _ 
_ _ _ _ 

After
++++++
++++++
+g++++
+ro+++
+rr++t
nimilo

h e c t i c 
s t u d i o 
r e a p e d 
r e l i c s 
_ _ _ _ _ _ _ _ 
_ _ _ _ 

0
Before
n+++++
rg++++
er++++
lro++t
cir++o
simi+p

h e c t i c 
s t u d i o 
d e a l e r 
_ _ _ _ _ _ 
_ _ _ _ _ _ _ _ 
_ _ _ _ 

After
n+++++
rg++++
er++++
lro++t
cir++o
simi+p

h e c t i c 
s t u d i o 
d e a l e r 
_ _ _ _ _ _ 
_ _ _ _ _ _ _ _ 
_ _ _ _ 

9
Before
n+++++
r+++++
e+++++
l++++t
cg+++o
si+i+p

h e c t i c 
s t u d i o 
d e a l e r 
m i r r o r 
_ _ _ _ _ _ _ _ 
_ _ _ _ 

After
n+++++
r+++++
e+++++
l++++t
cg+++o
si+i+p

h e c t i c 
s t u d i o 
d e a l e r 
m i r r o r 
_ _ _ _ _ _ _ _ 
_ _ _ _ 

0
Before
n+++++
r+++++
e+++++
l++++t
cg+++o
si+i+p

h e c t i c 
s t u d i o 
d e a l e r 
m i r r o r 
_ _ _ _ _ _ _ _ 
_ _ _ _ 

After
n+++++
r+++++
e+++++
l++++t
cg+++o
si+i+p

h e c t i c 
s t u d i o 
d e a l e r 
m i r r o r 
_ _ _ _ _ _ _ _ 
_ _ _ _ 

0
Before
n+++++
r+++++
e+++++
l++++t
cg+++o
si+i+p

h e c t i c 
s t u d i o 
d e a l e r 
m i r r o r 
_ _ _ _ _ _ _ _ 
_ _ _ _ 

After
n+++++
r+++++
e+++++
l++++t
cg+++o
si+i+p

h e c t i c 
s t u d i o 
d e a l e r 
m i r r o r 
_ _ _ _ _ _ _ _ 
_ _ _ _ 

0
Before
n+++++
r+++++
e+++++
l++++t
cg+++o
si+i+p

h e c t i c 
s t u d i o 
d e a l e r 
m i r r o r 
_ _ _ _ _ _ _ _ 
_ _ _ _ 

After
n+++++
r+++++
e+++++
l++++t
cg+++o
si+i+p

h e c t i c 
s t u d i o 
d e a l e r 
m i r r o r 
_ _ _ _ _ _ _ _ 
_ _ _ _ 

0
Before
n+++++
r+++++
e+++++
lg+++t
ci+++o
si+++p

h e c t i c 
s t u d i o 
d e a l e r 
m i r r o r 
_ _ _ _ _ _ _ _ 
_ _ _ _ 

After
n+++++
r+++++
e+++++
lg+++t
ci+++o
si+++p

h e c t i c 
s t u d i o 
d e a l e r 
m i r r o r 
_ _ _ _ _ _ _ _ 
_ _ _ _ 

0
Before
++++++
++++++
++++++
ng+++t
rro++o
crri+p

h e c t i c 
s t u d i o 
d e a l e r 
s i m i l e 
_ _ _ _ _ _ _ _ 
_ _ _ _ 

After
++++++
++++++
++++++
ng+++t
rro++o
crri+p

h e c t i c 
s t u d i o 
d e a l e r 
s i m i l e 
_ _ _ _ _ _ _ _ 
_ _ _ _ 

0
Before
++++++
++++++
++++++
+go++t
nrr++o
rimi+p

h e c t i c 
s t u d i o 
d e a l e r 
r e l i c s 
_ _ _ _ _ _ _ _ 
_ _ _ _ 

After
++++++
++++++
++++++
+go++t
nrr++o
rimi+p

h e c t i c 
s t u d i o 
d e a l e r 
r e l i c s 
_ _ _ _ _ _ _ _ 
_ _ _ _ 

0
Before
++++++
++++++
++++++
+go++t
nrr++o
rimi+p

h e c t i c 
s t u d i o 
d e a l e r 
r e l i c s 
_ _ _ _ _ _ _ _ 
_ _ _ _ 

After
++++++
++++++
++++++
+go++t
nrr++o
rimi+p

h e c t i c 
s t u d i o 
d e a l e r 
r e l i c s 
_ _ _ _ _ _ _ _ 
_ _ _ _ 

0
Before
++++++
++++++
+g++++
+ro++t
+rr++o
nimi+p

h e c t i c 
s t u d i o 
d e a l e r 
r e l i c s 
_ _ _ _ _ _ _ _ 
_ _ _ _ 

After
++++++
++++++
+g++++
+ro++t
+rr++o
nimi+p

h e c t i c 
s t u d i o 
d e a l e r 
r e l i c s 
_ _ _ _ _ _ _ _ 
_ _ _ _ 

0
Before
n+++++
rg++++
er+++t
lr+++o
ci+++p
simire

h e c t i c 
s t u d i o 
o r d e a l 
_ _ _ _ _ _ 
_ _ _ _ _ _ _ _ 
_ _ _ _ 

After
n+++++
rg++++
er+++t
lr+++o
ci+++p
simire

h e c t i c 
s t u d i o 
o r d e a l 
_ _ _ _ _ _ 
_ _ _ _ _ _ _ _ 
_ _ _ _ 

4
Before
++++++
++++++
+++++t
ng+++o
rr+++p
cr+ire

h e c t i c 
s t u d i o 
o r d e a l 
s i m i l e 
_ _ _ _ _ _ _ _ 
_ _ _ _ 

After
++++++
++++++
+++++t
ng+++o
rr+++p
cr+ire

h e c t i c 
s t u d i o 
o r d e a l 
s i m i l e 
_ _ _ _ _ _ _ _ 
_ _ _ _ 

0
Before
++++++
++++++
+++++t
+g+++o
nr+++p
rimire

h e c t i c 
s t u d i o 
o r d e a l 
r e l i c s 
_ _ _ _ _ _ _ _ 
_ _ _ _ 

After
++++++
++++++
+++++t
+g+++o
nr+++p
rimire

h e c t i c 
s t u d i o 
o r d e a l 
r e l i c s 
_ _ _ _ _ _ _ _ 
_ _ _ _ 

0
Before
++++++
++++++
+++++t
+g+++o
nr+++p
rimire

h e c t i c 
s t u d i o 
o r d e a l 
r e l i c s 
_ _ _ _ _ _ _ _ 
_ _ _ _ 

After
++++++
++++++
+++++t
+g+++o
nr+++p
rimire

h e c t i c 
s t u d i o 
o r d e a l 
r e l i c s 
_ _ _ _ _ _ _ _ 
_ _ _ _ 

0
Before
++++++
++++++
+g+++t
+r+++o
+r+++p
nimire

h e c t i c 
s t u d i o 
o r d e a l 
r e l i c s 
_ _ _ _ _ _ _ _ 
_ _ _ _ 

After
++++++
++++++
+g+++t
+r+++o
+r+++p
nimire

h e c t i c 
s t u d i o 
o r d e a l 
r e l i c s 
_ _ _ _ _ _ _ _ 
_ _ _ _ 

0
Before
++++++
+++++t
+++++o
+go+ep
nrrdra
rimile

h e c t i c 
s t u d i o 
r e l i c s 
_ _ _ _ _ _ 
_ _ _ _ _ _ _ _ 
_ _ _ _ 

After
++++++
+++++t
+++++o
+go+ep
nrrdra
rimile

h e c t i c 
s t u d i o 
r e l i c s 
_ _ _ _ _ _ 
_ _ _ _ _ _ _ _ 
_ _ _ _ 

9
Before
++++++
++++++
++++++
+go+++
nrr++t
rimiro

h e c t i c 
s t u d i o 
r e l i c s 
l e a p e d 
_ _ _ _ _ _ _ _ 
_ _ _ _ 

After
++++++
++++++
++++++
+go+++
nrr++t
rimiro

h e c t i c 
s t u d i o 
r e l i c s 
l e a p e d 
_ _ _ _ _ _ _ _ 
_ _ _ _ 

0
Before
++++++
+++++t
+++++o
++++ep
+++dra
ng+ile

h e c t i c 
s t u d i o 
r e l i c s 
m i r r o r 
_ _ _ _ _ _ _ _ 
_ _ _ _ 

After
++++++
+++++t
+++++o
++++ep
+++dra
ng+ile

h e c t i c 
s t u d i o 
r e l i c s 
m i r r o r 
_ _ _ _ _ _ _ _ 
_ _ _ _ 

0
Before
++++++
+++++t
+++++o
+g+++p
nro++a
rir++e

h e c t i c 
s t u d i o 
r e l i c s 
m i l d e r 
_ _ _ _ _ _ _ _ 
_ _ _ _ 

After
++++++
+++++t
+++++o
+g+++p
nro++a
rir++e

h e c t i c 
s t u d i o 
r e l i c s 
m i l d e r 
_ _ _ _ _ _ _ _ 
_ _ _ _ 

0
Before
++++++
+++++t
+++++o
++++ep
++o+ra
rrm+le

h e c t i c 
s t u d i o 
r e l i c s 
i n g r i d 
_ _ _ _ _ _ _ _ 
_ _ _ _ 

After
++++++
+++++t
+++++o
++++ep
++o+ra
rrm+le

h e c t i c 
s t u d i o 
r e l i c s 
i n g r i d 
_ _ _ _ _ _ _ _ 
_ _ _ _ 

0
Before
++++++
++++++
++++++
+go+++
nrr++t
rimilo

h e c t i c 
s t u d i o 
r e l i c s 
r e a p e d 
_ _ _ _ _ _ _ _ 
_ _ _ _ 

After
++++++
++++++
++++++
+go+++
nrr++t
rimilo

h e c t i c 
s t u d i o 
r e l i c s 
r e a p e d 
_ _ _ _ _ _ _ _ 
_ _ _ _ 

0
Before
++++++
++++++
++++++
+go++t
nrr++o
rimi+p

h e c t i c 
s t u d i o 
r e l i c s 
d e a l e r 
_ _ _ _ _ _ _ _ 
_ _ _ _ 

After
++++++
++++++
++++++
+go++t
nrr++o
rimi+p

h e c t i c 
s t u d i o 
r e l i c s 
d e a l e r 
_ _ _ _ _ _ _ _ 
_ _ _ _ 

0
Before
++++++
+++++t
+++++o
++++ep
++++ra
rgrile

h e c t i c 
s t u d i o 
r e l i c s 
n i m r o d 
_ _ _ _ _ _ _ _ 
_ _ _ _ 

After
++++++
+++++t
+++++o
++++ep
++++ra
rgrile

h e c t i c 
s t u d i o 
r e l i c s 
n i m r o d 
_ _ _ _ _ _ _ _ 
_ _ _ _ 

0
Before
++++++
+++++t
+++++o
++++ep
+g++ra
rr+ile

h e c t i c 
s t u d i o 
r e l i c s 
n i m r o d 
_ _ _ _ _ _ _ _ 
_ _ _ _ 

After
++++++
+++++t
+++++o
++++ep
+g++ra
rr+ile

h e c t i c 
s t u d i o 
r e l i c s 
n i m r o d 
_ _ _ _ _ _ _ _ 
_ _ _ _ 

0
Before
++++++
++++++
+++++t
+g+++o
nr+++p
rimire

h e c t i c 
s t u d i o 
r e l i c s 
o r d e a l 
_ _ _ _ _ _ _ _ 
_ _ _ _ 

After
++++++
++++++
+++++t
+g+++o
nr+++p
rimire

h e c t i c 
s t u d i o 
r e l i c s 
o r d e a l 
_ _ _ _ _ _ _ _ 
_ _ _ _ 

0
Before
++++++
+++++t
+++++o
+go+ep
nrrdra
rimile

h e c t i c 
s t u d i o 
r e l i c s 
_ _ _ _ _ _ 
_ _ _ _ _ _ _ _ 
_ _ _ _ 

After
++++++
+++++t
+++++o
+go+ep
nrrdra
rimile

h e c t i c 
s t u d i o 
r e l i c s 
_ _ _ _ _ _ 
_ _ _ _ _ _ _ _ 
_ _ _ _ 

9
Before
++++++
++++++
++++++
+go+++
nrr++t
rimiro

h e c t i c 
s t u d i o 
r e l i c s 
l e a p e d 
_ _ _ _ _ _ _ _ 
_ _ _ _ 

After
++++++
++++++
++++++
+go+++
nrr++t
rimiro

h e c t i c 
s t u d i o 
r e l i c s 
l e a p e d 
_ _ _ _ _ _ _ _ 
_ _ _ _ 

0
Before
++++++
+++++t
+++++o
++++ep
+++dra
ng+ile

h e c t i c 
s t u d i o 
r e l i c s 
m i r r o r 
_ _ _ _ _ _ _ _ 
_ _ _ _ 

After
++++++
+++++t
+++++o
++++ep
+++dra
ng+ile

h e c t i c 
s t u d i o 
r e l i c s 
m i r r o r 
_ _ _ _ _ _ _ _ 
_ _ _ _ 

0
Before
++++++
+++++t
+++++o
+g+++p
nro++a
rir++e

h e c t i c 
s t u d i o 
r e l i c s 
m i l d e r 
_ _ _ _ _ _ _ _ 
_ _ _ _ 

After
++++++
+++++t
+++++o
+g+++p
nro++a
rir++e

h e c t i c 
s t u d i o 
r e l i c s 
m i l d e r 
_ _ _ _ _ _ _ _ 
_ _ _ _ 

0
Before
++++++
+++++t
+++++o
++++ep
++o+ra
rrm+le

h e c t i c 
s t u d i o 
r e l i c s 
i n g r i d 
_ _ _ _ _ _ _ _ 
_ _ _ _ 

After
++++++
+++++t
+++++o
++++ep
++o+ra
rrm+le

h e c t i c 
s t u d i o 
r e l i c s 
i n g r i d 
_ _ _ _ _ _ _ _ 
_ _ _ _ 

0
Before
++++++
++++++
++++++
+go+++
nrr++t
rimilo

h e c t i c 
s t u d i o 
r e l i c s 
r e a p e d 
_ _ _ _ _ _ _ _ 
_ _ _ _ 

After
++++++
++++++
++++++
+go+++
nrr++t
rimilo

h e c t i c 
s t u d i o 
r e l i c s 
r e a p e d 
_ _ _ _ _ _ _ _ 
_ _ _ _ 

0
Before
++++++
++++++
++++++
+go++t
nrr++o
rimi+p

h e c t i c 
s t u d i o 
r e l i c s 
d e a l e r 
_ _ _ _ _ _ _ _ 
_ _ _ _ 

After
++++++
++++++
++++++
+go++t
nrr++o
rimi+p

h e c t i c 
s t u d i o 
r e l i c s 
d e a l e r 
_ _ _ _ _ _ _ _ 
_ _ _ _ 

0
Before
++++++
+++++t
+++++o
++++ep
++++ra
rgrile

h e c t i c 
s t u d i o 
r e l i c s 
n i m r o d 
_ _ _ _ _ _ _ _ 
_ _ _ _ 

After
++++++
+++++t
+++++o
++++ep
++++ra
rgrile

h e c t i c 
s t u d i o 
r e l i c s 
n i m r o d 
_ _ _ _ _ _ _ _ 
_ _ _ _ 

0
Before
++++++
+++++t
+++++o
++++ep
+g++ra
rr+ile

h e c t i c 
s t u d i o 
r e l i c s 
n i m r o d 
_ _ _ _ _ _ _ _ 
_ _ _ _ 

After
++++++
+++++t
+++++o
++++ep
+g++ra
rr+ile

h e c t i c 
s t u d i o 
r e l i c s 
n i m r o d 
_ _ _ _ _ _ _ _ 
_ _ _ _ 

0
Before
++++++
++++++
+++++t
+g+++o
nr+++p
rimire

h e c t i c 
s t u d i o 
r e l i c s 
o r d e a l 
_ _ _ _ _ _ _ _ 
_ _ _ _ 

After
++++++
++++++
+++++t
+g+++o
nr+++p
rimire

h e c t i c 
s t u d i o 
r e l i c s 
o r d e a l 
_ _ _ _ _ _ _ _ 
_ _ _ _ 

0
Before
++++++
+++++t
+g+++o
+ro+ep
+rrdra
nimile

h e c t i c 
s t u d i o 
r e l i c s 
_ _ _ _ _ _ 
_ _ _ _ _ _ _ _ 
_ _ _ _ 

After
++++++
+++++t
+g+++o
+ro+ep
+rrdra
nimile

h e c t i c 
s t u d i o 
r e l i c s 
_ _ _ _ _ _ 
_ _ _ _ _ _ _ _ 
_ _ _ _ 

13
Before
++++++
++++++
+g++++
+ro+++
+rr++t
nimiro

h e c t i c 
s t u d i o 
r e l i c s 
l e a p e d 
_ _ _ _ _ _ _ _ 
_ _ _ _ 

After
++++++
++++++
+g++++
+ro+++
+rr++t
nimiro

h e c t i c 
s t u d i o 
r e l i c s 
l e a p e d 
_ _ _ _ _ _ _ _ 
_ _ _ _ 

0
Before
++++++
+++++t
+++++o
++++ep
+++dra
ng+ile

h e c t i c 
s t u d i o 
r e l i c s 
m i r r o r 
_ _ _ _ _ _ _ _ 
_ _ _ _ 

After
++++++
+++++t
+++++o
++++ep
+++dra
ng+ile

h e c t i c 
s t u d i o 
r e l i c s 
m i r r o r 
_ _ _ _ _ _ _ _ 
_ _ _ _ 

0
Before
++++++
+++++t
+++++o
++++ep
+++dra
ng+ile

h e c t i c 
s t u d i o 
r e l i c s 
m i r r o r 
_ _ _ _ _ _ _ _ 
_ _ _ _ 

After
++++++
+++++t
+++++o
++++ep
+++dra
ng+ile

h e c t i c 
s t u d i o 
r e l i c s 
m i r r o r 
_ _ _ _ _ _ _ _ 
_ _ _ _ 

0
Before
++++++
+++++t
+++++o
++++ep
+++dra
ng+ile

h e c t i c 
s t u d i o 
r e l i c s 
m i r r o r 
_ _ _ _ _ _ _ _ 
_ _ _ _ 

After
++++++
+++++t
+++++o
++++ep
+++dra
ng+ile

h e c t i c 
s t u d i o 
r e l i c s 
m i r r o r 
_ _ _ _ _ _ _ _ 
_ _ _ _ 

0
Before
++++++
+++++t
+++++o
++++ep
+++dra
ng+ile

h e c t i c 
s t u d i o 
r e l i c s 
m i r r o r 
_ _ _ _ _ _ _ _ 
_ _ _ _ 

After
++++++
+++++t
+++++o
++++ep
+++dra
ng+ile

h e c t i c 
s t u d i o 
r e l i c s 
m i r r o r 
_ _ _ _ _ _ _ _ 
_ _ _ _ 

0
Before
++++++
+++++t
+++++o
++++ep
+g++ra
ni+dle

h e c t i c 
s t u d i o 
r e l i c s 
m i r r o r 
_ _ _ _ _ _ _ _ 
_ _ _ _ 

After
++++++
+++++t
+++++o
++++ep
+g++ra
ni+dle

h e c t i c 
s t u d i o 
r e l i c s 
m i r r o r 
_ _ _ _ _ _ _ _ 
_ _ _ _ 

0
Before
++++++
+++++t
+++++o
++++ep
+g++ra
ni+dle

h e c t i c 
s t u d i o 
r e l i c s 
m i r r o r 
_ _ _ _ _ _ _ _ 
_ _ _ _ 

After
++++++
+++++t
+++++o
++++ep
+g++ra
ni+dle

h e c t i c 
s t u d i o 
r e l i c s 
m i r r o r 
_ _ _ _ _ _ _ _ 
_ _ _ _ 

0
Before
++++++
+++++t
+g+++o
+r+++p
+ro++a
nir++e

h e c t i c 
s t u d i o 
r e l i c s 
m i l d e r 
_ _ _ _ _ _ _ _ 
_ _ _ _ 

After
++++++
+++++t
+g+++o
+r+++p
+ro++a
nir++e

h e c t i c 
s t u d i o 
r e l i c s 
m i l d e r 
_ _ _ _ _ _ _ _ 
_ _ _ _ 

0
Before
++++++
+++++t
+++++o
++++ep
+g++ra
+rrile

h e c t i c 
s t u d i o 
r e l i c s 
n i m r o d 
_ _ _ _ _ _ _ _ 
_ _ _ _ 

After
++++++
+++++t
+++++o
++++ep
+g++ra
+rrile

h e c t i c 
s t u d i o 
r e l i c s 
n i m r o d 
_ _ _ _ _ _ _ _ 
_ _ _ _ 

0
Before
++++++
+++++t
+++++o
+g++ep
+r++ra
+r+ile

h e c t i c 
s t u d i o 
r e l i c s 
n i m r o d 
_ _ _ _ _ _ _ _ 
_ _ _ _ 

After
++++++
+++++t
+++++o
+g++ep
+r++ra
+r+ile

h e c t i c 
s t u d i o 
r e l i c s 
n i m r o d 
_ _ _ _ _ _ _ _ 
_ _ _ _ 

0
Before
++++++
++++++
+g++++
+ro+++
+rr++t
nimilo

h e c t i c 
s t u d i o 
r e l i c s 
r e a p e d 
_ _ _ _ _ _ _ _ 
_ _ _ _ 

After
++++++
++++++
+g++++
+ro+++
+rr++t
nimilo

h e c t i c 
s t u d i o 
r e l i c s 
r e a p e d 
_ _ _ _ _ _ _ _ 
_ _ _ _ 

0
Before
++++++
++++++
+g++++
+ro++t
+rr++o
nimi+p

h e c t i c 
s t u d i o 
r e l i c s 
d e a l e r 
_ _ _ _ _ _ _ _ 
_ _ _ _ 

After
++++++
++++++
+g++++
+ro++t
+rr++o
nimi+p

h e c t i c 
s t u d i o 
r e l i c s 
d e a l e r 
_ _ _ _ _ _ _ _ 
_ _ _ _ 

0
Before
++++++
++++++
+g+++t
+r+++o
+r+++p
nimire

h e c t i c 
s t u d i o 
r e l i c s 
o r d e a l 
_ _ _ _ _ _ _ _ 
_ _ _ _ 

After
++++++
++++++
+g+++t
+r+++o
+r+++p
nimire

h e c t i c 
s t u d i o 
r e l i c s 
o r d e a l 
_ _ _ _ _ _ _ _ 
_ _ _ _ 

0
Before
n+++++
rg+++t
ero++o
lrr+ep
cii+ra
simdle

h e c t i c 
s t u d i o 
_ _ _ _ _ _ 
_ _ _ _ _ _ 
_ _ _ _ _ _ _ _ 
_ _ _ _ 

After
n+++++
rg+++t
ero++o
lrr+ep
cii+ra
simdle

h e c t i c 
s t u d i o 
_ _ _ _ _ _ 
_ _ _ _ _ _ 
_ _ _ _ _ _ _ _ 
_ _ _ _ 

12
Before
n+++++
r++++t
e++++o
l+++ep
cg++ra
siidle

h e c t i c 
s t u d i o 
m i r r o r 
_ _ _ _ _ _ 
_ _ _ _ _ _ _ _ 
_ _ _ _ 

After
n+++++
r++++t
e++++o
l+++ep
cg++ra
siidle

h e c t i c 
s t u d i o 
m i r r o r 
_ _ _ _ _ _ 
_ _ _ _ _ _ _ _ 
_ _ _ _ 

0
Before
n+++++
r++++t
e++++o
l+++ep
cg++ra
siidle

h e c t i c 
s t u d i o 
m i r r o r 
_ _ _ _ _ _ 
_ _ _ _ _ _ _ _ 
_ _ _ _ 

After
n+++++
r++++t
e++++o
l+++ep
cg++ra
siidle

h e c t i c 
s t u d i o 
m i r r o r 
_ _ _ _ _ _ 
_ _ _ _ _ _ _ _ 
_ _ _ _ 

0
Before
n+++++
r++++t
e++++o
l+++ep
cg++ra
siidle

h e c t i c 
s t u d i o 
m i r r o r 
_ _ _ _ _ _ 
_ _ _ _ _ _ _ _ 
_ _ _ _ 

After
n+++++
r++++t
e++++o
l+++ep
cg++ra
siidle

h e c t i c 
s t u d i o 
m i r r o r 
_ _ _ _ _ _ 
_ _ _ _ _ _ _ _ 
_ _ _ _ 

0
Before
n+++++
r++++t
e++++o
l+++ep
cg++ra
siidle

h e c t i c 
s t u d i o 
m i r r o r 
_ _ _ _ _ _ 
_ _ _ _ _ _ _ _ 
_ _ _ _ 

After
n+++++
r++++t
e++++o
l+++ep
cg++ra
siidle

h e c t i c 
s t u d i o 
m i r r o r 
_ _ _ _ _ _ 
_ _ _ _ _ _ _ _ 
_ _ _ _ 

0
Before
n+++++
r++++t
e++++o
lg++ep
ci++ra
si+dle

h e c t i c 
s t u d i o 
m i r r o r 
_ _ _ _ _ _ 
_ _ _ _ _ _ _ _ 
_ _ _ _ 

After
n+++++
r++++t
e++++o
lg++ep
ci++ra
si+dle

h e c t i c 
s t u d i o 
m i r r o r 
_ _ _ _ _ _ 
_ _ _ _ _ _ _ _ 
_ _ _ _ 

1
Before
++++++
+++++t
+++++o
++++ep
+g++ra
ni+dle

h e c t i c 
s t u d i o 
m i r r o r 
r e l i c s 
_ _ _ _ _ _ _ _ 
_ _ _ _ 

After
++++++
+++++t
+++++o
++++ep
+g++ra
ni+dle

h e c t i c 
s t u d i o 
m i r r o r 
r e l i c s 
_ _ _ _ _ _ _ _ 
_ _ _ _ 

0
Before
n+++++
r++++t
e++++o
lg++ep
ci++ra
si+dle

h e c t i c 
s t u d i o 
m i r r o r 
_ _ _ _ _ _ 
_ _ _ _ _ _ _ _ 
_ _ _ _ 

After
n+++++
r++++t
e++++o
lg++ep
ci++ra
si+dle

h e c t i c 
s t u d i o 
m i r r o r 
_ _ _ _ _ _ 
_ _ _ _ _ _ _ _ 
_ _ _ _ 

1
Before
++++++
+++++t
+++++o
++++ep
+g++ra
ni+dle

h e c t i c 
s t u d i o 
m i r r o r 
r e l i c s 
_ _ _ _ _ _ _ _ 
_ _ _ _ 

After
++++++
+++++t
+++++o
++++ep
+g++ra
ni+dle

h e c t i c 
s t u d i o 
m i r r o r 
r e l i c s 
_ _ _ _ _ _ _ _ 
_ _ _ _ 

0
Before
n+++++
r++++t
e++++o
lg++ep
ci++ra
si+dle

h e c t i c 
s t u d i o 
m i r r o r 
_ _ _ _ _ _ 
_ _ _ _ _ _ _ _ 
_ _ _ _ 

After
n+++++
r++++t
e++++o
lg++ep
ci++ra
si+dle

h e c t i c 
s t u d i o 
m i r r o r 
_ _ _ _ _ _ 
_ _ _ _ _ _ _ _ 
_ _ _ _ 

1
Before
++++++
+++++t
+++++o
++++ep
+g++ra
ni+dle

h e c t i c 
s t u d i o 
m i r r o r 
r e l i c s 
_ _ _ _ _ _ _ _ 
_ _ _ _ 

After
++++++
+++++t
+++++o
++++ep
+g++ra
ni+dle

h e c t i c 
s t u d i o 
m i r r o r 
r e l i c s 
_ _ _ _ _ _ _ _ 
_ _ _ _ 

0
Before
n+++++
r++++t
e++++o
lg++ep
ci++ra
si+dle

h e c t i c 
s t u d i o 
m i r r o r 
_ _ _ _ _ _ 
_ _ _ _ _ _ _ _ 
_ _ _ _ 

After
n+++++
r++++t
e++++o
lg++ep
ci++ra
si+dle

h e c t i c 
s t u d i o 
m i r r o r 
_ _ _ _ _ _ 
_ _ _ _ _ _ _ _ 
_ _ _ _ 

1
Before
++++++
+++++t
+++++o
++++ep
+g++ra
ni+dle

h e c t i c 
s t u d i o 
m i r r o r 
r e l i c s 
_ _ _ _ _ _ _ _ 
_ _ _ _ 

After
++++++
+++++t
+++++o
++++ep
+g++ra
ni+dle

h e c t i c 
s t u d i o 
m i r r o r 
r e l i c s 
_ _ _ _ _ _ _ _ 
_ _ _ _ 

0
Before
++++++
+++++t
+++++o
ngo+ep
rrr+ra
cridle

h e c t i c 
s t u d i o 
s i m i l e 
_ _ _ _ _ _ 
_ _ _ _ _ _ _ _ 
_ _ _ _ 

After
++++++
+++++t
+++++o
ngo+ep
rrr+ra
cridle

h e c t i c 
s t u d i o 
s i m i l e 
_ _ _ _ _ _ 
_ _ _ _ _ _ _ _ 
_ _ _ _ 

0
Before
++++++
+++++t
++o++o
+gr+ep
nri+ra
rimdle

h e c t i c 
s t u d i o 
r e l i c s 
_ _ _ _ _ _ 
_ _ _ _ _ _ _ _ 
_ _ _ _ 

After
++++++
+++++t
++o++o
+gr+ep
nri+ra
rimdle

h e c t i c 
s t u d i o 
r e l i c s 
_ _ _ _ _ _ 
_ _ _ _ _ _ _ _ 
_ _ _ _ 

2
Before
++++++
+++++t
+++++o
++++ep
++o+ra
rrm+le

h e c t i c 
s t u d i o 
r e l i c s 
i n g r i d 
_ _ _ _ _ _ _ _ 
_ _ _ _ 

After
++++++
+++++t
+++++o
++++ep
++o+ra
rrm+le

h e c t i c 
s t u d i o 
r e l i c s 
i n g r i d 
_ _ _ _ _ _ _ _ 
_ _ _ _ 

0
Before
++++++
+++++t
+++++o
++o+ep
++r+ra
r+m+le

h e c t i c 
s t u d i o 
r e l i c s 
i n g r i d 
_ _ _ _ _ _ _ _ 
_ _ _ _ 

After
++++++
+++++t
+++++o
++o+ep
++r+ra
r+m+le

h e c t i c 
s t u d i o 
r e l i c s 
i n g r i d 
_ _ _ _ _ _ _ _ 
_ _ _ _ 

0
Before
++++++
+++++t
++o++o
+gr+ep
nri+ra
rimdle

h e c t i c 
s t u d i o 
r e l i c s 
_ _ _ _ _ _ 
_ _ _ _ _ _ _ _ 
_ _ _ _ 

After
++++++
+++++t
++o++o
+gr+ep
nri+ra
rimdle

h e c t i c 
s t u d i o 
r e l i c s 
_ _ _ _ _ _ 
_ _ _ _ _ _ _ _ 
_ _ _ _ 

2
Before
++++++
+++++t
+++++o
++++ep
++o+ra
rrm+le

h e c t i c 
s t u d i o 
r e l i c s 
i n g r i d 
_ _ _ _ _ _ _ _ 
_ _ _ _ 

After
++++++
+++++t
+++++o
++++ep
++o+ra
rrm+le

h e c t i c 
s t u d i o 
r e l i c s 
i n g r i d 
_ _ _ _ _ _ _ _ 
_ _ _ _ 

0
Before
++++++
+++++t
+++++o
++o+ep
++r+ra
r+m+le

h e c t i c 
s t u d i o 
r e l i c s 
i n g r i d 
_ _ _ _ _ _ _ _ 
_ _ _ _ 

After
++++++
+++++t
+++++o
++o+ep
++r+ra
r+m+le

h e c t i c 
s t u d i o 
r e l i c s 
i n g r i d 
_ _ _ _ _ _ _ _ 
_ _ _ _ 

0
Before
++++++
+++++t
+go++o
+rr+ep
+ri+ra
nimdle

h e c t i c 
s t u d i o 
r e l i c s 
_ _ _ _ _ _ 
_ _ _ _ _ _ _ _ 
_ _ _ _ 

After
++++++
+++++t
+go++o
+rr+ep
+ri+ra
nimdle

h e c t i c 
s t u d i o 
r e l i c s 
_ _ _ _ _ _ 
_ _ _ _ _ _ _ _ 
_ _ _ _ 

4
Before
++++++
+++++t
+++++o
++++ep
++++ra
ngidle

h e c t i c 
s t u d i o 
r e l i c s 
m i r r o r 
_ _ _ _ _ _ _ _ 
_ _ _ _ 

After
++++++
+++++t
+++++o
++++ep
++++ra
ngidle

h e c t i c 
s t u d i o 
r e l i c s 
m i r r o r 
_ _ _ _ _ _ _ _ 
_ _ _ _ 

0
Before
++++++
+++++t
+++++o
++++ep
++++ra
ngidle

h e c t i c 
s t u d i o 
r e l i c s 
m i r r o r 
_ _ _ _ _ _ _ _ 
_ _ _ _ 

After
++++++
+++++t
+++++o
++++ep
++++ra
ngidle

h e c t i c 
s t u d i o 
r e l i c s 
m i r r o r 
_ _ _ _ _ _ _ _ 
_ _ _ _ 

0
Before
++++++
+++++t
+++++o
++++ep
+g++ra
ni+dle

h e c t i c 
s t u d i o 
r e l i c s 
m i r r o r 
_ _ _ _ _ _ _ _ 
_ _ _ _ 

After
++++++
+++++t
+++++o
++++ep
+g++ra
ni+dle

h e c t i c 
s t u d i o 
r e l i c s 
m i r r o r 
_ _ _ _ _ _ _ _ 
_ _ _ _ 

0
Before
++++++
+++++t
+++++o
++++ep
+g++ra
ni+dle

h e c t i c 
s t u d i o 
r e l i c s 
m i r r o r 
_ _ _ _ _ _ _ _ 
_ _ _ _ 

After
++++++
+++++t
+++++o
++++ep
+g++ra
ni+dle

h e c t i c 
s t u d i o 
r e l i c s 
m i r r o r 
_ _ _ _ _ _ _ _ 
_ _ _ _ 

0
Before
n++++t
rg+++o
er+++p
lro++a
cirdue
siiost

h e c t i c 
m i l d e r 
_ _ _ _ _ _ 
_ _ _ _ _ _ 
_ _ _ _ _ _ _ _ 
_ _ _ _ 

After
n++++t
rg+++o
er+++p
lro++a
cirdue
siiost

h e c t i c 
m i l d e r 
_ _ _ _ _ _ 
_ _ _ _ _ _ 
_ _ _ _ _ _ _ _ 
_ _ _ _ 

8
Before
n+++++
rg++++
er++++
lro+++
cirdu+
siios+

h e c t i c 
m i l d e r 
t e a p o t 
_ _ _ _ _ _ 
_ _ _ _ _ _ _ _ 
_ _ _ _ 

After
n+++++
rg++++
er++++
lro+++
cirdu+
siios+

h e c t i c 
m i l d e r 
t e a p o t 
_ _ _ _ _ _ 
_ _ _ _ _ _ _ _ 
_ _ _ _ 

5
Before
++++++
++++++
ng++++
rr++++
cio+++
siidu+

h e c t i c 
m i l d e r 
t e a p o t 
s o r r e l 
_ _ _ _ _ _ _ _ 
_ _ _ _ 

After
++++++
++++++
ng++++
rr++++
cio+++
siidu+

h e c t i c 
m i l d e r 
t e a p o t 
s o r r e l 
_ _ _ _ _ _ _ _ 
_ _ _ _ 

0
Before
n+++++
rg++++
er++++
lr++++
ci++++
sir+++

h e c t i c 
m i l d e r 
t e a p o t 
o d i o u s 
_ _ _ _ _ _ _ _ 
_ _ _ _ 

After
n+++++
rg++++
er++++
lr++++
ci++++
sir+++

h e c t i c 
m i l d e r 
t e a p o t 
o d i o u s 
_ _ _ _ _ _ _ _ 
_ _ _ _ 

0
Before
++++++
++++++
++++++
+go+++
nrrdu+
riios+

h e c t i c 
m i l d e r 
t e a p o t 
r e l i c s 
_ _ _ _ _ _ _ _ 
_ _ _ _ 

After
++++++
++++++
++++++
+go+++
nrrdu+
riios+

h e c t i c 
m i l d e r 
t e a p o t 
r e l i c s 
_ _ _ _ _ _ _ _ 
_ _ _ _ 

0
Before
++++++
++++++
++++++
+go+++
nrrdu+
riios+

h e c t i c 
m i l d e r 
t e a p o t 
r e l i c s 
_ _ _ _ _ _ _ _ 
_ _ _ _ 

After
++++++
++++++
++++++
+go+++
nrrdu+
riios+

h e c t i c 
m i l d e r 
t e a p o t 
r e l i c s 
_ _ _ _ _ _ _ _ 
_ _ _ _ 

0
Before
++++++
++++++
+g++++
+ro+++
+rrdu+
niios+

h e c t i c 
m i l d e r 
t e a p o t 
r e l i c s 
_ _ _ _ _ _ _ _ 
_ _ _ _ 

After
++++++
++++++
+g++++
+ro+++
+rrdu+
niios+

h e c t i c 
m i l d e r 
t e a p o t 
r e l i c s 
_ _ _ _ _ _ _ _ 
_ _ _ _ 

0
Before
+++++t
+++++o
ng+++p
rr+++a
cio++e
siidut

h e c t i c 
m i l d e r 
s o r r e l 
_ _ _ _ _ _ 
_ _ _ _ _ _ _ _ 
_ _ _ _ 

After
+++++t
+++++o
ng+++p
rr+++a
cio++e
siidut

h e c t i c 
m i l d e r 
s o r r e l 
_ _ _ _ _ _ 
_ _ _ _ _ _ _ _ 
_ _ _ _ 

1
Before
++++++
++++++
ng++++
rr++++
cio+++
siidu+

h e c t i c 
m i l d e r 
s o r r e l 
t e a p o t 
_ _ _ _ _ _ _ _ 
_ _ _ _ 

After
++++++
++++++
ng++++
rr++++
cio+++
siidu+

h e c t i c 
m i l d e r 
s o r r e l 
t e a p o t 
_ _ _ _ _ _ _ _ 
_ _ _ _ 

0
Before
n+++++
rg+++t
er+++o
lr+++p
cio++a
sir++e

h e c t i c 
m i l d e r 
s t u d i o 
_ _ _ _ _ _ 
_ _ _ _ _ _ _ _ 
_ _ _ _ 

After
n+++++
rg+++t
er+++o
lr+++p
cio++a
sir++e

h e c t i c 
m i l d e r 
s t u d i o 
_ _ _ _ _ _ 
_ _ _ _ _ _ _ _ 
_ _ _ _ 

3
Before
++++++
+++++t
+++++o
+g+++p
nro++a
rir++e

h e c t i c 
m i l d e r 
s t u d i o 
r e l i c s 
_ _ _ _ _ _ _ _ 
_ _ _ _ 

After
++++++
+++++t
+++++o
+g+++p
nro++a
rir++e

h e c t i c 
m i l d e r 
s t u d i o 
r e l i c s 
_ _ _ _ _ _ _ _ 
_ _ _ _ 

0
Before
++++++
+++++t
+++++o
+g+++p
nro++a
rir++e

h e c t i c 
m i l d e r 
s t u d i o 
r e l i c s 
_ _ _ _ _ _ _ _ 
_ _ _ _ 

After
++++++
+++++t
+++++o
+g+++p
nro++a
rir++e

h e c t i c 
m i l d e r 
s t u d i o 
r e l i c s 
_ _ _ _ _ _ _ _ 
_ _ _ _ 

0
Before
++++++
+++++t
+g+++o
+r+++p
+ro++a
nir++e

h e c t i c 
m i l d e r 
s t u d i o 
r e l i c s 
_ _ _ _ _ _ _ _ 
_ _ _ _ 

After
++++++
+++++t
+g+++o
+r+++p
+ro++a
nir++e

h e c t i c 
m i l d e r 
s t u d i o 
r e l i c s 
_ _ _ _ _ _ _ _ 
_ _ _ _ 

0
Before
n+++++
rg++++
er+++t
lr+++o
cio++p
siid+a

h e c t i c 
m i l d e r 
r o u t e s 
_ _ _ _ _ _ 
_ _ _ _ _ _ _ _ 
_ _ _ _ 

After
n+++++
rg++++
er+++t
lr+++o
cio++p
siid+a

h e c t i c 
m i l d e r 
r o u t e s 
_ _ _ _ _ _ 
_ _ _ _ _ _ _ _ 
_ _ _ _ 

3
Before
++++++
++++++
+++++t
+g+++o
nro++p
riid+a

h e c t i c 
m i l d e r 
r o u t e s 
r e l i c s 
_ _ _ _ _ _ _ _ 
_ _ _ _ 

After
++++++
++++++
+++++t
+g+++o
nro++p
riid+a

h e c t i c 
m i l d e r 
r o u t e s 
r e l i c s 
_ _ _ _ _ _ _ _ 
_ _ _ _ 

0
Before
++++++
++++++
+++++t
+g+++o
nro++p
riid+a

h e c t i c 
m i l d e r 
r o u t e s 
r e l i c s 
_ _ _ _ _ _ _ _ 
_ _ _ _ 

After
++++++
++++++
+++++t
+g+++o
nro++p
riid+a

h e c t i c 
m i l d e r 
r o u t e s 
r e l i c s 
_ _ _ _ _ _ _ _ 
_ _ _ _ 

0
Before
++++++
++++++
+g+++t
+r+++o
+ro++p
niid+a

h e c t i c 
m i l d e r 
r o u t e s 
r e l i c s 
_ _ _ _ _ _ _ _ 
_ _ _ _ 

After
++++++
++++++
+g+++t
+r+++o
+ro++p
niid+a

h e c t i c 
m i l d e r 
r o u t e s 
r e l i c s 
_ _ _ _ _ _ _ _ 
_ _ _ _ 

0
Before
n++++t
rg+++o
er+++p
lr+++a
ci+++e
sir++t

h e c t i c 
m i l d e r 
o d i o u s 
_ _ _ _ _ _ 
_ _ _ _ _ _ _ _ 
_ _ _ _ 

After
n++++t
rg+++o
er+++p
lr+++a
ci+++e
sir++t

h e c t i c 
m i l d e r 
o d i o u s 
_ _ _ _ _ _ 
_ _ _ _ _ _ _ _ 
_ _ _ _ 

4
Before
n+++++
rg++++
er++++
lr++++
ci++++
sir+++

h e c t i c 
m i l d e r 
o d i o u s 
t e a p o t 
_ _ _ _ _ _ _ _ 
_ _ _ _ 

After
n+++++
rg++++
er++++
lr++++
ci++++
sir+++

h e c t i c 
m i l d e r 
o d i o u s 
t e a p o t 
_ _ _ _ _ _ _ _ 
_ _ _ _ 

0
Before
+++++t
+++++o
+++++p
+g+++a
nr+++e
rir++t

h e c t i c 
m i l d e r 
o d i o u s 
r e l i c s 
_ _ _ _ _ _ _ _ 
_ _ _ _ 

After
+++++t
+++++o
+++++p
+g+++a
nr+++e
rir++t

h e c t i c 
m i l d e r 
o d i o u s 
r e l i c s 
_ _ _ _ _ _ _ _ 
_ _ _ _ 

0
Before
+++++t
+++++o
+++++p
+g+++a
nr+++e
rir++t

h e c t i c 
m i l d e r 
o d i o u s 
r e l i c s 
_ _ _ _ _ _ _ _ 
_ _ _ _ 

After
+++++t
+++++o
+++++p
+g+++a
nr+++e
rir++t

h e c t i c 
m i l d e r 
o d i o u s 
r e l i c s 
_ _ _ _ _ _ _ _ 
_ _ _ _ 

0
Before
+++++t
+++++o
+g+++p
+r+++a
+r+++e
nir++t

h e c t i c 
m i l d e r 
o d i o u s 
r e l i c s 
_ _ _ _ _ _ _ _ 
_ _ _ _ 

After
+++++t
+++++o
+g+++p
+r+++a
+r+++e
nir++t

h e c t i c 
m i l d e r 
o d i o u s 
r e l i c s 
_ _ _ _ _ _ _ _ 
_ _ _ _ 

0
Before
+++++t
+++++o
+++++p
+go++a
nrrdue
riiost

h e c t i c 
m i l d e r 
r e l i c s 
_ _ _ _ _ _ 
_ _ _ _ _ _ _ _ 
_ _ _ _ 

After
+++++t
+++++o
+++++p
+go++a
nrrdue
riiost

h e c t i c 
m i l d e r 
r e l i c s 
_ _ _ _ _ _ 
_ _ _ _ _ _ _ _ 
_ _ _ _ 

8
Before
++++++
++++++
++++++
+go+++
nrrdu+
riios+

h e c t i c 
m i l d e r 
r e l i c s 
t e a p o t 
_ _ _ _ _ _ _ _ 
_ _ _ _ 

After
++++++
++++++
++++++
+go+++
nrrdu+
riios+

h e c t i c 
m i l d e r 
r e l i c s 
t e a p o t 
_ _ _ _ _ _ _ _ 
_ _ _ _ 

0
Before
++++++
+++++t
+++++o
+g+++p
nro++a
rir++e

h e c t i c 
m i l d e r 
r e l i c s 
s t u d i o 
_ _ _ _ _ _ _ _ 
_ _ _ _ 

After
++++++
+++++t
+++++o
+g+++p
nro++a
rir++e

h e c t i c 
m i l d e r 
r e l i c s 
s t u d i o 
_ _ _ _ _ _ _ _ 
_ _ _ _ 

0
Before
+++++t
+++++o
+++++p
+++++a
++++ue
rroost

h e c t i c 
m i l d e r 
r e l i c s 
i n g r i d 
_ _ _ _ _ _ _ _ 
_ _ _ _ 

After
+++++t
+++++o
+++++p
+++++a
++++ue
rroost

h e c t i c 
m i l d e r 
r e l i c s 
i n g r i d 
_ _ _ _ _ _ _ _ 
_ _ _ _ 

0
Before
+++++t
+++++o
+++++p
+++++a
++o+ue
r+rost

h e c t i c 
m i l d e r 
r e l i c s 
i n g r i d 
_ _ _ _ _ _ _ _ 
_ _ _ _ 

After
+++++t
+++++o
+++++p
+++++a
++o+ue
r+rost

h e c t i c 
m i l d e r 
r e l i c s 
i n g r i d 
_ _ _ _ _ _ _ _ 
_ _ _ _ 

0
Before
++++++
++++++
+++++t
+g+++o
nro++p
riid+a

h e c t i c 
m i l d e r 
r e l i c s 
r o u t e s 
_ _ _ _ _ _ _ _ 
_ _ _ _ 

After
++++++
++++++
+++++t
+g+++o
nro++p
riid+a

h e c t i c 
m i l d e r 
r e l i c s 
r o u t e s 
_ _ _ _ _ _ _ _ 
_ _ _ _ 

0
Before
+++++t
+++++o
+++++p
+g+++a
nr+++e
rir++t

h e c t i c 
m i l d e r 
r e l i c s 
o d i o u s 
_ _ _ _ _ _ _ _ 
_ _ _ _ 

After
+++++t
+++++o
+++++p
+g+++a
nr+++e
rir++t

h e c t i c 
m i l d e r 
r e l i c s 
o d i o u s 
_ _ _ _ _ _ _ _ 
_ _ _ _ 

0
Before
++++++
+++++t
+++++o
+++++p
nro++a
riid+e

h e c t i c 
m i l d e r 
r e l i c s 
g r o u t s 
_ _ _ _ _ _ _ _ 
_ _ _ _ 

After
++++++
+++++t
+++++o
+++++p
nro++a
riid+e

h e c t i c 
m i l d e r 
r e l i c s 
g r o u t s 
_ _ _ _ _ _ _ _ 
_ _ _ _ 

0
Before
++++++
+++++t
+++++o
+++++p
nro++a
riid+t

h e c t i c 
m i l d e r 
r e l i c s 
g r o u s e 
_ _ _ _ _ _ _ _ 
_ _ _ _ 

After
++++++
+++++t
+++++o
+++++p
nro++a
riid+t

h e c t i c 
m i l d e r 
r e l i c s 
g r o u s e 
_ _ _ _ _ _ _ _ 
_ _ _ _ 

0
Before
+++++t
+++++o
+++++p
+go++a
nrrdue
riiost

h e c t i c 
m i l d e r 
r e l i c s 
_ _ _ _ _ _ 
_ _ _ _ _ _ _ _ 
_ _ _ _ 

After
+++++t
+++++o
+++++p
+go++a
nrrdue
riiost

h e c t i c 
m i l d e r 
r e l i c s 
_ _ _ _ _ _ 
_ _ _ _ _ _ _ _ 
_ _ _ _ 

8
Before
++++++
++++++
++++++
+go+++
nrrdu+
riios+

h e c t i c 
m i l d e r 
r e l i c s 
t e a p o t 
_ _ _ _ _ _ _ _ 
_ _ _ _ 

After
++++++
++++++
++++++
+go+++
nrrdu+
riios+

h e c t i c 
m i l d e r 
r e l i c s 
t e a p o t 
_ _ _ _ _ _ _ _ 
_ _ _ _ 

0
Before
++++++
+++++t
+++++o
+g+++p
nro++a
rir++e

h e c t i c 
m i l d e r 
r e l i c s 
s t u d i o 
_ _ _ _ _ _ _ _ 
_ _ _ _ 

After
++++++
+++++t
+++++o
+g+++p
nro++a
rir++e

h e c t i c 
m i l d e r 
r e l i c s 
s t u d i o 
_ _ _ _ _ _ _ _ 
_ _ _ _ 

0
Before
+++++t
+++++o
+++++p
+++++a
++++ue
rroost

h e c t i c 
m i l d e r 
r e l i c s 
i n g r i d 
_ _ _ _ _ _ _ _ 
_ _ _ _ 

After
+++++t
+++++o
+++++p
+++++a
++++ue
rroost

h e c t i c 
m i l d e r 
r e l i c s 
i n g r i d 
_ _ _ _ _ _ _ _ 
_ _ _ _ 

0
Before
+++++t
+++++o
+++++p
+++++a
++o+ue
r+rost

h e c t i c 
m i l d e r 
r e l i c s 
i n g r i d 
_ _ _ _ _ _ _ _ 
_ _ _ _ 

After
+++++t
+++++o
+++++p
+++++a
++o+ue
r+rost

h e c t i c 
m i l d e r 
r e l i c s 
i n g r i d 
_ _ _ _ _ _ _ _ 
_ _ _ _ 

0
Before
++++++
++++++
+++++t
+g+++o
nro++p
riid+a

h e c t i c 
m i l d e r 
r e l i c s 
r o u t e s 
_ _ _ _ _ _ _ _ 
_ _ _ _ 

After
++++++
++++++
+++++t
+g+++o
nro++p
riid+a

h e c t i c 
m i l d e r 
r e l i c s 
r o u t e s 
_ _ _ _ _ _ _ _ 
_ _ _ _ 

0
Before
+++++t
+++++o
+++++p
+g+++a
nr+++e
rir++t

h e c t i c 
m i l d e r 
r e l i c s 
o d i o u s 
_ _ _ _ _ _ _ _ 
_ _ _ _ 

After
+++++t
+++++o
+++++p
+g+++a
nr+++e
rir++t

h e c t i c 
m i l d e r 
r e l i c s 
o d i o u s 
_ _ _ _ _ _ _ _ 
_ _ _ _ 

0
Before
++++++
+++++t
+++++o
+++++p
nro++a
riid+e

h e c t i c 
m i l d e r 
r e l i c s 
g r o u t s 
_ _ _ _ _ _ _ _ 
_ _ _ _ 

After
++++++
+++++t
+++++o
+++++p
nro++a
riid+e

h e c t i c 
m i l d e r 
r e l i c s 
g r o u t s 
_ _ _ _ _ _ _ _ 
_ _ _ _ 

0
Before
++++++
+++++t
+++++o
+++++p
nro++a
riid+t

h e c t i c 
m i l d e r 
r e l i c s 
g r o u s e 
_ _ _ _ _ _ _ _ 
_ _ _ _ 

After
++++++
+++++t
+++++o
+++++p
nro++a
riid+t

h e c t i c 
m i l d e r 
r e l i c s 
g r o u s e 
_ _ _ _ _ _ _ _ 
_ _ _ _ 

0
Before
+++++t
+++++o
+g+++p
+ro++a
+rrdue
niiost

h e c t i c 
m i l d e r 
r e l i c s 
_ _ _ _ _ _ 
_ _ _ _ _ _ _ _ 
_ _ _ _ 

After
+++++t
+++++o
+g+++p
+ro++a
+rrdue
niiost

h e c t i c 
m i l d e r 
r e l i c s 
_ _ _ _ _ _ 
_ _ _ _ _ _ _ _ 
_ _ _ _ 

4
Before
++++++
++++++
+g++++
+ro+++
+rrdu+
niios+

h e c t i c 
m i l d e r 
r e l i c s 
t e a p o t 
_ _ _ _ _ _ _ _ 
_ _ _ _ 

After
++++++
++++++
+g++++
+ro+++
+rrdu+
niios+

h e c t i c 
m i l d e r 
r e l i c s 
t e a p o t 
_ _ _ _ _ _ _ _ 
_ _ _ _ 

0
Before
++++++
+++++t
+g+++o
+r+++p
+ro++a
nir++e

h e c t i c 
m i l d e r 
r e l i c s 
s t u d i o 
_ _ _ _ _ _ _ _ 
_ _ _ _ 

After
++++++
+++++t
+g+++o
+r+++p
+ro++a
nir++e

h e c t i c 
m i l d e r 
r e l i c s 
s t u d i o 
_ _ _ _ _ _ _ _ 
_ _ _ _ 

0
Before
++++++
++++++
+g+++t
+r+++o
+ro++p
niid+a

h e c t i c 
m i l d e r 
r e l i c s 
r o u t e s 
_ _ _ _ _ _ _ _ 
_ _ _ _ 

After
++++++
++++++
+g+++t
+r+++o
+ro++p
niid+a

h e c t i c 
m i l d e r 
r e l i c s 
r o u t e s 
_ _ _ _ _ _ _ _ 
_ _ _ _ 

0
Before
+++++t
+++++o
+g+++p
+r+++a
+r+++e
nir++t

h e c t i c 
m i l d e r 
r e l i c s 
o d i o u s 
_ _ _ _ _ _ _ _ 
_ _ _ _ 

After
+++++t
+++++o
+g+++p
+r+++a
+r+++e
nir++t

h e c t i c 
m i l d e r 
r e l i c s 
o d i o u s 
_ _ _ _ _ _ _ _ 
_ _ _ _ 

0
Before
n++++t
r+++eo
e+++rp
lg+dla
ci+due
siiost

h e c t i c 
m i r r o r 
_ _ _ _ _ _ 
_ _ _ _ _ _ 
_ _ _ _ _ _ _ _ 
_ _ _ _ 

After
n++++t
r+++eo
e+++rp
lg+dla
ci+due
siiost

h e c t i c 
m i r r o r 
_ _ _ _ _ _ 
_ _ _ _ _ _ 
_ _ _ _ _ _ _ _ 
_ _ _ _ 

4
Before
n+++++
r+++e+
e+++r+
lg+dl+
ci+du+
siios+

h e c t i c 
m i r r o r 
t e a p o t 
_ _ _ _ _ _ 
_ _ _ _ _ _ _ _ 
_ _ _ _ 

After
n+++++
r+++e+
e+++r+
lg+dl+
ci+du+
siios+

h e c t i c 
m i r r o r 
t e a p o t 
_ _ _ _ _ _ 
_ _ _ _ _ _ _ _ 
_ _ _ _ 

1
Before
++++++
++++e+
++++r+
+++dl+
+g+du+
niios+

h e c t i c 
m i r r o r 
t e a p o t 
r e l i c s 
_ _ _ _ _ _ _ _ 
_ _ _ _ 

After
++++++
++++e+
++++r+
+++dl+
+g+du+
niios+

h e c t i c 
m i r r o r 
t e a p o t 
r e l i c s 
_ _ _ _ _ _ _ _ 
_ _ _ _ 

0
Before
n+++++
r++++t
e++++o
lg++ep
ci++ra
si+dle

h e c t i c 
m i r r o r 
s t u d i o 
_ _ _ _ _ _ 
_ _ _ _ _ _ _ _ 
_ _ _ _ 

